
*** crates/backend/utils/adt/quote/src/lib.rs:85:53: replace * with + in quote_literal

*** mutation diff:
--- crates/backend/utils/adt/quote/src/lib.rs
+++ replace * with + in quote_literal
@@ -77,17 +77,17 @@
         QuotedIdent::Plain(s) => varlena::cstring_to_text(mcx, s),
         QuotedIdent::Quoted(v) => varlena::cstring_to_text(mcx, &v),
     }
 }
 
 // Behavior must not depend on standard_conforming_strings (quote.c note): the
 // E'' prefix appears whenever a backslash forces doubled-backslash escaping.
 pub fn quote_literal<'mcx>(mcx: Mcx<'mcx>, src: &[u8]) -> PgResult<Varlena<'mcx>> {
-    let mut out = varlena::image_with_header(mcx, 2 * src.len() + 3)?;
+    let mut out = varlena::image_with_header(mcx, 2 + /* ~ changed by cargo-mutants ~ */ src.len() + 3)?;
     if src.contains(&b'\\') {
         out.push(b'E');
     }
     out.push(b'\'');
     let mut start = 0;
     for (i, &ch) in src.iter().enumerate() {
         if ch == b'\'' || ch == b'\\' {
             mcx::vec_append_bytes(&mut out, &src[start..=i])?;


*** /usr/local/rustup/toolchains/1.96.0-aarch64-unknown-linux-gnu/bin/cargo test --no-run --verbose --package=adt_quote@0.1.0
    Blocking waiting for file lock on package cache
    Blocking waiting for file lock on package cache
    Blocking waiting for file lock on package cache
       Fresh types_error v0.0.0 (/tmp/cargo-mutants-src-DWWHFl.tmp/crates/_support/types/types_error)
       Fresh seam_core v0.1.0 (/tmp/cargo-mutants-src-DWWHFl.tmp/crates/_support/seam_core)
       Fresh types_core v0.0.0 (/tmp/cargo-mutants-src-DWWHFl.tmp/crates/_support/types/types_core)
       Fresh version_check v0.9.5
       Fresh once_cell v1.21.4
       Fresh cfg-if v1.0.4
       Fresh allocator-api2 v0.2.21
       Fresh rustc-hash v2.1.3
       Fresh types_guc v0.0.0 (/tmp/cargo-mutants-src-DWWHFl.tmp/crates/_support/types/types_guc)
       Fresh rel_vocab v0.1.0 (/tmp/cargo-mutants-src-DWWHFl.tmp/crates/_support/types/rel_vocab)
       Fresh init_small_seams v0.0.0 (/tmp/cargo-mutants-src-DWWHFl.tmp/crates/backend/utils/init/init_small_seams)
       Fresh wchar v0.1.0 (/tmp/cargo-mutants-src-DWWHFl.tmp/crates/common/wchar)
       Fresh xact_seams v0.0.0 (/tmp/cargo-mutants-src-DWWHFl.tmp/crates/backend/access/transam/xact_seams)
       Fresh acl_seams v0.0.0 (/tmp/cargo-mutants-src-DWWHFl.tmp/crates/backend/utils/adt/acl_seams)
       Fresh s_lock_seams v0.0.0 (/tmp/cargo-mutants-src-DWWHFl.tmp/crates/backend/storage/lmgr/s_lock_seams)
       Fresh shmem_seams v0.0.0 (/tmp/cargo-mutants-src-DWWHFl.tmp/crates/backend/storage/ipc/shmem_seams)
       Fresh waitevent_seams v0.0.0 (/tmp/cargo-mutants-src-DWWHFl.tmp/crates/backend/utils/activity/waitevent_seams)
       Fresh error_small_seams v0.0.0 (/tmp/cargo-mutants-src-DWWHFl.tmp/crates/backend/utils/error/error_small_seams)
       Fresh pgstat_seams v0.0.0 (/tmp/cargo-mutants-src-DWWHFl.tmp/crates/backend/utils/activity/pgstat_seams)
       Fresh elog_seams v0.0.0 (/tmp/cargo-mutants-src-DWWHFl.tmp/crates/backend/utils/error/elog_seams)
       Fresh types_dest v0.0.0 (/tmp/cargo-mutants-src-DWWHFl.tmp/crates/_support/types/types_dest)
       Fresh zerocopy v0.8.53
       Fresh guc_seams v0.0.0 (/tmp/cargo-mutants-src-DWWHFl.tmp/crates/backend/utils/misc/guc_seams)
       Fresh types_array v0.1.0 (/tmp/cargo-mutants-src-DWWHFl.tmp/crates/_support/types/array)
       Fresh xloginsert_seams v0.0.0 (/tmp/cargo-mutants-src-DWWHFl.tmp/crates/backend/access/transam/xloginsert_seams)
       Fresh pg_class_seams v0.0.0 (/tmp/cargo-mutants-src-DWWHFl.tmp/crates/backend/catalog/pg_class_seams)
       Fresh pmsignal_seams v0.0.0 (/tmp/cargo-mutants-src-DWWHFl.tmp/crates/backend/storage/ipc/pmsignal_seams)
       Fresh postmaster_seams v0.0.0 (/tmp/cargo-mutants-src-DWWHFl.tmp/crates/backend/postmaster/postmaster_seams)
       Fresh file_seams v0.0.0 (/tmp/cargo-mutants-src-DWWHFl.tmp/crates/backend/storage/file/file_seams)
       Fresh xlogutils_seams v0.0.0 (/tmp/cargo-mutants-src-DWWHFl.tmp/crates/backend/access/transam/xlogutils_seams)
       Fresh hashfn v0.1.0 (/tmp/cargo-mutants-src-DWWHFl.tmp/crates/common/hashfn)
       Fresh twophase_seams v0.0.0 (/tmp/cargo-mutants-src-DWWHFl.tmp/crates/backend/access/transam/twophase_seams)
       Fresh transam_seams v0.0.0 (/tmp/cargo-mutants-src-DWWHFl.tmp/crates/backend/access/transam/transam_seams)
       Fresh varsup_seams v0.0.0 (/tmp/cargo-mutants-src-DWWHFl.tmp/crates/backend/access/transam/varsup_seams)
       Fresh numutils v0.1.0 (/tmp/cargo-mutants-src-DWWHFl.tmp/crates/backend/utils/adt/numutils)
       Fresh ahash v0.8.12
       Fresh libc v0.2.186
       Fresh guc_tables v0.0.0 (/tmp/cargo-mutants-src-DWWHFl.tmp/crates/backend/utils/misc/guc_tables)
       Fresh keywords v0.1.0 (/tmp/cargo-mutants-src-DWWHFl.tmp/crates/common/keywords)
       Fresh lsyscache_seams v0.1.0 (/tmp/cargo-mutants-src-DWWHFl.tmp/crates/backend/utils/cache/lsyscache_seams)
       Fresh relmapper_seams v0.0.0 (/tmp/cargo-mutants-src-DWWHFl.tmp/crates/backend/utils/cache/relmapper_seams)
       Fresh inval_seams v0.0.0 (/tmp/cargo-mutants-src-DWWHFl.tmp/crates/backend/utils/cache/inval_seams)
       Fresh string_seams v0.0.0 (/tmp/cargo-mutants-src-DWWHFl.tmp/crates/common/string_seams)
       Fresh arrayutils v0.1.0 (/tmp/cargo-mutants-src-DWWHFl.tmp/crates/backend/utils/adt/arrayutils)
       Fresh find-msvc-tools v0.1.9
       Fresh shlex v2.0.1
       Fresh pg_prng_seams v0.0.0 (/tmp/cargo-mutants-src-DWWHFl.tmp/crates/port/pg_prng_seams)
       Fresh pkg-config v0.3.33
       Fresh ryu v0.1.0 (/tmp/cargo-mutants-src-DWWHFl.tmp/crates/common/ryu)
       Fresh hyperloglog v0.1.0 (/tmp/cargo-mutants-src-DWWHFl.tmp/crates/backend/lib/hyperloglog)
       Fresh postgres_seams v0.0.0 (/tmp/cargo-mutants-src-DWWHFl.tmp/crates/backend/tcop/postgres_seams)
       Fresh hashbrown v0.14.5
       Fresh pg_clock v0.1.0 (/tmp/cargo-mutants-src-DWWHFl.tmp/crates/port/pg_clock)
       Fresh pg_strong_random v0.1.0 (/tmp/cargo-mutants-src-DWWHFl.tmp/crates/port/pg_strong_random)
       Fresh ip v0.0.0 (/tmp/cargo-mutants-src-DWWHFl.tmp/crates/common/ip)
       Fresh vfs v0.0.0 (/tmp/cargo-mutants-src-DWWHFl.tmp/crates/backend/storage/file/vfs)
       Fresh pg_string v0.0.0 (/tmp/cargo-mutants-src-DWWHFl.tmp/crates/common/string)
       Fresh cc v1.2.66
       Fresh pg_prng v0.1.0 (/tmp/cargo-mutants-src-DWWHFl.tmp/crates/common/pg_prng)
       Fresh pglz v0.1.0 (/tmp/cargo-mutants-src-DWWHFl.tmp/crates/common/pglz)
       Fresh memchr v2.8.3
       Fresh pg_bitutils v0.1.0 (/tmp/cargo-mutants-src-DWWHFl.tmp/crates/port/pg_bitutils)
       Fresh mcx v0.0.0 (/tmp/cargo-mutants-src-DWWHFl.tmp/crates/_support/mcx)
warning: variant `Malloc` is never constructed
  --> crates/_support/mcx/src/lib.rs:64:5
   |
61 | enum Backend {
   |      ------- variant in this enum
...
64 |     Malloc,
   |     ^^^^^^
   |
   = note: `#[warn(dead_code)]` (part of `#[warn(unused)]`) on by default

warning: function `chunk_size` is never used
   --> crates/_support/mcx/src/aset.rs:284:4
    |
284 | fn chunk_size(idx: usize) -> usize {
    |    ^^^^^^^^^^

warning: method `mem_allocated` is never used
   --> crates/_support/mcx/src/aset.rs:340:19
    |
306 | impl AllocSet {
    | ------------- method in this implementation
...
340 |     pub(crate) fn mem_allocated(&self) -> usize {
    |                   ^^^^^^^^^^^^^

       Fresh pgsync v0.1.0 (/tmp/cargo-mutants-src-DWWHFl.tmp/crates/_support/pgsync)
       Fresh types_startup v0.0.0 (/tmp/cargo-mutants-src-DWWHFl.tmp/crates/_support/types/types_startup)
       Fresh unicode_category v0.1.0 (/tmp/cargo-mutants-src-DWWHFl.tmp/crates/common/unicode_category)
warning: `mcx` (lib) generated 3 warnings
       Fresh datum v0.0.0 (/tmp/cargo-mutants-src-DWWHFl.tmp/crates/_support/types/datum)
       Fresh types_storage v0.1.0 (/tmp/cargo-mutants-src-DWWHFl.tmp/crates/_support/types/types_storage)
       Fresh stringinfo v0.1.0 (/tmp/cargo-mutants-src-DWWHFl.tmp/crates/_support/types/stringinfo)
       Fresh types_trigger v0.1.0 (/tmp/cargo-mutants-src-DWWHFl.tmp/crates/_support/types/types_trigger)
       Fresh mbutils_seams v0.1.0 (/tmp/cargo-mutants-src-DWWHFl.tmp/crates/backend/utils/mb/mbutils_seams)
       Fresh types_snapshot v0.1.0 (/tmp/cargo-mutants-src-DWWHFl.tmp/crates/_support/types/snapshot)
       Fresh miscinit_seams v0.0.0 (/tmp/cargo-mutants-src-DWWHFl.tmp/crates/backend/utils/init/miscinit_seams)
       Fresh syslogger_seams v0.0.0 (/tmp/cargo-mutants-src-DWWHFl.tmp/crates/backend/postmaster/syslogger_seams)
       Fresh aclchk_seams v0.0.0 (/tmp/cargo-mutants-src-DWWHFl.tmp/crates/backend/catalog/aclchk_seams)
       Fresh regex v0.0.0 (/tmp/cargo-mutants-src-DWWHFl.tmp/crates/_support/types/regex)
       Fresh toast_internals_seams v0.1.0 (/tmp/cargo-mutants-src-DWWHFl.tmp/crates/backend/access/common/toast_internals_seams)
       Fresh unicode_norm v0.1.0 (/tmp/cargo-mutants-src-DWWHFl.tmp/crates/common/unicode_norm)
       Fresh pg_locale_seams v0.1.0 (/tmp/cargo-mutants-src-DWWHFl.tmp/crates/backend/utils/adt/pg_locale_seams)
       Fresh types_tuple v0.1.0 (/tmp/cargo-mutants-src-DWWHFl.tmp/crates/_support/types/types_tuple)
       Fresh pqcomm_seams v0.0.0 (/tmp/cargo-mutants-src-DWWHFl.tmp/crates/backend/libpq/pqcomm_seams)
       Fresh init_small v0.0.0 (/tmp/cargo-mutants-src-DWWHFl.tmp/crates/backend/utils/init/init_small)
       Fresh xlogreader_seams v0.0.0 (/tmp/cargo-mutants-src-DWWHFl.tmp/crates/backend/access/transam/xlogreader_seams)
       Fresh ipc_seams v0.0.0 (/tmp/cargo-mutants-src-DWWHFl.tmp/crates/backend/storage/ipc/ipc_seams)
       Fresh lmgr_proc_seams v0.0.0 (/tmp/cargo-mutants-src-DWWHFl.tmp/crates/backend/storage/lmgr/lmgr_proc_seams)
       Fresh sync_seams v0.0.0 (/tmp/cargo-mutants-src-DWWHFl.tmp/crates/backend/storage/sync/sync_seams)
       Fresh waiteventset_seams v0.0.0 (/tmp/cargo-mutants-src-DWWHFl.tmp/crates/backend/storage/ipc/waiteventset_seams)
       Fresh types_resowner v0.1.0 (/tmp/cargo-mutants-src-DWWHFl.tmp/crates/_support/types/types_resowner)
       Fresh multixact_seams v0.0.0 (/tmp/cargo-mutants-src-DWWHFl.tmp/crates/backend/access/transam/multixact_seams)
       Fresh snapmgr_seams v0.0.0 (/tmp/cargo-mutants-src-DWWHFl.tmp/crates/backend/utils/time/snapmgr_seams)
       Fresh sinval_seams v0.0.0 (/tmp/cargo-mutants-src-DWWHFl.tmp/crates/backend/storage/ipc/sinval_seams)
       Fresh relpath_seams v0.0.0 (/tmp/cargo-mutants-src-DWWHFl.tmp/crates/common/relpath_seams)
       Fresh regex_core_seams v0.0.0 (/tmp/cargo-mutants-src-DWWHFl.tmp/crates/backend/regex/regex_core_seams)
       Fresh regexp_seams v0.0.0 (/tmp/cargo-mutants-src-DWWHFl.tmp/crates/backend/utils/adt/regexp_seams)
       Fresh detoast_seams v0.1.0 (/tmp/cargo-mutants-src-DWWHFl.tmp/crates/backend/access/common/detoast_seams)
       Fresh types_hash v0.1.0 (/tmp/cargo-mutants-src-DWWHFl.tmp/crates/_support/types/hash)
       Fresh types_nodes v0.1.0 (/tmp/cargo-mutants-src-DWWHFl.tmp/crates/_support/types/nodes)
warning: variant `ROW_MARK_EXCLUSIVE` should have an upper camel case name
   --> crates/_support/types/nodes/src/plannodes.rs:897:5
    |
897 |     ROW_MARK_EXCLUSIVE = 0,
    |     ^^^^^^^^^^^^^^^^^^ help: convert the identifier to upper camel case: `RowMarkExclusive`
    |
    = note: `#[warn(non_camel_case_types)]` (part of `#[warn(nonstandard_style)]`) on by default

warning: variant `ROW_MARK_NOKEYEXCLUSIVE` should have an upper camel case name
   --> crates/_support/types/nodes/src/plannodes.rs:898:5
    |
898 |     ROW_MARK_NOKEYEXCLUSIVE = 1,
    |     ^^^^^^^^^^^^^^^^^^^^^^^ help: convert the identifier to upper camel case: `RowMarkNokeyexclusive`

warning: variant `ROW_MARK_SHARE` should have an upper camel case name
   --> crates/_support/types/nodes/src/plannodes.rs:899:5
    |
899 |     ROW_MARK_SHARE = 2,
    |     ^^^^^^^^^^^^^^ help: convert the identifier to upper camel case: `RowMarkShare`

warning: variant `ROW_MARK_KEYSHARE` should have an upper camel case name
   --> crates/_support/types/nodes/src/plannodes.rs:900:5
    |
900 |     ROW_MARK_KEYSHARE = 3,
    |     ^^^^^^^^^^^^^^^^^ help: convert the identifier to upper camel case: `RowMarkKeyshare`

warning: variant `ROW_MARK_REFERENCE` should have an upper camel case name
   --> crates/_support/types/nodes/src/plannodes.rs:901:5
    |
901 |     ROW_MARK_REFERENCE = 4,
    |     ^^^^^^^^^^^^^^^^^^ help: convert the identifier to upper camel case: `RowMarkReference`

warning: variant `ROW_MARK_COPY` should have an upper camel case name
   --> crates/_support/types/nodes/src/plannodes.rs:902:5
    |
902 |     ROW_MARK_COPY = 5,
    |     ^^^^^^^^^^^^^ help: convert the identifier to upper camel case: `RowMarkCopy`

       Fresh jit_deform v0.1.0 (/tmp/cargo-mutants-src-DWWHFl.tmp/crates/_support/jit_deform)
       Fresh transam_xlog_seams v0.0.0 (/tmp/cargo-mutants-src-DWWHFl.tmp/crates/backend/access/transam/transam_xlog_seams)
       Fresh syscache_seams v0.0.0 (/tmp/cargo-mutants-src-DWWHFl.tmp/crates/backend/utils/cache/syscache_seams)
       Fresh lwlock v0.0.0 (/tmp/cargo-mutants-src-DWWHFl.tmp/crates/backend/storage/lmgr/lwlock)
       Fresh elog v0.0.0 (/tmp/cargo-mutants-src-DWWHFl.tmp/crates/backend/utils/error/elog)
warning: unused imports: `LOG_DESTINATION_CSVLOG` and `LOG_DESTINATION_JSONLOG`
  --> crates/backend/utils/error/elog/src/config.rs:10:61
   |
10 |     ErrorLevel, PGErrorVerbosity, PgError, PgResult, ERROR, LOG_DESTINATION_CSVLOG,
   |                                                             ^^^^^^^^^^^^^^^^^^^^^^
11 |     LOG_DESTINATION_JSONLOG, LOG_DESTINATION_STDERR, LOG_DESTINATION_SYSLOG, NOTICE, WARNING,
   |     ^^^^^^^^^^^^^^^^^^^^^^^
   |
   = note: `#[warn(unused_imports)]` (part of `#[warn(unused)]`) on by default

       Fresh pmsignal v0.0.0 (/tmp/cargo-mutants-src-DWWHFl.tmp/crates/backend/storage/ipc/pmsignal)
       Fresh dbcommands_seams v0.0.0 (/tmp/cargo-mutants-src-DWWHFl.tmp/crates/backend/commands/dbcommands_seams)
       Fresh typcache_seams v0.0.0 (/tmp/cargo-mutants-src-DWWHFl.tmp/crates/backend/utils/cache/typcache_seams)
       Fresh pg_enum_seams v0.0.0 (/tmp/cargo-mutants-src-DWWHFl.tmp/crates/backend/catalog/pg_enum_seams)
warning: `types_nodes` (lib) generated 6 warnings
warning: `elog` (lib) generated 1 warning (run `cargo fix --lib -p elog` to apply 1 suggestion)
       Fresh types_fmgr v0.1.0 (/tmp/cargo-mutants-src-DWWHFl.tmp/crates/_support/types/fmgr)
       Fresh types_slot v0.1.0 (/tmp/cargo-mutants-src-DWWHFl.tmp/crates/_support/types/types_slot)
       Fresh types_portal v0.1.0 (/tmp/cargo-mutants-src-DWWHFl.tmp/crates/_support/types/portal)
       Fresh slru v0.0.0 (/tmp/cargo-mutants-src-DWWHFl.tmp/crates/backend/access/transam/slru)
       Fresh readfuncs v0.1.0 (/tmp/cargo-mutants-src-DWWHFl.tmp/crates/backend/nodes/readfuncs)
warning: unused import: `OptNodeList`
  --> crates/backend/nodes/readfuncs/src/lib.rs:12:53
   |
12 | use types_nodes::list::{IntList, NodeList, OidList, OptNodeList};
   |                                                     ^^^^^^^^^^^
   |
   = note: `#[warn(unused_imports)]` (part of `#[warn(unused)]`) on by default

warning: unused import: `CoerceViaIO`
  --> crates/backend/nodes/readfuncs/src/lib.rs:22:19
   |
22 |     CoalesceExpr, CoerceViaIO, CoercionForm, Const, FieldSelect, FieldStore, FromExpr, FuncExpr,
   |                   ^^^^^^^^^^^

       Fresh outfuncs v0.1.0 (/tmp/cargo-mutants-src-DWWHFl.tmp/crates/backend/nodes/outfuncs)
warning: unreachable pattern
   --> crates/backend/nodes/outfuncs/src/lib.rs:522:9
    |
124 |         NodeTag::T_CaseExpr => {
    |         ------------------- matches all the relevant values
...
522 |         NodeTag::T_CaseExpr => {
    |         ^^^^^^^^^^^^^^^^^^^ no value can reach this
    |
    = note: `#[warn(unreachable_patterns)]` (part of `#[warn(unused)]`) on by default

warning: unreachable pattern
   --> crates/backend/nodes/outfuncs/src/lib.rs:532:9
    |
134 |         NodeTag::T_CaseWhen => {
    |         ------------------- matches all the relevant values
...
532 |         NodeTag::T_CaseWhen => {
    |         ^^^^^^^^^^^^^^^^^^^ no value can reach this

warning: unreachable pattern
   --> crates/backend/nodes/outfuncs/src/lib.rs:587:9
    |
150 |         NodeTag::T_WindowFunc => {
    |         --------------------- matches all the relevant values
...
587 |         NodeTag::T_WindowFunc => {
    |         ^^^^^^^^^^^^^^^^^^^^^ no value can reach this

warning: unreachable pattern
   --> crates/backend/nodes/outfuncs/src/lib.rs:606:9
    |
194 |         NodeTag::T_SetOperationStmt => {
    |         --------------------------- matches all the relevant values
...
606 |         NodeTag::T_SetOperationStmt => {
    |         ^^^^^^^^^^^^^^^^^^^^^^^^^^^ no value can reach this

warning: unreachable pattern
   --> crates/backend/nodes/outfuncs/src/lib.rs:727:9
    |
479 |         NodeTag::T_NotifyStmt => out_notify_stmt(
    |         --------------------- matches all the relevant values
...
727 |         NodeTag::T_NotifyStmt => {
    |         ^^^^^^^^^^^^^^^^^^^^^ no value can reach this

       Fresh clauses_seams v0.1.0 (/tmp/cargo-mutants-src-DWWHFl.tmp/crates/backend/optimizer/util/clauses_seams)
       Fresh detoast v0.1.0 (/tmp/cargo-mutants-src-DWWHFl.tmp/crates/backend/access/common/detoast)
warning: `readfuncs` (lib) generated 2 warnings (run `cargo fix --lib -p readfuncs` to apply 2 suggestions)
warning: `outfuncs` (lib) generated 5 warnings
       Fresh types_scan v0.1.0 (/tmp/cargo-mutants-src-DWWHFl.tmp/crates/_support/types/types_scan)
       Fresh types_gist v0.1.0 (/tmp/cargo-mutants-src-DWWHFl.tmp/crates/_support/types/gist)
       Fresh types_bloom v0.1.0 (/tmp/cargo-mutants-src-DWWHFl.tmp/crates/_support/types/types_bloom)
       Fresh fmgr_seams v0.1.0 (/tmp/cargo-mutants-src-DWWHFl.tmp/crates/backend/utils/fmgr/fmgr_seams)
       Fresh nbt_compare v0.1.0 (/tmp/cargo-mutants-src-DWWHFl.tmp/crates/backend/access/nbtree/compare)
       Fresh types_pathnodes v0.1.0 (/tmp/cargo-mutants-src-DWWHFl.tmp/crates/_support/types/pathnodes)
warning: variable does not need to be mutable
   --> crates/_support/types/pathnodes/src/run.rs:381:13
    |
381 |         let mut add = |outer: &mut crate::Relids<'mcx>, id: i32| {
    |             ----^^^
    |             |
    |             help: remove this `mut`
    |
    = note: `#[warn(unused_mut)]` (part of `#[warn(unused)]`) on by default

warning: variable does not need to be mutable
   --> crates/_support/types/pathnodes/src/run.rs:414:17
    |
414 |             let mut add = |outer: &mut crate::Relids<'mcx>, id: i32| {
    |                 ----^^^
    |                 |
    |                 help: remove this `mut`

       Fresh funcapi_srf v0.1.0 (/tmp/cargo-mutants-src-DWWHFl.tmp/crates/backend/utils/fmgr/funcapi_srf)
warning: unused import: `SetFunctionReturnMode`
 --> crates/backend/utils/fmgr/funcapi_srf/src/lib.rs:4:62
  |
4 | use fmgr::{ExprDoneCond, FmgrInfo, FunctionCallInfoBaseData, SetFunctionReturnMode};
  |                                                              ^^^^^^^^^^^^^^^^^^^^^
  |
  = note: `#[warn(unused_imports)]` (part of `#[warn(unused)]`) on by default

warning: function `init_MultiFuncCall` should have a snake case name
  --> crates/backend/utils/fmgr/funcapi_srf/src/lib.rs:44:8
   |
44 | pub fn init_MultiFuncCall<'a>(
   |        ^^^^^^^^^^^^^^^^^^ help: convert the identifier to snake case: `init_multi_func_call`
   |
   = note: `#[warn(non_snake_case)]` (part of `#[warn(nonstandard_style)]`) on by default

warning: function `per_MultiFuncCall` should have a snake case name
  --> crates/backend/utils/fmgr/funcapi_srf/src/lib.rs:64:8
   |
64 | pub fn per_MultiFuncCall(flinfo: &mut FmgrInfo) -> &mut FuncCallContext {
   |        ^^^^^^^^^^^^^^^^^ help: convert the identifier to snake case: `per_multi_func_call`

warning: function `end_MultiFuncCall` should have a snake case name
  --> crates/backend/utils/fmgr/funcapi_srf/src/lib.rs:70:8
   |
70 | pub fn end_MultiFuncCall(flinfo: &mut FmgrInfo) {
   |        ^^^^^^^^^^^^^^^^^ help: convert the identifier to snake case: `end_multi_func_call`

warning: `types_pathnodes` (lib) generated 2 warnings (run `cargo fix --lib -p types_pathnodes` to apply 2 suggestions)
warning: `funcapi_srf` (lib) generated 4 warnings (run `cargo fix --lib -p funcapi_srf` to apply 1 suggestion)
       Fresh types_spgist v0.1.0 (/tmp/cargo-mutants-src-DWWHFl.tmp/crates/_support/types/types_spgist)
warning: type `spgChooseIn` should have an upper camel case name
  --> crates/_support/types/types_spgist/src/state.rs:92:12
   |
92 | pub struct spgChooseIn {
   |            ^^^^^^^^^^^ help: convert the identifier to upper camel case (notice the capitalization): `SpgChooseIn`
   |
   = note: `#[warn(non_camel_case_types)]` (part of `#[warn(nonstandard_style)]`) on by default

warning: type `spgChooseOut` should have an upper camel case name
   --> crates/_support/types/types_spgist/src/state.rs:104:10
    |
104 | pub enum spgChooseOut {
    |          ^^^^^^^^^^^^ help: convert the identifier to upper camel case (notice the capitalization): `SpgChooseOut`

warning: type `spgPickSplitIn` should have an upper camel case name
   --> crates/_support/types/types_spgist/src/state.rs:127:12
    |
127 | pub struct spgPickSplitIn {
    |            ^^^^^^^^^^^^^^ help: convert the identifier to upper camel case (notice the capitalization): `SpgPickSplitIn`

warning: type `spgPickSplitOut` should have an upper camel case name
   --> crates/_support/types/types_spgist/src/state.rs:134:12
    |
134 | pub struct spgPickSplitOut {
    |            ^^^^^^^^^^^^^^^ help: convert the identifier to upper camel case (notice the capitalization): `SpgPickSplitOut`

warning: type `spgInnerConsistentIn` should have an upper camel case name
   --> crates/_support/types/types_spgist/src/state.rs:157:12
    |
157 | pub struct spgInnerConsistentIn<'a> {
    |            ^^^^^^^^^^^^^^^^^^^^ help: convert the identifier to upper camel case (notice the capitalization): `SpgInnerConsistentIn`

warning: type `spgInnerConsistentOut` should have an upper camel case name
   --> crates/_support/types/types_spgist/src/state.rs:175:12
    |
175 | pub struct spgInnerConsistentOut {
    |            ^^^^^^^^^^^^^^^^^^^^^ help: convert the identifier to upper camel case (notice the capitalization): `SpgInnerConsistentOut`

warning: type `spgLeafConsistentIn` should have an upper camel case name
   --> crates/_support/types/types_spgist/src/state.rs:199:12
    |
199 | pub struct spgLeafConsistentIn {
    |            ^^^^^^^^^^^^^^^^^^^ help: convert the identifier to upper camel case (notice the capitalization): `SpgLeafConsistentIn`

warning: type `spgLeafConsistentOut` should have an upper camel case name
   --> crates/_support/types/types_spgist/src/state.rs:212:12
    |
212 | pub struct spgLeafConsistentOut {
    |            ^^^^^^^^^^^^^^^^^^^^ help: convert the identifier to upper camel case (notice the capitalization): `SpgLeafConsistentOut`

warning: type `spgxlogState` should have an upper camel case name
  --> crates/_support/types/types_spgist/src/xlog.rs:15:12
   |
15 | pub struct spgxlogState {
   |            ^^^^^^^^^^^^ help: convert the identifier to upper camel case (notice the capitalization): `SpgxlogState`

warning: type `spgxlogAddLeaf` should have an upper camel case name
  --> crates/_support/types/types_spgist/src/xlog.rs:40:12
   |
40 | pub struct spgxlogAddLeaf {
   |            ^^^^^^^^^^^^^^ help: convert the identifier to upper camel case (notice the capitalization): `SpgxlogAddLeaf`

warning: type `spgxlogMoveLeafs` should have an upper camel case name
  --> crates/_support/types/types_spgist/src/xlog.rs:76:12
   |
76 | pub struct spgxlogMoveLeafs {
   |            ^^^^^^^^^^^^^^^^ help: convert the identifier to upper camel case (notice the capitalization): `SpgxlogMoveLeafs`

warning: type `spgxlogAddNode` should have an upper camel case name
   --> crates/_support/types/types_spgist/src/xlog.rs:115:12
    |
115 | pub struct spgxlogAddNode {
    |            ^^^^^^^^^^^^^^ help: convert the identifier to upper camel case (notice the capitalization): `SpgxlogAddNode`

warning: type `spgxlogSplitTuple` should have an upper camel case name
   --> crates/_support/types/types_spgist/src/xlog.rs:154:12
    |
154 | pub struct spgxlogSplitTuple {
    |            ^^^^^^^^^^^^^^^^^ help: convert the identifier to upper camel case (notice the capitalization): `SpgxlogSplitTuple`

warning: type `spgxlogPickSplit` should have an upper camel case name
   --> crates/_support/types/types_spgist/src/xlog.rs:184:12
    |
184 | pub struct spgxlogPickSplit {
    |            ^^^^^^^^^^^^^^^^ help: convert the identifier to upper camel case (notice the capitalization): `SpgxlogPickSplit`

warning: type `spgxlogVacuumLeaf` should have an upper camel case name
   --> crates/_support/types/types_spgist/src/xlog.rs:238:12
    |
238 | pub struct spgxlogVacuumLeaf {
    |            ^^^^^^^^^^^^^^^^^ help: convert the identifier to upper camel case (notice the capitalization): `SpgxlogVacuumLeaf`

warning: type `spgxlogVacuumRoot` should have an upper camel case name
   --> crates/_support/types/types_spgist/src/xlog.rs:271:12
    |
271 | pub struct spgxlogVacuumRoot {
    |            ^^^^^^^^^^^^^^^^^ help: convert the identifier to upper camel case (notice the capitalization): `SpgxlogVacuumRoot`

warning: type `spgxlogVacuumRedirect` should have an upper camel case name
   --> crates/_support/types/types_spgist/src/xlog.rs:295:12
    |
295 | pub struct spgxlogVacuumRedirect {
    |            ^^^^^^^^^^^^^^^^^^^^^ help: convert the identifier to upper camel case (notice the capitalization): `SpgxlogVacuumRedirect`

warning: type `spgConfigIn` should have an upper camel case name
   --> crates/_support/types/types_spgist/src/lib.rs:237:12
    |
237 | pub struct spgConfigIn {
    |            ^^^^^^^^^^^ help: convert the identifier to upper camel case (notice the capitalization): `SpgConfigIn`

warning: type `spgConfigOut` should have an upper camel case name
   --> crates/_support/types/types_spgist/src/lib.rs:242:12
    |
242 | pub struct spgConfigOut {
    |            ^^^^^^^^^^^^ help: convert the identifier to upper camel case (notice the capitalization): `SpgConfigOut`

       Fresh types_nbtree v0.1.0 (/tmp/cargo-mutants-src-DWWHFl.tmp/crates/_support/types/types_nbtree)
warning: `types_spgist` (lib) generated 19 warnings
       Fresh types_rel v0.1.0 (/tmp/cargo-mutants-src-DWWHFl.tmp/crates/_support/types/rel)
       Fresh namespace_seams v0.0.0 (/tmp/cargo-mutants-src-DWWHFl.tmp/crates/backend/catalog/namespace_seams)
       Fresh table_seams v0.0.0 (/tmp/cargo-mutants-src-DWWHFl.tmp/crates/backend/access/table/table_seams)
       Fresh relation_seams v0.0.0 (/tmp/cargo-mutants-src-DWWHFl.tmp/crates/backend/access/common/relation_seams)
       Fresh syncscan_seams v0.0.0 (/tmp/cargo-mutants-src-DWWHFl.tmp/crates/backend/access/common/syncscan_seams)
       Fresh bufmgr_seams v0.0.0 (/tmp/cargo-mutants-src-DWWHFl.tmp/crates/backend/storage/buffer/bufmgr_seams)
       Fresh procarray_seams v0.0.0 (/tmp/cargo-mutants-src-DWWHFl.tmp/crates/backend/storage/ipc/procarray_seams)
       Fresh relcache_seams v0.0.0 (/tmp/cargo-mutants-src-DWWHFl.tmp/crates/backend/utils/cache/relcache_seams)
       Fresh catalog_seams v0.0.0 (/tmp/cargo-mutants-src-DWWHFl.tmp/crates/backend/catalog/catalog_seams)
       Fresh catcache_seams v0.0.0 (/tmp/cargo-mutants-src-DWWHFl.tmp/crates/backend/utils/cache/catcache_seams)
       Fresh smgr_seams v0.0.0 (/tmp/cargo-mutants-src-DWWHFl.tmp/crates/backend/storage/smgr/smgr_seams)
       Fresh indexcmds_seams v0.1.0 (/tmp/cargo-mutants-src-DWWHFl.tmp/crates/backend/commands/indexcmds_seams)
       Fresh mbutils v0.1.0 (/tmp/cargo-mutants-src-DWWHFl.tmp/crates/backend/utils/mb/mbutils)
       Fresh table v0.1.0 (/tmp/cargo-mutants-src-DWWHFl.tmp/crates/backend/access/table/table)
       Fresh tableam_vocab v0.1.0 (/tmp/cargo-mutants-src-DWWHFl.tmp/crates/backend/access/table/tableam_vocab)
       Fresh format_type v0.1.0 (/tmp/cargo-mutants-src-DWWHFl.tmp/crates/backend/utils/adt/format_type)
       Fresh multixact v0.0.0 (/tmp/cargo-mutants-src-DWWHFl.tmp/crates/backend/access/transam/multixact)
       Fresh inval v0.1.0 (/tmp/cargo-mutants-src-DWWHFl.tmp/crates/backend/utils/cache/inval)
       Fresh pqformat v0.1.0 (/tmp/cargo-mutants-src-DWWHFl.tmp/crates/backend/libpq/pqformat)
       Fresh tableam_seams v0.0.0 (/tmp/cargo-mutants-src-DWWHFl.tmp/crates/backend/access/table/tableam_seams)
       Fresh tupdesc v0.1.0 (/tmp/cargo-mutants-src-DWWHFl.tmp/crates/backend/access/common/tupdesc)
       Fresh queryenvironment v0.1.0 (/tmp/cargo-mutants-src-DWWHFl.tmp/crates/backend/utils/misc/queryenvironment)
       Fresh regexp_alt v0.1.0 (/tmp/cargo-mutants-src-DWWHFl.tmp/crates/backend/utils/adt/regexp_alt)
       Fresh adt_scalar v0.1.0 (/tmp/cargo-mutants-src-DWWHFl.tmp/crates/backend/utils/adt/scalar)
       Fresh adt_float v0.1.0 (/tmp/cargo-mutants-src-DWWHFl.tmp/crates/backend/utils/adt/float)
       Fresh lsyscache v0.1.0 (/tmp/cargo-mutants-src-DWWHFl.tmp/crates/backend/utils/cache/lsyscache)
       Fresh nodes_core v0.1.0 (/tmp/cargo-mutants-src-DWWHFl.tmp/crates/backend/nodes/nodes_core)
warning: unreachable pattern
  --> crates/backend/nodes/nodes_core/src/node_funcs.rs:47:9
   |
30 |         NodeTag::T_CollateExpr => expr_type(node.as_collate_expr().unwrap().arg),
   |         ---------------------- matches all the relevant values
...
47 |         NodeTag::T_CollateExpr => expr_type(node.as_collate_expr().unwrap().arg),
   |         ^^^^^^^^^^^^^^^^^^^^^^ no value can reach this
   |
   = note: `#[warn(unreachable_patterns)]` (part of `#[warn(unused)]`) on by default

warning: unreachable pattern
   --> crates/backend/nodes/nodes_core/src/node_funcs.rs:194:9
    |
163 |         NodeTag::T_CollateExpr => expr_typmod(node.as_collate_expr().unwrap().arg),
    |         ---------------------- matches all the relevant values
...
194 |         NodeTag::T_CollateExpr => expr_typmod(node.as_collate_expr().unwrap().arg),
    |         ^^^^^^^^^^^^^^^^^^^^^^ no value can reach this

warning: unreachable pattern
   --> crates/backend/nodes/nodes_core/src/node_funcs.rs:296:9
    |
279 |         NodeTag::T_CollateExpr => node.as_collate_expr().unwrap().collOid,
    |         ---------------------- matches all the relevant values
...
296 |         NodeTag::T_CollateExpr => node.as_collate_expr().unwrap().collOid,
    |         ^^^^^^^^^^^^^^^^^^^^^^ no value can reach this

warning: unreachable pattern
   --> crates/backend/nodes/nodes_core/src/node_funcs.rs:476:9
    |
424 |         NodeTag::T_CollateExpr => expr_location(node.as_collate_expr().unwrap().arg),
    |         ---------------------- matches all the relevant values
...
476 |         NodeTag::T_CollateExpr => expr_location(node.as_collate_expr().unwrap().arg),
    |         ^^^^^^^^^^^^^^^^^^^^^^ no value can reach this

warning: `nodes_core` (lib) generated 4 warnings
       Fresh typcache v0.1.0 (/tmp/cargo-mutants-src-DWWHFl.tmp/crates/backend/utils/cache/typcache)
warning: unused import: `MemoryContext`
  --> crates/backend/utils/cache/typcache/src/lib.rs:19:16
   |
19 | use mcx::{Mcx, MemoryContext, PgHashMap, PgVec};
   |                ^^^^^^^^^^^^^
   |
   = note: `#[warn(unused_imports)]` (part of `#[warn(unused)]`) on by default

warning: `typcache` (lib) generated 1 warning (run `cargo fix --lib -p typcache` to apply 1 suggestion)
       Fresh arrayfuncs v0.1.0 (/tmp/cargo-mutants-src-DWWHFl.tmp/crates/backend/utils/adt/arrayfuncs)
warning: value assigned to `addedafter` is never read
   --> crates/backend/utils/adt/arrayfuncs/src/element.rs:545:26
    |
545 |     let mut addedafter = 0i32;
    |                          ^^^^ this value is reassigned later and never used
...
578 |             addedafter = aa;
    |             --------------- `addedafter` is overwritten here before the previous value is read
    |
    = note: `#[warn(unused_assignments)]` (part of `#[warn(unused)]`) on by default

warning: unnecessary `unsafe` block
   --> crates/backend/utils/adt/arrayfuncs/src/expanded.rs:144:55
    |
141 |     unsafe {
    |     ------ because it's nested under this `unsafe` block
...
144 |         parentcontext.register_reset_callback(move || unsafe { drop(Box::from_raw(p)) });
    |                                                       ^^^^^^ unnecessary `unsafe` block
    |
    = note: `#[warn(unused_unsafe)]` (part of `#[warn(unused)]`) on by default

warning: unnecessary `unsafe` block
   --> crates/backend/utils/adt/arrayfuncs/src/expanded.rs:252:15
    |
252 |         cur + unsafe { varsize_any(value.as_usize() as *const u8) }
    |               ^^^^^^ unnecessary `unsafe` block

warning: unnecessary `unsafe` block
   --> crates/backend/utils/adt/arrayfuncs/src/io.rs:559:15
    |
559 |         -1 => unsafe { varsize_any(p) },
    |               ^^^^^^ unnecessary `unsafe` block

warning: constant `HASH_RECORD_OID` is never used
   --> crates/backend/utils/adt/arrayfuncs/src/builtins.rs:514:7
    |
514 | const HASH_RECORD_OID: Oid = 6192;
    |       ^^^^^^^^^^^^^^^
    |
    = note: `#[warn(dead_code)]` (part of `#[warn(unused)]`) on by default

warning: constant `HASH_RECORD_EXTENDED_OID` is never used
   --> crates/backend/utils/adt/arrayfuncs/src/builtins.rs:515:7
    |
515 | const HASH_RECORD_EXTENDED_OID: Oid = 6193;
    |       ^^^^^^^^^^^^^^^^^^^^^^^^

warning: `arrayfuncs` (lib) generated 6 warnings
       Fresh adt_varbit v0.1.0 (/tmp/cargo-mutants-src-DWWHFl.tmp/crates/backend/utils/adt/varbit)
       Fresh adt_numeric v0.1.0 (/tmp/cargo-mutants-src-DWWHFl.tmp/crates/backend/utils/adt/numeric)
warning: field `0` is never read
  --> crates/backend/utils/adt/numeric/src/sortsupport.rs:21:17
   |
21 | struct AlignBuf([u8; 128]);
   |        -------- ^^^^^^^^^
   |        |
   |        field in this struct
   |
   = help: consider removing this field
   = note: `#[warn(dead_code)]` (part of `#[warn(unused)]`) on by default

warning: `adt_numeric` (lib) generated 1 warning
       Fresh parser_small1 v0.0.0 (/tmp/cargo-mutants-src-DWWHFl.tmp/crates/backend/parser/parser_small1)
       Fresh varlena v0.1.0 (/tmp/cargo-mutants-src-DWWHFl.tmp/crates/backend/utils/adt/varlena)
warning: unused import: `core::cmp::Ordering`
  --> crates/backend/utils/adt/varlena/src/lib.rs:23:5
   |
23 | use core::cmp::Ordering;
   |     ^^^^^^^^^^^^^^^^^^^
   |
   = note: `#[warn(unused_imports)]` (part of `#[warn(unused)]`) on by default

warning: `varlena` (lib) generated 1 warning (run `cargo fix --lib -p varlena` to apply 1 suggestion)
       Dirty adt_quote v0.1.0 (/tmp/cargo-mutants-src-DWWHFl.tmp/crates/backend/utils/adt/quote): couldn't read metadata for file `target/debug/deps/libadt_quote-135383fae5f57411.rlib`
   Compiling adt_quote v0.1.0 (/tmp/cargo-mutants-src-DWWHFl.tmp/crates/backend/utils/adt/quote)
     Running `/usr/local/rustup/toolchains/1.96.0-aarch64-unknown-linux-gnu/bin/rustc --crate-name adt_quote --edition=2021 crates/backend/utils/adt/quote/src/lib.rs --error-format=json --json=diagnostic-rendered-ansi,artifacts,future-incompat --crate-type lib --emit=dep-info,metadata,link -C embed-bitcode=no -C debuginfo=line-tables-only -C split-debuginfo=unpacked --check-cfg 'cfg(docsrs,test)' --check-cfg 'cfg(feature, values())' -C metadata=d3ac5a4c65259803 -C extra-filename=-135383fae5f57411 --out-dir /tmp/cargo-mutants-src-DWWHFl.tmp/target/debug/deps -L dependency=/tmp/cargo-mutants-src-DWWHFl.tmp/target/debug/deps --extern datum=/tmp/cargo-mutants-src-DWWHFl.tmp/target/debug/deps/libdatum-030f3169174aec16.rmeta --extern guc_tables=/tmp/cargo-mutants-src-DWWHFl.tmp/target/debug/deps/libguc_tables-93b6e4ddb0b91568.rmeta --extern keywords=/tmp/cargo-mutants-src-DWWHFl.tmp/target/debug/deps/libkeywords-3eff9d0dfa642415.rmeta --extern mcx=/tmp/cargo-mutants-src-DWWHFl.tmp/target/debug/deps/libmcx-06f936cbcd9c1216.rmeta --extern types_core=/tmp/cargo-mutants-src-DWWHFl.tmp/target/debug/deps/libtypes_core-0d9118de0dbccbea.rmeta --extern types_error=/tmp/cargo-mutants-src-DWWHFl.tmp/target/debug/deps/libtypes_error-c16bdb10ad7f34c8.rmeta --extern types_fmgr=/tmp/cargo-mutants-src-DWWHFl.tmp/target/debug/deps/libtypes_fmgr-40ee05d74815766a.rmeta --extern varlena=/tmp/cargo-mutants-src-DWWHFl.tmp/target/debug/deps/libvarlena-897eb79a45810003.rmeta -L native=/tmp/cargo-mutants-src-DWWHFl.tmp/target/debug/build/regexp_alt-aef8a84303e59076/out -L native=/usr/lib/aarch64-linux-gnu -L native=/usr/lib/aarch64-linux-gnu`
     Running `/usr/local/rustup/toolchains/1.96.0-aarch64-unknown-linux-gnu/bin/rustc --crate-name adt_quote --edition=2021 crates/backend/utils/adt/quote/src/lib.rs --error-format=json --json=diagnostic-rendered-ansi,artifacts,future-incompat --emit=dep-info,link -C embed-bitcode=no -C debuginfo=line-tables-only -C split-debuginfo=unpacked --test --check-cfg 'cfg(docsrs,test)' --check-cfg 'cfg(feature, values())' -C metadata=b350ea2887b606a5 -C extra-filename=-f33690151e9f82e7 --out-dir /tmp/cargo-mutants-src-DWWHFl.tmp/target/debug/deps -L dependency=/tmp/cargo-mutants-src-DWWHFl.tmp/target/debug/deps --extern datum=/tmp/cargo-mutants-src-DWWHFl.tmp/target/debug/deps/libdatum-030f3169174aec16.rlib --extern guc_tables=/tmp/cargo-mutants-src-DWWHFl.tmp/target/debug/deps/libguc_tables-93b6e4ddb0b91568.rlib --extern keywords=/tmp/cargo-mutants-src-DWWHFl.tmp/target/debug/deps/libkeywords-3eff9d0dfa642415.rlib --extern mcx=/tmp/cargo-mutants-src-DWWHFl.tmp/target/debug/deps/libmcx-06f936cbcd9c1216.rlib --extern types_core=/tmp/cargo-mutants-src-DWWHFl.tmp/target/debug/deps/libtypes_core-0d9118de0dbccbea.rlib --extern types_error=/tmp/cargo-mutants-src-DWWHFl.tmp/target/debug/deps/libtypes_error-c16bdb10ad7f34c8.rlib --extern types_fmgr=/tmp/cargo-mutants-src-DWWHFl.tmp/target/debug/deps/libtypes_fmgr-40ee05d74815766a.rlib --extern varlena=/tmp/cargo-mutants-src-DWWHFl.tmp/target/debug/deps/libvarlena-897eb79a45810003.rlib -L native=/tmp/cargo-mutants-src-DWWHFl.tmp/target/debug/build/regexp_alt-aef8a84303e59076/out -L native=/usr/lib/aarch64-linux-gnu -L native=/usr/lib/aarch64-linux-gnu`
     Running `/usr/local/rustup/toolchains/1.96.0-aarch64-unknown-linux-gnu/bin/rustc --crate-name differential --edition=2021 crates/backend/utils/adt/quote/tests/differential.rs --error-format=json --json=diagnostic-rendered-ansi,artifacts,future-incompat --emit=dep-info,link -C embed-bitcode=no -C debuginfo=line-tables-only -C split-debuginfo=unpacked --test --check-cfg 'cfg(docsrs,test)' --check-cfg 'cfg(feature, values())' -C metadata=bd6a3c175441e263 -C extra-filename=-da143577bcc21bd7 --out-dir /tmp/cargo-mutants-src-DWWHFl.tmp/target/debug/deps -L dependency=/tmp/cargo-mutants-src-DWWHFl.tmp/target/debug/deps --extern adt_quote=/tmp/cargo-mutants-src-DWWHFl.tmp/target/debug/deps/libadt_quote-135383fae5f57411.rlib --extern datum=/tmp/cargo-mutants-src-DWWHFl.tmp/target/debug/deps/libdatum-030f3169174aec16.rlib --extern guc_tables=/tmp/cargo-mutants-src-DWWHFl.tmp/target/debug/deps/libguc_tables-93b6e4ddb0b91568.rlib --extern keywords=/tmp/cargo-mutants-src-DWWHFl.tmp/target/debug/deps/libkeywords-3eff9d0dfa642415.rlib --extern mcx=/tmp/cargo-mutants-src-DWWHFl.tmp/target/debug/deps/libmcx-06f936cbcd9c1216.rlib --extern types_core=/tmp/cargo-mutants-src-DWWHFl.tmp/target/debug/deps/libtypes_core-0d9118de0dbccbea.rlib --extern types_error=/tmp/cargo-mutants-src-DWWHFl.tmp/target/debug/deps/libtypes_error-c16bdb10ad7f34c8.rlib --extern types_fmgr=/tmp/cargo-mutants-src-DWWHFl.tmp/target/debug/deps/libtypes_fmgr-40ee05d74815766a.rlib --extern varlena=/tmp/cargo-mutants-src-DWWHFl.tmp/target/debug/deps/libvarlena-897eb79a45810003.rlib -L native=/tmp/cargo-mutants-src-DWWHFl.tmp/target/debug/build/regexp_alt-aef8a84303e59076/out -L native=/usr/lib/aarch64-linux-gnu -L native=/usr/lib/aarch64-linux-gnu`
    Finished `test` profile [unoptimized + debuginfo] target(s) in 1.74s
  Executable `/tmp/cargo-mutants-src-DWWHFl.tmp/target/debug/deps/adt_quote-f33690151e9f82e7`
  Executable `/tmp/cargo-mutants-src-DWWHFl.tmp/target/debug/deps/differential-da143577bcc21bd7`

*** result: Success

*** /usr/local/rustup/toolchains/1.96.0-aarch64-unknown-linux-gnu/bin/cargo test --verbose --package=adt_quote@0.1.0
    Blocking waiting for file lock on package cache
    Blocking waiting for file lock on package cache
    Blocking waiting for file lock on package cache
       Fresh types_error v0.0.0 (/tmp/cargo-mutants-src-DWWHFl.tmp/crates/_support/types/types_error)
       Fresh seam_core v0.1.0 (/tmp/cargo-mutants-src-DWWHFl.tmp/crates/_support/seam_core)
       Fresh types_core v0.0.0 (/tmp/cargo-mutants-src-DWWHFl.tmp/crates/_support/types/types_core)
       Fresh version_check v0.9.5
       Fresh zerocopy v0.8.53
       Fresh once_cell v1.21.4
       Fresh cfg-if v1.0.4
       Fresh ahash v0.8.12
       Fresh allocator-api2 v0.2.21
       Fresh hashbrown v0.14.5
       Fresh rustc-hash v2.1.3
       Fresh mcx v0.0.0 (/tmp/cargo-mutants-src-DWWHFl.tmp/crates/_support/mcx)
warning: variant `Malloc` is never constructed
  --> crates/_support/mcx/src/lib.rs:64:5
   |
61 | enum Backend {
   |      ------- variant in this enum
...
64 |     Malloc,
   |     ^^^^^^
   |
   = note: `#[warn(dead_code)]` (part of `#[warn(unused)]`) on by default

warning: function `chunk_size` is never used
   --> crates/_support/mcx/src/aset.rs:284:4
    |
284 | fn chunk_size(idx: usize) -> usize {
    |    ^^^^^^^^^^

warning: method `mem_allocated` is never used
   --> crates/_support/mcx/src/aset.rs:340:19
    |
306 | impl AllocSet {
    | ------------- method in this implementation
...
340 |     pub(crate) fn mem_allocated(&self) -> usize {
    |                   ^^^^^^^^^^^^^

warning: `mcx` (lib) generated 3 warnings
       Fresh libc v0.2.186
       Fresh datum v0.0.0 (/tmp/cargo-mutants-src-DWWHFl.tmp/crates/_support/types/datum)
       Fresh pg_strong_random v0.1.0 (/tmp/cargo-mutants-src-DWWHFl.tmp/crates/port/pg_strong_random)
       Fresh pg_clock v0.1.0 (/tmp/cargo-mutants-src-DWWHFl.tmp/crates/port/pg_clock)
       Fresh pgsync v0.1.0 (/tmp/cargo-mutants-src-DWWHFl.tmp/crates/_support/pgsync)
       Fresh types_storage v0.1.0 (/tmp/cargo-mutants-src-DWWHFl.tmp/crates/_support/types/types_storage)
       Fresh types_tuple v0.1.0 (/tmp/cargo-mutants-src-DWWHFl.tmp/crates/_support/types/types_tuple)
       Fresh detoast_seams v0.1.0 (/tmp/cargo-mutants-src-DWWHFl.tmp/crates/backend/access/common/detoast_seams)
       Fresh stringinfo v0.1.0 (/tmp/cargo-mutants-src-DWWHFl.tmp/crates/_support/types/stringinfo)
       Fresh types_fmgr v0.1.0 (/tmp/cargo-mutants-src-DWWHFl.tmp/crates/_support/types/fmgr)
       Fresh types_scan v0.1.0 (/tmp/cargo-mutants-src-DWWHFl.tmp/crates/_support/types/types_scan)
       Fresh types_gist v0.1.0 (/tmp/cargo-mutants-src-DWWHFl.tmp/crates/_support/types/gist)
       Fresh types_hash v0.1.0 (/tmp/cargo-mutants-src-DWWHFl.tmp/crates/_support/types/hash)
       Fresh types_spgist v0.1.0 (/tmp/cargo-mutants-src-DWWHFl.tmp/crates/_support/types/types_spgist)
warning: type `spgChooseIn` should have an upper camel case name
  --> crates/_support/types/types_spgist/src/state.rs:92:12
   |
92 | pub struct spgChooseIn {
   |            ^^^^^^^^^^^ help: convert the identifier to upper camel case (notice the capitalization): `SpgChooseIn`
   |
   = note: `#[warn(non_camel_case_types)]` (part of `#[warn(nonstandard_style)]`) on by default

warning: type `spgChooseOut` should have an upper camel case name
   --> crates/_support/types/types_spgist/src/state.rs:104:10
    |
104 | pub enum spgChooseOut {
    |          ^^^^^^^^^^^^ help: convert the identifier to upper camel case (notice the capitalization): `SpgChooseOut`

warning: type `spgPickSplitIn` should have an upper camel case name
   --> crates/_support/types/types_spgist/src/state.rs:127:12
    |
127 | pub struct spgPickSplitIn {
    |            ^^^^^^^^^^^^^^ help: convert the identifier to upper camel case (notice the capitalization): `SpgPickSplitIn`

warning: type `spgPickSplitOut` should have an upper camel case name
   --> crates/_support/types/types_spgist/src/state.rs:134:12
    |
134 | pub struct spgPickSplitOut {
    |            ^^^^^^^^^^^^^^^ help: convert the identifier to upper camel case (notice the capitalization): `SpgPickSplitOut`

warning: type `spgInnerConsistentIn` should have an upper camel case name
   --> crates/_support/types/types_spgist/src/state.rs:157:12
    |
157 | pub struct spgInnerConsistentIn<'a> {
    |            ^^^^^^^^^^^^^^^^^^^^ help: convert the identifier to upper camel case (notice the capitalization): `SpgInnerConsistentIn`

warning: type `spgInnerConsistentOut` should have an upper camel case name
   --> crates/_support/types/types_spgist/src/state.rs:175:12
    |
175 | pub struct spgInnerConsistentOut {
    |            ^^^^^^^^^^^^^^^^^^^^^ help: convert the identifier to upper camel case (notice the capitalization): `SpgInnerConsistentOut`

warning: type `spgLeafConsistentIn` should have an upper camel case name
   --> crates/_support/types/types_spgist/src/state.rs:199:12
    |
199 | pub struct spgLeafConsistentIn {
    |            ^^^^^^^^^^^^^^^^^^^ help: convert the identifier to upper camel case (notice the capitalization): `SpgLeafConsistentIn`

warning: type `spgLeafConsistentOut` should have an upper camel case name
   --> crates/_support/types/types_spgist/src/state.rs:212:12
    |
212 | pub struct spgLeafConsistentOut {
    |            ^^^^^^^^^^^^^^^^^^^^ help: convert the identifier to upper camel case (notice the capitalization): `SpgLeafConsistentOut`

warning: type `spgxlogState` should have an upper camel case name
  --> crates/_support/types/types_spgist/src/xlog.rs:15:12
   |
15 | pub struct spgxlogState {
   |            ^^^^^^^^^^^^ help: convert the identifier to upper camel case (notice the capitalization): `SpgxlogState`

warning: type `spgxlogAddLeaf` should have an upper camel case name
  --> crates/_support/types/types_spgist/src/xlog.rs:40:12
   |
40 | pub struct spgxlogAddLeaf {
   |            ^^^^^^^^^^^^^^ help: convert the identifier to upper camel case (notice the capitalization): `SpgxlogAddLeaf`

warning: type `spgxlogMoveLeafs` should have an upper camel case name
  --> crates/_support/types/types_spgist/src/xlog.rs:76:12
   |
76 | pub struct spgxlogMoveLeafs {
   |            ^^^^^^^^^^^^^^^^ help: convert the identifier to upper camel case (notice the capitalization): `SpgxlogMoveLeafs`

warning: type `spgxlogAddNode` should have an upper camel case name
   --> crates/_support/types/types_spgist/src/xlog.rs:115:12
    |
115 | pub struct spgxlogAddNode {
    |            ^^^^^^^^^^^^^^ help: convert the identifier to upper camel case (notice the capitalization): `SpgxlogAddNode`

warning: type `spgxlogSplitTuple` should have an upper camel case name
   --> crates/_support/types/types_spgist/src/xlog.rs:154:12
    |
154 | pub struct spgxlogSplitTuple {
    |            ^^^^^^^^^^^^^^^^^ help: convert the identifier to upper camel case (notice the capitalization): `SpgxlogSplitTuple`

warning: type `spgxlogPickSplit` should have an upper camel case name
   --> crates/_support/types/types_spgist/src/xlog.rs:184:12
    |
184 | pub struct spgxlogPickSplit {
    |            ^^^^^^^^^^^^^^^^ help: convert the identifier to upper camel case (notice the capitalization): `SpgxlogPickSplit`

warning: type `spgxlogVacuumLeaf` should have an upper camel case name
   --> crates/_support/types/types_spgist/src/xlog.rs:238:12
    |
238 | pub struct spgxlogVacuumLeaf {
    |            ^^^^^^^^^^^^^^^^^ help: convert the identifier to upper camel case (notice the capitalization): `SpgxlogVacuumLeaf`

warning: type `spgxlogVacuumRoot` should have an upper camel case name
   --> crates/_support/types/types_spgist/src/xlog.rs:271:12
    |
271 | pub struct spgxlogVacuumRoot {
    |            ^^^^^^^^^^^^^^^^^ help: convert the identifier to upper camel case (notice the capitalization): `SpgxlogVacuumRoot`

warning: type `spgxlogVacuumRedirect` should have an upper camel case name
   --> crates/_support/types/types_spgist/src/xlog.rs:295:12
    |
295 | pub struct spgxlogVacuumRedirect {
    |            ^^^^^^^^^^^^^^^^^^^^^ help: convert the identifier to upper camel case (notice the capitalization): `SpgxlogVacuumRedirect`

warning: type `spgConfigIn` should have an upper camel case name
   --> crates/_support/types/types_spgist/src/lib.rs:237:12
    |
237 | pub struct spgConfigIn {
    |            ^^^^^^^^^^^ help: convert the identifier to upper camel case (notice the capitalization): `SpgConfigIn`

warning: type `spgConfigOut` should have an upper camel case name
   --> crates/_support/types/types_spgist/src/lib.rs:242:12
    |
242 | pub struct spgConfigOut {
    |            ^^^^^^^^^^^^ help: convert the identifier to upper camel case (notice the capitalization): `SpgConfigOut`

warning: `types_spgist` (lib) generated 19 warnings
       Fresh types_nbtree v0.1.0 (/tmp/cargo-mutants-src-DWWHFl.tmp/crates/_support/types/types_nbtree)
       Fresh types_bloom v0.1.0 (/tmp/cargo-mutants-src-DWWHFl.tmp/crates/_support/types/types_bloom)
       Fresh types_trigger v0.1.0 (/tmp/cargo-mutants-src-DWWHFl.tmp/crates/_support/types/types_trigger)
       Fresh types_rel v0.1.0 (/tmp/cargo-mutants-src-DWWHFl.tmp/crates/_support/types/rel)
       Fresh ip v0.0.0 (/tmp/cargo-mutants-src-DWWHFl.tmp/crates/common/ip)
       Fresh types_startup v0.0.0 (/tmp/cargo-mutants-src-DWWHFl.tmp/crates/_support/types/types_startup)
       Fresh types_guc v0.0.0 (/tmp/cargo-mutants-src-DWWHFl.tmp/crates/_support/types/types_guc)
       Fresh guc_seams v0.0.0 (/tmp/cargo-mutants-src-DWWHFl.tmp/crates/backend/utils/misc/guc_seams)
       Fresh rel_vocab v0.1.0 (/tmp/cargo-mutants-src-DWWHFl.tmp/crates/_support/types/rel_vocab)
       Fresh guc_tables v0.0.0 (/tmp/cargo-mutants-src-DWWHFl.tmp/crates/backend/utils/misc/guc_tables)
       Fresh mbutils_seams v0.1.0 (/tmp/cargo-mutants-src-DWWHFl.tmp/crates/backend/utils/mb/mbutils_seams)
       Fresh types_nodes v0.1.0 (/tmp/cargo-mutants-src-DWWHFl.tmp/crates/_support/types/nodes)
warning: variant `ROW_MARK_EXCLUSIVE` should have an upper camel case name
   --> crates/_support/types/nodes/src/plannodes.rs:897:5
    |
897 |     ROW_MARK_EXCLUSIVE = 0,
    |     ^^^^^^^^^^^^^^^^^^ help: convert the identifier to upper camel case: `RowMarkExclusive`
    |
    = note: `#[warn(non_camel_case_types)]` (part of `#[warn(nonstandard_style)]`) on by default

warning: variant `ROW_MARK_NOKEYEXCLUSIVE` should have an upper camel case name
   --> crates/_support/types/nodes/src/plannodes.rs:898:5
    |
898 |     ROW_MARK_NOKEYEXCLUSIVE = 1,
    |     ^^^^^^^^^^^^^^^^^^^^^^^ help: convert the identifier to upper camel case: `RowMarkNokeyexclusive`

warning: variant `ROW_MARK_SHARE` should have an upper camel case name
   --> crates/_support/types/nodes/src/plannodes.rs:899:5
    |
899 |     ROW_MARK_SHARE = 2,
    |     ^^^^^^^^^^^^^^ help: convert the identifier to upper camel case: `RowMarkShare`

warning: variant `ROW_MARK_KEYSHARE` should have an upper camel case name
   --> crates/_support/types/nodes/src/plannodes.rs:900:5
    |
900 |     ROW_MARK_KEYSHARE = 3,
    |     ^^^^^^^^^^^^^^^^^ help: convert the identifier to upper camel case: `RowMarkKeyshare`

warning: variant `ROW_MARK_REFERENCE` should have an upper camel case name
   --> crates/_support/types/nodes/src/plannodes.rs:901:5
    |
901 |     ROW_MARK_REFERENCE = 4,
    |     ^^^^^^^^^^^^^^^^^^ help: convert the identifier to upper camel case: `RowMarkReference`

warning: variant `ROW_MARK_COPY` should have an upper camel case name
   --> crates/_support/types/nodes/src/plannodes.rs:902:5
    |
902 |     ROW_MARK_COPY = 5,
    |     ^^^^^^^^^^^^^ help: convert the identifier to upper camel case: `RowMarkCopy`

warning: `types_nodes` (lib) generated 6 warnings
       Fresh types_snapshot v0.1.0 (/tmp/cargo-mutants-src-DWWHFl.tmp/crates/_support/types/snapshot)
       Fresh init_small_seams v0.0.0 (/tmp/cargo-mutants-src-DWWHFl.tmp/crates/backend/utils/init/init_small_seams)
       Fresh wchar v0.1.0 (/tmp/cargo-mutants-src-DWWHFl.tmp/crates/common/wchar)
       Fresh namespace_seams v0.0.0 (/tmp/cargo-mutants-src-DWWHFl.tmp/crates/backend/catalog/namespace_seams)
       Fresh fmgr_seams v0.1.0 (/tmp/cargo-mutants-src-DWWHFl.tmp/crates/backend/utils/fmgr/fmgr_seams)
       Fresh miscinit_seams v0.0.0 (/tmp/cargo-mutants-src-DWWHFl.tmp/crates/backend/utils/init/miscinit_seams)
       Fresh acl_seams v0.0.0 (/tmp/cargo-mutants-src-DWWHFl.tmp/crates/backend/utils/adt/acl_seams)
       Fresh xact_seams v0.0.0 (/tmp/cargo-mutants-src-DWWHFl.tmp/crates/backend/access/transam/xact_seams)
       Fresh init_small v0.0.0 (/tmp/cargo-mutants-src-DWWHFl.tmp/crates/backend/utils/init/init_small)
       Fresh pqcomm_seams v0.0.0 (/tmp/cargo-mutants-src-DWWHFl.tmp/crates/backend/libpq/pqcomm_seams)
       Fresh jit_deform v0.1.0 (/tmp/cargo-mutants-src-DWWHFl.tmp/crates/_support/jit_deform)
       Fresh xlogreader_seams v0.0.0 (/tmp/cargo-mutants-src-DWWHFl.tmp/crates/backend/access/transam/xlogreader_seams)
       Fresh s_lock_seams v0.0.0 (/tmp/cargo-mutants-src-DWWHFl.tmp/crates/backend/storage/lmgr/s_lock_seams)
       Fresh ipc_seams v0.0.0 (/tmp/cargo-mutants-src-DWWHFl.tmp/crates/backend/storage/ipc/ipc_seams)
       Fresh shmem_seams v0.0.0 (/tmp/cargo-mutants-src-DWWHFl.tmp/crates/backend/storage/ipc/shmem_seams)
       Fresh transam_xlog_seams v0.0.0 (/tmp/cargo-mutants-src-DWWHFl.tmp/crates/backend/access/transam/transam_xlog_seams)
       Fresh mbutils v0.1.0 (/tmp/cargo-mutants-src-DWWHFl.tmp/crates/backend/utils/mb/mbutils)
       Fresh syslogger_seams v0.0.0 (/tmp/cargo-mutants-src-DWWHFl.tmp/crates/backend/postmaster/syslogger_seams)
       Fresh syscache_seams v0.0.0 (/tmp/cargo-mutants-src-DWWHFl.tmp/crates/backend/utils/cache/syscache_seams)
       Fresh lmgr_proc_seams v0.0.0 (/tmp/cargo-mutants-src-DWWHFl.tmp/crates/backend/storage/lmgr/lmgr_proc_seams)
       Fresh pgstat_seams v0.0.0 (/tmp/cargo-mutants-src-DWWHFl.tmp/crates/backend/utils/activity/pgstat_seams)
       Fresh error_small_seams v0.0.0 (/tmp/cargo-mutants-src-DWWHFl.tmp/crates/backend/utils/error/error_small_seams)
       Fresh waitevent_seams v0.0.0 (/tmp/cargo-mutants-src-DWWHFl.tmp/crates/backend/utils/activity/waitevent_seams)
       Fresh elog_seams v0.0.0 (/tmp/cargo-mutants-src-DWWHFl.tmp/crates/backend/utils/error/elog_seams)
       Fresh types_dest v0.0.0 (/tmp/cargo-mutants-src-DWWHFl.tmp/crates/_support/types/types_dest)
       Fresh elog v0.0.0 (/tmp/cargo-mutants-src-DWWHFl.tmp/crates/backend/utils/error/elog)
warning: unused imports: `LOG_DESTINATION_CSVLOG` and `LOG_DESTINATION_JSONLOG`
  --> crates/backend/utils/error/elog/src/config.rs:10:61
   |
10 |     ErrorLevel, PGErrorVerbosity, PgError, PgResult, ERROR, LOG_DESTINATION_CSVLOG,
   |                                                             ^^^^^^^^^^^^^^^^^^^^^^
11 |     LOG_DESTINATION_JSONLOG, LOG_DESTINATION_STDERR, LOG_DESTINATION_SYSLOG, NOTICE, WARNING,
   |     ^^^^^^^^^^^^^^^^^^^^^^^
   |
   = note: `#[warn(unused_imports)]` (part of `#[warn(unused)]`) on by default

warning: `elog` (lib) generated 1 warning (run `cargo fix --lib -p elog` to apply 1 suggestion)
       Fresh lwlock v0.0.0 (/tmp/cargo-mutants-src-DWWHFl.tmp/crates/backend/storage/lmgr/lwlock)
       Fresh types_slot v0.1.0 (/tmp/cargo-mutants-src-DWWHFl.tmp/crates/_support/types/types_slot)
       Fresh relation_seams v0.0.0 (/tmp/cargo-mutants-src-DWWHFl.tmp/crates/backend/access/common/relation_seams)
       Fresh bufmgr_seams v0.0.0 (/tmp/cargo-mutants-src-DWWHFl.tmp/crates/backend/storage/buffer/bufmgr_seams)
       Fresh table_seams v0.0.0 (/tmp/cargo-mutants-src-DWWHFl.tmp/crates/backend/access/table/table_seams)
       Fresh syncscan_seams v0.0.0 (/tmp/cargo-mutants-src-DWWHFl.tmp/crates/backend/access/common/syncscan_seams)
       Fresh sync_seams v0.0.0 (/tmp/cargo-mutants-src-DWWHFl.tmp/crates/backend/storage/sync/sync_seams)
       Fresh waiteventset_seams v0.0.0 (/tmp/cargo-mutants-src-DWWHFl.tmp/crates/backend/storage/ipc/waiteventset_seams)
       Fresh types_resowner v0.1.0 (/tmp/cargo-mutants-src-DWWHFl.tmp/crates/_support/types/types_resowner)
       Fresh vfs v0.0.0 (/tmp/cargo-mutants-src-DWWHFl.tmp/crates/backend/storage/file/vfs)
       Fresh types_array v0.1.0 (/tmp/cargo-mutants-src-DWWHFl.tmp/crates/_support/types/array)
       Fresh postmaster_seams v0.0.0 (/tmp/cargo-mutants-src-DWWHFl.tmp/crates/backend/postmaster/postmaster_seams)
       Fresh xloginsert_seams v0.0.0 (/tmp/cargo-mutants-src-DWWHFl.tmp/crates/backend/access/transam/xloginsert_seams)
       Fresh xlogutils_seams v0.0.0 (/tmp/cargo-mutants-src-DWWHFl.tmp/crates/backend/access/transam/xlogutils_seams)
       Fresh pg_class_seams v0.0.0 (/tmp/cargo-mutants-src-DWWHFl.tmp/crates/backend/catalog/pg_class_seams)
       Fresh file_seams v0.0.0 (/tmp/cargo-mutants-src-DWWHFl.tmp/crates/backend/storage/file/file_seams)
       Fresh pmsignal_seams v0.0.0 (/tmp/cargo-mutants-src-DWWHFl.tmp/crates/backend/storage/ipc/pmsignal_seams)
       Fresh hashfn v0.1.0 (/tmp/cargo-mutants-src-DWWHFl.tmp/crates/common/hashfn)
       Fresh pmsignal v0.0.0 (/tmp/cargo-mutants-src-DWWHFl.tmp/crates/backend/storage/ipc/pmsignal)
       Fresh slru v0.0.0 (/tmp/cargo-mutants-src-DWWHFl.tmp/crates/backend/access/transam/slru)
       Fresh table v0.1.0 (/tmp/cargo-mutants-src-DWWHFl.tmp/crates/backend/access/table/table)
       Fresh types_portal v0.1.0 (/tmp/cargo-mutants-src-DWWHFl.tmp/crates/_support/types/portal)
       Fresh tableam_vocab v0.1.0 (/tmp/cargo-mutants-src-DWWHFl.tmp/crates/backend/access/table/tableam_vocab)
       Fresh keywords v0.1.0 (/tmp/cargo-mutants-src-DWWHFl.tmp/crates/common/keywords)
       Fresh pqformat v0.1.0 (/tmp/cargo-mutants-src-DWWHFl.tmp/crates/backend/libpq/pqformat)
       Fresh dbcommands_seams v0.0.0 (/tmp/cargo-mutants-src-DWWHFl.tmp/crates/backend/commands/dbcommands_seams)
       Fresh relcache_seams v0.0.0 (/tmp/cargo-mutants-src-DWWHFl.tmp/crates/backend/utils/cache/relcache_seams)
       Fresh snapmgr_seams v0.0.0 (/tmp/cargo-mutants-src-DWWHFl.tmp/crates/backend/utils/time/snapmgr_seams)
       Fresh procarray_seams v0.0.0 (/tmp/cargo-mutants-src-DWWHFl.tmp/crates/backend/storage/ipc/procarray_seams)
       Fresh multixact_seams v0.0.0 (/tmp/cargo-mutants-src-DWWHFl.tmp/crates/backend/access/transam/multixact_seams)
       Fresh varsup_seams v0.0.0 (/tmp/cargo-mutants-src-DWWHFl.tmp/crates/backend/access/transam/varsup_seams)
       Fresh twophase_seams v0.0.0 (/tmp/cargo-mutants-src-DWWHFl.tmp/crates/backend/access/transam/twophase_seams)
       Fresh transam_seams v0.0.0 (/tmp/cargo-mutants-src-DWWHFl.tmp/crates/backend/access/transam/transam_seams)
       Fresh multixact v0.0.0 (/tmp/cargo-mutants-src-DWWHFl.tmp/crates/backend/access/transam/multixact)
       Fresh format_type v0.1.0 (/tmp/cargo-mutants-src-DWWHFl.tmp/crates/backend/utils/adt/format_type)
       Fresh tableam_seams v0.0.0 (/tmp/cargo-mutants-src-DWWHFl.tmp/crates/backend/access/table/tableam_seams)
       Fresh nbt_compare v0.1.0 (/tmp/cargo-mutants-src-DWWHFl.tmp/crates/backend/access/nbtree/compare)
       Fresh readfuncs v0.1.0 (/tmp/cargo-mutants-src-DWWHFl.tmp/crates/backend/nodes/readfuncs)
warning: unused import: `OptNodeList`
  --> crates/backend/nodes/readfuncs/src/lib.rs:12:53
   |
12 | use types_nodes::list::{IntList, NodeList, OidList, OptNodeList};
   |                                                     ^^^^^^^^^^^
   |
   = note: `#[warn(unused_imports)]` (part of `#[warn(unused)]`) on by default

warning: unused import: `CoerceViaIO`
  --> crates/backend/nodes/readfuncs/src/lib.rs:22:19
   |
22 |     CoalesceExpr, CoerceViaIO, CoercionForm, Const, FieldSelect, FieldStore, FromExpr, FuncExpr,
   |                   ^^^^^^^^^^^

warning: `readfuncs` (lib) generated 2 warnings (run `cargo fix --lib -p readfuncs` to apply 2 suggestions)
       Fresh aclchk_seams v0.0.0 (/tmp/cargo-mutants-src-DWWHFl.tmp/crates/backend/catalog/aclchk_seams)
       Fresh numutils v0.1.0 (/tmp/cargo-mutants-src-DWWHFl.tmp/crates/backend/utils/adt/numutils)
       Fresh adt_scalar v0.1.0 (/tmp/cargo-mutants-src-DWWHFl.tmp/crates/backend/utils/adt/scalar)
       Fresh types_pathnodes v0.1.0 (/tmp/cargo-mutants-src-DWWHFl.tmp/crates/_support/types/pathnodes)
warning: variable does not need to be mutable
   --> crates/_support/types/pathnodes/src/run.rs:381:13
    |
381 |         let mut add = |outer: &mut crate::Relids<'mcx>, id: i32| {
    |             ----^^^
    |             |
    |             help: remove this `mut`
    |
    = note: `#[warn(unused_mut)]` (part of `#[warn(unused)]`) on by default

warning: variable does not need to be mutable
   --> crates/_support/types/pathnodes/src/run.rs:414:17
    |
414 |             let mut add = |outer: &mut crate::Relids<'mcx>, id: i32| {
    |                 ----^^^
    |                 |
    |                 help: remove this `mut`

warning: `types_pathnodes` (lib) generated 2 warnings (run `cargo fix --lib -p types_pathnodes` to apply 2 suggestions)
       Fresh catalog_seams v0.0.0 (/tmp/cargo-mutants-src-DWWHFl.tmp/crates/backend/catalog/catalog_seams)
       Fresh typcache_seams v0.0.0 (/tmp/cargo-mutants-src-DWWHFl.tmp/crates/backend/utils/cache/typcache_seams)
       Fresh lsyscache_seams v0.1.0 (/tmp/cargo-mutants-src-DWWHFl.tmp/crates/backend/utils/cache/lsyscache_seams)
       Fresh lsyscache v0.1.0 (/tmp/cargo-mutants-src-DWWHFl.tmp/crates/backend/utils/cache/lsyscache)
       Fresh outfuncs v0.1.0 (/tmp/cargo-mutants-src-DWWHFl.tmp/crates/backend/nodes/outfuncs)
warning: unreachable pattern
   --> crates/backend/nodes/outfuncs/src/lib.rs:522:9
    |
124 |         NodeTag::T_CaseExpr => {
    |         ------------------- matches all the relevant values
...
522 |         NodeTag::T_CaseExpr => {
    |         ^^^^^^^^^^^^^^^^^^^ no value can reach this
    |
    = note: `#[warn(unreachable_patterns)]` (part of `#[warn(unused)]`) on by default

warning: unreachable pattern
   --> crates/backend/nodes/outfuncs/src/lib.rs:532:9
    |
134 |         NodeTag::T_CaseWhen => {
    |         ------------------- matches all the relevant values
...
532 |         NodeTag::T_CaseWhen => {
    |         ^^^^^^^^^^^^^^^^^^^ no value can reach this

warning: unreachable pattern
   --> crates/backend/nodes/outfuncs/src/lib.rs:587:9
    |
150 |         NodeTag::T_WindowFunc => {
    |         --------------------- matches all the relevant values
...
587 |         NodeTag::T_WindowFunc => {
    |         ^^^^^^^^^^^^^^^^^^^^^ no value can reach this

warning: unreachable pattern
   --> crates/backend/nodes/outfuncs/src/lib.rs:606:9
    |
194 |         NodeTag::T_SetOperationStmt => {
    |         --------------------------- matches all the relevant values
...
606 |         NodeTag::T_SetOperationStmt => {
    |         ^^^^^^^^^^^^^^^^^^^^^^^^^^^ no value can reach this

warning: unreachable pattern
   --> crates/backend/nodes/outfuncs/src/lib.rs:727:9
    |
479 |         NodeTag::T_NotifyStmt => out_notify_stmt(
    |         --------------------- matches all the relevant values
...
727 |         NodeTag::T_NotifyStmt => {
    |         ^^^^^^^^^^^^^^^^^^^^^ no value can reach this

warning: `outfuncs` (lib) generated 5 warnings
       Fresh catcache_seams v0.0.0 (/tmp/cargo-mutants-src-DWWHFl.tmp/crates/backend/utils/cache/catcache_seams)
       Fresh smgr_seams v0.0.0 (/tmp/cargo-mutants-src-DWWHFl.tmp/crates/backend/storage/smgr/smgr_seams)
       Fresh sinval_seams v0.0.0 (/tmp/cargo-mutants-src-DWWHFl.tmp/crates/backend/storage/ipc/sinval_seams)
       Fresh relpath_seams v0.0.0 (/tmp/cargo-mutants-src-DWWHFl.tmp/crates/common/relpath_seams)
       Fresh relmapper_seams v0.0.0 (/tmp/cargo-mutants-src-DWWHFl.tmp/crates/backend/utils/cache/relmapper_seams)
       Fresh inval_seams v0.0.0 (/tmp/cargo-mutants-src-DWWHFl.tmp/crates/backend/utils/cache/inval_seams)
       Fresh inval v0.1.0 (/tmp/cargo-mutants-src-DWWHFl.tmp/crates/backend/utils/cache/inval)
       Fresh nodes_core v0.1.0 (/tmp/cargo-mutants-src-DWWHFl.tmp/crates/backend/nodes/nodes_core)
warning: unreachable pattern
  --> crates/backend/nodes/nodes_core/src/node_funcs.rs:47:9
   |
30 |         NodeTag::T_CollateExpr => expr_type(node.as_collate_expr().unwrap().arg),
   |         ---------------------- matches all the relevant values
...
47 |         NodeTag::T_CollateExpr => expr_type(node.as_collate_expr().unwrap().arg),
   |         ^^^^^^^^^^^^^^^^^^^^^^ no value can reach this
   |
   = note: `#[warn(unreachable_patterns)]` (part of `#[warn(unused)]`) on by default

warning: unreachable pattern
   --> crates/backend/nodes/nodes_core/src/node_funcs.rs:194:9
    |
163 |         NodeTag::T_CollateExpr => expr_typmod(node.as_collate_expr().unwrap().arg),
    |         ---------------------- matches all the relevant values
...
194 |         NodeTag::T_CollateExpr => expr_typmod(node.as_collate_expr().unwrap().arg),
    |         ^^^^^^^^^^^^^^^^^^^^^^ no value can reach this

warning: unreachable pattern
   --> crates/backend/nodes/nodes_core/src/node_funcs.rs:296:9
    |
279 |         NodeTag::T_CollateExpr => node.as_collate_expr().unwrap().collOid,
    |         ---------------------- matches all the relevant values
...
296 |         NodeTag::T_CollateExpr => node.as_collate_expr().unwrap().collOid,
    |         ^^^^^^^^^^^^^^^^^^^^^^ no value can reach this

warning: unreachable pattern
   --> crates/backend/nodes/nodes_core/src/node_funcs.rs:476:9
    |
424 |         NodeTag::T_CollateExpr => expr_location(node.as_collate_expr().unwrap().arg),
    |         ---------------------- matches all the relevant values
...
476 |         NodeTag::T_CollateExpr => expr_location(node.as_collate_expr().unwrap().arg),
    |         ^^^^^^^^^^^^^^^^^^^^^^ no value can reach this

warning: `nodes_core` (lib) generated 4 warnings
       Fresh tupdesc v0.1.0 (/tmp/cargo-mutants-src-DWWHFl.tmp/crates/backend/access/common/tupdesc)
       Fresh clauses_seams v0.1.0 (/tmp/cargo-mutants-src-DWWHFl.tmp/crates/backend/optimizer/util/clauses_seams)
       Fresh indexcmds_seams v0.1.0 (/tmp/cargo-mutants-src-DWWHFl.tmp/crates/backend/commands/indexcmds_seams)
       Fresh pg_enum_seams v0.0.0 (/tmp/cargo-mutants-src-DWWHFl.tmp/crates/backend/catalog/pg_enum_seams)
       Fresh string_seams v0.0.0 (/tmp/cargo-mutants-src-DWWHFl.tmp/crates/common/string_seams)
       Fresh pg_string v0.0.0 (/tmp/cargo-mutants-src-DWWHFl.tmp/crates/common/string)
       Fresh typcache v0.1.0 (/tmp/cargo-mutants-src-DWWHFl.tmp/crates/backend/utils/cache/typcache)
warning: unused import: `MemoryContext`
  --> crates/backend/utils/cache/typcache/src/lib.rs:19:16
   |
19 | use mcx::{Mcx, MemoryContext, PgHashMap, PgVec};
   |                ^^^^^^^^^^^^^
   |
   = note: `#[warn(unused_imports)]` (part of `#[warn(unused)]`) on by default

warning: `typcache` (lib) generated 1 warning (run `cargo fix --lib -p typcache` to apply 1 suggestion)
       Fresh funcapi_srf v0.1.0 (/tmp/cargo-mutants-src-DWWHFl.tmp/crates/backend/utils/fmgr/funcapi_srf)
warning: unused import: `SetFunctionReturnMode`
 --> crates/backend/utils/fmgr/funcapi_srf/src/lib.rs:4:62
  |
4 | use fmgr::{ExprDoneCond, FmgrInfo, FunctionCallInfoBaseData, SetFunctionReturnMode};
  |                                                              ^^^^^^^^^^^^^^^^^^^^^
  |
  = note: `#[warn(unused_imports)]` (part of `#[warn(unused)]`) on by default

warning: function `init_MultiFuncCall` should have a snake case name
  --> crates/backend/utils/fmgr/funcapi_srf/src/lib.rs:44:8
   |
44 | pub fn init_MultiFuncCall<'a>(
   |        ^^^^^^^^^^^^^^^^^^ help: convert the identifier to snake case: `init_multi_func_call`
   |
   = note: `#[warn(non_snake_case)]` (part of `#[warn(nonstandard_style)]`) on by default

warning: function `per_MultiFuncCall` should have a snake case name
  --> crates/backend/utils/fmgr/funcapi_srf/src/lib.rs:64:8
   |
64 | pub fn per_MultiFuncCall(flinfo: &mut FmgrInfo) -> &mut FuncCallContext {
   |        ^^^^^^^^^^^^^^^^^ help: convert the identifier to snake case: `per_multi_func_call`

warning: function `end_MultiFuncCall` should have a snake case name
  --> crates/backend/utils/fmgr/funcapi_srf/src/lib.rs:70:8
   |
70 | pub fn end_MultiFuncCall(flinfo: &mut FmgrInfo) {
   |        ^^^^^^^^^^^^^^^^^ help: convert the identifier to snake case: `end_multi_func_call`

warning: `funcapi_srf` (lib) generated 4 warnings (run `cargo fix --lib -p funcapi_srf` to apply 1 suggestion)
       Fresh arrayutils v0.1.0 (/tmp/cargo-mutants-src-DWWHFl.tmp/crates/backend/utils/adt/arrayutils)
       Fresh find-msvc-tools v0.1.9
       Fresh shlex v2.0.1
       Fresh cc v1.2.66
       Fresh arrayfuncs v0.1.0 (/tmp/cargo-mutants-src-DWWHFl.tmp/crates/backend/utils/adt/arrayfuncs)
warning: value assigned to `addedafter` is never read
   --> crates/backend/utils/adt/arrayfuncs/src/element.rs:545:26
    |
545 |     let mut addedafter = 0i32;
    |                          ^^^^ this value is reassigned later and never used
...
578 |             addedafter = aa;
    |             --------------- `addedafter` is overwritten here before the previous value is read
    |
    = note: `#[warn(unused_assignments)]` (part of `#[warn(unused)]`) on by default

warning: unnecessary `unsafe` block
   --> crates/backend/utils/adt/arrayfuncs/src/expanded.rs:144:55
    |
141 |     unsafe {
    |     ------ because it's nested under this `unsafe` block
...
144 |         parentcontext.register_reset_callback(move || unsafe { drop(Box::from_raw(p)) });
    |                                                       ^^^^^^ unnecessary `unsafe` block
    |
    = note: `#[warn(unused_unsafe)]` (part of `#[warn(unused)]`) on by default

warning: unnecessary `unsafe` block
   --> crates/backend/utils/adt/arrayfuncs/src/expanded.rs:252:15
    |
252 |         cur + unsafe { varsize_any(value.as_usize() as *const u8) }
    |               ^^^^^^ unnecessary `unsafe` block

warning: unnecessary `unsafe` block
   --> crates/backend/utils/adt/arrayfuncs/src/io.rs:559:15
    |
559 |         -1 => unsafe { varsize_any(p) },
    |               ^^^^^^ unnecessary `unsafe` block

warning: constant `HASH_RECORD_OID` is never used
   --> crates/backend/utils/adt/arrayfuncs/src/builtins.rs:514:7
    |
514 | const HASH_RECORD_OID: Oid = 6192;
    |       ^^^^^^^^^^^^^^^
    |
    = note: `#[warn(dead_code)]` (part of `#[warn(unused)]`) on by default

warning: constant `HASH_RECORD_EXTENDED_OID` is never used
   --> crates/backend/utils/adt/arrayfuncs/src/builtins.rs:515:7
    |
515 | const HASH_RECORD_EXTENDED_OID: Oid = 6193;
    |       ^^^^^^^^^^^^^^^^^^^^^^^^

warning: `arrayfuncs` (lib) generated 6 warnings
       Fresh regex v0.0.0 (/tmp/cargo-mutants-src-DWWHFl.tmp/crates/_support/types/regex)
       Fresh pg_prng_seams v0.0.0 (/tmp/cargo-mutants-src-DWWHFl.tmp/crates/port/pg_prng_seams)
       Fresh pkg-config v0.3.33
       Fresh ryu v0.1.0 (/tmp/cargo-mutants-src-DWWHFl.tmp/crates/common/ryu)
       Fresh adt_float v0.1.0 (/tmp/cargo-mutants-src-DWWHFl.tmp/crates/backend/utils/adt/float)
       Fresh pg_prng v0.1.0 (/tmp/cargo-mutants-src-DWWHFl.tmp/crates/common/pg_prng)
       Fresh hyperloglog v0.1.0 (/tmp/cargo-mutants-src-DWWHFl.tmp/crates/backend/lib/hyperloglog)
       Fresh adt_numeric v0.1.0 (/tmp/cargo-mutants-src-DWWHFl.tmp/crates/backend/utils/adt/numeric)
warning: field `0` is never read
  --> crates/backend/utils/adt/numeric/src/sortsupport.rs:21:17
   |
21 | struct AlignBuf([u8; 128]);
   |        -------- ^^^^^^^^^
   |        |
   |        field in this struct
   |
   = help: consider removing this field
   = note: `#[warn(dead_code)]` (part of `#[warn(unused)]`) on by default

warning: `adt_numeric` (lib) generated 1 warning
       Fresh adt_varbit v0.1.0 (/tmp/cargo-mutants-src-DWWHFl.tmp/crates/backend/utils/adt/varbit)
       Fresh queryenvironment v0.1.0 (/tmp/cargo-mutants-src-DWWHFl.tmp/crates/backend/utils/misc/queryenvironment)
       Fresh toast_internals_seams v0.1.0 (/tmp/cargo-mutants-src-DWWHFl.tmp/crates/backend/access/common/toast_internals_seams)
       Fresh postgres_seams v0.0.0 (/tmp/cargo-mutants-src-DWWHFl.tmp/crates/backend/tcop/postgres_seams)
       Fresh pglz v0.1.0 (/tmp/cargo-mutants-src-DWWHFl.tmp/crates/common/pglz)
       Fresh memchr v2.8.3
       Fresh parser_small1 v0.0.0 (/tmp/cargo-mutants-src-DWWHFl.tmp/crates/backend/parser/parser_small1)
       Fresh unicode_category v0.1.0 (/tmp/cargo-mutants-src-DWWHFl.tmp/crates/common/unicode_category)
       Fresh regex_core_seams v0.0.0 (/tmp/cargo-mutants-src-DWWHFl.tmp/crates/backend/regex/regex_core_seams)
       Fresh regexp_seams v0.0.0 (/tmp/cargo-mutants-src-DWWHFl.tmp/crates/backend/utils/adt/regexp_seams)
       Fresh unicode_norm v0.1.0 (/tmp/cargo-mutants-src-DWWHFl.tmp/crates/common/unicode_norm)
       Fresh pg_locale_seams v0.1.0 (/tmp/cargo-mutants-src-DWWHFl.tmp/crates/backend/utils/adt/pg_locale_seams)
       Fresh pg_bitutils v0.1.0 (/tmp/cargo-mutants-src-DWWHFl.tmp/crates/port/pg_bitutils)
       Fresh detoast v0.1.0 (/tmp/cargo-mutants-src-DWWHFl.tmp/crates/backend/access/common/detoast)
       Fresh regexp_alt v0.1.0 (/tmp/cargo-mutants-src-DWWHFl.tmp/crates/backend/utils/adt/regexp_alt)
       Fresh varlena v0.1.0 (/tmp/cargo-mutants-src-DWWHFl.tmp/crates/backend/utils/adt/varlena)
warning: unused import: `core::cmp::Ordering`
  --> crates/backend/utils/adt/varlena/src/lib.rs:23:5
   |
23 | use core::cmp::Ordering;
   |     ^^^^^^^^^^^^^^^^^^^
   |
   = note: `#[warn(unused_imports)]` (part of `#[warn(unused)]`) on by default

warning: `varlena` (lib) generated 1 warning (run `cargo fix --lib -p varlena` to apply 1 suggestion)
       Fresh adt_quote v0.1.0 (/tmp/cargo-mutants-src-DWWHFl.tmp/crates/backend/utils/adt/quote)
    Finished `test` profile [unoptimized + debuginfo] target(s) in 0.99s
     Running `/tmp/cargo-mutants-src-DWWHFl.tmp/target/debug/deps/adt_quote-f33690151e9f82e7`

running 4 tests
test tests::ident_quote_all_guc ... ok
test tests::literal_forms ... ok
test tests::ident_quoted_forms ... ok
test tests::ident_safe_forms ... ok

test result: ok. 4 passed; 0 failed; 0 ignored; 0 measured; 0 filtered out; finished in 0.00s

     Running `/tmp/cargo-mutants-src-DWWHFl.tmp/target/debug/deps/differential-da143577bcc21bd7`

running 1 test
test differential_vs_live_pg ... ok

test result: ok. 1 passed; 0 failed; 0 ignored; 0 measured; 0 filtered out; finished in 0.00s

   Doc-tests adt_quote
     Running `/usr/local/rustup/toolchains/1.96.0-aarch64-unknown-linux-gnu/bin/rustdoc --edition=2021 --crate-type lib --color auto --crate-name adt_quote --test crates/backend/utils/adt/quote/src/lib.rs --test-run-directory /tmp/cargo-mutants-src-DWWHFl.tmp/crates/backend/utils/adt/quote -L native=/tmp/cargo-mutants-src-DWWHFl.tmp/target/debug/build/regexp_alt-aef8a84303e59076/out -L native=/usr/lib/aarch64-linux-gnu --extern adt_quote=/tmp/cargo-mutants-src-DWWHFl.tmp/target/debug/deps/libadt_quote-135383fae5f57411.rlib --extern datum=/tmp/cargo-mutants-src-DWWHFl.tmp/target/debug/deps/libdatum-030f3169174aec16.rlib --extern guc_tables=/tmp/cargo-mutants-src-DWWHFl.tmp/target/debug/deps/libguc_tables-93b6e4ddb0b91568.rlib --extern keywords=/tmp/cargo-mutants-src-DWWHFl.tmp/target/debug/deps/libkeywords-3eff9d0dfa642415.rlib --extern mcx=/tmp/cargo-mutants-src-DWWHFl.tmp/target/debug/deps/libmcx-06f936cbcd9c1216.rlib --extern types_core=/tmp/cargo-mutants-src-DWWHFl.tmp/target/debug/deps/libtypes_core-0d9118de0dbccbea.rlib --extern types_error=/tmp/cargo-mutants-src-DWWHFl.tmp/target/debug/deps/libtypes_error-c16bdb10ad7f34c8.rlib --extern types_fmgr=/tmp/cargo-mutants-src-DWWHFl.tmp/target/debug/deps/libtypes_fmgr-40ee05d74815766a.rlib --extern varlena=/tmp/cargo-mutants-src-DWWHFl.tmp/target/debug/deps/libvarlena-897eb79a45810003.rlib -L dependency=/tmp/cargo-mutants-src-DWWHFl.tmp/target/debug/deps -C embed-bitcode=no --check-cfg 'cfg(docsrs,test)' --check-cfg 'cfg(feature, values())' --error-format human`

running 0 tests

test result: ok. 0 passed; 0 failed; 0 ignored; 0 measured; 0 filtered out; finished in 0.00s


*** result: Success
