
*** crates/common/wchar/src/lib.rs:543:5: replace pg_mule2wchar_with_len -> i32 with -1

*** mutation diff:
--- crates/common/wchar/src/lib.rs
+++ replace pg_mule2wchar_with_len -> i32 with -1
@@ -535,72 +535,17 @@
     1
 }
 
 fn pg_utf_dsplen(s: &[u8]) -> i32 {
     ucs_wcwidth(utf8_to_unicode(s))
 }
 
 fn pg_mule2wchar_with_len(from: &[u8], to: &mut [pg_wchar]) -> i32 {
-    let mut len = from.len();
-    let mut fi = 0;
-    let mut ti = 0;
-    while len > 0 && from[fi] != 0 {
-        let b = from[fi];
-        if is_lc1(b) {
-            if len < 2 {
-                break;
-            }
-            to[ti] = (from[fi] as u32) << 16;
-            fi += 1;
-            to[ti] |= from[fi] as u32;
-            fi += 1;
-            len -= 2;
-        } else if is_lcprv1(b) {
-            if len < 3 {
-                break;
-            }
-            fi += 1;
-            to[ti] = (from[fi] as u32) << 16;
-            fi += 1;
-            to[ti] |= from[fi] as u32;
-            fi += 1;
-            len -= 3;
-        } else if is_lc2(b) {
-            if len < 3 {
-                break;
-            }
-            to[ti] = (from[fi] as u32) << 16;
-            fi += 1;
-            to[ti] |= (from[fi] as u32) << 8;
-            fi += 1;
-            to[ti] |= from[fi] as u32;
-            fi += 1;
-            len -= 3;
-        } else if is_lcprv2(b) {
-            if len < 4 {
-                break;
-            }
-            fi += 1;
-            to[ti] = (from[fi] as u32) << 16;
-            fi += 1;
-            to[ti] |= (from[fi] as u32) << 8;
-            fi += 1;
-            to[ti] |= from[fi] as u32;
-            fi += 1;
-            len -= 4;
-        } else {
-            to[ti] = from[fi] as pg_wchar;
-            fi += 1;
-            len -= 1;
-        }
-        ti += 1;
-    }
-    to[ti] = 0;
-    ti as i32
+    -1 /* ~ changed by cargo-mutants ~ */
 }
 
 #[inline(always)]
 fn is_lc1(b: u8) -> bool {
     (0x81..=0x8d).contains(&b)
 }
 
 #[inline(always)]


*** /usr/local/rustup/toolchains/1.96.0-aarch64-unknown-linux-gnu/bin/cargo test --no-run --verbose --package=wchar@0.1.0
       Dirty wchar v0.1.0 (/tmp/cargo-mutants-src-Pm9Hf6.tmp/crates/common/wchar): the file `crates/common/wchar/src/lib.rs` has changed (1785516593.472522435s, 7s after last build at 1785516586.862689939s)
   Compiling wchar v0.1.0 (/tmp/cargo-mutants-src-Pm9Hf6.tmp/crates/common/wchar)
     Running `/usr/local/rustup/toolchains/1.96.0-aarch64-unknown-linux-gnu/bin/rustc --crate-name wchar --edition=2021 crates/common/wchar/src/lib.rs --error-format=json --json=diagnostic-rendered-ansi,artifacts,future-incompat --emit=dep-info,link -C embed-bitcode=no -C debuginfo=line-tables-only -C split-debuginfo=unpacked --test --check-cfg 'cfg(docsrs,test)' --check-cfg 'cfg(feature, values())' -C metadata=5294be34661295e2 -C extra-filename=-c691244d690e1ac7 --out-dir /tmp/cargo-mutants-src-Pm9Hf6.tmp/target/debug/deps -L dependency=/tmp/cargo-mutants-src-Pm9Hf6.tmp/target/debug/deps`
     Running `/usr/local/rustup/toolchains/1.96.0-aarch64-unknown-linux-gnu/bin/rustc --crate-name wchar --edition=2021 crates/common/wchar/src/lib.rs --error-format=json --json=diagnostic-rendered-ansi,artifacts,future-incompat --crate-type lib --emit=dep-info,metadata,link -C embed-bitcode=no -C debuginfo=line-tables-only -C split-debuginfo=unpacked --check-cfg 'cfg(docsrs,test)' --check-cfg 'cfg(feature, values())' -C metadata=4141646ee6216aa6 -C extra-filename=-da99c5603b4b462e --out-dir /tmp/cargo-mutants-src-Pm9Hf6.tmp/target/debug/deps -L dependency=/tmp/cargo-mutants-src-Pm9Hf6.tmp/target/debug/deps`
warning: unused variable: `from`
   --> crates/common/wchar/src/lib.rs:542:27
    |
542 | fn pg_mule2wchar_with_len(from: &[u8], to: &mut [pg_wchar]) -> i32 {
    |                           ^^^^ help: if this is intentional, prefix it with an underscore: `_from`
    |
    = note: `#[warn(unused_variables)]` (part of `#[warn(unused)]`) on by default

warning: unused variable: `to`
   --> crates/common/wchar/src/lib.rs:542:40
    |
542 | fn pg_mule2wchar_with_len(from: &[u8], to: &mut [pg_wchar]) -> i32 {
    |                                        ^^ help: if this is intentional, prefix it with an underscore: `_to`

warning: `wchar` (lib) generated 2 warnings (run `cargo fix --lib -p wchar` to apply 2 suggestions)
     Running `/usr/local/rustup/toolchains/1.96.0-aarch64-unknown-linux-gnu/bin/rustc --crate-name c_parity --edition=2021 crates/common/wchar/tests/c_parity.rs --error-format=json --json=diagnostic-rendered-ansi,artifacts,future-incompat --emit=dep-info,link -C embed-bitcode=no -C debuginfo=line-tables-only -C split-debuginfo=unpacked --test --check-cfg 'cfg(docsrs,test)' --check-cfg 'cfg(feature, values())' -C metadata=71d3f6dfc674836d -C extra-filename=-b3177abeab3580a9 --out-dir /tmp/cargo-mutants-src-Pm9Hf6.tmp/target/debug/deps -L dependency=/tmp/cargo-mutants-src-Pm9Hf6.tmp/target/debug/deps --extern wchar=/tmp/cargo-mutants-src-Pm9Hf6.tmp/target/debug/deps/libwchar-da99c5603b4b462e.rlib`
warning: `wchar` (lib test) generated 2 warnings (2 duplicates)
    Finished `test` profile [unoptimized + debuginfo] target(s) in 1.12s
  Executable `/tmp/cargo-mutants-src-Pm9Hf6.tmp/target/debug/deps/wchar-c691244d690e1ac7`
  Executable `/tmp/cargo-mutants-src-Pm9Hf6.tmp/target/debug/deps/c_parity-b3177abeab3580a9`

*** result: Success

*** /usr/local/rustup/toolchains/1.96.0-aarch64-unknown-linux-gnu/bin/cargo test --verbose --package=wchar@0.1.0
warning: unused variable: `from`
   --> crates/common/wchar/src/lib.rs:542:27
    |
542 | fn pg_mule2wchar_with_len(from: &[u8], to: &mut [pg_wchar]) -> i32 {
    |                           ^^^^ help: if this is intentional, prefix it with an underscore: `_from`
    |
    = note: `#[warn(unused_variables)]` (part of `#[warn(unused)]`) on by default

warning: unused variable: `to`
   --> crates/common/wchar/src/lib.rs:542:40
    |
542 | fn pg_mule2wchar_with_len(from: &[u8], to: &mut [pg_wchar]) -> i32 {
    |                                        ^^ help: if this is intentional, prefix it with an underscore: `_to`

warning: `wchar` (lib) generated 2 warnings (run `cargo fix --lib -p wchar` to apply 2 suggestions)
       Fresh wchar v0.1.0 (/tmp/cargo-mutants-src-Pm9Hf6.tmp/crates/common/wchar)
warning: `wchar` (lib test) generated 2 warnings (2 duplicates)
    Finished `test` profile [unoptimized + debuginfo] target(s) in 0.70s
     Running `/tmp/cargo-mutants-src-Pm9Hf6.tmp/target/debug/deps/wchar-c691244d690e1ac7`

running 0 tests

test result: ok. 0 passed; 0 failed; 0 ignored; 0 measured; 0 filtered out; finished in 0.00s

     Running `/tmp/cargo-mutants-src-Pm9Hf6.tmp/target/debug/deps/c_parity-b3177abeab3580a9`

running 13 tests
test max_length_matches_c ... ok
test or_incomplete_edge_cases ... ok
test dsplen_tables_match_c ... ok
test set_invalid_matches_c ... ok
test mblen_tables_match_c ... ok
test verifystr_corpora_match_c ... ok
test mb2wchar_matches_c ... FAILED
test wchar2mb_matches_c ... ok
test verifychar_pairs_match_c ... ok
test utf8_codepoint_walk_matches_c ... ok
test utf8_verify_3byte_exhaustive_matches_c ... ok
test verify_quads_match_c ... ok
test verify_triples_match_c ... ok

failures:

---- mb2wchar_matches_c stdout ----

thread 'mb2wchar_matches_c' (25205) panicked at crates/common/wchar/tests/c_parity.rs:181:25:
index out of bounds: the len is 4097 but the index is 4097
note: run with `RUST_BACKTRACE=1` environment variable to display a backtrace


failures:
    mb2wchar_matches_c

test result: FAILED. 12 passed; 1 failed; 0 ignored; 0 measured; 0 filtered out; finished in 5.24s

error: test failed, to rerun pass `-p wchar --test c_parity`

*** result: Failure(101)
