
*** crates/common/wchar/src/lib.rs:679:5: replace pg_mule_mblen -> i32 with -1

*** mutation diff:
--- crates/common/wchar/src/lib.rs
+++ replace pg_mule_mblen -> i32 with -1
@@ -671,28 +671,17 @@
         fi += 1;
         len -= 1;
     }
     to[ti] = 0;
     cnt
 }
 
 pub fn pg_mule_mblen(s: &[u8]) -> i32 {
-    let b = s[0];
-    if is_lc1(b) {
-        2
-    } else if is_lcprv1(b) {
-        3
-    } else if is_lc2(b) {
-        3
-    } else if is_lcprv2(b) {
-        4
-    } else {
-        1
-    }
+    -1 /* ~ changed by cargo-mutants ~ */
 }
 
 fn pg_mule_dsplen(s: &[u8]) -> i32 {
     let b = s[0];
     if is_lc1(b) {
         1
     } else if is_lcprv1(b) {
         1


*** /usr/local/rustup/toolchains/1.96.0-aarch64-unknown-linux-gnu/bin/cargo test --no-run --verbose --package=wchar@0.1.0
    Blocking waiting for file lock on package cache
    Blocking waiting for file lock on package cache
    Blocking waiting for file lock on package cache
       Dirty wchar v0.1.0 (/tmp/cargo-mutants-src-Y5OD1s.tmp/crates/common/wchar): the file `crates/common/wchar/src/lib.rs` has changed (1785516925.284129568s, 7s after last build at 1785516918.474302455s)
   Compiling wchar v0.1.0 (/tmp/cargo-mutants-src-Y5OD1s.tmp/crates/common/wchar)
     Running `/usr/local/rustup/toolchains/1.96.0-aarch64-unknown-linux-gnu/bin/rustc --crate-name wchar --edition=2021 crates/common/wchar/src/lib.rs --error-format=json --json=diagnostic-rendered-ansi,artifacts,future-incompat --emit=dep-info,link -C embed-bitcode=no -C debuginfo=line-tables-only -C split-debuginfo=unpacked --test --check-cfg 'cfg(docsrs,test)' --check-cfg 'cfg(feature, values())' -C metadata=5294be34661295e2 -C extra-filename=-c691244d690e1ac7 --out-dir /tmp/cargo-mutants-src-Y5OD1s.tmp/target/debug/deps -L dependency=/tmp/cargo-mutants-src-Y5OD1s.tmp/target/debug/deps`
     Running `/usr/local/rustup/toolchains/1.96.0-aarch64-unknown-linux-gnu/bin/rustc --crate-name wchar --edition=2021 crates/common/wchar/src/lib.rs --error-format=json --json=diagnostic-rendered-ansi,artifacts,future-incompat --crate-type lib --emit=dep-info,metadata,link -C embed-bitcode=no -C debuginfo=line-tables-only -C split-debuginfo=unpacked --check-cfg 'cfg(docsrs,test)' --check-cfg 'cfg(feature, values())' -C metadata=4141646ee6216aa6 -C extra-filename=-da99c5603b4b462e --out-dir /tmp/cargo-mutants-src-Y5OD1s.tmp/target/debug/deps -L dependency=/tmp/cargo-mutants-src-Y5OD1s.tmp/target/debug/deps`
warning: unused variable: `s`
   --> crates/common/wchar/src/lib.rs:678:22
    |
678 | pub fn pg_mule_mblen(s: &[u8]) -> i32 {
    |                      ^ help: if this is intentional, prefix it with an underscore: `_s`
    |
    = note: `#[warn(unused_variables)]` (part of `#[warn(unused)]`) on by default

warning: `wchar` (lib) generated 1 warning (run `cargo fix --lib -p wchar` to apply 1 suggestion)
     Running `/usr/local/rustup/toolchains/1.96.0-aarch64-unknown-linux-gnu/bin/rustc --crate-name c_parity --edition=2021 crates/common/wchar/tests/c_parity.rs --error-format=json --json=diagnostic-rendered-ansi,artifacts,future-incompat --emit=dep-info,link -C embed-bitcode=no -C debuginfo=line-tables-only -C split-debuginfo=unpacked --test --check-cfg 'cfg(docsrs,test)' --check-cfg 'cfg(feature, values())' -C metadata=71d3f6dfc674836d -C extra-filename=-b3177abeab3580a9 --out-dir /tmp/cargo-mutants-src-Y5OD1s.tmp/target/debug/deps -L dependency=/tmp/cargo-mutants-src-Y5OD1s.tmp/target/debug/deps --extern wchar=/tmp/cargo-mutants-src-Y5OD1s.tmp/target/debug/deps/libwchar-da99c5603b4b462e.rlib`
warning: `wchar` (lib test) generated 1 warning (1 duplicate)
    Finished `test` profile [unoptimized + debuginfo] target(s) in 1.32s
  Executable `/tmp/cargo-mutants-src-Y5OD1s.tmp/target/debug/deps/wchar-c691244d690e1ac7`
  Executable `/tmp/cargo-mutants-src-Y5OD1s.tmp/target/debug/deps/c_parity-b3177abeab3580a9`

*** result: Success

*** /usr/local/rustup/toolchains/1.96.0-aarch64-unknown-linux-gnu/bin/cargo test --verbose --package=wchar@0.1.0
    Blocking waiting for file lock on package cache
    Blocking waiting for file lock on package cache
warning: unused variable: `s`
   --> crates/common/wchar/src/lib.rs:678:22
    |
678 | pub fn pg_mule_mblen(s: &[u8]) -> i32 {
    |                      ^ help: if this is intentional, prefix it with an underscore: `_s`
    |
    = note: `#[warn(unused_variables)]` (part of `#[warn(unused)]`) on by default

warning: `wchar` (lib) generated 1 warning (run `cargo fix --lib -p wchar` to apply 1 suggestion)
       Fresh wchar v0.1.0 (/tmp/cargo-mutants-src-Y5OD1s.tmp/crates/common/wchar)
warning: `wchar` (lib test) generated 1 warning (1 duplicate)
    Finished `test` profile [unoptimized + debuginfo] target(s) in 0.89s
     Running `/tmp/cargo-mutants-src-Y5OD1s.tmp/target/debug/deps/wchar-c691244d690e1ac7`

running 0 tests

test result: ok. 0 passed; 0 failed; 0 ignored; 0 measured; 0 filtered out; finished in 0.00s

     Running `/tmp/cargo-mutants-src-Y5OD1s.tmp/target/debug/deps/c_parity-b3177abeab3580a9`

running 13 tests
test max_length_matches_c ... ok
test or_incomplete_edge_cases ... ok
test dsplen_tables_match_c ... ok
test set_invalid_matches_c ... ok
test mblen_tables_match_c ... FAILED
test verifystr_corpora_match_c ... FAILED
test mb2wchar_matches_c ... ok
test wchar2mb_matches_c ... ok
test verifychar_pairs_match_c ... FAILED
test utf8_codepoint_walk_matches_c ... ok
test verify_quads_match_c ... FAILED
test verify_triples_match_c ... FAILED
test utf8_verify_3byte_exhaustive_matches_c ... ok

failures:

---- mblen_tables_match_c stdout ----

thread 'mblen_tables_match_c' (32777) panicked at crates/common/wchar/tests/c_parity.rs:35:13:
assertion `left == right` failed: enc 7 b 0
  left: -1
 right: 1
note: run with `RUST_BACKTRACE=1` environment variable to display a backtrace

---- verifystr_corpora_match_c stdout ----

thread 'verifystr_corpora_match_c' (32800) panicked at crates/common/wchar/tests/c_parity.rs:162:13:
assertion `left == right` failed: corpus 21 enc 7
  left: 0
 right: 5

---- verifychar_pairs_match_c stdout ----

thread 'verifychar_pairs_match_c' (32798) panicked at crates/common/wchar/src/lib.rs:950:28:
index out of bounds: the len is 1 but the index is 1

---- verify_quads_match_c stdout ----

thread 'verify_quads_match_c' (32794) panicked at crates/common/wchar/src/lib.rs:950:28:
index out of bounds: the len is 4 but the index is 4

---- verify_triples_match_c stdout ----

thread 'verify_triples_match_c' (32796) panicked at crates/common/wchar/src/lib.rs:950:28:
index out of bounds: the len is 3 but the index is 3


failures:
    mblen_tables_match_c
    verify_quads_match_c
    verify_triples_match_c
    verifychar_pairs_match_c
    verifystr_corpora_match_c

test result: FAILED. 8 passed; 5 failed; 0 ignored; 0 measured; 0 filtered out; finished in 2.63s

error: test failed, to rerun pass `-p wchar --test c_parity`

*** result: Failure(101)
