
*** crates/common/wchar/src/lib.rs:59:31: replace <= with > in pg_valid_be_encoding

*** mutation diff:
--- crates/common/wchar/src/lib.rs
+++ replace <= with > in pg_valid_be_encoding
@@ -51,17 +51,17 @@
 pub const PG_ENCODING_BE_LAST: pg_enc = PG_KOI8U;
 pub const MAX_MULTIBYTE_CHAR_LEN: i32 = 4;
 
 pub const fn pg_valid_encoding(encoding: pg_enc) -> bool {
     encoding >= 0 && encoding < _PG_LAST_ENCODING_
 }
 
 pub const fn pg_valid_be_encoding(encoding: pg_enc) -> bool {
-    encoding >= 0 && encoding <= PG_ENCODING_BE_LAST
+    encoding >= 0 && encoding > /* ~ changed by cargo-mutants ~ */ PG_ENCODING_BE_LAST
 }
 
 pub const fn pg_valid_fe_encoding(encoding: pg_enc) -> bool {
     pg_valid_encoding(encoding)
 }
 
 pub const fn pg_encoding_is_client_only(encoding: pg_enc) -> bool {
     encoding > PG_ENCODING_BE_LAST && encoding < _PG_LAST_ENCODING_


*** /usr/local/rustup/toolchains/1.96.0-aarch64-unknown-linux-gnu/bin/cargo test --no-run --verbose --package=wchar@0.1.0
       Dirty wchar v0.1.0 (/tmp/cargo-mutants-src-Y5OD1s.tmp/crates/common/wchar): the file `crates/common/wchar/src/lib.rs` has changed (1785515219.817466663s, 6s after last build at 1785515213.017639729s)
   Compiling wchar v0.1.0 (/tmp/cargo-mutants-src-Y5OD1s.tmp/crates/common/wchar)
     Running `/usr/local/rustup/toolchains/1.96.0-aarch64-unknown-linux-gnu/bin/rustc --crate-name wchar --edition=2021 crates/common/wchar/src/lib.rs --error-format=json --json=diagnostic-rendered-ansi,artifacts,future-incompat --emit=dep-info,link -C embed-bitcode=no -C debuginfo=line-tables-only -C split-debuginfo=unpacked --test --check-cfg 'cfg(docsrs,test)' --check-cfg 'cfg(feature, values())' -C metadata=5294be34661295e2 -C extra-filename=-c691244d690e1ac7 --out-dir /tmp/cargo-mutants-src-Y5OD1s.tmp/target/debug/deps -L dependency=/tmp/cargo-mutants-src-Y5OD1s.tmp/target/debug/deps`
     Running `/usr/local/rustup/toolchains/1.96.0-aarch64-unknown-linux-gnu/bin/rustc --crate-name wchar --edition=2021 crates/common/wchar/src/lib.rs --error-format=json --json=diagnostic-rendered-ansi,artifacts,future-incompat --crate-type lib --emit=dep-info,metadata,link -C embed-bitcode=no -C debuginfo=line-tables-only -C split-debuginfo=unpacked --check-cfg 'cfg(docsrs,test)' --check-cfg 'cfg(feature, values())' -C metadata=4141646ee6216aa6 -C extra-filename=-da99c5603b4b462e --out-dir /tmp/cargo-mutants-src-Y5OD1s.tmp/target/debug/deps -L dependency=/tmp/cargo-mutants-src-Y5OD1s.tmp/target/debug/deps`
     Running `/usr/local/rustup/toolchains/1.96.0-aarch64-unknown-linux-gnu/bin/rustc --crate-name c_parity --edition=2021 crates/common/wchar/tests/c_parity.rs --error-format=json --json=diagnostic-rendered-ansi,artifacts,future-incompat --emit=dep-info,link -C embed-bitcode=no -C debuginfo=line-tables-only -C split-debuginfo=unpacked --test --check-cfg 'cfg(docsrs,test)' --check-cfg 'cfg(feature, values())' -C metadata=71d3f6dfc674836d -C extra-filename=-b3177abeab3580a9 --out-dir /tmp/cargo-mutants-src-Y5OD1s.tmp/target/debug/deps -L dependency=/tmp/cargo-mutants-src-Y5OD1s.tmp/target/debug/deps --extern wchar=/tmp/cargo-mutants-src-Y5OD1s.tmp/target/debug/deps/libwchar-da99c5603b4b462e.rlib`
    Finished `test` profile [unoptimized + debuginfo] target(s) in 1.16s
  Executable `/tmp/cargo-mutants-src-Y5OD1s.tmp/target/debug/deps/wchar-c691244d690e1ac7`
  Executable `/tmp/cargo-mutants-src-Y5OD1s.tmp/target/debug/deps/c_parity-b3177abeab3580a9`

*** result: Success

*** /usr/local/rustup/toolchains/1.96.0-aarch64-unknown-linux-gnu/bin/cargo test --verbose --package=wchar@0.1.0
       Fresh wchar v0.1.0 (/tmp/cargo-mutants-src-Y5OD1s.tmp/crates/common/wchar)
    Finished `test` profile [unoptimized + debuginfo] target(s) in 0.71s
     Running `/tmp/cargo-mutants-src-Y5OD1s.tmp/target/debug/deps/wchar-c691244d690e1ac7`

running 0 tests

test result: ok. 0 passed; 0 failed; 0 ignored; 0 measured; 0 filtered out; finished in 0.00s

     Running `/tmp/cargo-mutants-src-Y5OD1s.tmp/target/debug/deps/c_parity-b3177abeab3580a9`

running 13 tests
test max_length_matches_c ... ok
test dsplen_tables_match_c ... ok
test set_invalid_matches_c ... ok
test or_incomplete_edge_cases ... ok
test mblen_tables_match_c ... ok
test verifystr_corpora_match_c ... ok
test wchar2mb_matches_c ... ok
test mb2wchar_matches_c ... ok
test verifychar_pairs_match_c ... ok
test utf8_codepoint_walk_matches_c ... ok
test utf8_verify_3byte_exhaustive_matches_c ... ok
test verify_quads_match_c ... ok
test verify_triples_match_c ... ok

test result: ok. 13 passed; 0 failed; 0 ignored; 0 measured; 0 filtered out; finished in 5.33s

   Doc-tests wchar
     Running `/usr/local/rustup/toolchains/1.96.0-aarch64-unknown-linux-gnu/bin/rustdoc --edition=2021 --crate-type lib --color auto --crate-name wchar --test crates/common/wchar/src/lib.rs --test-run-directory /tmp/cargo-mutants-src-Y5OD1s.tmp/crates/common/wchar --extern wchar=/tmp/cargo-mutants-src-Y5OD1s.tmp/target/debug/deps/libwchar-da99c5603b4b462e.rlib -L dependency=/tmp/cargo-mutants-src-Y5OD1s.tmp/target/debug/deps -C embed-bitcode=no --check-cfg 'cfg(docsrs,test)' --check-cfg 'cfg(feature, values())' --error-format human`

running 0 tests

test result: ok. 0 passed; 0 failed; 0 ignored; 0 measured; 0 filtered out; finished in 0.00s


*** result: Success
