
*** crates/common/wchar/src/lib.rs:880:5: replace pg_eucjp_verifystr -> i32 with 0

*** mutation diff:
--- crates/common/wchar/src/lib.rs
+++ replace pg_eucjp_verifystr -> i32 with 0
@@ -872,17 +872,17 @@
         }
         2
     } else {
         1
     }
 }
 
 fn pg_eucjp_verifystr(s: &[u8]) -> i32 {
-    verify_str(s, pg_eucjp_verifychar)
+    0 /* ~ changed by cargo-mutants ~ */
 }
 
 fn pg_euckr_verifychar(s: &[u8]) -> i32 {
     let c1 = s[0];
     if is_highbit_set(c1) {
         if s.len() < 2 {
             return -1;
         }


*** /usr/local/rustup/toolchains/1.96.0-aarch64-unknown-linux-gnu/bin/cargo test --no-run --verbose --package=wchar@0.1.0
       Dirty wchar v0.1.0 (/tmp/cargo-mutants-src-mMT9xR.tmp/crates/common/wchar): the file `crates/common/wchar/src/lib.rs` has changed (1785517450.250791438s, 4s after last build at 1785517446.400889187s)
   Compiling wchar v0.1.0 (/tmp/cargo-mutants-src-mMT9xR.tmp/crates/common/wchar)
     Running `/usr/local/rustup/toolchains/1.96.0-aarch64-unknown-linux-gnu/bin/rustc --crate-name wchar --edition=2021 crates/common/wchar/src/lib.rs --error-format=json --json=diagnostic-rendered-ansi,artifacts,future-incompat --emit=dep-info,link -C embed-bitcode=no -C debuginfo=line-tables-only -C split-debuginfo=unpacked --test --check-cfg 'cfg(docsrs,test)' --check-cfg 'cfg(feature, values())' -C metadata=5294be34661295e2 -C extra-filename=-c691244d690e1ac7 --out-dir /tmp/cargo-mutants-src-mMT9xR.tmp/target/debug/deps -L dependency=/tmp/cargo-mutants-src-mMT9xR.tmp/target/debug/deps`
     Running `/usr/local/rustup/toolchains/1.96.0-aarch64-unknown-linux-gnu/bin/rustc --crate-name wchar --edition=2021 crates/common/wchar/src/lib.rs --error-format=json --json=diagnostic-rendered-ansi,artifacts,future-incompat --crate-type lib --emit=dep-info,metadata,link -C embed-bitcode=no -C debuginfo=line-tables-only -C split-debuginfo=unpacked --check-cfg 'cfg(docsrs,test)' --check-cfg 'cfg(feature, values())' -C metadata=4141646ee6216aa6 -C extra-filename=-da99c5603b4b462e --out-dir /tmp/cargo-mutants-src-mMT9xR.tmp/target/debug/deps -L dependency=/tmp/cargo-mutants-src-mMT9xR.tmp/target/debug/deps`
warning: unused variable: `s`
   --> crates/common/wchar/src/lib.rs:879:23
    |
879 | fn pg_eucjp_verifystr(s: &[u8]) -> i32 {
    |                       ^ help: if this is intentional, prefix it with an underscore: `_s`
    |
    = note: `#[warn(unused_variables)]` (part of `#[warn(unused)]`) on by default

warning: `wchar` (lib) generated 1 warning (run `cargo fix --lib -p wchar` to apply 1 suggestion)
     Running `/usr/local/rustup/toolchains/1.96.0-aarch64-unknown-linux-gnu/bin/rustc --crate-name c_parity --edition=2021 crates/common/wchar/tests/c_parity.rs --error-format=json --json=diagnostic-rendered-ansi,artifacts,future-incompat --emit=dep-info,link -C embed-bitcode=no -C debuginfo=line-tables-only -C split-debuginfo=unpacked --test --check-cfg 'cfg(docsrs,test)' --check-cfg 'cfg(feature, values())' -C metadata=71d3f6dfc674836d -C extra-filename=-b3177abeab3580a9 --out-dir /tmp/cargo-mutants-src-mMT9xR.tmp/target/debug/deps -L dependency=/tmp/cargo-mutants-src-mMT9xR.tmp/target/debug/deps --extern wchar=/tmp/cargo-mutants-src-mMT9xR.tmp/target/debug/deps/libwchar-da99c5603b4b462e.rlib`
warning: `wchar` (lib test) generated 1 warning (1 duplicate)
    Finished `test` profile [unoptimized + debuginfo] target(s) in 1.13s
  Executable `/tmp/cargo-mutants-src-mMT9xR.tmp/target/debug/deps/wchar-c691244d690e1ac7`
  Executable `/tmp/cargo-mutants-src-mMT9xR.tmp/target/debug/deps/c_parity-b3177abeab3580a9`

*** result: Success

*** /usr/local/rustup/toolchains/1.96.0-aarch64-unknown-linux-gnu/bin/cargo test --verbose --package=wchar@0.1.0
warning: unused variable: `s`
   --> crates/common/wchar/src/lib.rs:879:23
    |
879 | fn pg_eucjp_verifystr(s: &[u8]) -> i32 {
    |                       ^ help: if this is intentional, prefix it with an underscore: `_s`
    |
    = note: `#[warn(unused_variables)]` (part of `#[warn(unused)]`) on by default

warning: `wchar` (lib) generated 1 warning (run `cargo fix --lib -p wchar` to apply 1 suggestion)
       Fresh wchar v0.1.0 (/tmp/cargo-mutants-src-mMT9xR.tmp/crates/common/wchar)
warning: `wchar` (lib test) generated 1 warning (1 duplicate)
    Finished `test` profile [unoptimized + debuginfo] target(s) in 0.70s
     Running `/tmp/cargo-mutants-src-mMT9xR.tmp/target/debug/deps/wchar-c691244d690e1ac7`

running 0 tests

test result: ok. 0 passed; 0 failed; 0 ignored; 0 measured; 0 filtered out; finished in 0.00s

     Running `/tmp/cargo-mutants-src-mMT9xR.tmp/target/debug/deps/c_parity-b3177abeab3580a9`

running 13 tests
test max_length_matches_c ... ok
test or_incomplete_edge_cases ... ok
test set_invalid_matches_c ... ok
test dsplen_tables_match_c ... ok
test verifystr_corpora_match_c ... FAILED
test mblen_tables_match_c ... ok
test wchar2mb_matches_c ... ok
test mb2wchar_matches_c ... ok
test verify_quads_match_c ... FAILED
test verify_triples_match_c ... FAILED
test verifychar_pairs_match_c ... ok
test utf8_codepoint_walk_matches_c ... ok
test utf8_verify_3byte_exhaustive_matches_c ... ok

failures:

---- verifystr_corpora_match_c stdout ----

thread 'verifystr_corpora_match_c' (37891) panicked at crates/common/wchar/tests/c_parity.rs:162:13:
assertion `left == right` failed: corpus 0 enc 1
  left: 0
 right: 1
note: run with `RUST_BACKTRACE=1` environment variable to display a backtrace

---- verify_quads_match_c stdout ----

thread 'verify_quads_match_c' (37888) panicked at crates/common/wchar/tests/c_parity.rs:124:9:
assertion `left == right` failed: enc 1
  left: 235135007728539941
 right: 1981323959443683474

---- verify_triples_match_c stdout ----

thread 'verify_triples_match_c' (37889) panicked at crates/common/wchar/tests/c_parity.rs:102:9:
assertion `left == right` failed: enc 1
  left: 483940769762467909
 right: 2498594579922710343


failures:
    verify_quads_match_c
    verify_triples_match_c
    verifystr_corpora_match_c

test result: FAILED. 10 passed; 3 failed; 0 ignored; 0 measured; 0 filtered out; finished in 2.60s

error: test failed, to rerun pass `-p wchar --test c_parity`

*** result: Failure(101)
