
*** crates/common/wchar/src/lib.rs:1352:5: replace pg_encoding_mblen -> i32 with -1

*** mutation diff:
--- crates/common/wchar/src/lib.rs
+++ replace pg_encoding_mblen -> i32 with -1
@@ -1344,17 +1344,17 @@
     if pg_valid_encoding(encoding) {
         encoding as usize
     } else {
         PG_SQL_ASCII as usize
     }
 }
 
 pub fn pg_encoding_mblen(encoding: i32, mbstr: &[u8]) -> i32 {
-    (pg_wchar_table[table_index(encoding)].mblen)(mbstr)
+    -1 /* ~ changed by cargo-mutants ~ */
 }
 
 pub fn pg_encoding_mblen_or_incomplete(encoding: i32, mbstr: &[u8]) -> i32 {
     if mbstr.is_empty() || (encoding == PG_GB18030 && is_highbit_set(mbstr[0]) && mbstr.len() < 2)
     {
         return i32::MAX;
     }
     pg_encoding_mblen(encoding, mbstr)


*** /usr/local/rustup/toolchains/1.96.0-aarch64-unknown-linux-gnu/bin/cargo test --no-run --verbose --package=wchar@0.1.0
       Dirty wchar v0.1.0 (/tmp/cargo-mutants-src-Y5OD1s.tmp/crates/common/wchar): the file `crates/common/wchar/src/lib.rs` has changed (1785518961.082311505s, 7s after last build at 1785518954.482479532s)
   Compiling wchar v0.1.0 (/tmp/cargo-mutants-src-Y5OD1s.tmp/crates/common/wchar)
     Running `/usr/local/rustup/toolchains/1.96.0-aarch64-unknown-linux-gnu/bin/rustc --crate-name wchar --edition=2021 crates/common/wchar/src/lib.rs --error-format=json --json=diagnostic-rendered-ansi,artifacts,future-incompat --emit=dep-info,link -C embed-bitcode=no -C debuginfo=line-tables-only -C split-debuginfo=unpacked --test --check-cfg 'cfg(docsrs,test)' --check-cfg 'cfg(feature, values())' -C metadata=5294be34661295e2 -C extra-filename=-c691244d690e1ac7 --out-dir /tmp/cargo-mutants-src-Y5OD1s.tmp/target/debug/deps -L dependency=/tmp/cargo-mutants-src-Y5OD1s.tmp/target/debug/deps`
     Running `/usr/local/rustup/toolchains/1.96.0-aarch64-unknown-linux-gnu/bin/rustc --crate-name wchar --edition=2021 crates/common/wchar/src/lib.rs --error-format=json --json=diagnostic-rendered-ansi,artifacts,future-incompat --crate-type lib --emit=dep-info,metadata,link -C embed-bitcode=no -C debuginfo=line-tables-only -C split-debuginfo=unpacked --check-cfg 'cfg(docsrs,test)' --check-cfg 'cfg(feature, values())' -C metadata=4141646ee6216aa6 -C extra-filename=-da99c5603b4b462e --out-dir /tmp/cargo-mutants-src-Y5OD1s.tmp/target/debug/deps -L dependency=/tmp/cargo-mutants-src-Y5OD1s.tmp/target/debug/deps`
warning: unused variable: `encoding`
    --> crates/common/wchar/src/lib.rs:1351:26
     |
1351 | pub fn pg_encoding_mblen(encoding: i32, mbstr: &[u8]) -> i32 {
     |                          ^^^^^^^^ help: if this is intentional, prefix it with an underscore: `_encoding`
     |
     = note: `#[warn(unused_variables)]` (part of `#[warn(unused)]`) on by default

warning: unused variable: `mbstr`
    --> crates/common/wchar/src/lib.rs:1351:41
     |
1351 | pub fn pg_encoding_mblen(encoding: i32, mbstr: &[u8]) -> i32 {
     |                                         ^^^^^ help: if this is intentional, prefix it with an underscore: `_mbstr`

warning: `wchar` (lib) generated 2 warnings (run `cargo fix --lib -p wchar` to apply 2 suggestions)
     Running `/usr/local/rustup/toolchains/1.96.0-aarch64-unknown-linux-gnu/bin/rustc --crate-name c_parity --edition=2021 crates/common/wchar/tests/c_parity.rs --error-format=json --json=diagnostic-rendered-ansi,artifacts,future-incompat --emit=dep-info,link -C embed-bitcode=no -C debuginfo=line-tables-only -C split-debuginfo=unpacked --test --check-cfg 'cfg(docsrs,test)' --check-cfg 'cfg(feature, values())' -C metadata=71d3f6dfc674836d -C extra-filename=-b3177abeab3580a9 --out-dir /tmp/cargo-mutants-src-Y5OD1s.tmp/target/debug/deps -L dependency=/tmp/cargo-mutants-src-Y5OD1s.tmp/target/debug/deps --extern wchar=/tmp/cargo-mutants-src-Y5OD1s.tmp/target/debug/deps/libwchar-da99c5603b4b462e.rlib`
warning: `wchar` (lib test) generated 2 warnings (2 duplicates)
    Finished `test` profile [unoptimized + debuginfo] target(s) in 1.13s
  Executable `/tmp/cargo-mutants-src-Y5OD1s.tmp/target/debug/deps/wchar-c691244d690e1ac7`
  Executable `/tmp/cargo-mutants-src-Y5OD1s.tmp/target/debug/deps/c_parity-b3177abeab3580a9`

*** result: Success

*** /usr/local/rustup/toolchains/1.96.0-aarch64-unknown-linux-gnu/bin/cargo test --verbose --package=wchar@0.1.0
warning: unused variable: `encoding`
    --> crates/common/wchar/src/lib.rs:1351:26
     |
1351 | pub fn pg_encoding_mblen(encoding: i32, mbstr: &[u8]) -> i32 {
     |                          ^^^^^^^^ help: if this is intentional, prefix it with an underscore: `_encoding`
     |
     = note: `#[warn(unused_variables)]` (part of `#[warn(unused)]`) on by default

warning: unused variable: `mbstr`
    --> crates/common/wchar/src/lib.rs:1351:41
     |
1351 | pub fn pg_encoding_mblen(encoding: i32, mbstr: &[u8]) -> i32 {
     |                                         ^^^^^ help: if this is intentional, prefix it with an underscore: `_mbstr`

warning: `wchar` (lib) generated 2 warnings (run `cargo fix --lib -p wchar` to apply 2 suggestions)
       Fresh wchar v0.1.0 (/tmp/cargo-mutants-src-Y5OD1s.tmp/crates/common/wchar)
warning: `wchar` (lib test) generated 2 warnings (2 duplicates)
    Finished `test` profile [unoptimized + debuginfo] target(s) in 0.71s
     Running `/tmp/cargo-mutants-src-Y5OD1s.tmp/target/debug/deps/wchar-c691244d690e1ac7`

running 0 tests

test result: ok. 0 passed; 0 failed; 0 ignored; 0 measured; 0 filtered out; finished in 0.00s

     Running `/tmp/cargo-mutants-src-Y5OD1s.tmp/target/debug/deps/c_parity-b3177abeab3580a9`

running 13 tests
test max_length_matches_c ... ok
test dsplen_tables_match_c ... ok
test mblen_tables_match_c ... FAILED
test or_incomplete_edge_cases ... FAILED
test set_invalid_matches_c ... ok
test verifystr_corpora_match_c ... ok
test wchar2mb_matches_c ... ok
test mb2wchar_matches_c ... ok
test verifychar_pairs_match_c ... ok
test utf8_codepoint_walk_matches_c ... ok
test utf8_verify_3byte_exhaustive_matches_c ... ok
test verify_quads_match_c ... ok
test verify_triples_match_c ... ok

failures:

---- mblen_tables_match_c stdout ----

thread 'mblen_tables_match_c' (54043) panicked at crates/common/wchar/tests/c_parity.rs:35:13:
assertion `left == right` failed: enc 0 b 0
  left: -1
 right: 1

---- or_incomplete_edge_cases stdout ----

thread 'or_incomplete_edge_cases' (54044) panicked at crates/common/wchar/tests/c_parity.rs:240:5:
assertion `left == right` failed
  left: -1
 right: 4
note: run with `RUST_BACKTRACE=1` environment variable to display a backtrace


failures:
    mblen_tables_match_c
    or_incomplete_edge_cases

test result: FAILED. 11 passed; 2 failed; 0 ignored; 0 measured; 0 filtered out; finished in 5.30s

error: test failed, to rerun pass `-p wchar --test c_parity`

*** result: Failure(101)
