
*** crates/common/wchar/src/lib.rs:1376:5: replace pg_encoding_verifymbchar -> i32 with -1

*** mutation diff:
--- crates/common/wchar/src/lib.rs
+++ replace pg_encoding_verifymbchar -> i32 with -1
@@ -1368,17 +1368,17 @@
     }
 }
 
 pub fn pg_encoding_dsplen(encoding: i32, mbstr: &[u8]) -> i32 {
     (pg_wchar_table[table_index(encoding)].dsplen)(mbstr)
 }
 
 pub fn pg_encoding_verifymbchar(encoding: i32, mbstr: &[u8]) -> i32 {
-    (pg_wchar_table[table_index(encoding)].mbverifychar)(mbstr)
+    -1 /* ~ changed by cargo-mutants ~ */
 }
 
 pub fn pg_encoding_verifymbstr(encoding: i32, mbstr: &[u8]) -> i32 {
     (pg_wchar_table[table_index(encoding)].mbverifystr)(mbstr)
 }
 
 pub fn pg_encoding_max_length(encoding: i32) -> i32 {
     debug_assert!(pg_valid_encoding(encoding));


*** /usr/local/rustup/toolchains/1.96.0-aarch64-unknown-linux-gnu/bin/cargo test --no-run --verbose --package=wchar@0.1.0
       Dirty wchar v0.1.0 (/tmp/cargo-mutants-src-8jJkl8.tmp/crates/common/wchar): the file `crates/common/wchar/src/lib.rs` has changed (1785519034.640440635s, 6s after last build at 1785519028.090607539s)
   Compiling wchar v0.1.0 (/tmp/cargo-mutants-src-8jJkl8.tmp/crates/common/wchar)
     Running `/usr/local/rustup/toolchains/1.96.0-aarch64-unknown-linux-gnu/bin/rustc --crate-name wchar --edition=2021 crates/common/wchar/src/lib.rs --error-format=json --json=diagnostic-rendered-ansi,artifacts,future-incompat --emit=dep-info,link -C embed-bitcode=no -C debuginfo=line-tables-only -C split-debuginfo=unpacked --test --check-cfg 'cfg(docsrs,test)' --check-cfg 'cfg(feature, values())' -C metadata=5294be34661295e2 -C extra-filename=-c691244d690e1ac7 --out-dir /tmp/cargo-mutants-src-8jJkl8.tmp/target/debug/deps -L dependency=/tmp/cargo-mutants-src-8jJkl8.tmp/target/debug/deps`
     Running `/usr/local/rustup/toolchains/1.96.0-aarch64-unknown-linux-gnu/bin/rustc --crate-name wchar --edition=2021 crates/common/wchar/src/lib.rs --error-format=json --json=diagnostic-rendered-ansi,artifacts,future-incompat --crate-type lib --emit=dep-info,metadata,link -C embed-bitcode=no -C debuginfo=line-tables-only -C split-debuginfo=unpacked --check-cfg 'cfg(docsrs,test)' --check-cfg 'cfg(feature, values())' -C metadata=4141646ee6216aa6 -C extra-filename=-da99c5603b4b462e --out-dir /tmp/cargo-mutants-src-8jJkl8.tmp/target/debug/deps -L dependency=/tmp/cargo-mutants-src-8jJkl8.tmp/target/debug/deps`
warning: unused variable: `encoding`
    --> crates/common/wchar/src/lib.rs:1375:33
     |
1375 | pub fn pg_encoding_verifymbchar(encoding: i32, mbstr: &[u8]) -> i32 {
     |                                 ^^^^^^^^ help: if this is intentional, prefix it with an underscore: `_encoding`
     |
     = note: `#[warn(unused_variables)]` (part of `#[warn(unused)]`) on by default

warning: unused variable: `mbstr`
    --> crates/common/wchar/src/lib.rs:1375:48
     |
1375 | pub fn pg_encoding_verifymbchar(encoding: i32, mbstr: &[u8]) -> i32 {
     |                                                ^^^^^ help: if this is intentional, prefix it with an underscore: `_mbstr`

warning: `wchar` (lib) generated 2 warnings (run `cargo fix --lib -p wchar` to apply 2 suggestions)
     Running `/usr/local/rustup/toolchains/1.96.0-aarch64-unknown-linux-gnu/bin/rustc --crate-name c_parity --edition=2021 crates/common/wchar/tests/c_parity.rs --error-format=json --json=diagnostic-rendered-ansi,artifacts,future-incompat --emit=dep-info,link -C embed-bitcode=no -C debuginfo=line-tables-only -C split-debuginfo=unpacked --test --check-cfg 'cfg(docsrs,test)' --check-cfg 'cfg(feature, values())' -C metadata=71d3f6dfc674836d -C extra-filename=-b3177abeab3580a9 --out-dir /tmp/cargo-mutants-src-8jJkl8.tmp/target/debug/deps -L dependency=/tmp/cargo-mutants-src-8jJkl8.tmp/target/debug/deps --extern wchar=/tmp/cargo-mutants-src-8jJkl8.tmp/target/debug/deps/libwchar-da99c5603b4b462e.rlib`
warning: `wchar` (lib test) generated 2 warnings (2 duplicates)
    Finished `test` profile [unoptimized + debuginfo] target(s) in 1.15s
  Executable `/tmp/cargo-mutants-src-8jJkl8.tmp/target/debug/deps/wchar-c691244d690e1ac7`
  Executable `/tmp/cargo-mutants-src-8jJkl8.tmp/target/debug/deps/c_parity-b3177abeab3580a9`

*** result: Success

*** /usr/local/rustup/toolchains/1.96.0-aarch64-unknown-linux-gnu/bin/cargo test --verbose --package=wchar@0.1.0
warning: unused variable: `encoding`
    --> crates/common/wchar/src/lib.rs:1375:33
     |
1375 | pub fn pg_encoding_verifymbchar(encoding: i32, mbstr: &[u8]) -> i32 {
     |                                 ^^^^^^^^ help: if this is intentional, prefix it with an underscore: `_encoding`
     |
     = note: `#[warn(unused_variables)]` (part of `#[warn(unused)]`) on by default

warning: unused variable: `mbstr`
    --> crates/common/wchar/src/lib.rs:1375:48
     |
1375 | pub fn pg_encoding_verifymbchar(encoding: i32, mbstr: &[u8]) -> i32 {
     |                                                ^^^^^ help: if this is intentional, prefix it with an underscore: `_mbstr`

warning: `wchar` (lib) generated 2 warnings (run `cargo fix --lib -p wchar` to apply 2 suggestions)
       Fresh wchar v0.1.0 (/tmp/cargo-mutants-src-8jJkl8.tmp/crates/common/wchar)
warning: `wchar` (lib test) generated 2 warnings (2 duplicates)
    Finished `test` profile [unoptimized + debuginfo] target(s) in 0.71s
     Running `/tmp/cargo-mutants-src-8jJkl8.tmp/target/debug/deps/wchar-c691244d690e1ac7`

running 0 tests

test result: ok. 0 passed; 0 failed; 0 ignored; 0 measured; 0 filtered out; finished in 0.00s

     Running `/tmp/cargo-mutants-src-8jJkl8.tmp/target/debug/deps/c_parity-b3177abeab3580a9`

running 13 tests
test max_length_matches_c ... ok
test or_incomplete_edge_cases ... ok
test dsplen_tables_match_c ... ok
test set_invalid_matches_c ... ok
test mblen_tables_match_c ... ok
test verifychar_pairs_match_c ... FAILED
test verifystr_corpora_match_c ... ok
test wchar2mb_matches_c ... ok
test mb2wchar_matches_c ... ok
test verify_quads_match_c ... FAILED
test verify_triples_match_c ... FAILED
test utf8_codepoint_walk_matches_c ... ok
test utf8_verify_3byte_exhaustive_matches_c ... FAILED

failures:

---- verifychar_pairs_match_c stdout ----

thread 'verifychar_pairs_match_c' (55063) panicked at crates/common/wchar/tests/c_parity.rs:80:9:
assertion `left == right` failed: enc 0
  left: 7420765353468896037
 right: 1677996718092854053
note: run with `RUST_BACKTRACE=1` environment variable to display a backtrace

---- verify_quads_match_c stdout ----

thread 'verify_quads_match_c' (55061) panicked at crates/common/wchar/tests/c_parity.rs:124:9:
assertion `left == right` failed: enc 0
  left: 5201729652674800421
 right: 13540835691694531365

---- verify_triples_match_c stdout ----

thread 'verify_triples_match_c' (55062) panicked at crates/common/wchar/tests/c_parity.rs:102:9:
assertion `left == right` failed: enc 0
  left: 11689162146291675316
 right: 11667988157482215828

---- utf8_verify_3byte_exhaustive_matches_c stdout ----

thread 'utf8_verify_3byte_exhaustive_matches_c' (55060) panicked at crates/common/wchar/tests/c_parity.rs:140:5:
assertion `left == right` failed
  left: 14735304756518731956
 right: 8649043623152703380


failures:
    utf8_verify_3byte_exhaustive_matches_c
    verify_quads_match_c
    verify_triples_match_c
    verifychar_pairs_match_c

test result: FAILED. 9 passed; 4 failed; 0 ignored; 0 measured; 0 filtered out; finished in 2.15s

error: test failed, to rerun pass `-p wchar --test c_parity`

*** result: Failure(101)
