
*** crates/common/wchar/src/lib.rs:1445:5: replace unicode_utf8len -> i32 with 1

*** mutation diff:
--- crates/common/wchar/src/lib.rs
+++ replace unicode_utf8len -> i32 with 1
@@ -1437,25 +1437,17 @@
         utf8string[0] = 0xf0 | ((c >> 18) & 0x07) as u8;
         utf8string[1] = 0x80 | ((c >> 12) & 0x3f) as u8;
         utf8string[2] = 0x80 | ((c >> 6) & 0x3f) as u8;
         utf8string[3] = 0x80 | (c & 0x3f) as u8;
     }
 }
 
 pub const fn unicode_utf8len(c: pg_wchar) -> i32 {
-    if c <= 0x7f {
-        1
-    } else if c <= 0x7ff {
-        2
-    } else if c <= 0xffff {
-        3
-    } else {
-        4
-    }
+    1 /* ~ changed by cargo-mutants ~ */
 }
 
 const SINGLE_BYTE_TBL: pg_wchar_tbl = pg_wchar_tbl {
     mb2wchar_with_len: Some(pg_latin12wchar_with_len),
     wchar2mb_with_len: Some(pg_wchar2single_with_len),
     mblen: pg_latin1_mblen,
     dsplen: pg_latin1_dsplen,
     mbverifychar: pg_latin1_verifychar,


*** /usr/local/rustup/toolchains/1.96.0-aarch64-unknown-linux-gnu/bin/cargo test --no-run --verbose --package=wchar@0.1.0
    Blocking waiting for file lock on package cache
    Blocking waiting for file lock on package cache
       Dirty wchar v0.1.0 (/tmp/cargo-mutants-src-Pm9Hf6.tmp/crates/common/wchar): the file `crates/common/wchar/src/lib.rs` has changed (1785519274.074359728s, 7s after last build at 1785519267.334530915s)
   Compiling wchar v0.1.0 (/tmp/cargo-mutants-src-Pm9Hf6.tmp/crates/common/wchar)
     Running `/usr/local/rustup/toolchains/1.96.0-aarch64-unknown-linux-gnu/bin/rustc --crate-name wchar --edition=2021 crates/common/wchar/src/lib.rs --error-format=json --json=diagnostic-rendered-ansi,artifacts,future-incompat --emit=dep-info,link -C embed-bitcode=no -C debuginfo=line-tables-only -C split-debuginfo=unpacked --test --check-cfg 'cfg(docsrs,test)' --check-cfg 'cfg(feature, values())' -C metadata=5294be34661295e2 -C extra-filename=-c691244d690e1ac7 --out-dir /tmp/cargo-mutants-src-Pm9Hf6.tmp/target/debug/deps -L dependency=/tmp/cargo-mutants-src-Pm9Hf6.tmp/target/debug/deps`
     Running `/usr/local/rustup/toolchains/1.96.0-aarch64-unknown-linux-gnu/bin/rustc --crate-name wchar --edition=2021 crates/common/wchar/src/lib.rs --error-format=json --json=diagnostic-rendered-ansi,artifacts,future-incompat --crate-type lib --emit=dep-info,metadata,link -C embed-bitcode=no -C debuginfo=line-tables-only -C split-debuginfo=unpacked --check-cfg 'cfg(docsrs,test)' --check-cfg 'cfg(feature, values())' -C metadata=4141646ee6216aa6 -C extra-filename=-da99c5603b4b462e --out-dir /tmp/cargo-mutants-src-Pm9Hf6.tmp/target/debug/deps -L dependency=/tmp/cargo-mutants-src-Pm9Hf6.tmp/target/debug/deps`
warning: unused variable: `c`
    --> crates/common/wchar/src/lib.rs:1444:30
     |
1444 | pub const fn unicode_utf8len(c: pg_wchar) -> i32 {
     |                              ^ help: if this is intentional, prefix it with an underscore: `_c`
     |
     = note: `#[warn(unused_variables)]` (part of `#[warn(unused)]`) on by default

warning: `wchar` (lib) generated 1 warning (run `cargo fix --lib -p wchar` to apply 1 suggestion)
     Running `/usr/local/rustup/toolchains/1.96.0-aarch64-unknown-linux-gnu/bin/rustc --crate-name c_parity --edition=2021 crates/common/wchar/tests/c_parity.rs --error-format=json --json=diagnostic-rendered-ansi,artifacts,future-incompat --emit=dep-info,link -C embed-bitcode=no -C debuginfo=line-tables-only -C split-debuginfo=unpacked --test --check-cfg 'cfg(docsrs,test)' --check-cfg 'cfg(feature, values())' -C metadata=71d3f6dfc674836d -C extra-filename=-b3177abeab3580a9 --out-dir /tmp/cargo-mutants-src-Pm9Hf6.tmp/target/debug/deps -L dependency=/tmp/cargo-mutants-src-Pm9Hf6.tmp/target/debug/deps --extern wchar=/tmp/cargo-mutants-src-Pm9Hf6.tmp/target/debug/deps/libwchar-da99c5603b4b462e.rlib`
warning: `wchar` (lib test) generated 1 warning (1 duplicate)
    Finished `test` profile [unoptimized + debuginfo] target(s) in 1.23s
  Executable `/tmp/cargo-mutants-src-Pm9Hf6.tmp/target/debug/deps/wchar-c691244d690e1ac7`
  Executable `/tmp/cargo-mutants-src-Pm9Hf6.tmp/target/debug/deps/c_parity-b3177abeab3580a9`

*** result: Success

*** /usr/local/rustup/toolchains/1.96.0-aarch64-unknown-linux-gnu/bin/cargo test --verbose --package=wchar@0.1.0
    Blocking waiting for file lock on package cache
    Blocking waiting for file lock on package cache
    Blocking waiting for file lock on shared package cache
warning: unused variable: `c`
    --> crates/common/wchar/src/lib.rs:1444:30
     |
1444 | pub const fn unicode_utf8len(c: pg_wchar) -> i32 {
     |                              ^ help: if this is intentional, prefix it with an underscore: `_c`
     |
     = note: `#[warn(unused_variables)]` (part of `#[warn(unused)]`) on by default

warning: `wchar` (lib) generated 1 warning (run `cargo fix --lib -p wchar` to apply 1 suggestion)
       Fresh wchar v0.1.0 (/tmp/cargo-mutants-src-Pm9Hf6.tmp/crates/common/wchar)
warning: `wchar` (lib test) generated 1 warning (1 duplicate)
    Finished `test` profile [unoptimized + debuginfo] target(s) in 0.81s
     Running `/tmp/cargo-mutants-src-Pm9Hf6.tmp/target/debug/deps/wchar-c691244d690e1ac7`

running 0 tests

test result: ok. 0 passed; 0 failed; 0 ignored; 0 measured; 0 filtered out; finished in 0.00s

     Running `/tmp/cargo-mutants-src-Pm9Hf6.tmp/target/debug/deps/c_parity-b3177abeab3580a9`

running 13 tests
test max_length_matches_c ... ok
test or_incomplete_edge_cases ... ok
test set_invalid_matches_c ... ok
test dsplen_tables_match_c ... ok
test mblen_tables_match_c ... ok
test verifystr_corpora_match_c ... ok
test wchar2mb_matches_c ... ok
test mb2wchar_matches_c ... ok
test verifychar_pairs_match_c ... ok
test utf8_codepoint_walk_matches_c ... ok
test utf8_verify_3byte_exhaustive_matches_c ... ok
test verify_quads_match_c ... ok
test verify_triples_match_c ... ok

test result: ok. 13 passed; 0 failed; 0 ignored; 0 measured; 0 filtered out; finished in 5.33s

   Doc-tests wchar
     Running `/usr/local/rustup/toolchains/1.96.0-aarch64-unknown-linux-gnu/bin/rustdoc --edition=2021 --crate-type lib --color auto --crate-name wchar --test crates/common/wchar/src/lib.rs --test-run-directory /tmp/cargo-mutants-src-Pm9Hf6.tmp/crates/common/wchar --extern wchar=/tmp/cargo-mutants-src-Pm9Hf6.tmp/target/debug/deps/libwchar-da99c5603b4b462e.rlib -L dependency=/tmp/cargo-mutants-src-Pm9Hf6.tmp/target/debug/deps -C embed-bitcode=no --check-cfg 'cfg(docsrs,test)' --check-cfg 'cfg(feature, values())' --error-format human`

running 0 tests

test result: ok. 0 passed; 0 failed; 0 ignored; 0 measured; 0 filtered out; finished in 0.00s


*** result: Success
