
*** crates/common/wchar/src/lib.rs:376:25: replace >> with << in pg_wchar2euc_with_len

*** mutation diff:
--- crates/common/wchar/src/lib.rs
+++ replace >> with << in pg_wchar2euc_with_len
@@ -368,17 +368,17 @@
 fn pg_wchar2euc_with_len(from: &[pg_wchar], to: &mut [u8]) -> i32 {
     let mut len = from.len();
     let mut fi = 0;
     let mut ti = 0;
     let mut cnt = 0i32;
     while len > 0 && from[fi] != 0 {
         let w = from[fi];
         if (w >> 24) as u8 != 0 {
-            to[ti] = (w >> 24) as u8;
+            to[ti] = (w << /* ~ changed by cargo-mutants ~ */ 24) as u8;
             to[ti + 1] = (w >> 16) as u8;
             to[ti + 2] = (w >> 8) as u8;
             to[ti + 3] = w as u8;
             ti += 4;
             cnt += 4;
         } else if (w >> 16) as u8 != 0 {
             to[ti] = (w >> 16) as u8;
             to[ti + 1] = (w >> 8) as u8;


*** /usr/local/rustup/toolchains/1.96.0-aarch64-unknown-linux-gnu/bin/cargo test --no-run --verbose --package=wchar@0.1.0
    Blocking waiting for file lock on package cache
    Blocking waiting for file lock on package cache
       Dirty wchar v0.1.0 (/tmp/cargo-mutants-src-8jJkl8.tmp/crates/common/wchar): the file `crates/common/wchar/src/lib.rs` has changed (1785515784.803056008s, 7s after last build at 1785515777.993229734s)
   Compiling wchar v0.1.0 (/tmp/cargo-mutants-src-8jJkl8.tmp/crates/common/wchar)
     Running `/usr/local/rustup/toolchains/1.96.0-aarch64-unknown-linux-gnu/bin/rustc --crate-name wchar --edition=2021 crates/common/wchar/src/lib.rs --error-format=json --json=diagnostic-rendered-ansi,artifacts,future-incompat --emit=dep-info,link -C embed-bitcode=no -C debuginfo=line-tables-only -C split-debuginfo=unpacked --test --check-cfg 'cfg(docsrs,test)' --check-cfg 'cfg(feature, values())' -C metadata=5294be34661295e2 -C extra-filename=-c691244d690e1ac7 --out-dir /tmp/cargo-mutants-src-8jJkl8.tmp/target/debug/deps -L dependency=/tmp/cargo-mutants-src-8jJkl8.tmp/target/debug/deps`
     Running `/usr/local/rustup/toolchains/1.96.0-aarch64-unknown-linux-gnu/bin/rustc --crate-name wchar --edition=2021 crates/common/wchar/src/lib.rs --error-format=json --json=diagnostic-rendered-ansi,artifacts,future-incompat --crate-type lib --emit=dep-info,metadata,link -C embed-bitcode=no -C debuginfo=line-tables-only -C split-debuginfo=unpacked --check-cfg 'cfg(docsrs,test)' --check-cfg 'cfg(feature, values())' -C metadata=4141646ee6216aa6 -C extra-filename=-da99c5603b4b462e --out-dir /tmp/cargo-mutants-src-8jJkl8.tmp/target/debug/deps -L dependency=/tmp/cargo-mutants-src-8jJkl8.tmp/target/debug/deps`
     Running `/usr/local/rustup/toolchains/1.96.0-aarch64-unknown-linux-gnu/bin/rustc --crate-name c_parity --edition=2021 crates/common/wchar/tests/c_parity.rs --error-format=json --json=diagnostic-rendered-ansi,artifacts,future-incompat --emit=dep-info,link -C embed-bitcode=no -C debuginfo=line-tables-only -C split-debuginfo=unpacked --test --check-cfg 'cfg(docsrs,test)' --check-cfg 'cfg(feature, values())' -C metadata=71d3f6dfc674836d -C extra-filename=-b3177abeab3580a9 --out-dir /tmp/cargo-mutants-src-8jJkl8.tmp/target/debug/deps -L dependency=/tmp/cargo-mutants-src-8jJkl8.tmp/target/debug/deps --extern wchar=/tmp/cargo-mutants-src-8jJkl8.tmp/target/debug/deps/libwchar-da99c5603b4b462e.rlib`
    Finished `test` profile [unoptimized + debuginfo] target(s) in 1.31s
  Executable `/tmp/cargo-mutants-src-8jJkl8.tmp/target/debug/deps/wchar-c691244d690e1ac7`
  Executable `/tmp/cargo-mutants-src-8jJkl8.tmp/target/debug/deps/c_parity-b3177abeab3580a9`

*** result: Success

*** /usr/local/rustup/toolchains/1.96.0-aarch64-unknown-linux-gnu/bin/cargo test --verbose --package=wchar@0.1.0
    Blocking waiting for file lock on package cache
    Blocking waiting for file lock on package cache
       Fresh wchar v0.1.0 (/tmp/cargo-mutants-src-8jJkl8.tmp/crates/common/wchar)
    Finished `test` profile [unoptimized + debuginfo] target(s) in 0.88s
     Running `/tmp/cargo-mutants-src-8jJkl8.tmp/target/debug/deps/wchar-c691244d690e1ac7`

running 0 tests

test result: ok. 0 passed; 0 failed; 0 ignored; 0 measured; 0 filtered out; finished in 0.00s

     Running `/tmp/cargo-mutants-src-8jJkl8.tmp/target/debug/deps/c_parity-b3177abeab3580a9`

running 13 tests
test or_incomplete_edge_cases ... ok
test max_length_matches_c ... ok
test set_invalid_matches_c ... ok
test dsplen_tables_match_c ... ok
test mblen_tables_match_c ... ok
test verifystr_corpora_match_c ... ok
test wchar2mb_matches_c ... FAILED
test mb2wchar_matches_c ... ok
test verifychar_pairs_match_c ... ok
test utf8_codepoint_walk_matches_c ... ok
test utf8_verify_3byte_exhaustive_matches_c ... ok
test verify_quads_match_c ... ok
test verify_triples_match_c ... ok

failures:

---- wchar2mb_matches_c stdout ----

thread 'wchar2mb_matches_c' (14156) panicked at crates/common/wchar/tests/c_parity.rs:223:9:
assertion `left == right` failed: enc 1
  left: 3470566167516640666
 right: 17190858677059609683
note: run with `RUST_BACKTRACE=1` environment variable to display a backtrace


failures:
    wchar2mb_matches_c

test result: FAILED. 12 passed; 1 failed; 0 ignored; 0 measured; 0 filtered out; finished in 5.35s

error: test failed, to rerun pass `-p wchar --test c_parity`

*** result: Failure(101)
