
*** crates/common/wchar/src/lib.rs:618:24: replace == with != in is_lcprv2

*** mutation diff:
--- crates/common/wchar/src/lib.rs
+++ replace == with != in is_lcprv2
@@ -610,17 +610,17 @@
 
 #[inline(always)]
 fn is_lcprv1(b: u8) -> bool {
     b == LCPRV1_A || b == LCPRV1_B
 }
 
 #[inline(always)]
 fn is_lcprv2(b: u8) -> bool {
-    b == LCPRV2_A || b == LCPRV2_B
+    b == LCPRV2_A || b != /* ~ changed by cargo-mutants ~ */ LCPRV2_B
 }
 
 fn pg_wchar2mule_with_len(from: &[pg_wchar], to: &mut [u8]) -> i32 {
     let mut len = from.len();
     let mut fi = 0;
     let mut ti = 0;
     let mut cnt = 0i32;
     while len > 0 && from[fi] != 0 {


*** /usr/local/rustup/toolchains/1.96.0-aarch64-unknown-linux-gnu/bin/cargo test --no-run --verbose --package=wchar@0.1.0
       Dirty wchar v0.1.0 (/tmp/cargo-mutants-src-Pm9Hf6.tmp/crates/common/wchar): the file `crates/common/wchar/src/lib.rs` has changed (1785516780.057807277s, 4s after last build at 1785516776.207904507s)
   Compiling wchar v0.1.0 (/tmp/cargo-mutants-src-Pm9Hf6.tmp/crates/common/wchar)
     Running `/usr/local/rustup/toolchains/1.96.0-aarch64-unknown-linux-gnu/bin/rustc --crate-name wchar --edition=2021 crates/common/wchar/src/lib.rs --error-format=json --json=diagnostic-rendered-ansi,artifacts,future-incompat --emit=dep-info,link -C embed-bitcode=no -C debuginfo=line-tables-only -C split-debuginfo=unpacked --test --check-cfg 'cfg(docsrs,test)' --check-cfg 'cfg(feature, values())' -C metadata=5294be34661295e2 -C extra-filename=-c691244d690e1ac7 --out-dir /tmp/cargo-mutants-src-Pm9Hf6.tmp/target/debug/deps -L dependency=/tmp/cargo-mutants-src-Pm9Hf6.tmp/target/debug/deps`
     Running `/usr/local/rustup/toolchains/1.96.0-aarch64-unknown-linux-gnu/bin/rustc --crate-name wchar --edition=2021 crates/common/wchar/src/lib.rs --error-format=json --json=diagnostic-rendered-ansi,artifacts,future-incompat --crate-type lib --emit=dep-info,metadata,link -C embed-bitcode=no -C debuginfo=line-tables-only -C split-debuginfo=unpacked --check-cfg 'cfg(docsrs,test)' --check-cfg 'cfg(feature, values())' -C metadata=4141646ee6216aa6 -C extra-filename=-da99c5603b4b462e --out-dir /tmp/cargo-mutants-src-Pm9Hf6.tmp/target/debug/deps -L dependency=/tmp/cargo-mutants-src-Pm9Hf6.tmp/target/debug/deps`
     Running `/usr/local/rustup/toolchains/1.96.0-aarch64-unknown-linux-gnu/bin/rustc --crate-name c_parity --edition=2021 crates/common/wchar/tests/c_parity.rs --error-format=json --json=diagnostic-rendered-ansi,artifacts,future-incompat --emit=dep-info,link -C embed-bitcode=no -C debuginfo=line-tables-only -C split-debuginfo=unpacked --test --check-cfg 'cfg(docsrs,test)' --check-cfg 'cfg(feature, values())' -C metadata=71d3f6dfc674836d -C extra-filename=-b3177abeab3580a9 --out-dir /tmp/cargo-mutants-src-Pm9Hf6.tmp/target/debug/deps -L dependency=/tmp/cargo-mutants-src-Pm9Hf6.tmp/target/debug/deps --extern wchar=/tmp/cargo-mutants-src-Pm9Hf6.tmp/target/debug/deps/libwchar-da99c5603b4b462e.rlib`
    Finished `test` profile [unoptimized + debuginfo] target(s) in 1.13s
  Executable `/tmp/cargo-mutants-src-Pm9Hf6.tmp/target/debug/deps/wchar-c691244d690e1ac7`
  Executable `/tmp/cargo-mutants-src-Pm9Hf6.tmp/target/debug/deps/c_parity-b3177abeab3580a9`

*** result: Success

*** /usr/local/rustup/toolchains/1.96.0-aarch64-unknown-linux-gnu/bin/cargo test --verbose --package=wchar@0.1.0
       Fresh wchar v0.1.0 (/tmp/cargo-mutants-src-Pm9Hf6.tmp/crates/common/wchar)
    Finished `test` profile [unoptimized + debuginfo] target(s) in 0.70s
     Running `/tmp/cargo-mutants-src-Pm9Hf6.tmp/target/debug/deps/wchar-c691244d690e1ac7`

running 0 tests

test result: ok. 0 passed; 0 failed; 0 ignored; 0 measured; 0 filtered out; finished in 0.00s

     Running `/tmp/cargo-mutants-src-Pm9Hf6.tmp/target/debug/deps/c_parity-b3177abeab3580a9`

running 13 tests
test max_length_matches_c ... ok
test dsplen_tables_match_c ... FAILED
test set_invalid_matches_c ... ok
test or_incomplete_edge_cases ... ok
test mblen_tables_match_c ... FAILED
test verifystr_corpora_match_c ... FAILED
test mb2wchar_matches_c ... FAILED
test wchar2mb_matches_c ... ok
test verifychar_pairs_match_c ... FAILED
test utf8_codepoint_walk_matches_c ... ok
test verify_quads_match_c ... FAILED
test verify_triples_match_c ... FAILED
test utf8_verify_3byte_exhaustive_matches_c ... ok

failures:

---- dsplen_tables_match_c stdout ----

thread 'dsplen_tables_match_c' (29175) panicked at crates/common/wchar/tests/c_parity.rs:60:13:
assertion `left == right` failed: enc 7 b 0
  left: 2
 right: 1
note: run with `RUST_BACKTRACE=1` environment variable to display a backtrace

---- mblen_tables_match_c stdout ----

thread 'mblen_tables_match_c' (29178) panicked at crates/common/wchar/tests/c_parity.rs:35:13:
assertion `left == right` failed: enc 7 b 0
  left: 4
 right: 1

---- verifystr_corpora_match_c stdout ----

thread 'verifystr_corpora_match_c' (29186) panicked at crates/common/wchar/tests/c_parity.rs:162:13:
assertion `left == right` failed: corpus 25 enc 7
  left: 64
 right: 60

---- mb2wchar_matches_c stdout ----

thread 'mb2wchar_matches_c' (29177) panicked at crates/common/wchar/tests/c_parity.rs:184:9:
assertion `left == right` failed: enc 7
  left: 5625909955569975086
 right: 4694492117092106448

---- verifychar_pairs_match_c stdout ----

thread 'verifychar_pairs_match_c' (29185) panicked at crates/common/wchar/tests/c_parity.rs:80:9:
assertion `left == right` failed: enc 7
  left: 1279432860938618149
 right: 3698321501209814309

---- verify_quads_match_c stdout ----

thread 'verify_quads_match_c' (29183) panicked at crates/common/wchar/tests/c_parity.rs:124:9:
assertion `left == right` failed: enc 7
  left: 2262422356449698597
 right: 11266659970567000869

---- verify_triples_match_c stdout ----

thread 'verify_triples_match_c' (29184) panicked at crates/common/wchar/tests/c_parity.rs:102:9:
assertion `left == right` failed: enc 7
  left: 12012029772173132069
 right: 17329003597227702053


failures:
    dsplen_tables_match_c
    mb2wchar_matches_c
    mblen_tables_match_c
    verify_quads_match_c
    verify_triples_match_c
    verifychar_pairs_match_c
    verifystr_corpora_match_c

test result: FAILED. 6 passed; 7 failed; 0 ignored; 0 measured; 0 filtered out; finished in 2.58s

error: test failed, to rerun pass `-p wchar --test c_parity`

*** result: Failure(101)
