
*** crates/common/wchar/src/lib.rs:55:5: replace pg_valid_encoding -> bool with false

*** mutation diff:
--- crates/common/wchar/src/lib.rs
+++ replace pg_valid_encoding -> bool with false
@@ -47,17 +47,17 @@
 pub const PG_JOHAB: pg_enc = 40;
 pub const PG_SHIFT_JIS_2004: pg_enc = 41;
 pub const _PG_LAST_ENCODING_: pg_enc = 42;
 
 pub const PG_ENCODING_BE_LAST: pg_enc = PG_KOI8U;
 pub const MAX_MULTIBYTE_CHAR_LEN: i32 = 4;
 
 pub const fn pg_valid_encoding(encoding: pg_enc) -> bool {
-    encoding >= 0 && encoding < _PG_LAST_ENCODING_
+    false /* ~ changed by cargo-mutants ~ */
 }
 
 pub const fn pg_valid_be_encoding(encoding: pg_enc) -> bool {
     encoding >= 0 && encoding <= PG_ENCODING_BE_LAST
 }
 
 pub const fn pg_valid_fe_encoding(encoding: pg_enc) -> bool {
     pg_valid_encoding(encoding)


*** /usr/local/rustup/toolchains/1.96.0-aarch64-unknown-linux-gnu/bin/cargo test --no-run --verbose --package=wchar@0.1.0
    Blocking waiting for file lock on package cache
    Blocking waiting for file lock on package cache
    Blocking waiting for file lock on shared package cache
   Compiling wchar v0.1.0 (/tmp/cargo-mutants-src-Pm9Hf6.tmp/crates/common/wchar)
     Running `/usr/local/rustup/toolchains/1.96.0-aarch64-unknown-linux-gnu/bin/rustc --crate-name wchar --edition=2021 crates/common/wchar/src/lib.rs --error-format=json --json=diagnostic-rendered-ansi,artifacts,future-incompat --crate-type lib --emit=dep-info,metadata,link -C embed-bitcode=no -C debuginfo=line-tables-only -C split-debuginfo=unpacked --check-cfg 'cfg(docsrs,test)' --check-cfg 'cfg(feature, values())' -C metadata=4141646ee6216aa6 -C extra-filename=-da99c5603b4b462e --out-dir /tmp/cargo-mutants-src-Pm9Hf6.tmp/target/debug/deps -L dependency=/tmp/cargo-mutants-src-Pm9Hf6.tmp/target/debug/deps`
     Running `/usr/local/rustup/toolchains/1.96.0-aarch64-unknown-linux-gnu/bin/rustc --crate-name wchar --edition=2021 crates/common/wchar/src/lib.rs --error-format=json --json=diagnostic-rendered-ansi,artifacts,future-incompat --emit=dep-info,link -C embed-bitcode=no -C debuginfo=line-tables-only -C split-debuginfo=unpacked --test --check-cfg 'cfg(docsrs,test)' --check-cfg 'cfg(feature, values())' -C metadata=5294be34661295e2 -C extra-filename=-c691244d690e1ac7 --out-dir /tmp/cargo-mutants-src-Pm9Hf6.tmp/target/debug/deps -L dependency=/tmp/cargo-mutants-src-Pm9Hf6.tmp/target/debug/deps`
warning: unused variable: `encoding`
  --> crates/common/wchar/src/lib.rs:54:32
   |
54 | pub const fn pg_valid_encoding(encoding: pg_enc) -> bool {
   |                                ^^^^^^^^ help: if this is intentional, prefix it with an underscore: `_encoding`
   |
   = note: `#[warn(unused_variables)]` (part of `#[warn(unused)]`) on by default

warning: `wchar` (lib) generated 1 warning (run `cargo fix --lib -p wchar` to apply 1 suggestion)
     Running `/usr/local/rustup/toolchains/1.96.0-aarch64-unknown-linux-gnu/bin/rustc --crate-name c_parity --edition=2021 crates/common/wchar/tests/c_parity.rs --error-format=json --json=diagnostic-rendered-ansi,artifacts,future-incompat --emit=dep-info,link -C embed-bitcode=no -C debuginfo=line-tables-only -C split-debuginfo=unpacked --test --check-cfg 'cfg(docsrs,test)' --check-cfg 'cfg(feature, values())' -C metadata=71d3f6dfc674836d -C extra-filename=-b3177abeab3580a9 --out-dir /tmp/cargo-mutants-src-Pm9Hf6.tmp/target/debug/deps -L dependency=/tmp/cargo-mutants-src-Pm9Hf6.tmp/target/debug/deps --extern wchar=/tmp/cargo-mutants-src-Pm9Hf6.tmp/target/debug/deps/libwchar-da99c5603b4b462e.rlib`
warning: `wchar` (lib test) generated 1 warning (1 duplicate)
    Finished `test` profile [unoptimized + debuginfo] target(s) in 1.49s
  Executable `/tmp/cargo-mutants-src-Pm9Hf6.tmp/target/debug/deps/wchar-c691244d690e1ac7`
  Executable `/tmp/cargo-mutants-src-Pm9Hf6.tmp/target/debug/deps/c_parity-b3177abeab3580a9`

*** result: Success

*** /usr/local/rustup/toolchains/1.96.0-aarch64-unknown-linux-gnu/bin/cargo test --verbose --package=wchar@0.1.0
    Blocking waiting for file lock on package cache
    Blocking waiting for file lock on package cache
warning: unused variable: `encoding`
  --> crates/common/wchar/src/lib.rs:54:32
   |
54 | pub const fn pg_valid_encoding(encoding: pg_enc) -> bool {
   |                                ^^^^^^^^ help: if this is intentional, prefix it with an underscore: `_encoding`
   |
   = note: `#[warn(unused_variables)]` (part of `#[warn(unused)]`) on by default

warning: `wchar` (lib) generated 1 warning (run `cargo fix --lib -p wchar` to apply 1 suggestion)
       Fresh wchar v0.1.0 (/tmp/cargo-mutants-src-Pm9Hf6.tmp/crates/common/wchar)
warning: `wchar` (lib test) generated 1 warning (1 duplicate)
    Finished `test` profile [unoptimized + debuginfo] target(s) in 0.90s
     Running `/tmp/cargo-mutants-src-Pm9Hf6.tmp/target/debug/deps/wchar-c691244d690e1ac7`

running 0 tests

test result: ok. 0 passed; 0 failed; 0 ignored; 0 measured; 0 filtered out; finished in 0.00s

     Running `/tmp/cargo-mutants-src-Pm9Hf6.tmp/target/debug/deps/c_parity-b3177abeab3580a9`

running 13 tests
test dsplen_tables_match_c ... FAILED
test max_length_matches_c ... FAILED
test or_incomplete_edge_cases ... FAILED
test mblen_tables_match_c ... FAILED
test set_invalid_matches_c ... FAILED
test wchar2mb_matches_c ... ok
test verifystr_corpora_match_c ... FAILED
test mb2wchar_matches_c ... ok
test verifychar_pairs_match_c ... FAILED
test verify_quads_match_c ... FAILED
test verify_triples_match_c ... FAILED
test utf8_codepoint_walk_matches_c ... FAILED
test utf8_verify_3byte_exhaustive_matches_c ... FAILED

failures:

---- dsplen_tables_match_c stdout ----

thread 'dsplen_tables_match_c' (507) panicked at crates/common/wchar/tests/c_parity.rs:60:13:
assertion `left == right` failed: enc 1 b 128
  left: 1
 right: 2

---- max_length_matches_c stdout ----

thread 'max_length_matches_c' (510) panicked at crates/common/wchar/src/lib.rs:1384:5:
assertion failed: pg_valid_encoding(encoding)
note: run with `RUST_BACKTRACE=1` environment variable to display a backtrace

---- or_incomplete_edge_cases stdout ----

thread 'or_incomplete_edge_cases' (521) panicked at crates/common/wchar/tests/c_parity.rs:240:5:
assertion `left == right` failed
  left: 1
 right: 4

---- mblen_tables_match_c stdout ----

thread 'mblen_tables_match_c' (518) panicked at crates/common/wchar/tests/c_parity.rs:35:13:
assertion `left == right` failed: enc 1 b 128
  left: 1
 right: 2

---- set_invalid_matches_c stdout ----

thread 'set_invalid_matches_c' (530) panicked at crates/common/wchar/src/lib.rs:1384:5:
assertion failed: pg_valid_encoding(encoding)

---- verifystr_corpora_match_c stdout ----

thread 'verifystr_corpora_match_c' (540) panicked at crates/common/wchar/tests/c_parity.rs:162:13:
assertion `left == right` failed: corpus 22 enc 1
  left: 16
 right: 2

---- verifychar_pairs_match_c stdout ----

thread 'verifychar_pairs_match_c' (538) panicked at crates/common/wchar/tests/c_parity.rs:80:9:
assertion `left == right` failed: enc 1
  left: 1677996718092854053
 right: 16530433274840858579

---- verify_quads_match_c stdout ----

thread 'verify_quads_match_c' (536) panicked at crates/common/wchar/tests/c_parity.rs:124:9:
assertion `left == right` failed: enc 1
  left: 13540835691694531365
 right: 1981323959443683474

---- verify_triples_match_c stdout ----

thread 'verify_triples_match_c' (537) panicked at crates/common/wchar/tests/c_parity.rs:102:9:
assertion `left == right` failed: enc 1
  left: 11667988157482215828
 right: 2498594579922710343

---- utf8_codepoint_walk_matches_c stdout ----

thread 'utf8_codepoint_walk_matches_c' (532) panicked at crates/common/wchar/tests/c_parity.rs:154:5:
assertion `left == right` failed
  left: 10403050136339535580
 right: 3252569362715540940

---- utf8_verify_3byte_exhaustive_matches_c stdout ----

thread 'utf8_verify_3byte_exhaustive_matches_c' (534) panicked at crates/common/wchar/tests/c_parity.rs:140:5:
assertion `left == right` failed
  left: 1031562065771743124
 right: 8649043623152703380


failures:
    dsplen_tables_match_c
    max_length_matches_c
    mblen_tables_match_c
    or_incomplete_edge_cases
    set_invalid_matches_c
    utf8_codepoint_walk_matches_c
    utf8_verify_3byte_exhaustive_matches_c
    verify_quads_match_c
    verify_triples_match_c
    verifychar_pairs_match_c
    verifystr_corpora_match_c

test result: FAILED. 2 passed; 11 failed; 0 ignored; 0 measured; 0 filtered out; finished in 1.76s

error: test failed, to rerun pass `-p wchar --test c_parity`

*** result: Failure(101)
