
*** crates/common/wchar/src/lib.rs:539:5: replace pg_utf_dsplen -> i32 with 0

*** mutation diff:
--- crates/common/wchar/src/lib.rs
+++ replace pg_utf_dsplen -> i32 with 0
@@ -531,17 +531,17 @@
     }
     if mbbisearch(ucs, &EAST_ASIAN_FW) {
         return 2;
     }
     1
 }
 
 fn pg_utf_dsplen(s: &[u8]) -> i32 {
-    ucs_wcwidth(utf8_to_unicode(s))
+    0 /* ~ changed by cargo-mutants ~ */
 }
 
 fn pg_mule2wchar_with_len(from: &[u8], to: &mut [pg_wchar]) -> i32 {
     let mut len = from.len();
     let mut fi = 0;
     let mut ti = 0;
     while len > 0 && from[fi] != 0 {
         let b = from[fi];


*** /usr/local/rustup/toolchains/1.96.0-aarch64-unknown-linux-gnu/bin/cargo test --no-run --verbose --package=wchar@0.1.0
       Dirty wchar v0.1.0 (/tmp/cargo-mutants-src-8jJkl8.tmp/crates/common/wchar): the file `crates/common/wchar/src/lib.rs` has changed (1785516580.582849014s, 7s after last build at 1785516573.983016147s)
   Compiling wchar v0.1.0 (/tmp/cargo-mutants-src-8jJkl8.tmp/crates/common/wchar)
     Running `/usr/local/rustup/toolchains/1.96.0-aarch64-unknown-linux-gnu/bin/rustc --crate-name wchar --edition=2021 crates/common/wchar/src/lib.rs --error-format=json --json=diagnostic-rendered-ansi,artifacts,future-incompat --emit=dep-info,link -C embed-bitcode=no -C debuginfo=line-tables-only -C split-debuginfo=unpacked --test --check-cfg 'cfg(docsrs,test)' --check-cfg 'cfg(feature, values())' -C metadata=5294be34661295e2 -C extra-filename=-c691244d690e1ac7 --out-dir /tmp/cargo-mutants-src-8jJkl8.tmp/target/debug/deps -L dependency=/tmp/cargo-mutants-src-8jJkl8.tmp/target/debug/deps`
     Running `/usr/local/rustup/toolchains/1.96.0-aarch64-unknown-linux-gnu/bin/rustc --crate-name wchar --edition=2021 crates/common/wchar/src/lib.rs --error-format=json --json=diagnostic-rendered-ansi,artifacts,future-incompat --crate-type lib --emit=dep-info,metadata,link -C embed-bitcode=no -C debuginfo=line-tables-only -C split-debuginfo=unpacked --check-cfg 'cfg(docsrs,test)' --check-cfg 'cfg(feature, values())' -C metadata=4141646ee6216aa6 -C extra-filename=-da99c5603b4b462e --out-dir /tmp/cargo-mutants-src-8jJkl8.tmp/target/debug/deps -L dependency=/tmp/cargo-mutants-src-8jJkl8.tmp/target/debug/deps`
warning: unused variable: `s`
   --> crates/common/wchar/src/lib.rs:538:18
    |
538 | fn pg_utf_dsplen(s: &[u8]) -> i32 {
    |                  ^ help: if this is intentional, prefix it with an underscore: `_s`
    |
    = note: `#[warn(unused_variables)]` (part of `#[warn(unused)]`) on by default

warning: `wchar` (lib) generated 1 warning (run `cargo fix --lib -p wchar` to apply 1 suggestion)
     Running `/usr/local/rustup/toolchains/1.96.0-aarch64-unknown-linux-gnu/bin/rustc --crate-name c_parity --edition=2021 crates/common/wchar/tests/c_parity.rs --error-format=json --json=diagnostic-rendered-ansi,artifacts,future-incompat --emit=dep-info,link -C embed-bitcode=no -C debuginfo=line-tables-only -C split-debuginfo=unpacked --test --check-cfg 'cfg(docsrs,test)' --check-cfg 'cfg(feature, values())' -C metadata=71d3f6dfc674836d -C extra-filename=-b3177abeab3580a9 --out-dir /tmp/cargo-mutants-src-8jJkl8.tmp/target/debug/deps -L dependency=/tmp/cargo-mutants-src-8jJkl8.tmp/target/debug/deps --extern wchar=/tmp/cargo-mutants-src-8jJkl8.tmp/target/debug/deps/libwchar-da99c5603b4b462e.rlib`
warning: `wchar` (lib test) generated 1 warning (1 duplicate)
    Finished `test` profile [unoptimized + debuginfo] target(s) in 1.11s
  Executable `/tmp/cargo-mutants-src-8jJkl8.tmp/target/debug/deps/wchar-c691244d690e1ac7`
  Executable `/tmp/cargo-mutants-src-8jJkl8.tmp/target/debug/deps/c_parity-b3177abeab3580a9`

*** result: Success

*** /usr/local/rustup/toolchains/1.96.0-aarch64-unknown-linux-gnu/bin/cargo test --verbose --package=wchar@0.1.0
warning: unused variable: `s`
   --> crates/common/wchar/src/lib.rs:538:18
    |
538 | fn pg_utf_dsplen(s: &[u8]) -> i32 {
    |                  ^ help: if this is intentional, prefix it with an underscore: `_s`
    |
    = note: `#[warn(unused_variables)]` (part of `#[warn(unused)]`) on by default

warning: `wchar` (lib) generated 1 warning (run `cargo fix --lib -p wchar` to apply 1 suggestion)
       Fresh wchar v0.1.0 (/tmp/cargo-mutants-src-8jJkl8.tmp/crates/common/wchar)
warning: `wchar` (lib test) generated 1 warning (1 duplicate)
    Finished `test` profile [unoptimized + debuginfo] target(s) in 0.70s
     Running `/tmp/cargo-mutants-src-8jJkl8.tmp/target/debug/deps/wchar-c691244d690e1ac7`

running 0 tests

test result: ok. 0 passed; 0 failed; 0 ignored; 0 measured; 0 filtered out; finished in 0.00s

     Running `/tmp/cargo-mutants-src-8jJkl8.tmp/target/debug/deps/c_parity-b3177abeab3580a9`

running 13 tests
test max_length_matches_c ... ok
test dsplen_tables_match_c ... FAILED
test or_incomplete_edge_cases ... ok
test set_invalid_matches_c ... ok
test mblen_tables_match_c ... ok
test wchar2mb_matches_c ... ok
test verifystr_corpora_match_c ... ok
test mb2wchar_matches_c ... ok
test verifychar_pairs_match_c ... ok
test utf8_codepoint_walk_matches_c ... FAILED
test utf8_verify_3byte_exhaustive_matches_c ... ok
test verify_quads_match_c ... ok
test verify_triples_match_c ... ok

failures:

---- dsplen_tables_match_c stdout ----

thread 'dsplen_tables_match_c' (24957) panicked at crates/common/wchar/tests/c_parity.rs:60:13:
assertion `left == right` failed: enc 6 b 1
  left: 0
 right: -1
note: run with `RUST_BACKTRACE=1` environment variable to display a backtrace

---- utf8_codepoint_walk_matches_c stdout ----

thread 'utf8_codepoint_walk_matches_c' (24963) panicked at crates/common/wchar/tests/c_parity.rs:154:5:
assertion `left == right` failed
  left: 754130978109024629
 right: 3252569362715540940


failures:
    dsplen_tables_match_c
    utf8_codepoint_walk_matches_c

test result: FAILED. 11 passed; 2 failed; 0 ignored; 0 measured; 0 filtered out; finished in 5.34s

error: test failed, to rerun pass `-p wchar --test c_parity`

*** result: Failure(101)
