
*** crates/common/wchar/src/lib.rs:973:5: replace pg_latin1_verifychar -> i32 with -1

*** mutation diff:
--- crates/common/wchar/src/lib.rs
+++ replace pg_latin1_verifychar -> i32 with -1
@@ -965,17 +965,17 @@
     mbl
 }
 
 fn pg_mule_verifystr(s: &[u8]) -> i32 {
     verify_str(s, pg_mule_verifychar)
 }
 
 fn pg_latin1_verifychar(_s: &[u8]) -> i32 {
-    1
+    -1 /* ~ changed by cargo-mutants ~ */
 }
 
 fn pg_latin1_verifystr(s: &[u8]) -> i32 {
     nul_pos(s)
 }
 
 fn pg_sjis_verifychar(s: &[u8]) -> i32 {
     let mbl = pg_sjis_mblen(s);


*** /usr/local/rustup/toolchains/1.96.0-aarch64-unknown-linux-gnu/bin/cargo test --no-run --verbose --package=wchar@0.1.0
       Dirty wchar v0.1.0 (/tmp/cargo-mutants-src-mMT9xR.tmp/crates/common/wchar): the file `crates/common/wchar/src/lib.rs` has changed (1785517820.211384377s, 5m 1s after last build at 1785517519.699025555s)
   Compiling wchar v0.1.0 (/tmp/cargo-mutants-src-mMT9xR.tmp/crates/common/wchar)
     Running `/usr/local/rustup/toolchains/1.96.0-aarch64-unknown-linux-gnu/bin/rustc --crate-name wchar --edition=2021 crates/common/wchar/src/lib.rs --error-format=json --json=diagnostic-rendered-ansi,artifacts,future-incompat --emit=dep-info,link -C embed-bitcode=no -C debuginfo=line-tables-only -C split-debuginfo=unpacked --test --check-cfg 'cfg(docsrs,test)' --check-cfg 'cfg(feature, values())' -C metadata=5294be34661295e2 -C extra-filename=-c691244d690e1ac7 --out-dir /tmp/cargo-mutants-src-mMT9xR.tmp/target/debug/deps -L dependency=/tmp/cargo-mutants-src-mMT9xR.tmp/target/debug/deps`
     Running `/usr/local/rustup/toolchains/1.96.0-aarch64-unknown-linux-gnu/bin/rustc --crate-name wchar --edition=2021 crates/common/wchar/src/lib.rs --error-format=json --json=diagnostic-rendered-ansi,artifacts,future-incompat --crate-type lib --emit=dep-info,metadata,link -C embed-bitcode=no -C debuginfo=line-tables-only -C split-debuginfo=unpacked --check-cfg 'cfg(docsrs,test)' --check-cfg 'cfg(feature, values())' -C metadata=4141646ee6216aa6 -C extra-filename=-da99c5603b4b462e --out-dir /tmp/cargo-mutants-src-mMT9xR.tmp/target/debug/deps -L dependency=/tmp/cargo-mutants-src-mMT9xR.tmp/target/debug/deps`
     Running `/usr/local/rustup/toolchains/1.96.0-aarch64-unknown-linux-gnu/bin/rustc --crate-name c_parity --edition=2021 crates/common/wchar/tests/c_parity.rs --error-format=json --json=diagnostic-rendered-ansi,artifacts,future-incompat --emit=dep-info,link -C embed-bitcode=no -C debuginfo=line-tables-only -C split-debuginfo=unpacked --test --check-cfg 'cfg(docsrs,test)' --check-cfg 'cfg(feature, values())' -C metadata=71d3f6dfc674836d -C extra-filename=-b3177abeab3580a9 --out-dir /tmp/cargo-mutants-src-mMT9xR.tmp/target/debug/deps -L dependency=/tmp/cargo-mutants-src-mMT9xR.tmp/target/debug/deps --extern wchar=/tmp/cargo-mutants-src-mMT9xR.tmp/target/debug/deps/libwchar-da99c5603b4b462e.rlib`
    Finished `test` profile [unoptimized + debuginfo] target(s) in 1.12s
  Executable `/tmp/cargo-mutants-src-mMT9xR.tmp/target/debug/deps/wchar-c691244d690e1ac7`
  Executable `/tmp/cargo-mutants-src-mMT9xR.tmp/target/debug/deps/c_parity-b3177abeab3580a9`

*** result: Success

*** /usr/local/rustup/toolchains/1.96.0-aarch64-unknown-linux-gnu/bin/cargo test --verbose --package=wchar@0.1.0
       Fresh wchar v0.1.0 (/tmp/cargo-mutants-src-mMT9xR.tmp/crates/common/wchar)
    Finished `test` profile [unoptimized + debuginfo] target(s) in 0.70s
     Running `/tmp/cargo-mutants-src-mMT9xR.tmp/target/debug/deps/wchar-c691244d690e1ac7`

running 0 tests

test result: ok. 0 passed; 0 failed; 0 ignored; 0 measured; 0 filtered out; finished in 0.00s

     Running `/tmp/cargo-mutants-src-mMT9xR.tmp/target/debug/deps/c_parity-b3177abeab3580a9`

running 13 tests
test max_length_matches_c ... ok
test or_incomplete_edge_cases ... ok
test dsplen_tables_match_c ... ok
test set_invalid_matches_c ... ok
test mblen_tables_match_c ... ok
test verifystr_corpora_match_c ... ok
test wchar2mb_matches_c ... ok
test mb2wchar_matches_c ... ok
test verifychar_pairs_match_c ... FAILED
test utf8_codepoint_walk_matches_c ... ok
test verify_quads_match_c ... FAILED
test verify_triples_match_c ... FAILED
test utf8_verify_3byte_exhaustive_matches_c ... ok

failures:

---- verifychar_pairs_match_c stdout ----

thread 'verifychar_pairs_match_c' (41189) panicked at crates/common/wchar/tests/c_parity.rs:80:9:
assertion `left == right` failed: enc 8
  left: 7420765353468896037
 right: 1677996718092854053
note: run with `RUST_BACKTRACE=1` environment variable to display a backtrace

---- verify_quads_match_c stdout ----

thread 'verify_quads_match_c' (41187) panicked at crates/common/wchar/tests/c_parity.rs:124:9:
assertion `left == right` failed: enc 8
  left: 5201729652674800421
 right: 13540835691694531365

---- verify_triples_match_c stdout ----

thread 'verify_triples_match_c' (41188) panicked at crates/common/wchar/tests/c_parity.rs:102:9:
assertion `left == right` failed: enc 8
  left: 11689162146291675316
 right: 11667988157482215828


failures:
    verify_quads_match_c
    verify_triples_match_c
    verifychar_pairs_match_c

test result: FAILED. 10 passed; 3 failed; 0 ignored; 0 measured; 0 filtered out; finished in 2.58s

error: test failed, to rerun pass `-p wchar --test c_parity`

*** result: Failure(101)
