
*** crates/common/wchar/src/lib.rs:1155:24: replace <= with > in is_valid_ascii

*** mutation diff:
--- crates/common/wchar/src/lib.rs
+++ replace <= with > in is_valid_ascii
@@ -1147,17 +1147,17 @@
     use core::arch::aarch64::*;
     // SAFETY: NEON is baseline on aarch64; both 16-byte loads are within `chunk`.
     unsafe {
         let zero = vdupq_n_u8(0);
         let v0 = vld1q_u8(chunk.as_ptr());
         let v1 = vld1q_u8(chunk.as_ptr().add(16));
         let mut cum = vorrq_u8(v0, vceqq_u8(v0, zero));
         cum = vorrq_u8(cum, vorrq_u8(v1, vceqq_u8(v1, zero)));
-        vmaxvq_u8(cum) <= 0x7f
+        vmaxvq_u8(cum) > /* ~ changed by cargo-mutants ~ */ 0x7f
     }
 }
 
 #[cfg(target_arch = "x86_64")]
 #[inline(always)]
 fn is_valid_ascii(chunk: &[u8; STRIDE_LENGTH]) -> bool {
     use core::arch::x86_64::*;
     // SAFETY: SSE2 is baseline on x86_64; both 16-byte loads are within `chunk`.


*** /usr/local/rustup/toolchains/1.96.0-aarch64-unknown-linux-gnu/bin/cargo test --no-run --verbose --package=wchar@0.1.0
       Dirty wchar v0.1.0 (/tmp/cargo-mutants-src-8jJkl8.tmp/crates/common/wchar): the file `crates/common/wchar/src/lib.rs` has changed (1785518490.424274470s, 7s after last build at 1785518483.874441667s)
   Compiling wchar v0.1.0 (/tmp/cargo-mutants-src-8jJkl8.tmp/crates/common/wchar)
     Running `/usr/local/rustup/toolchains/1.96.0-aarch64-unknown-linux-gnu/bin/rustc --crate-name wchar --edition=2021 crates/common/wchar/src/lib.rs --error-format=json --json=diagnostic-rendered-ansi,artifacts,future-incompat --emit=dep-info,link -C embed-bitcode=no -C debuginfo=line-tables-only -C split-debuginfo=unpacked --test --check-cfg 'cfg(docsrs,test)' --check-cfg 'cfg(feature, values())' -C metadata=5294be34661295e2 -C extra-filename=-c691244d690e1ac7 --out-dir /tmp/cargo-mutants-src-8jJkl8.tmp/target/debug/deps -L dependency=/tmp/cargo-mutants-src-8jJkl8.tmp/target/debug/deps`
     Running `/usr/local/rustup/toolchains/1.96.0-aarch64-unknown-linux-gnu/bin/rustc --crate-name wchar --edition=2021 crates/common/wchar/src/lib.rs --error-format=json --json=diagnostic-rendered-ansi,artifacts,future-incompat --crate-type lib --emit=dep-info,metadata,link -C embed-bitcode=no -C debuginfo=line-tables-only -C split-debuginfo=unpacked --check-cfg 'cfg(docsrs,test)' --check-cfg 'cfg(feature, values())' -C metadata=4141646ee6216aa6 -C extra-filename=-da99c5603b4b462e --out-dir /tmp/cargo-mutants-src-8jJkl8.tmp/target/debug/deps -L dependency=/tmp/cargo-mutants-src-8jJkl8.tmp/target/debug/deps`
     Running `/usr/local/rustup/toolchains/1.96.0-aarch64-unknown-linux-gnu/bin/rustc --crate-name c_parity --edition=2021 crates/common/wchar/tests/c_parity.rs --error-format=json --json=diagnostic-rendered-ansi,artifacts,future-incompat --emit=dep-info,link -C embed-bitcode=no -C debuginfo=line-tables-only -C split-debuginfo=unpacked --test --check-cfg 'cfg(docsrs,test)' --check-cfg 'cfg(feature, values())' -C metadata=71d3f6dfc674836d -C extra-filename=-b3177abeab3580a9 --out-dir /tmp/cargo-mutants-src-8jJkl8.tmp/target/debug/deps -L dependency=/tmp/cargo-mutants-src-8jJkl8.tmp/target/debug/deps --extern wchar=/tmp/cargo-mutants-src-8jJkl8.tmp/target/debug/deps/libwchar-da99c5603b4b462e.rlib`
    Finished `test` profile [unoptimized + debuginfo] target(s) in 1.12s
  Executable `/tmp/cargo-mutants-src-8jJkl8.tmp/target/debug/deps/wchar-c691244d690e1ac7`
  Executable `/tmp/cargo-mutants-src-8jJkl8.tmp/target/debug/deps/c_parity-b3177abeab3580a9`

*** result: Success

*** /usr/local/rustup/toolchains/1.96.0-aarch64-unknown-linux-gnu/bin/cargo test --verbose --package=wchar@0.1.0
       Fresh wchar v0.1.0 (/tmp/cargo-mutants-src-8jJkl8.tmp/crates/common/wchar)
    Finished `test` profile [unoptimized + debuginfo] target(s) in 0.70s
     Running `/tmp/cargo-mutants-src-8jJkl8.tmp/target/debug/deps/wchar-c691244d690e1ac7`

running 0 tests

test result: ok. 0 passed; 0 failed; 0 ignored; 0 measured; 0 filtered out; finished in 0.00s

     Running `/tmp/cargo-mutants-src-8jJkl8.tmp/target/debug/deps/c_parity-b3177abeab3580a9`

running 13 tests
test max_length_matches_c ... ok
test or_incomplete_edge_cases ... ok
test set_invalid_matches_c ... ok
test dsplen_tables_match_c ... ok
test mblen_tables_match_c ... ok
test verifystr_corpora_match_c ... FAILED
test mb2wchar_matches_c ... ok
test wchar2mb_matches_c ... ok
test verifychar_pairs_match_c ... ok
test utf8_codepoint_walk_matches_c ... ok
test utf8_verify_3byte_exhaustive_matches_c ... ok
test verify_quads_match_c ... ok
test verify_triples_match_c ... ok

failures:

---- verifystr_corpora_match_c stdout ----

thread 'verifystr_corpora_match_c' (47131) panicked at crates/common/wchar/tests/c_parity.rs:162:13:
assertion `left == right` failed: corpus 16 enc 6
  left: 40
 right: 0
note: run with `RUST_BACKTRACE=1` environment variable to display a backtrace


failures:
    verifystr_corpora_match_c

test result: FAILED. 12 passed; 1 failed; 0 ignored; 0 measured; 0 filtered out; finished in 5.33s

error: test failed, to rerun pass `-p wchar --test c_parity`

*** result: Failure(101)
