
*** crates/common/wchar/src/lib.rs:1234:5: replace pg_utf8_verifystr -> i32 with 0

*** mutation diff:
--- crates/common/wchar/src/lib.rs
+++ replace pg_utf8_verifystr -> i32 with 0
@@ -1226,57 +1226,17 @@
             k += 8;
         }
         i += 8;
     }
     *state = st & 31;
 }
 
 fn pg_utf8_verifystr(s: &[u8]) -> i32 {
-    let len = s.len();
-    let mut state: u32 = BGN;
-    let mut pos = 0usize;
-    if len >= STRIDE_LENGTH {
-        let (chunks, _) = s.as_chunks::<STRIDE_LENGTH>();
-        for chunk in chunks {
-            if state != END || !is_valid_ascii(chunk) {
-                utf8_advance(chunk, &mut state);
-            }
-        }
-        pos = chunks.len() * STRIDE_LENGTH;
-        // The error state persists, so it only needs one check, here.
-        if state == ERR {
-            // Restart from the beginning so the slow path counts valid bytes.
-            pos = 0;
-        } else if state != END {
-            // Fast path ended mid-sequence: back up to its lead byte.
-            loop {
-                pos -= 1;
-                if pg_utf_mblen_byte(s[pos]) > 1 {
-                    break;
-                }
-            }
-        }
-    }
-    let mut rest = &s[pos..];
-    while let Some((&b, tail)) = rest.split_first() {
-        if !is_highbit_set(b) {
-            if b == 0 {
-                break;
-            }
-            rest = tail;
-            continue;
-        }
-        let l = pg_utf8_verifychar(rest);
-        if l == -1 {
-            break;
-        }
-        rest = &rest[l as usize..];
-    }
-    (len - rest.len()) as i32
+    0 /* ~ changed by cargo-mutants ~ */
 }
 
 pub fn pg_utf8_islegal(source: &[u8], length: i32) -> bool {
     match length {
         4 => {
             if !(0x80..=0xbf).contains(&source[3]) {
                 return false;
             }


*** /usr/local/rustup/toolchains/1.96.0-aarch64-unknown-linux-gnu/bin/cargo test --no-run --verbose --package=wchar@0.1.0
       Dirty wchar v0.1.0 (/tmp/cargo-mutants-src-Pm9Hf6.tmp/crates/common/wchar): the file `crates/common/wchar/src/lib.rs` has changed (1785518714.998544652s, 6s after last build at 1785518708.408712833s)
   Compiling wchar v0.1.0 (/tmp/cargo-mutants-src-Pm9Hf6.tmp/crates/common/wchar)
     Running `/usr/local/rustup/toolchains/1.96.0-aarch64-unknown-linux-gnu/bin/rustc --crate-name wchar --edition=2021 crates/common/wchar/src/lib.rs --error-format=json --json=diagnostic-rendered-ansi,artifacts,future-incompat --emit=dep-info,link -C embed-bitcode=no -C debuginfo=line-tables-only -C split-debuginfo=unpacked --test --check-cfg 'cfg(docsrs,test)' --check-cfg 'cfg(feature, values())' -C metadata=5294be34661295e2 -C extra-filename=-c691244d690e1ac7 --out-dir /tmp/cargo-mutants-src-Pm9Hf6.tmp/target/debug/deps -L dependency=/tmp/cargo-mutants-src-Pm9Hf6.tmp/target/debug/deps`
     Running `/usr/local/rustup/toolchains/1.96.0-aarch64-unknown-linux-gnu/bin/rustc --crate-name wchar --edition=2021 crates/common/wchar/src/lib.rs --error-format=json --json=diagnostic-rendered-ansi,artifacts,future-incompat --crate-type lib --emit=dep-info,metadata,link -C embed-bitcode=no -C debuginfo=line-tables-only -C split-debuginfo=unpacked --check-cfg 'cfg(docsrs,test)' --check-cfg 'cfg(feature, values())' -C metadata=4141646ee6216aa6 -C extra-filename=-da99c5603b4b462e --out-dir /tmp/cargo-mutants-src-Pm9Hf6.tmp/target/debug/deps -L dependency=/tmp/cargo-mutants-src-Pm9Hf6.tmp/target/debug/deps`
warning: unused variable: `s`
    --> crates/common/wchar/src/lib.rs:1233:22
     |
1233 | fn pg_utf8_verifystr(s: &[u8]) -> i32 {
     |                      ^ help: if this is intentional, prefix it with an underscore: `_s`
     |
     = note: `#[warn(unused_variables)]` (part of `#[warn(unused)]`) on by default

warning: constant `STRIDE_LENGTH` is never used
    --> crates/common/wchar/src/lib.rs:1142:7
     |
1142 | const STRIDE_LENGTH: usize = 32;
     |       ^^^^^^^^^^^^^
     |
     = note: `#[warn(dead_code)]` (part of `#[warn(unused)]`) on by default

warning: function `is_valid_ascii` is never used
    --> crates/common/wchar/src/lib.rs:1146:4
     |
1146 | fn is_valid_ascii(chunk: &[u8; STRIDE_LENGTH]) -> bool {
     |    ^^^^^^^^^^^^^^

warning: constant `ERR` is never used
    --> crates/common/wchar/src/lib.rs:1191:7
     |
1191 | const ERR: u32 = 0;
     |       ^^^

warning: constant `BGN` is never used
    --> crates/common/wchar/src/lib.rs:1192:7
     |
1192 | const BGN: u32 = 11;
     |       ^^^

warning: constant `CS1` is never used
    --> crates/common/wchar/src/lib.rs:1193:7
     |
1193 | const CS1: u32 = 16;
     |       ^^^

warning: constant `CS2` is never used
    --> crates/common/wchar/src/lib.rs:1194:7
     |
1194 | const CS2: u32 = 1;
     |       ^^^

warning: constant `CS3` is never used
    --> crates/common/wchar/src/lib.rs:1195:7
     |
1195 | const CS3: u32 = 5;
     |       ^^^

warning: constant `P3A` is never used
    --> crates/common/wchar/src/lib.rs:1196:7
     |
1196 | const P3A: u32 = 6;
     |       ^^^

warning: constant `P3B` is never used
    --> crates/common/wchar/src/lib.rs:1197:7
     |
1197 | const P3B: u32 = 20;
     |       ^^^

warning: constant `P4A` is never used
    --> crates/common/wchar/src/lib.rs:1198:7
     |
1198 | const P4A: u32 = 25;
     |       ^^^

warning: constant `P4B` is never used
    --> crates/common/wchar/src/lib.rs:1199:7
     |
1199 | const P4B: u32 = 30;
     |       ^^^

warning: constant `END` is never used
    --> crates/common/wchar/src/lib.rs:1200:7
     |
1200 | const END: u32 = BGN;
     |       ^^^

warning: constant `ASC` is never used
    --> crates/common/wchar/src/lib.rs:1201:7
     |
1201 | const ASC: u32 = END << BGN;
     |       ^^^

warning: constant `L2A` is never used
    --> crates/common/wchar/src/lib.rs:1202:7
     |
1202 | const L2A: u32 = CS1 << BGN;
     |       ^^^

warning: constant `L3A` is never used
    --> crates/common/wchar/src/lib.rs:1203:7
     |
1203 | const L3A: u32 = P3A << BGN;
     |       ^^^

warning: constant `L3B` is never used
    --> crates/common/wchar/src/lib.rs:1204:7
     |
1204 | const L3B: u32 = CS2 << BGN;
     |       ^^^

warning: constant `L3C` is never used
    --> crates/common/wchar/src/lib.rs:1205:7
     |
1205 | const L3C: u32 = P3B << BGN;
     |       ^^^

warning: constant `L4A` is never used
    --> crates/common/wchar/src/lib.rs:1206:7
     |
1206 | const L4A: u32 = P4A << BGN;
     |       ^^^

warning: constant `L4B` is never used
    --> crates/common/wchar/src/lib.rs:1207:7
     |
1207 | const L4B: u32 = CS3 << BGN;
     |       ^^^

warning: constant `L4C` is never used
    --> crates/common/wchar/src/lib.rs:1208:7
     |
1208 | const L4C: u32 = P4B << BGN;
     |       ^^^

warning: constant `CR1` is never used
    --> crates/common/wchar/src/lib.rs:1209:7
     |
1209 | const CR1: u32 = (END << CS1) | (CS1 << CS2) | (CS2 << CS3) | (CS1 << P3B) | (CS2 << P4B);
     |       ^^^

warning: constant `CR2` is never used
    --> crates/common/wchar/src/lib.rs:1210:7
     |
1210 | const CR2: u32 = (END << CS1) | (CS1 << CS2) | (CS2 << CS3) | (CS1 << P3B) | (CS2 << P4A);
     |       ^^^

warning: constant `CR3` is never used
    --> crates/common/wchar/src/lib.rs:1211:7
     |
1211 | const CR3: u32 = (END << CS1) | (CS1 << CS2) | (CS2 << CS3) | (CS1 << P3A) | (CS2 << P4A);
     |       ^^^

warning: constant `ILL` is never used
    --> crates/common/wchar/src/lib.rs:1212:7
     |
1212 | const ILL: u32 = ERR;
     |       ^^^

warning: function `utf8_advance` is never used
    --> crates/common/wchar/src/lib.rs:1218:4
     |
1218 | fn utf8_advance(chunk: &[u8; STRIDE_LENGTH], state: &mut u32) {
     |    ^^^^^^^^^^^^

warning: static `UTF8_TRANSITION` is never used
   --> crates/common/wchar/src/tables.rs:465:8
    |
465 | static UTF8_TRANSITION: [u32; 256] = [
    |        ^^^^^^^^^^^^^^^

warning: `wchar` (lib) generated 27 warnings (run `cargo fix --lib -p wchar` to apply 1 suggestion)
     Running `/usr/local/rustup/toolchains/1.96.0-aarch64-unknown-linux-gnu/bin/rustc --crate-name c_parity --edition=2021 crates/common/wchar/tests/c_parity.rs --error-format=json --json=diagnostic-rendered-ansi,artifacts,future-incompat --emit=dep-info,link -C embed-bitcode=no -C debuginfo=line-tables-only -C split-debuginfo=unpacked --test --check-cfg 'cfg(docsrs,test)' --check-cfg 'cfg(feature, values())' -C metadata=71d3f6dfc674836d -C extra-filename=-b3177abeab3580a9 --out-dir /tmp/cargo-mutants-src-Pm9Hf6.tmp/target/debug/deps -L dependency=/tmp/cargo-mutants-src-Pm9Hf6.tmp/target/debug/deps --extern wchar=/tmp/cargo-mutants-src-Pm9Hf6.tmp/target/debug/deps/libwchar-da99c5603b4b462e.rlib`
warning: `wchar` (lib test) generated 27 warnings (27 duplicates)
    Finished `test` profile [unoptimized + debuginfo] target(s) in 1.12s
  Executable `/tmp/cargo-mutants-src-Pm9Hf6.tmp/target/debug/deps/wchar-c691244d690e1ac7`
  Executable `/tmp/cargo-mutants-src-Pm9Hf6.tmp/target/debug/deps/c_parity-b3177abeab3580a9`

*** result: Success

*** /usr/local/rustup/toolchains/1.96.0-aarch64-unknown-linux-gnu/bin/cargo test --verbose --package=wchar@0.1.0
warning: unused variable: `s`
    --> crates/common/wchar/src/lib.rs:1233:22
     |
1233 | fn pg_utf8_verifystr(s: &[u8]) -> i32 {
     |                      ^ help: if this is intentional, prefix it with an underscore: `_s`
     |
     = note: `#[warn(unused_variables)]` (part of `#[warn(unused)]`) on by default

warning: constant `STRIDE_LENGTH` is never used
    --> crates/common/wchar/src/lib.rs:1142:7
     |
1142 | const STRIDE_LENGTH: usize = 32;
     |       ^^^^^^^^^^^^^
     |
     = note: `#[warn(dead_code)]` (part of `#[warn(unused)]`) on by default

warning: function `is_valid_ascii` is never used
    --> crates/common/wchar/src/lib.rs:1146:4
     |
1146 | fn is_valid_ascii(chunk: &[u8; STRIDE_LENGTH]) -> bool {
     |    ^^^^^^^^^^^^^^

warning: constant `ERR` is never used
    --> crates/common/wchar/src/lib.rs:1191:7
     |
1191 | const ERR: u32 = 0;
     |       ^^^

warning: constant `BGN` is never used
    --> crates/common/wchar/src/lib.rs:1192:7
     |
1192 | const BGN: u32 = 11;
     |       ^^^

warning: constant `CS1` is never used
    --> crates/common/wchar/src/lib.rs:1193:7
     |
1193 | const CS1: u32 = 16;
     |       ^^^

warning: constant `CS2` is never used
    --> crates/common/wchar/src/lib.rs:1194:7
     |
1194 | const CS2: u32 = 1;
     |       ^^^

warning: constant `CS3` is never used
    --> crates/common/wchar/src/lib.rs:1195:7
     |
1195 | const CS3: u32 = 5;
     |       ^^^

warning: constant `P3A` is never used
    --> crates/common/wchar/src/lib.rs:1196:7
     |
1196 | const P3A: u32 = 6;
     |       ^^^

warning: constant `P3B` is never used
    --> crates/common/wchar/src/lib.rs:1197:7
     |
1197 | const P3B: u32 = 20;
     |       ^^^

warning: constant `P4A` is never used
    --> crates/common/wchar/src/lib.rs:1198:7
     |
1198 | const P4A: u32 = 25;
     |       ^^^

warning: constant `P4B` is never used
    --> crates/common/wchar/src/lib.rs:1199:7
     |
1199 | const P4B: u32 = 30;
     |       ^^^

warning: constant `END` is never used
    --> crates/common/wchar/src/lib.rs:1200:7
     |
1200 | const END: u32 = BGN;
     |       ^^^

warning: constant `ASC` is never used
    --> crates/common/wchar/src/lib.rs:1201:7
     |
1201 | const ASC: u32 = END << BGN;
     |       ^^^

warning: constant `L2A` is never used
    --> crates/common/wchar/src/lib.rs:1202:7
     |
1202 | const L2A: u32 = CS1 << BGN;
     |       ^^^

warning: constant `L3A` is never used
    --> crates/common/wchar/src/lib.rs:1203:7
     |
1203 | const L3A: u32 = P3A << BGN;
     |       ^^^

warning: constant `L3B` is never used
    --> crates/common/wchar/src/lib.rs:1204:7
     |
1204 | const L3B: u32 = CS2 << BGN;
     |       ^^^

warning: constant `L3C` is never used
    --> crates/common/wchar/src/lib.rs:1205:7
     |
1205 | const L3C: u32 = P3B << BGN;
     |       ^^^

warning: constant `L4A` is never used
    --> crates/common/wchar/src/lib.rs:1206:7
     |
1206 | const L4A: u32 = P4A << BGN;
     |       ^^^

warning: constant `L4B` is never used
    --> crates/common/wchar/src/lib.rs:1207:7
     |
1207 | const L4B: u32 = CS3 << BGN;
     |       ^^^

warning: constant `L4C` is never used
    --> crates/common/wchar/src/lib.rs:1208:7
     |
1208 | const L4C: u32 = P4B << BGN;
     |       ^^^

warning: constant `CR1` is never used
    --> crates/common/wchar/src/lib.rs:1209:7
     |
1209 | const CR1: u32 = (END << CS1) | (CS1 << CS2) | (CS2 << CS3) | (CS1 << P3B) | (CS2 << P4B);
     |       ^^^

warning: constant `CR2` is never used
    --> crates/common/wchar/src/lib.rs:1210:7
     |
1210 | const CR2: u32 = (END << CS1) | (CS1 << CS2) | (CS2 << CS3) | (CS1 << P3B) | (CS2 << P4A);
     |       ^^^

warning: constant `CR3` is never used
    --> crates/common/wchar/src/lib.rs:1211:7
     |
1211 | const CR3: u32 = (END << CS1) | (CS1 << CS2) | (CS2 << CS3) | (CS1 << P3A) | (CS2 << P4A);
     |       ^^^

warning: constant `ILL` is never used
    --> crates/common/wchar/src/lib.rs:1212:7
     |
1212 | const ILL: u32 = ERR;
     |       ^^^

warning: function `utf8_advance` is never used
    --> crates/common/wchar/src/lib.rs:1218:4
     |
1218 | fn utf8_advance(chunk: &[u8; STRIDE_LENGTH], state: &mut u32) {
     |    ^^^^^^^^^^^^

warning: static `UTF8_TRANSITION` is never used
   --> crates/common/wchar/src/tables.rs:465:8
    |
465 | static UTF8_TRANSITION: [u32; 256] = [
    |        ^^^^^^^^^^^^^^^

warning: `wchar` (lib) generated 27 warnings (run `cargo fix --lib -p wchar` to apply 1 suggestion)
       Fresh wchar v0.1.0 (/tmp/cargo-mutants-src-Pm9Hf6.tmp/crates/common/wchar)
warning: `wchar` (lib test) generated 27 warnings (27 duplicates)
    Finished `test` profile [unoptimized + debuginfo] target(s) in 0.71s
     Running `/tmp/cargo-mutants-src-Pm9Hf6.tmp/target/debug/deps/wchar-c691244d690e1ac7`

running 0 tests

test result: ok. 0 passed; 0 failed; 0 ignored; 0 measured; 0 filtered out; finished in 0.00s

     Running `/tmp/cargo-mutants-src-Pm9Hf6.tmp/target/debug/deps/c_parity-b3177abeab3580a9`

running 13 tests
test max_length_matches_c ... ok
test or_incomplete_edge_cases ... ok
test set_invalid_matches_c ... ok
test dsplen_tables_match_c ... ok
test verifystr_corpora_match_c ... FAILED
test mblen_tables_match_c ... ok
test wchar2mb_matches_c ... ok
test mb2wchar_matches_c ... ok
test verifychar_pairs_match_c ... ok
test utf8_codepoint_walk_matches_c ... ok
test verify_quads_match_c ... FAILED
test verify_triples_match_c ... FAILED
test utf8_verify_3byte_exhaustive_matches_c ... FAILED

failures:

---- verifystr_corpora_match_c stdout ----

thread 'verifystr_corpora_match_c' (51644) panicked at crates/common/wchar/tests/c_parity.rs:162:13:
assertion `left == right` failed: corpus 0 enc 6
  left: 0
 right: 1
note: run with `RUST_BACKTRACE=1` environment variable to display a backtrace

---- verify_quads_match_c stdout ----

thread 'verify_quads_match_c' (51641) panicked at crates/common/wchar/tests/c_parity.rs:124:9:
assertion `left == right` failed: enc 6
  left: 14934902892988470053
 right: 15767326444561765157

---- verify_triples_match_c stdout ----

thread 'verify_triples_match_c' (51642) panicked at crates/common/wchar/tests/c_parity.rs:102:9:
assertion `left == right` failed: enc 6
  left: 13221978693527654693
 right: 14634591377994729748

---- utf8_verify_3byte_exhaustive_matches_c stdout ----

thread 'utf8_verify_3byte_exhaustive_matches_c' (51640) panicked at crates/common/wchar/tests/c_parity.rs:140:5:
assertion `left == right` failed
  left: 4658703294658732837
 right: 8649043623152703380


failures:
    utf8_verify_3byte_exhaustive_matches_c
    verify_quads_match_c
    verify_triples_match_c
    verifystr_corpora_match_c

test result: FAILED. 9 passed; 4 failed; 0 ignored; 0 measured; 0 filtered out; finished in 1.52s

error: test failed, to rerun pass `-p wchar --test c_parity`

*** result: Failure(101)
