
*** crates/common/wchar/src/lib.rs:1124:5: replace verify_str -> i32 with -1

*** mutation diff:
--- crates/common/wchar/src/lib.rs
+++ replace verify_str -> i32 with -1
@@ -1116,32 +1116,17 @@
     }
     l
 }
 
 /// Shared body of every non-UTF8 `*_verifystr` in wchar.c, monomorphized per
 /// character verifier.
 #[inline]
 fn verify_str(s: &[u8], verifychar: impl Fn(&[u8]) -> i32) -> i32 {
-    let mut rest = s;
-    while let Some((&b, tail)) = rest.split_first() {
-        if !is_highbit_set(b) {
-            if b == 0 {
-                break;
-            }
-            rest = tail;
-            continue;
-        }
-        let l = verifychar(rest);
-        if l == -1 {
-            break;
-        }
-        rest = &rest[l as usize..];
-    }
-    (s.len() - rest.len()) as i32
+    -1 /* ~ changed by cargo-mutants ~ */
 }
 
 const STRIDE_LENGTH: usize = 32;
 
 #[cfg(target_arch = "aarch64")]
 #[inline(always)]
 fn is_valid_ascii(chunk: &[u8; STRIDE_LENGTH]) -> bool {
     use core::arch::aarch64::*;


*** /usr/local/rustup/toolchains/1.96.0-aarch64-unknown-linux-gnu/bin/cargo test --no-run --verbose --package=wchar@0.1.0
       Dirty wchar v0.1.0 (/tmp/cargo-mutants-src-Pm9Hf6.tmp/crates/common/wchar): the file `crates/common/wchar/src/lib.rs` has changed (1785518468.514833604s, 4s after last build at 1785518464.614933066s)
   Compiling wchar v0.1.0 (/tmp/cargo-mutants-src-Pm9Hf6.tmp/crates/common/wchar)
     Running `/usr/local/rustup/toolchains/1.96.0-aarch64-unknown-linux-gnu/bin/rustc --crate-name wchar --edition=2021 crates/common/wchar/src/lib.rs --error-format=json --json=diagnostic-rendered-ansi,artifacts,future-incompat --emit=dep-info,link -C embed-bitcode=no -C debuginfo=line-tables-only -C split-debuginfo=unpacked --test --check-cfg 'cfg(docsrs,test)' --check-cfg 'cfg(feature, values())' -C metadata=5294be34661295e2 -C extra-filename=-c691244d690e1ac7 --out-dir /tmp/cargo-mutants-src-Pm9Hf6.tmp/target/debug/deps -L dependency=/tmp/cargo-mutants-src-Pm9Hf6.tmp/target/debug/deps`
     Running `/usr/local/rustup/toolchains/1.96.0-aarch64-unknown-linux-gnu/bin/rustc --crate-name wchar --edition=2021 crates/common/wchar/src/lib.rs --error-format=json --json=diagnostic-rendered-ansi,artifacts,future-incompat --crate-type lib --emit=dep-info,metadata,link -C embed-bitcode=no -C debuginfo=line-tables-only -C split-debuginfo=unpacked --check-cfg 'cfg(docsrs,test)' --check-cfg 'cfg(feature, values())' -C metadata=4141646ee6216aa6 -C extra-filename=-da99c5603b4b462e --out-dir /tmp/cargo-mutants-src-Pm9Hf6.tmp/target/debug/deps -L dependency=/tmp/cargo-mutants-src-Pm9Hf6.tmp/target/debug/deps`
warning: unused variable: `s`
    --> crates/common/wchar/src/lib.rs:1123:15
     |
1123 | fn verify_str(s: &[u8], verifychar: impl Fn(&[u8]) -> i32) -> i32 {
     |               ^ help: if this is intentional, prefix it with an underscore: `_s`
     |
     = note: `#[warn(unused_variables)]` (part of `#[warn(unused)]`) on by default

warning: unused variable: `verifychar`
    --> crates/common/wchar/src/lib.rs:1123:25
     |
1123 | fn verify_str(s: &[u8], verifychar: impl Fn(&[u8]) -> i32) -> i32 {
     |                         ^^^^^^^^^^ help: if this is intentional, prefix it with an underscore: `_verifychar`

warning: `wchar` (lib) generated 2 warnings (run `cargo fix --lib -p wchar` to apply 2 suggestions)
     Running `/usr/local/rustup/toolchains/1.96.0-aarch64-unknown-linux-gnu/bin/rustc --crate-name c_parity --edition=2021 crates/common/wchar/tests/c_parity.rs --error-format=json --json=diagnostic-rendered-ansi,artifacts,future-incompat --emit=dep-info,link -C embed-bitcode=no -C debuginfo=line-tables-only -C split-debuginfo=unpacked --test --check-cfg 'cfg(docsrs,test)' --check-cfg 'cfg(feature, values())' -C metadata=71d3f6dfc674836d -C extra-filename=-b3177abeab3580a9 --out-dir /tmp/cargo-mutants-src-Pm9Hf6.tmp/target/debug/deps -L dependency=/tmp/cargo-mutants-src-Pm9Hf6.tmp/target/debug/deps --extern wchar=/tmp/cargo-mutants-src-Pm9Hf6.tmp/target/debug/deps/libwchar-da99c5603b4b462e.rlib`
warning: `wchar` (lib test) generated 2 warnings (2 duplicates)
    Finished `test` profile [unoptimized + debuginfo] target(s) in 1.14s
  Executable `/tmp/cargo-mutants-src-Pm9Hf6.tmp/target/debug/deps/wchar-c691244d690e1ac7`
  Executable `/tmp/cargo-mutants-src-Pm9Hf6.tmp/target/debug/deps/c_parity-b3177abeab3580a9`

*** result: Success

*** /usr/local/rustup/toolchains/1.96.0-aarch64-unknown-linux-gnu/bin/cargo test --verbose --package=wchar@0.1.0
warning: unused variable: `s`
    --> crates/common/wchar/src/lib.rs:1123:15
     |
1123 | fn verify_str(s: &[u8], verifychar: impl Fn(&[u8]) -> i32) -> i32 {
     |               ^ help: if this is intentional, prefix it with an underscore: `_s`
     |
     = note: `#[warn(unused_variables)]` (part of `#[warn(unused)]`) on by default

warning: unused variable: `verifychar`
    --> crates/common/wchar/src/lib.rs:1123:25
     |
1123 | fn verify_str(s: &[u8], verifychar: impl Fn(&[u8]) -> i32) -> i32 {
     |                         ^^^^^^^^^^ help: if this is intentional, prefix it with an underscore: `_verifychar`

warning: `wchar` (lib) generated 2 warnings (run `cargo fix --lib -p wchar` to apply 2 suggestions)
       Fresh wchar v0.1.0 (/tmp/cargo-mutants-src-Pm9Hf6.tmp/crates/common/wchar)
warning: `wchar` (lib test) generated 2 warnings (2 duplicates)
    Finished `test` profile [unoptimized + debuginfo] target(s) in 0.78s
     Running `/tmp/cargo-mutants-src-Pm9Hf6.tmp/target/debug/deps/wchar-c691244d690e1ac7`

running 0 tests

test result: ok. 0 passed; 0 failed; 0 ignored; 0 measured; 0 filtered out; finished in 0.00s

     Running `/tmp/cargo-mutants-src-Pm9Hf6.tmp/target/debug/deps/c_parity-b3177abeab3580a9`

running 13 tests
test max_length_matches_c ... ok
test or_incomplete_edge_cases ... ok
test dsplen_tables_match_c ... ok
test set_invalid_matches_c ... ok
test verifystr_corpora_match_c ... FAILED
test mblen_tables_match_c ... ok
test wchar2mb_matches_c ... ok
test mb2wchar_matches_c ... ok
test verify_quads_match_c ... FAILED
test verify_triples_match_c ... FAILED
test verifychar_pairs_match_c ... ok
test utf8_codepoint_walk_matches_c ... ok
test utf8_verify_3byte_exhaustive_matches_c ... ok

failures:

---- verifystr_corpora_match_c stdout ----

thread 'verifystr_corpora_match_c' (46722) panicked at crates/common/wchar/tests/c_parity.rs:162:13:
assertion `left == right` failed: corpus 0 enc 1
  left: -1
 right: 1
note: run with `RUST_BACKTRACE=1` environment variable to display a backtrace

---- verify_quads_match_c stdout ----

thread 'verify_quads_match_c' (46719) panicked at crates/common/wchar/tests/c_parity.rs:124:9:
assertion `left == right` failed: enc 1
  left: 15626733034296234277
 right: 1981323959443683474

---- verify_triples_match_c stdout ----

thread 'verify_triples_match_c' (46720) panicked at crates/common/wchar/tests/c_parity.rs:102:9:
assertion `left == right` failed: enc 1
  left: 16625279894434712645
 right: 2498594579922710343


failures:
    verify_quads_match_c
    verify_triples_match_c
    verifystr_corpora_match_c

test result: FAILED. 10 passed; 3 failed; 0 ignored; 0 measured; 0 filtered out; finished in 2.60s

error: test failed, to rerun pass `-p wchar --test c_parity`

*** result: Failure(101)
