
*** crates/common/wchar/src/lib.rs:1095:5: replace pg_utf8_verifychar -> i32 with -1

*** mutation diff:
--- crates/common/wchar/src/lib.rs
+++ replace pg_utf8_verifychar -> i32 with -1
@@ -1087,39 +1087,17 @@
     }
 }
 
 fn pg_gb18030_verifystr(s: &[u8]) -> i32 {
     verify_str(s, pg_gb18030_verifychar)
 }
 
 fn pg_utf8_verifychar(s: &[u8]) -> i32 {
-    let b = s[0];
-    let l;
-    if b & 0x80 == 0 {
-        if b == 0 {
-            return -1;
-        }
-        return 1;
-    } else if b & 0xe0 == 0xc0 {
-        l = 2;
-    } else if b & 0xf0 == 0xe0 {
-        l = 3;
-    } else if b & 0xf8 == 0xf0 {
-        l = 4;
-    } else {
-        l = 1;
-    }
-    if l as usize > s.len() {
-        return -1;
-    }
-    if !pg_utf8_islegal(s, l) {
-        return -1;
-    }
-    l
+    -1 /* ~ changed by cargo-mutants ~ */
 }
 
 /// Shared body of every non-UTF8 `*_verifystr` in wchar.c, monomorphized per
 /// character verifier.
 #[inline]
 fn verify_str(s: &[u8], verifychar: impl Fn(&[u8]) -> i32) -> i32 {
     let mut rest = s;
     while let Some((&b, tail)) = rest.split_first() {


*** /usr/local/rustup/toolchains/1.96.0-aarch64-unknown-linux-gnu/bin/cargo test --no-run --verbose --package=wchar@0.1.0
       Dirty wchar v0.1.0 (/tmp/cargo-mutants-src-Pm9Hf6.tmp/crates/common/wchar): the file `crates/common/wchar/src/lib.rs` has changed (1785518380.877074296s, 3s after last build at 1785518377.277166439s)
   Compiling wchar v0.1.0 (/tmp/cargo-mutants-src-Pm9Hf6.tmp/crates/common/wchar)
     Running `/usr/local/rustup/toolchains/1.96.0-aarch64-unknown-linux-gnu/bin/rustc --crate-name wchar --edition=2021 crates/common/wchar/src/lib.rs --error-format=json --json=diagnostic-rendered-ansi,artifacts,future-incompat --emit=dep-info,link -C embed-bitcode=no -C debuginfo=line-tables-only -C split-debuginfo=unpacked --test --check-cfg 'cfg(docsrs,test)' --check-cfg 'cfg(feature, values())' -C metadata=5294be34661295e2 -C extra-filename=-c691244d690e1ac7 --out-dir /tmp/cargo-mutants-src-Pm9Hf6.tmp/target/debug/deps -L dependency=/tmp/cargo-mutants-src-Pm9Hf6.tmp/target/debug/deps`
     Running `/usr/local/rustup/toolchains/1.96.0-aarch64-unknown-linux-gnu/bin/rustc --crate-name wchar --edition=2021 crates/common/wchar/src/lib.rs --error-format=json --json=diagnostic-rendered-ansi,artifacts,future-incompat --crate-type lib --emit=dep-info,metadata,link -C embed-bitcode=no -C debuginfo=line-tables-only -C split-debuginfo=unpacked --check-cfg 'cfg(docsrs,test)' --check-cfg 'cfg(feature, values())' -C metadata=4141646ee6216aa6 -C extra-filename=-da99c5603b4b462e --out-dir /tmp/cargo-mutants-src-Pm9Hf6.tmp/target/debug/deps -L dependency=/tmp/cargo-mutants-src-Pm9Hf6.tmp/target/debug/deps`
warning: unused variable: `s`
    --> crates/common/wchar/src/lib.rs:1094:23
     |
1094 | fn pg_utf8_verifychar(s: &[u8]) -> i32 {
     |                       ^ help: if this is intentional, prefix it with an underscore: `_s`
     |
     = note: `#[warn(unused_variables)]` (part of `#[warn(unused)]`) on by default

warning: `wchar` (lib) generated 1 warning (run `cargo fix --lib -p wchar` to apply 1 suggestion)
     Running `/usr/local/rustup/toolchains/1.96.0-aarch64-unknown-linux-gnu/bin/rustc --crate-name c_parity --edition=2021 crates/common/wchar/tests/c_parity.rs --error-format=json --json=diagnostic-rendered-ansi,artifacts,future-incompat --emit=dep-info,link -C embed-bitcode=no -C debuginfo=line-tables-only -C split-debuginfo=unpacked --test --check-cfg 'cfg(docsrs,test)' --check-cfg 'cfg(feature, values())' -C metadata=71d3f6dfc674836d -C extra-filename=-b3177abeab3580a9 --out-dir /tmp/cargo-mutants-src-Pm9Hf6.tmp/target/debug/deps -L dependency=/tmp/cargo-mutants-src-Pm9Hf6.tmp/target/debug/deps --extern wchar=/tmp/cargo-mutants-src-Pm9Hf6.tmp/target/debug/deps/libwchar-da99c5603b4b462e.rlib`
warning: `wchar` (lib test) generated 1 warning (1 duplicate)
    Finished `test` profile [unoptimized + debuginfo] target(s) in 1.13s
  Executable `/tmp/cargo-mutants-src-Pm9Hf6.tmp/target/debug/deps/wchar-c691244d690e1ac7`
  Executable `/tmp/cargo-mutants-src-Pm9Hf6.tmp/target/debug/deps/c_parity-b3177abeab3580a9`

*** result: Success

*** /usr/local/rustup/toolchains/1.96.0-aarch64-unknown-linux-gnu/bin/cargo test --verbose --package=wchar@0.1.0
warning: unused variable: `s`
    --> crates/common/wchar/src/lib.rs:1094:23
     |
1094 | fn pg_utf8_verifychar(s: &[u8]) -> i32 {
     |                       ^ help: if this is intentional, prefix it with an underscore: `_s`
     |
     = note: `#[warn(unused_variables)]` (part of `#[warn(unused)]`) on by default

warning: `wchar` (lib) generated 1 warning (run `cargo fix --lib -p wchar` to apply 1 suggestion)
       Fresh wchar v0.1.0 (/tmp/cargo-mutants-src-Pm9Hf6.tmp/crates/common/wchar)
warning: `wchar` (lib test) generated 1 warning (1 duplicate)
    Finished `test` profile [unoptimized + debuginfo] target(s) in 0.71s
     Running `/tmp/cargo-mutants-src-Pm9Hf6.tmp/target/debug/deps/wchar-c691244d690e1ac7`

running 0 tests

test result: ok. 0 passed; 0 failed; 0 ignored; 0 measured; 0 filtered out; finished in 0.00s

     Running `/tmp/cargo-mutants-src-Pm9Hf6.tmp/target/debug/deps/c_parity-b3177abeab3580a9`

running 13 tests
test max_length_matches_c ... ok
test or_incomplete_edge_cases ... ok
test dsplen_tables_match_c ... ok
test set_invalid_matches_c ... ok
test mblen_tables_match_c ... ok
test verifystr_corpora_match_c ... FAILED
test wchar2mb_matches_c ... ok
test mb2wchar_matches_c ... ok
test verifychar_pairs_match_c ... FAILED
test utf8_codepoint_walk_matches_c ... ok
test verify_quads_match_c ... FAILED
test verify_triples_match_c ... FAILED
test utf8_verify_3byte_exhaustive_matches_c ... FAILED

failures:

---- verifystr_corpora_match_c stdout ----

thread 'verifystr_corpora_match_c' (45600) panicked at crates/common/wchar/tests/c_parity.rs:162:13:
assertion `left == right` failed: corpus 21 enc 6
  left: 0
 right: 5
note: run with `RUST_BACKTRACE=1` environment variable to display a backtrace

---- verifychar_pairs_match_c stdout ----

thread 'verifychar_pairs_match_c' (45599) panicked at crates/common/wchar/tests/c_parity.rs:80:9:
assertion `left == right` failed: enc 6
  left: 7420765353468896037
 right: 8361214505092495653

---- verify_quads_match_c stdout ----

thread 'verify_quads_match_c' (45597) panicked at crates/common/wchar/tests/c_parity.rs:124:9:
assertion `left == right` failed: enc 6
  left: 13398812283729224485
 right: 15767326444561765157

---- verify_triples_match_c stdout ----

thread 'verify_triples_match_c' (45598) panicked at crates/common/wchar/tests/c_parity.rs:102:9:
assertion `left == right` failed: enc 6
  left: 2638580276229168692
 right: 14634591377994729748

---- utf8_verify_3byte_exhaustive_matches_c stdout ----

thread 'utf8_verify_3byte_exhaustive_matches_c' (45596) panicked at crates/common/wchar/tests/c_parity.rs:140:5:
assertion `left == right` failed
  left: 5137669232040944820
 right: 8649043623152703380


failures:
    utf8_verify_3byte_exhaustive_matches_c
    verify_quads_match_c
    verify_triples_match_c
    verifychar_pairs_match_c
    verifystr_corpora_match_c

test result: FAILED. 8 passed; 5 failed; 0 ignored; 0 measured; 0 filtered out; finished in 1.96s

error: test failed, to rerun pass `-p wchar --test c_parity`

*** result: Failure(101)
