
*** crates/common/wchar/src/lib.rs:1147:5: replace is_valid_ascii -> bool with true

*** mutation diff:
--- crates/common/wchar/src/lib.rs
+++ replace is_valid_ascii -> bool with true
@@ -1139,26 +1139,17 @@
     (s.len() - rest.len()) as i32
 }
 
 const STRIDE_LENGTH: usize = 32;
 
 #[cfg(target_arch = "aarch64")]
 #[inline(always)]
 fn is_valid_ascii(chunk: &[u8; STRIDE_LENGTH]) -> bool {
-    use core::arch::aarch64::*;
-    // SAFETY: NEON is baseline on aarch64; both 16-byte loads are within `chunk`.
-    unsafe {
-        let zero = vdupq_n_u8(0);
-        let v0 = vld1q_u8(chunk.as_ptr());
-        let v1 = vld1q_u8(chunk.as_ptr().add(16));
-        let mut cum = vorrq_u8(v0, vceqq_u8(v0, zero));
-        cum = vorrq_u8(cum, vorrq_u8(v1, vceqq_u8(v1, zero)));
-        vmaxvq_u8(cum) <= 0x7f
-    }
+    true /* ~ changed by cargo-mutants ~ */
 }
 
 #[cfg(target_arch = "x86_64")]
 #[inline(always)]
 fn is_valid_ascii(chunk: &[u8; STRIDE_LENGTH]) -> bool {
     use core::arch::x86_64::*;
     // SAFETY: SSE2 is baseline on x86_64; both 16-byte loads are within `chunk`.
     unsafe {


*** /usr/local/rustup/toolchains/1.96.0-aarch64-unknown-linux-gnu/bin/cargo test --no-run --verbose --package=wchar@0.1.0
       Dirty wchar v0.1.0 (/tmp/cargo-mutants-src-8jJkl8.tmp/crates/common/wchar): the file `crates/common/wchar/src/lib.rs` has changed (1785518483.154460047s, 4s after last build at 1785518479.244559855s)
   Compiling wchar v0.1.0 (/tmp/cargo-mutants-src-8jJkl8.tmp/crates/common/wchar)
     Running `/usr/local/rustup/toolchains/1.96.0-aarch64-unknown-linux-gnu/bin/rustc --crate-name wchar --edition=2021 crates/common/wchar/src/lib.rs --error-format=json --json=diagnostic-rendered-ansi,artifacts,future-incompat --emit=dep-info,link -C embed-bitcode=no -C debuginfo=line-tables-only -C split-debuginfo=unpacked --test --check-cfg 'cfg(docsrs,test)' --check-cfg 'cfg(feature, values())' -C metadata=5294be34661295e2 -C extra-filename=-c691244d690e1ac7 --out-dir /tmp/cargo-mutants-src-8jJkl8.tmp/target/debug/deps -L dependency=/tmp/cargo-mutants-src-8jJkl8.tmp/target/debug/deps`
     Running `/usr/local/rustup/toolchains/1.96.0-aarch64-unknown-linux-gnu/bin/rustc --crate-name wchar --edition=2021 crates/common/wchar/src/lib.rs --error-format=json --json=diagnostic-rendered-ansi,artifacts,future-incompat --crate-type lib --emit=dep-info,metadata,link -C embed-bitcode=no -C debuginfo=line-tables-only -C split-debuginfo=unpacked --check-cfg 'cfg(docsrs,test)' --check-cfg 'cfg(feature, values())' -C metadata=4141646ee6216aa6 -C extra-filename=-da99c5603b4b462e --out-dir /tmp/cargo-mutants-src-8jJkl8.tmp/target/debug/deps -L dependency=/tmp/cargo-mutants-src-8jJkl8.tmp/target/debug/deps`
warning: unused variable: `chunk`
    --> crates/common/wchar/src/lib.rs:1146:19
     |
1146 | fn is_valid_ascii(chunk: &[u8; STRIDE_LENGTH]) -> bool {
     |                   ^^^^^ help: if this is intentional, prefix it with an underscore: `_chunk`
     |
     = note: `#[warn(unused_variables)]` (part of `#[warn(unused)]`) on by default

warning: `wchar` (lib) generated 1 warning (run `cargo fix --lib -p wchar` to apply 1 suggestion)
     Running `/usr/local/rustup/toolchains/1.96.0-aarch64-unknown-linux-gnu/bin/rustc --crate-name c_parity --edition=2021 crates/common/wchar/tests/c_parity.rs --error-format=json --json=diagnostic-rendered-ansi,artifacts,future-incompat --emit=dep-info,link -C embed-bitcode=no -C debuginfo=line-tables-only -C split-debuginfo=unpacked --test --check-cfg 'cfg(docsrs,test)' --check-cfg 'cfg(feature, values())' -C metadata=71d3f6dfc674836d -C extra-filename=-b3177abeab3580a9 --out-dir /tmp/cargo-mutants-src-8jJkl8.tmp/target/debug/deps -L dependency=/tmp/cargo-mutants-src-8jJkl8.tmp/target/debug/deps --extern wchar=/tmp/cargo-mutants-src-8jJkl8.tmp/target/debug/deps/libwchar-da99c5603b4b462e.rlib`
warning: `wchar` (lib test) generated 1 warning (1 duplicate)
    Finished `test` profile [unoptimized + debuginfo] target(s) in 1.13s
  Executable `/tmp/cargo-mutants-src-8jJkl8.tmp/target/debug/deps/wchar-c691244d690e1ac7`
  Executable `/tmp/cargo-mutants-src-8jJkl8.tmp/target/debug/deps/c_parity-b3177abeab3580a9`

*** result: Success

*** /usr/local/rustup/toolchains/1.96.0-aarch64-unknown-linux-gnu/bin/cargo test --verbose --package=wchar@0.1.0
warning: unused variable: `chunk`
    --> crates/common/wchar/src/lib.rs:1146:19
     |
1146 | fn is_valid_ascii(chunk: &[u8; STRIDE_LENGTH]) -> bool {
     |                   ^^^^^ help: if this is intentional, prefix it with an underscore: `_chunk`
     |
     = note: `#[warn(unused_variables)]` (part of `#[warn(unused)]`) on by default

warning: `wchar` (lib) generated 1 warning (run `cargo fix --lib -p wchar` to apply 1 suggestion)
       Fresh wchar v0.1.0 (/tmp/cargo-mutants-src-8jJkl8.tmp/crates/common/wchar)
warning: `wchar` (lib test) generated 1 warning (1 duplicate)
    Finished `test` profile [unoptimized + debuginfo] target(s) in 0.70s
     Running `/tmp/cargo-mutants-src-8jJkl8.tmp/target/debug/deps/wchar-c691244d690e1ac7`

running 0 tests

test result: ok. 0 passed; 0 failed; 0 ignored; 0 measured; 0 filtered out; finished in 0.00s

     Running `/tmp/cargo-mutants-src-8jJkl8.tmp/target/debug/deps/c_parity-b3177abeab3580a9`

running 13 tests
test max_length_matches_c ... ok
test or_incomplete_edge_cases ... ok
test set_invalid_matches_c ... ok
test dsplen_tables_match_c ... ok
test mblen_tables_match_c ... ok
test verifystr_corpora_match_c ... FAILED
test wchar2mb_matches_c ... ok
test mb2wchar_matches_c ... ok
test verifychar_pairs_match_c ... ok
test utf8_codepoint_walk_matches_c ... ok
test utf8_verify_3byte_exhaustive_matches_c ... ok
test verify_quads_match_c ... ok
test verify_triples_match_c ... ok

failures:

---- verifystr_corpora_match_c stdout ----

thread 'verifystr_corpora_match_c' (47033) panicked at crates/common/wchar/tests/c_parity.rs:162:13:
assertion `left == right` failed: corpus 16 enc 6
  left: 40
 right: 0
note: run with `RUST_BACKTRACE=1` environment variable to display a backtrace


failures:
    verifystr_corpora_match_c

test result: FAILED. 12 passed; 1 failed; 0 ignored; 0 measured; 0 filtered out; finished in 5.29s

error: test failed, to rerun pass `-p wchar --test c_parity`

*** result: Failure(101)
