
*** crates/common/wchar/src/lib.rs:1207:22: replace << with >>

*** mutation diff:
--- crates/common/wchar/src/lib.rs
+++ replace << with >>
@@ -1199,17 +1199,17 @@
 const P4B: u32 = 30;
 const END: u32 = BGN;
 const ASC: u32 = END << BGN;
 const L2A: u32 = CS1 << BGN;
 const L3A: u32 = P3A << BGN;
 const L3B: u32 = CS2 << BGN;
 const L3C: u32 = P3B << BGN;
 const L4A: u32 = P4A << BGN;
-const L4B: u32 = CS3 << BGN;
+const L4B: u32 = CS3 >> /* ~ changed by cargo-mutants ~ */ BGN;
 const L4C: u32 = P4B << BGN;
 const CR1: u32 = (END << CS1) | (CS1 << CS2) | (CS2 << CS3) | (CS1 << P3B) | (CS2 << P4B);
 const CR2: u32 = (END << CS1) | (CS1 << CS2) | (CS2 << CS3) | (CS1 << P3B) | (CS2 << P4A);
 const CR3: u32 = (END << CS1) | (CS1 << CS2) | (CS2 << CS3) | (CS1 << P3A) | (CS2 << P4A);
 const ILL: u32 = ERR;
 
 // Extracting bytes from u64 words keeps the byte feed scalar; a plain byte
 // loop is auto-vectorized into ld1 + per-byte umov, which stalls the state


*** /usr/local/rustup/toolchains/1.96.0-aarch64-unknown-linux-gnu/bin/cargo test --no-run --verbose --package=wchar@0.1.0
       Dirty wchar v0.1.0 (/tmp/cargo-mutants-src-8jJkl8.tmp/crates/common/wchar): the file `crates/common/wchar/src/lib.rs` has changed (1785518571.512204302s, 7s after last build at 1785518564.862374031s)
   Compiling wchar v0.1.0 (/tmp/cargo-mutants-src-8jJkl8.tmp/crates/common/wchar)
     Running `/usr/local/rustup/toolchains/1.96.0-aarch64-unknown-linux-gnu/bin/rustc --crate-name wchar --edition=2021 crates/common/wchar/src/lib.rs --error-format=json --json=diagnostic-rendered-ansi,artifacts,future-incompat --emit=dep-info,link -C embed-bitcode=no -C debuginfo=line-tables-only -C split-debuginfo=unpacked --test --check-cfg 'cfg(docsrs,test)' --check-cfg 'cfg(feature, values())' -C metadata=5294be34661295e2 -C extra-filename=-c691244d690e1ac7 --out-dir /tmp/cargo-mutants-src-8jJkl8.tmp/target/debug/deps -L dependency=/tmp/cargo-mutants-src-8jJkl8.tmp/target/debug/deps`
     Running `/usr/local/rustup/toolchains/1.96.0-aarch64-unknown-linux-gnu/bin/rustc --crate-name wchar --edition=2021 crates/common/wchar/src/lib.rs --error-format=json --json=diagnostic-rendered-ansi,artifacts,future-incompat --crate-type lib --emit=dep-info,metadata,link -C embed-bitcode=no -C debuginfo=line-tables-only -C split-debuginfo=unpacked --check-cfg 'cfg(docsrs,test)' --check-cfg 'cfg(feature, values())' -C metadata=4141646ee6216aa6 -C extra-filename=-da99c5603b4b462e --out-dir /tmp/cargo-mutants-src-8jJkl8.tmp/target/debug/deps -L dependency=/tmp/cargo-mutants-src-8jJkl8.tmp/target/debug/deps`
     Running `/usr/local/rustup/toolchains/1.96.0-aarch64-unknown-linux-gnu/bin/rustc --crate-name c_parity --edition=2021 crates/common/wchar/tests/c_parity.rs --error-format=json --json=diagnostic-rendered-ansi,artifacts,future-incompat --emit=dep-info,link -C embed-bitcode=no -C debuginfo=line-tables-only -C split-debuginfo=unpacked --test --check-cfg 'cfg(docsrs,test)' --check-cfg 'cfg(feature, values())' -C metadata=71d3f6dfc674836d -C extra-filename=-b3177abeab3580a9 --out-dir /tmp/cargo-mutants-src-8jJkl8.tmp/target/debug/deps -L dependency=/tmp/cargo-mutants-src-8jJkl8.tmp/target/debug/deps --extern wchar=/tmp/cargo-mutants-src-8jJkl8.tmp/target/debug/deps/libwchar-da99c5603b4b462e.rlib`
    Finished `test` profile [unoptimized + debuginfo] target(s) in 1.13s
  Executable `/tmp/cargo-mutants-src-8jJkl8.tmp/target/debug/deps/wchar-c691244d690e1ac7`
  Executable `/tmp/cargo-mutants-src-8jJkl8.tmp/target/debug/deps/c_parity-b3177abeab3580a9`

*** result: Success

*** /usr/local/rustup/toolchains/1.96.0-aarch64-unknown-linux-gnu/bin/cargo test --verbose --package=wchar@0.1.0
       Fresh wchar v0.1.0 (/tmp/cargo-mutants-src-8jJkl8.tmp/crates/common/wchar)
    Finished `test` profile [unoptimized + debuginfo] target(s) in 0.70s
     Running `/tmp/cargo-mutants-src-8jJkl8.tmp/target/debug/deps/wchar-c691244d690e1ac7`

running 0 tests

test result: ok. 0 passed; 0 failed; 0 ignored; 0 measured; 0 filtered out; finished in 0.00s

     Running `/tmp/cargo-mutants-src-8jJkl8.tmp/target/debug/deps/c_parity-b3177abeab3580a9`

running 13 tests
test max_length_matches_c ... ok
test set_invalid_matches_c ... ok
test or_incomplete_edge_cases ... ok
test dsplen_tables_match_c ... ok
test mblen_tables_match_c ... ok
test verifystr_corpora_match_c ... ok
test wchar2mb_matches_c ... ok
test mb2wchar_matches_c ... ok
test verifychar_pairs_match_c ... ok
test utf8_codepoint_walk_matches_c ... ok
test utf8_verify_3byte_exhaustive_matches_c ... ok
test verify_quads_match_c ... ok
test verify_triples_match_c ... ok

test result: ok. 13 passed; 0 failed; 0 ignored; 0 measured; 0 filtered out; finished in 5.33s

   Doc-tests wchar
     Running `/usr/local/rustup/toolchains/1.96.0-aarch64-unknown-linux-gnu/bin/rustdoc --edition=2021 --crate-type lib --color auto --crate-name wchar --test crates/common/wchar/src/lib.rs --test-run-directory /tmp/cargo-mutants-src-8jJkl8.tmp/crates/common/wchar --extern wchar=/tmp/cargo-mutants-src-8jJkl8.tmp/target/debug/deps/libwchar-da99c5603b4b462e.rlib -L dependency=/tmp/cargo-mutants-src-8jJkl8.tmp/target/debug/deps -C embed-bitcode=no --check-cfg 'cfg(docsrs,test)' --check-cfg 'cfg(feature, values())' --error-format human`

running 0 tests

test result: ok. 0 passed; 0 failed; 0 ignored; 0 measured; 0 filtered out; finished in 0.00s


*** result: Success
