
*** crates/common/wchar/src/lib.rs:608:5: replace is_lc2 -> bool with false

*** mutation diff:
--- crates/common/wchar/src/lib.rs
+++ replace is_lc2 -> bool with false
@@ -600,17 +600,17 @@
 
 #[inline(always)]
 fn is_lc1(b: u8) -> bool {
     (0x81..=0x8d).contains(&b)
 }
 
 #[inline(always)]
 fn is_lc2(b: u8) -> bool {
-    (0x90..=0x99).contains(&b)
+    false /* ~ changed by cargo-mutants ~ */
 }
 
 #[inline(always)]
 fn is_lcprv1(b: u8) -> bool {
     b == LCPRV1_A || b == LCPRV1_B
 }
 
 #[inline(always)]


*** /usr/local/rustup/toolchains/1.96.0-aarch64-unknown-linux-gnu/bin/cargo test --no-run --verbose --package=wchar@0.1.0
       Dirty wchar v0.1.0 (/tmp/cargo-mutants-src-mMT9xR.tmp/crates/common/wchar): the file `crates/common/wchar/src/lib.rs` has changed (1785516765.868164922s, 3s after last build at 1785516762.028261632s)
   Compiling wchar v0.1.0 (/tmp/cargo-mutants-src-mMT9xR.tmp/crates/common/wchar)
     Running `/usr/local/rustup/toolchains/1.96.0-aarch64-unknown-linux-gnu/bin/rustc --crate-name wchar --edition=2021 crates/common/wchar/src/lib.rs --error-format=json --json=diagnostic-rendered-ansi,artifacts,future-incompat --emit=dep-info,link -C embed-bitcode=no -C debuginfo=line-tables-only -C split-debuginfo=unpacked --test --check-cfg 'cfg(docsrs,test)' --check-cfg 'cfg(feature, values())' -C metadata=5294be34661295e2 -C extra-filename=-c691244d690e1ac7 --out-dir /tmp/cargo-mutants-src-mMT9xR.tmp/target/debug/deps -L dependency=/tmp/cargo-mutants-src-mMT9xR.tmp/target/debug/deps`
     Running `/usr/local/rustup/toolchains/1.96.0-aarch64-unknown-linux-gnu/bin/rustc --crate-name wchar --edition=2021 crates/common/wchar/src/lib.rs --error-format=json --json=diagnostic-rendered-ansi,artifacts,future-incompat --crate-type lib --emit=dep-info,metadata,link -C embed-bitcode=no -C debuginfo=line-tables-only -C split-debuginfo=unpacked --check-cfg 'cfg(docsrs,test)' --check-cfg 'cfg(feature, values())' -C metadata=4141646ee6216aa6 -C extra-filename=-da99c5603b4b462e --out-dir /tmp/cargo-mutants-src-mMT9xR.tmp/target/debug/deps -L dependency=/tmp/cargo-mutants-src-mMT9xR.tmp/target/debug/deps`
warning: unused variable: `b`
   --> crates/common/wchar/src/lib.rs:607:11
    |
607 | fn is_lc2(b: u8) -> bool {
    |           ^ help: if this is intentional, prefix it with an underscore: `_b`
    |
    = note: `#[warn(unused_variables)]` (part of `#[warn(unused)]`) on by default

warning: `wchar` (lib) generated 1 warning (run `cargo fix --lib -p wchar` to apply 1 suggestion)
     Running `/usr/local/rustup/toolchains/1.96.0-aarch64-unknown-linux-gnu/bin/rustc --crate-name c_parity --edition=2021 crates/common/wchar/tests/c_parity.rs --error-format=json --json=diagnostic-rendered-ansi,artifacts,future-incompat --emit=dep-info,link -C embed-bitcode=no -C debuginfo=line-tables-only -C split-debuginfo=unpacked --test --check-cfg 'cfg(docsrs,test)' --check-cfg 'cfg(feature, values())' -C metadata=71d3f6dfc674836d -C extra-filename=-b3177abeab3580a9 --out-dir /tmp/cargo-mutants-src-mMT9xR.tmp/target/debug/deps -L dependency=/tmp/cargo-mutants-src-mMT9xR.tmp/target/debug/deps --extern wchar=/tmp/cargo-mutants-src-mMT9xR.tmp/target/debug/deps/libwchar-da99c5603b4b462e.rlib`
warning: `wchar` (lib test) generated 1 warning (1 duplicate)
    Finished `test` profile [unoptimized + debuginfo] target(s) in 1.13s
  Executable `/tmp/cargo-mutants-src-mMT9xR.tmp/target/debug/deps/wchar-c691244d690e1ac7`
  Executable `/tmp/cargo-mutants-src-mMT9xR.tmp/target/debug/deps/c_parity-b3177abeab3580a9`

*** result: Success

*** /usr/local/rustup/toolchains/1.96.0-aarch64-unknown-linux-gnu/bin/cargo test --verbose --package=wchar@0.1.0
warning: unused variable: `b`
   --> crates/common/wchar/src/lib.rs:607:11
    |
607 | fn is_lc2(b: u8) -> bool {
    |           ^ help: if this is intentional, prefix it with an underscore: `_b`
    |
    = note: `#[warn(unused_variables)]` (part of `#[warn(unused)]`) on by default

warning: `wchar` (lib) generated 1 warning (run `cargo fix --lib -p wchar` to apply 1 suggestion)
       Fresh wchar v0.1.0 (/tmp/cargo-mutants-src-mMT9xR.tmp/crates/common/wchar)
warning: `wchar` (lib test) generated 1 warning (1 duplicate)
    Finished `test` profile [unoptimized + debuginfo] target(s) in 0.71s
     Running `/tmp/cargo-mutants-src-mMT9xR.tmp/target/debug/deps/wchar-c691244d690e1ac7`

running 0 tests

test result: ok. 0 passed; 0 failed; 0 ignored; 0 measured; 0 filtered out; finished in 0.00s

     Running `/tmp/cargo-mutants-src-mMT9xR.tmp/target/debug/deps/c_parity-b3177abeab3580a9`

running 13 tests
test max_length_matches_c ... ok
test or_incomplete_edge_cases ... ok
test dsplen_tables_match_c ... FAILED
test set_invalid_matches_c ... ok
test mblen_tables_match_c ... FAILED
test verifystr_corpora_match_c ... FAILED
test mb2wchar_matches_c ... FAILED
test wchar2mb_matches_c ... FAILED
test verifychar_pairs_match_c ... FAILED
test utf8_codepoint_walk_matches_c ... ok
test verify_quads_match_c ... FAILED
test verify_triples_match_c ... FAILED
test utf8_verify_3byte_exhaustive_matches_c ... ok

failures:

---- dsplen_tables_match_c stdout ----

thread 'dsplen_tables_match_c' (28717) panicked at crates/common/wchar/tests/c_parity.rs:60:13:
assertion `left == right` failed: enc 7 b 144
  left: 1
 right: 2
note: run with `RUST_BACKTRACE=1` environment variable to display a backtrace

---- mblen_tables_match_c stdout ----

thread 'mblen_tables_match_c' (28720) panicked at crates/common/wchar/tests/c_parity.rs:35:13:
assertion `left == right` failed: enc 7 b 144
  left: 1
 right: 3

---- verifystr_corpora_match_c stdout ----

thread 'verifystr_corpora_match_c' (28728) panicked at crates/common/wchar/tests/c_parity.rs:162:13:
assertion `left == right` failed: corpus 27 enc 7
  left: 1024
 right: 1021

---- mb2wchar_matches_c stdout ----

thread 'mb2wchar_matches_c' (28719) panicked at crates/common/wchar/tests/c_parity.rs:184:9:
assertion `left == right` failed: enc 7
  left: 8528329169422785612
 right: 4694492117092106448

---- wchar2mb_matches_c stdout ----

thread 'wchar2mb_matches_c' (28729) panicked at crates/common/wchar/tests/c_parity.rs:223:9:
assertion `left == right` failed: enc 7
  left: 9261832378660353383
 right: 3133501182798477778

---- verifychar_pairs_match_c stdout ----

thread 'verifychar_pairs_match_c' (28727) panicked at crates/common/wchar/tests/c_parity.rs:80:9:
assertion `left == right` failed: enc 7
  left: 748767183324083493
 right: 3698321501209814309

---- verify_quads_match_c stdout ----

thread 'verify_quads_match_c' (28725) panicked at crates/common/wchar/tests/c_parity.rs:124:9:
assertion `left == right` failed: enc 7
  left: 14273553309834292005
 right: 11266659970567000869

---- verify_triples_match_c stdout ----

thread 'verify_triples_match_c' (28726) panicked at crates/common/wchar/tests/c_parity.rs:102:9:
assertion `left == right` failed: enc 7
  left: 5028165536942563621
 right: 17329003597227702053


failures:
    dsplen_tables_match_c
    mb2wchar_matches_c
    mblen_tables_match_c
    verify_quads_match_c
    verify_triples_match_c
    verifychar_pairs_match_c
    verifystr_corpora_match_c
    wchar2mb_matches_c

test result: FAILED. 5 passed; 8 failed; 0 ignored; 0 measured; 0 filtered out; finished in 2.57s

error: test failed, to rerun pass `-p wchar --test c_parity`

*** result: Failure(101)
