
*** crates/common/wchar/src/lib.rs:1321:5: replace utf8_second_byte_legal -> bool with true

*** mutation diff:
--- crates/common/wchar/src/lib.rs
+++ replace utf8_second_byte_legal -> bool with true
@@ -1313,23 +1313,17 @@
     if a > 0xf4 {
         return false;
     }
     true
 }
 
 #[inline(always)]
 fn utf8_second_byte_legal(b0: u8, a: u8) -> bool {
-    match b0 {
-        0xe0 => (0xa0..=0xbf).contains(&a),
-        0xed => (0x80..=0x9f).contains(&a),
-        0xf0 => (0x90..=0xbf).contains(&a),
-        0xf4 => (0x80..=0x8f).contains(&a),
-        _ => (0x80..=0xbf).contains(&a),
-    }
+    true /* ~ changed by cargo-mutants ~ */
 }
 
 /// Writes the two-byte "invalid character" marker; `dst` must hold two bytes
 /// and `encoding` must be multibyte (C asserts).
 pub fn pg_encoding_set_invalid(encoding: i32, dst: &mut [u8]) {
     debug_assert!(pg_encoding_max_length(encoding) > 1);
     dst[0] = if encoding == PG_UTF8 {
         0xc0


*** /usr/local/rustup/toolchains/1.96.0-aarch64-unknown-linux-gnu/bin/cargo test --no-run --verbose --package=wchar@0.1.0
       Dirty wchar v0.1.0 (/tmp/cargo-mutants-src-Y5OD1s.tmp/crates/common/wchar): the file `crates/common/wchar/src/lib.rs` has changed (1785518891.194085571s, 7s after last build at 1785518884.594252996s)
   Compiling wchar v0.1.0 (/tmp/cargo-mutants-src-Y5OD1s.tmp/crates/common/wchar)
     Running `/usr/local/rustup/toolchains/1.96.0-aarch64-unknown-linux-gnu/bin/rustc --crate-name wchar --edition=2021 crates/common/wchar/src/lib.rs --error-format=json --json=diagnostic-rendered-ansi,artifacts,future-incompat --emit=dep-info,link -C embed-bitcode=no -C debuginfo=line-tables-only -C split-debuginfo=unpacked --test --check-cfg 'cfg(docsrs,test)' --check-cfg 'cfg(feature, values())' -C metadata=5294be34661295e2 -C extra-filename=-c691244d690e1ac7 --out-dir /tmp/cargo-mutants-src-Y5OD1s.tmp/target/debug/deps -L dependency=/tmp/cargo-mutants-src-Y5OD1s.tmp/target/debug/deps`
     Running `/usr/local/rustup/toolchains/1.96.0-aarch64-unknown-linux-gnu/bin/rustc --crate-name wchar --edition=2021 crates/common/wchar/src/lib.rs --error-format=json --json=diagnostic-rendered-ansi,artifacts,future-incompat --crate-type lib --emit=dep-info,metadata,link -C embed-bitcode=no -C debuginfo=line-tables-only -C split-debuginfo=unpacked --check-cfg 'cfg(docsrs,test)' --check-cfg 'cfg(feature, values())' -C metadata=4141646ee6216aa6 -C extra-filename=-da99c5603b4b462e --out-dir /tmp/cargo-mutants-src-Y5OD1s.tmp/target/debug/deps -L dependency=/tmp/cargo-mutants-src-Y5OD1s.tmp/target/debug/deps`
warning: unused variable: `b0`
    --> crates/common/wchar/src/lib.rs:1320:27
     |
1320 | fn utf8_second_byte_legal(b0: u8, a: u8) -> bool {
     |                           ^^ help: if this is intentional, prefix it with an underscore: `_b0`
     |
     = note: `#[warn(unused_variables)]` (part of `#[warn(unused)]`) on by default

warning: unused variable: `a`
    --> crates/common/wchar/src/lib.rs:1320:35
     |
1320 | fn utf8_second_byte_legal(b0: u8, a: u8) -> bool {
     |                                   ^ help: if this is intentional, prefix it with an underscore: `_a`

warning: `wchar` (lib) generated 2 warnings (run `cargo fix --lib -p wchar` to apply 2 suggestions)
     Running `/usr/local/rustup/toolchains/1.96.0-aarch64-unknown-linux-gnu/bin/rustc --crate-name c_parity --edition=2021 crates/common/wchar/tests/c_parity.rs --error-format=json --json=diagnostic-rendered-ansi,artifacts,future-incompat --emit=dep-info,link -C embed-bitcode=no -C debuginfo=line-tables-only -C split-debuginfo=unpacked --test --check-cfg 'cfg(docsrs,test)' --check-cfg 'cfg(feature, values())' -C metadata=71d3f6dfc674836d -C extra-filename=-b3177abeab3580a9 --out-dir /tmp/cargo-mutants-src-Y5OD1s.tmp/target/debug/deps -L dependency=/tmp/cargo-mutants-src-Y5OD1s.tmp/target/debug/deps --extern wchar=/tmp/cargo-mutants-src-Y5OD1s.tmp/target/debug/deps/libwchar-da99c5603b4b462e.rlib`
warning: `wchar` (lib test) generated 2 warnings (2 duplicates)
    Finished `test` profile [unoptimized + debuginfo] target(s) in 1.13s
  Executable `/tmp/cargo-mutants-src-Y5OD1s.tmp/target/debug/deps/wchar-c691244d690e1ac7`
  Executable `/tmp/cargo-mutants-src-Y5OD1s.tmp/target/debug/deps/c_parity-b3177abeab3580a9`

*** result: Success

*** /usr/local/rustup/toolchains/1.96.0-aarch64-unknown-linux-gnu/bin/cargo test --verbose --package=wchar@0.1.0
warning: unused variable: `b0`
    --> crates/common/wchar/src/lib.rs:1320:27
     |
1320 | fn utf8_second_byte_legal(b0: u8, a: u8) -> bool {
     |                           ^^ help: if this is intentional, prefix it with an underscore: `_b0`
     |
     = note: `#[warn(unused_variables)]` (part of `#[warn(unused)]`) on by default

warning: unused variable: `a`
    --> crates/common/wchar/src/lib.rs:1320:35
     |
1320 | fn utf8_second_byte_legal(b0: u8, a: u8) -> bool {
     |                                   ^ help: if this is intentional, prefix it with an underscore: `_a`

warning: `wchar` (lib) generated 2 warnings (run `cargo fix --lib -p wchar` to apply 2 suggestions)
       Fresh wchar v0.1.0 (/tmp/cargo-mutants-src-Y5OD1s.tmp/crates/common/wchar)
warning: `wchar` (lib test) generated 2 warnings (2 duplicates)
    Finished `test` profile [unoptimized + debuginfo] target(s) in 0.71s
     Running `/tmp/cargo-mutants-src-Y5OD1s.tmp/target/debug/deps/wchar-c691244d690e1ac7`

running 0 tests

test result: ok. 0 passed; 0 failed; 0 ignored; 0 measured; 0 filtered out; finished in 0.00s

     Running `/tmp/cargo-mutants-src-Y5OD1s.tmp/target/debug/deps/c_parity-b3177abeab3580a9`

running 13 tests
test max_length_matches_c ... ok
test or_incomplete_edge_cases ... ok
test set_invalid_matches_c ... ok
test dsplen_tables_match_c ... ok
test mblen_tables_match_c ... ok
test verifystr_corpora_match_c ... FAILED
test wchar2mb_matches_c ... ok
test mb2wchar_matches_c ... ok
test verifychar_pairs_match_c ... FAILED
test utf8_codepoint_walk_matches_c ... FAILED
test verify_quads_match_c ... FAILED
test verify_triples_match_c ... FAILED
test utf8_verify_3byte_exhaustive_matches_c ... FAILED

failures:

---- verifystr_corpora_match_c stdout ----

thread 'verifystr_corpora_match_c' (53463) panicked at crates/common/wchar/tests/c_parity.rs:162:13:
assertion `left == right` failed: corpus 116 enc 6
  left: 3
 right: 0
note: run with `RUST_BACKTRACE=1` environment variable to display a backtrace

---- verifychar_pairs_match_c stdout ----

thread 'verifychar_pairs_match_c' (53462) panicked at crates/common/wchar/tests/c_parity.rs:80:9:
assertion `left == right` failed: enc 6
  left: 4718109456831607589
 right: 8361214505092495653

---- utf8_codepoint_walk_matches_c stdout ----

thread 'utf8_codepoint_walk_matches_c' (53458) panicked at crates/common/wchar/tests/c_parity.rs:154:5:
assertion `left == right` failed
  left: 18197288524106082764
 right: 3252569362715540940

---- verify_quads_match_c stdout ----

thread 'verify_quads_match_c' (53460) panicked at crates/common/wchar/tests/c_parity.rs:124:9:
assertion `left == right` failed: enc 6
  left: 14467250809780831013
 right: 15767326444561765157

---- verify_triples_match_c stdout ----

thread 'verify_triples_match_c' (53461) panicked at crates/common/wchar/tests/c_parity.rs:102:9:
assertion `left == right` failed: enc 6
  left: 7494332707403542932
 right: 14634591377994729748

---- utf8_verify_3byte_exhaustive_matches_c stdout ----

thread 'utf8_verify_3byte_exhaustive_matches_c' (53459) panicked at crates/common/wchar/tests/c_parity.rs:140:5:
assertion `left == right` failed
  left: 3683949726087006100
 right: 8649043623152703380


failures:
    utf8_codepoint_walk_matches_c
    utf8_verify_3byte_exhaustive_matches_c
    verify_quads_match_c
    verify_triples_match_c
    verifychar_pairs_match_c
    verifystr_corpora_match_c

test result: FAILED. 7 passed; 6 failed; 0 ignored; 0 measured; 0 filtered out; finished in 2.60s

error: test failed, to rerun pass `-p wchar --test c_parity`

*** result: Failure(101)
