
*** crates/common/wchar/src/lib.rs:1269:17: delete - in pg_utf8_verifystr

*** mutation diff:
--- crates/common/wchar/src/lib.rs
+++ delete - in pg_utf8_verifystr
@@ -1261,17 +1261,17 @@
         if !is_highbit_set(b) {
             if b == 0 {
                 break;
             }
             rest = tail;
             continue;
         }
         let l = pg_utf8_verifychar(rest);
-        if l == -1 {
+        if l ==  /* ~ changed by cargo-mutants ~ */1 {
             break;
         }
         rest = &rest[l as usize..];
     }
     (len - rest.len()) as i32
 }
 
 pub fn pg_utf8_islegal(source: &[u8], length: i32) -> bool {


*** /usr/local/rustup/toolchains/1.96.0-aarch64-unknown-linux-gnu/bin/cargo test --no-run --verbose --package=wchar@0.1.0
       Dirty wchar v0.1.0 (/tmp/cargo-mutants-src-Y5OD1s.tmp/crates/common/wchar): the file `crates/common/wchar/src/lib.rs` has changed (1785518791.706591261s, 2s after last build at 1785518789.606644721s)
   Compiling wchar v0.1.0 (/tmp/cargo-mutants-src-Y5OD1s.tmp/crates/common/wchar)
     Running `/usr/local/rustup/toolchains/1.96.0-aarch64-unknown-linux-gnu/bin/rustc --crate-name wchar --edition=2021 crates/common/wchar/src/lib.rs --error-format=json --json=diagnostic-rendered-ansi,artifacts,future-incompat --emit=dep-info,link -C embed-bitcode=no -C debuginfo=line-tables-only -C split-debuginfo=unpacked --test --check-cfg 'cfg(docsrs,test)' --check-cfg 'cfg(feature, values())' -C metadata=5294be34661295e2 -C extra-filename=-c691244d690e1ac7 --out-dir /tmp/cargo-mutants-src-Y5OD1s.tmp/target/debug/deps -L dependency=/tmp/cargo-mutants-src-Y5OD1s.tmp/target/debug/deps`
     Running `/usr/local/rustup/toolchains/1.96.0-aarch64-unknown-linux-gnu/bin/rustc --crate-name wchar --edition=2021 crates/common/wchar/src/lib.rs --error-format=json --json=diagnostic-rendered-ansi,artifacts,future-incompat --crate-type lib --emit=dep-info,metadata,link -C embed-bitcode=no -C debuginfo=line-tables-only -C split-debuginfo=unpacked --check-cfg 'cfg(docsrs,test)' --check-cfg 'cfg(feature, values())' -C metadata=4141646ee6216aa6 -C extra-filename=-da99c5603b4b462e --out-dir /tmp/cargo-mutants-src-Y5OD1s.tmp/target/debug/deps -L dependency=/tmp/cargo-mutants-src-Y5OD1s.tmp/target/debug/deps`
     Running `/usr/local/rustup/toolchains/1.96.0-aarch64-unknown-linux-gnu/bin/rustc --crate-name c_parity --edition=2021 crates/common/wchar/tests/c_parity.rs --error-format=json --json=diagnostic-rendered-ansi,artifacts,future-incompat --emit=dep-info,link -C embed-bitcode=no -C debuginfo=line-tables-only -C split-debuginfo=unpacked --test --check-cfg 'cfg(docsrs,test)' --check-cfg 'cfg(feature, values())' -C metadata=71d3f6dfc674836d -C extra-filename=-b3177abeab3580a9 --out-dir /tmp/cargo-mutants-src-Y5OD1s.tmp/target/debug/deps -L dependency=/tmp/cargo-mutants-src-Y5OD1s.tmp/target/debug/deps --extern wchar=/tmp/cargo-mutants-src-Y5OD1s.tmp/target/debug/deps/libwchar-da99c5603b4b462e.rlib`
    Finished `test` profile [unoptimized + debuginfo] target(s) in 1.12s
  Executable `/tmp/cargo-mutants-src-Y5OD1s.tmp/target/debug/deps/wchar-c691244d690e1ac7`
  Executable `/tmp/cargo-mutants-src-Y5OD1s.tmp/target/debug/deps/c_parity-b3177abeab3580a9`

*** result: Success

*** /usr/local/rustup/toolchains/1.96.0-aarch64-unknown-linux-gnu/bin/cargo test --verbose --package=wchar@0.1.0
       Fresh wchar v0.1.0 (/tmp/cargo-mutants-src-Y5OD1s.tmp/crates/common/wchar)
    Finished `test` profile [unoptimized + debuginfo] target(s) in 0.70s
     Running `/tmp/cargo-mutants-src-Y5OD1s.tmp/target/debug/deps/wchar-c691244d690e1ac7`

running 0 tests

test result: ok. 0 passed; 0 failed; 0 ignored; 0 measured; 0 filtered out; finished in 0.00s

     Running `/tmp/cargo-mutants-src-Y5OD1s.tmp/target/debug/deps/c_parity-b3177abeab3580a9`

running 13 tests
test max_length_matches_c ... ok
test or_incomplete_edge_cases ... ok
test dsplen_tables_match_c ... ok
test set_invalid_matches_c ... ok
test mblen_tables_match_c ... ok
test verifystr_corpora_match_c ... FAILED
test utf8_verify_3byte_exhaustive_matches_c ... FAILED
test wchar2mb_matches_c ... ok
test mb2wchar_matches_c ... ok
test verifychar_pairs_match_c ... ok
test utf8_codepoint_walk_matches_c ... ok
test verify_quads_match_c ... FAILED
test verify_triples_match_c ... FAILED

failures:

---- verifystr_corpora_match_c stdout ----

thread 'verifystr_corpora_match_c' (52581) panicked at crates/common/wchar/src/lib.rs:1272:21:
range start index 18446744073709551615 out of range for slice of length 2
note: run with `RUST_BACKTRACE=1` environment variable to display a backtrace

---- utf8_verify_3byte_exhaustive_matches_c stdout ----

thread 'utf8_verify_3byte_exhaustive_matches_c' (52577) panicked at crates/common/wchar/src/lib.rs:1272:21:
range start index 18446744073709551615 out of range for slice of length 1

---- verify_quads_match_c stdout ----

thread 'verify_quads_match_c' (52578) panicked at crates/common/wchar/src/lib.rs:1272:21:
range start index 18446744073709551615 out of range for slice of length 4

---- verify_triples_match_c stdout ----

thread 'verify_triples_match_c' (52579) panicked at crates/common/wchar/src/lib.rs:1272:21:
range start index 18446744073709551615 out of range for slice of length 1


failures:
    utf8_verify_3byte_exhaustive_matches_c
    verify_quads_match_c
    verify_triples_match_c
    verifystr_corpora_match_c

test result: FAILED. 9 passed; 4 failed; 0 ignored; 0 measured; 0 filtered out; finished in 0.82s

error: test failed, to rerun pass `-p wchar --test c_parity`

*** result: Failure(101)
