
*** crates/common/wchar/src/lib.rs:903:5: replace pg_euctw_verifychar -> i32 with 1

*** mutation diff:
--- crates/common/wchar/src/lib.rs
+++ replace pg_euctw_verifychar -> i32 with 1
@@ -895,42 +895,17 @@
     }
 }
 
 fn pg_euckr_verifystr(s: &[u8]) -> i32 {
     verify_str(s, pg_euckr_verifychar)
 }
 
 fn pg_euctw_verifychar(s: &[u8]) -> i32 {
-    let len = s.len();
-    let c1 = s[0];
-    if c1 == SS2 {
-        if len < 4 {
-            return -1;
-        }
-        if !(0xa1..=0xa7).contains(&s[1]) {
-            return -1;
-        }
-        if !is_euc_range_valid(s[2]) || !is_euc_range_valid(s[3]) {
-            return -1;
-        }
-        4
-    } else if c1 == SS3 {
-        -1
-    } else if is_highbit_set(c1) {
-        if len < 2 {
-            return -1;
-        }
-        if !is_euc_range_valid(s[1]) {
-            return -1;
-        }
-        2
-    } else {
-        1
-    }
+    1 /* ~ changed by cargo-mutants ~ */
 }
 
 fn pg_euctw_verifystr(s: &[u8]) -> i32 {
     verify_str(s, pg_euctw_verifychar)
 }
 
 fn pg_johab_verifychar(s: &[u8]) -> i32 {
     let mbl = pg_johab_mblen(s);


*** /usr/local/rustup/toolchains/1.96.0-aarch64-unknown-linux-gnu/bin/cargo test --no-run --verbose --package=wchar@0.1.0
       Dirty wchar v0.1.0 (/tmp/cargo-mutants-src-8jJkl8.tmp/crates/common/wchar): the file `crates/common/wchar/src/lib.rs` has changed (1785517558.098044926s, 5m 1s after last build at 1785517257.595685396s)
   Compiling wchar v0.1.0 (/tmp/cargo-mutants-src-8jJkl8.tmp/crates/common/wchar)
     Running `/usr/local/rustup/toolchains/1.96.0-aarch64-unknown-linux-gnu/bin/rustc --crate-name wchar --edition=2021 crates/common/wchar/src/lib.rs --error-format=json --json=diagnostic-rendered-ansi,artifacts,future-incompat --emit=dep-info,link -C embed-bitcode=no -C debuginfo=line-tables-only -C split-debuginfo=unpacked --test --check-cfg 'cfg(docsrs,test)' --check-cfg 'cfg(feature, values())' -C metadata=5294be34661295e2 -C extra-filename=-c691244d690e1ac7 --out-dir /tmp/cargo-mutants-src-8jJkl8.tmp/target/debug/deps -L dependency=/tmp/cargo-mutants-src-8jJkl8.tmp/target/debug/deps`
     Running `/usr/local/rustup/toolchains/1.96.0-aarch64-unknown-linux-gnu/bin/rustc --crate-name wchar --edition=2021 crates/common/wchar/src/lib.rs --error-format=json --json=diagnostic-rendered-ansi,artifacts,future-incompat --crate-type lib --emit=dep-info,metadata,link -C embed-bitcode=no -C debuginfo=line-tables-only -C split-debuginfo=unpacked --check-cfg 'cfg(docsrs,test)' --check-cfg 'cfg(feature, values())' -C metadata=4141646ee6216aa6 -C extra-filename=-da99c5603b4b462e --out-dir /tmp/cargo-mutants-src-8jJkl8.tmp/target/debug/deps -L dependency=/tmp/cargo-mutants-src-8jJkl8.tmp/target/debug/deps`
warning: unused variable: `s`
   --> crates/common/wchar/src/lib.rs:902:24
    |
902 | fn pg_euctw_verifychar(s: &[u8]) -> i32 {
    |                        ^ help: if this is intentional, prefix it with an underscore: `_s`
    |
    = note: `#[warn(unused_variables)]` (part of `#[warn(unused)]`) on by default

warning: `wchar` (lib) generated 1 warning (run `cargo fix --lib -p wchar` to apply 1 suggestion)
     Running `/usr/local/rustup/toolchains/1.96.0-aarch64-unknown-linux-gnu/bin/rustc --crate-name c_parity --edition=2021 crates/common/wchar/tests/c_parity.rs --error-format=json --json=diagnostic-rendered-ansi,artifacts,future-incompat --emit=dep-info,link -C embed-bitcode=no -C debuginfo=line-tables-only -C split-debuginfo=unpacked --test --check-cfg 'cfg(docsrs,test)' --check-cfg 'cfg(feature, values())' -C metadata=71d3f6dfc674836d -C extra-filename=-b3177abeab3580a9 --out-dir /tmp/cargo-mutants-src-8jJkl8.tmp/target/debug/deps -L dependency=/tmp/cargo-mutants-src-8jJkl8.tmp/target/debug/deps --extern wchar=/tmp/cargo-mutants-src-8jJkl8.tmp/target/debug/deps/libwchar-da99c5603b4b462e.rlib`
warning: `wchar` (lib test) generated 1 warning (1 duplicate)
    Finished `test` profile [unoptimized + debuginfo] target(s) in 1.12s
  Executable `/tmp/cargo-mutants-src-8jJkl8.tmp/target/debug/deps/wchar-c691244d690e1ac7`
  Executable `/tmp/cargo-mutants-src-8jJkl8.tmp/target/debug/deps/c_parity-b3177abeab3580a9`

*** result: Success

*** /usr/local/rustup/toolchains/1.96.0-aarch64-unknown-linux-gnu/bin/cargo test --verbose --package=wchar@0.1.0
warning: unused variable: `s`
   --> crates/common/wchar/src/lib.rs:902:24
    |
902 | fn pg_euctw_verifychar(s: &[u8]) -> i32 {
    |                        ^ help: if this is intentional, prefix it with an underscore: `_s`
    |
    = note: `#[warn(unused_variables)]` (part of `#[warn(unused)]`) on by default

warning: `wchar` (lib) generated 1 warning (run `cargo fix --lib -p wchar` to apply 1 suggestion)
       Fresh wchar v0.1.0 (/tmp/cargo-mutants-src-8jJkl8.tmp/crates/common/wchar)
warning: `wchar` (lib test) generated 1 warning (1 duplicate)
    Finished `test` profile [unoptimized + debuginfo] target(s) in 0.71s
     Running `/tmp/cargo-mutants-src-8jJkl8.tmp/target/debug/deps/wchar-c691244d690e1ac7`

running 0 tests

test result: ok. 0 passed; 0 failed; 0 ignored; 0 measured; 0 filtered out; finished in 0.00s

     Running `/tmp/cargo-mutants-src-8jJkl8.tmp/target/debug/deps/c_parity-b3177abeab3580a9`

running 13 tests
test max_length_matches_c ... ok
test set_invalid_matches_c ... ok
test or_incomplete_edge_cases ... ok
test dsplen_tables_match_c ... ok
test mblen_tables_match_c ... ok
test verifystr_corpora_match_c ... FAILED
test mb2wchar_matches_c ... ok
test wchar2mb_matches_c ... ok
test verifychar_pairs_match_c ... FAILED
test utf8_codepoint_walk_matches_c ... ok
test verify_quads_match_c ... FAILED
test verify_triples_match_c ... FAILED
test utf8_verify_3byte_exhaustive_matches_c ... ok

failures:

---- verifystr_corpora_match_c stdout ----

thread 'verifystr_corpora_match_c' (38740) panicked at crates/common/wchar/tests/c_parity.rs:162:13:
assertion `left == right` failed: corpus 22 enc 4
  left: 16
 right: 2
note: run with `RUST_BACKTRACE=1` environment variable to display a backtrace

---- verifychar_pairs_match_c stdout ----

thread 'verifychar_pairs_match_c' (38739) panicked at crates/common/wchar/tests/c_parity.rs:80:9:
assertion `left == right` failed: enc 4
  left: 1677996718092854053
 right: 9371664108075351349

---- verify_quads_match_c stdout ----

thread 'verify_quads_match_c' (38737) panicked at crates/common/wchar/tests/c_parity.rs:124:9:
assertion `left == right` failed: enc 4
  left: 13540835691694531365
 right: 4552606478181788629

---- verify_triples_match_c stdout ----

thread 'verify_triples_match_c' (38738) panicked at crates/common/wchar/tests/c_parity.rs:102:9:
assertion `left == right` failed: enc 4
  left: 11667988157482215828
 right: 18277913692564833172


failures:
    verify_quads_match_c
    verify_triples_match_c
    verifychar_pairs_match_c
    verifystr_corpora_match_c

test result: FAILED. 9 passed; 4 failed; 0 ignored; 0 measured; 0 filtered out; finished in 2.60s

error: test failed, to rerun pass `-p wchar --test c_parity`

*** result: Failure(101)
