
*** crates/common/wchar/src/lib.rs:1278:5: replace pg_utf8_islegal -> bool with false

*** mutation diff:
--- crates/common/wchar/src/lib.rs
+++ replace pg_utf8_islegal -> bool with false
@@ -1270,55 +1270,17 @@
             break;
         }
         rest = &rest[l as usize..];
     }
     (len - rest.len()) as i32
 }
 
 pub fn pg_utf8_islegal(source: &[u8], length: i32) -> bool {
-    match length {
-        4 => {
-            if !(0x80..=0xbf).contains(&source[3]) {
-                return false;
-            }
-            if !(0x80..=0xbf).contains(&source[2]) {
-                return false;
-            }
-            if !utf8_second_byte_legal(source[0], source[1]) {
-                return false;
-            }
-        }
-        3 => {
-            if !(0x80..=0xbf).contains(&source[2]) {
-                return false;
-            }
-            if !utf8_second_byte_legal(source[0], source[1]) {
-                return false;
-            }
-        }
-        2 => {
-            if !utf8_second_byte_legal(source[0], source[1]) {
-                return false;
-            }
-        }
-        1 => {}
-        // C (wchar.c pg_utf8_islegal) switch default: lengths outside 1..=4
-        // are illegal. Divergence found+fixed via proofs/utf8 out-of-contract
-        // harness (Rust used to fall through to the first-byte checks).
-        _ => return false,
-    }
-    let a = source[0];
-    if (0x80..0xc2).contains(&a) {
-        return false;
-    }
-    if a > 0xf4 {
-        return false;
-    }
-    true
+    false /* ~ changed by cargo-mutants ~ */
 }
 
 #[inline(always)]
 fn utf8_second_byte_legal(b0: u8, a: u8) -> bool {
     match b0 {
         0xe0 => (0xa0..=0xbf).contains(&a),
         0xed => (0x80..=0x9f).contains(&a),
         0xf0 => (0x90..=0xbf).contains(&a),


*** /usr/local/rustup/toolchains/1.96.0-aarch64-unknown-linux-gnu/bin/cargo test --no-run --verbose --package=wchar@0.1.0
       Dirty wchar v0.1.0 (/tmp/cargo-mutants-src-Y5OD1s.tmp/crates/common/wchar): the file `crates/common/wchar/src/lib.rs` has changed (1785518806.416216993s, 4s after last build at 1785518802.616313636s)
   Compiling wchar v0.1.0 (/tmp/cargo-mutants-src-Y5OD1s.tmp/crates/common/wchar)
     Running `/usr/local/rustup/toolchains/1.96.0-aarch64-unknown-linux-gnu/bin/rustc --crate-name wchar --edition=2021 crates/common/wchar/src/lib.rs --error-format=json --json=diagnostic-rendered-ansi,artifacts,future-incompat --emit=dep-info,link -C embed-bitcode=no -C debuginfo=line-tables-only -C split-debuginfo=unpacked --test --check-cfg 'cfg(docsrs,test)' --check-cfg 'cfg(feature, values())' -C metadata=5294be34661295e2 -C extra-filename=-c691244d690e1ac7 --out-dir /tmp/cargo-mutants-src-Y5OD1s.tmp/target/debug/deps -L dependency=/tmp/cargo-mutants-src-Y5OD1s.tmp/target/debug/deps`
     Running `/usr/local/rustup/toolchains/1.96.0-aarch64-unknown-linux-gnu/bin/rustc --crate-name wchar --edition=2021 crates/common/wchar/src/lib.rs --error-format=json --json=diagnostic-rendered-ansi,artifacts,future-incompat --crate-type lib --emit=dep-info,metadata,link -C embed-bitcode=no -C debuginfo=line-tables-only -C split-debuginfo=unpacked --check-cfg 'cfg(docsrs,test)' --check-cfg 'cfg(feature, values())' -C metadata=4141646ee6216aa6 -C extra-filename=-da99c5603b4b462e --out-dir /tmp/cargo-mutants-src-Y5OD1s.tmp/target/debug/deps -L dependency=/tmp/cargo-mutants-src-Y5OD1s.tmp/target/debug/deps`
warning: unused variable: `source`
    --> crates/common/wchar/src/lib.rs:1277:24
     |
1277 | pub fn pg_utf8_islegal(source: &[u8], length: i32) -> bool {
     |                        ^^^^^^ help: if this is intentional, prefix it with an underscore: `_source`
     |
     = note: `#[warn(unused_variables)]` (part of `#[warn(unused)]`) on by default

warning: unused variable: `length`
    --> crates/common/wchar/src/lib.rs:1277:39
     |
1277 | pub fn pg_utf8_islegal(source: &[u8], length: i32) -> bool {
     |                                       ^^^^^^ help: if this is intentional, prefix it with an underscore: `_length`

warning: function `utf8_second_byte_legal` is never used
    --> crates/common/wchar/src/lib.rs:1282:4
     |
1282 | fn utf8_second_byte_legal(b0: u8, a: u8) -> bool {
     |    ^^^^^^^^^^^^^^^^^^^^^^
     |
     = note: `#[warn(dead_code)]` (part of `#[warn(unused)]`) on by default

warning: `wchar` (lib) generated 3 warnings (run `cargo fix --lib -p wchar` to apply 2 suggestions)
     Running `/usr/local/rustup/toolchains/1.96.0-aarch64-unknown-linux-gnu/bin/rustc --crate-name c_parity --edition=2021 crates/common/wchar/tests/c_parity.rs --error-format=json --json=diagnostic-rendered-ansi,artifacts,future-incompat --emit=dep-info,link -C embed-bitcode=no -C debuginfo=line-tables-only -C split-debuginfo=unpacked --test --check-cfg 'cfg(docsrs,test)' --check-cfg 'cfg(feature, values())' -C metadata=71d3f6dfc674836d -C extra-filename=-b3177abeab3580a9 --out-dir /tmp/cargo-mutants-src-Y5OD1s.tmp/target/debug/deps -L dependency=/tmp/cargo-mutants-src-Y5OD1s.tmp/target/debug/deps --extern wchar=/tmp/cargo-mutants-src-Y5OD1s.tmp/target/debug/deps/libwchar-da99c5603b4b462e.rlib`
warning: `wchar` (lib test) generated 3 warnings (3 duplicates)
    Finished `test` profile [unoptimized + debuginfo] target(s) in 1.13s
  Executable `/tmp/cargo-mutants-src-Y5OD1s.tmp/target/debug/deps/wchar-c691244d690e1ac7`
  Executable `/tmp/cargo-mutants-src-Y5OD1s.tmp/target/debug/deps/c_parity-b3177abeab3580a9`

*** result: Success

*** /usr/local/rustup/toolchains/1.96.0-aarch64-unknown-linux-gnu/bin/cargo test --verbose --package=wchar@0.1.0
warning: unused variable: `source`
    --> crates/common/wchar/src/lib.rs:1277:24
     |
1277 | pub fn pg_utf8_islegal(source: &[u8], length: i32) -> bool {
     |                        ^^^^^^ help: if this is intentional, prefix it with an underscore: `_source`
     |
     = note: `#[warn(unused_variables)]` (part of `#[warn(unused)]`) on by default

warning: unused variable: `length`
    --> crates/common/wchar/src/lib.rs:1277:39
     |
1277 | pub fn pg_utf8_islegal(source: &[u8], length: i32) -> bool {
     |                                       ^^^^^^ help: if this is intentional, prefix it with an underscore: `_length`

warning: function `utf8_second_byte_legal` is never used
    --> crates/common/wchar/src/lib.rs:1282:4
     |
1282 | fn utf8_second_byte_legal(b0: u8, a: u8) -> bool {
     |    ^^^^^^^^^^^^^^^^^^^^^^
     |
     = note: `#[warn(dead_code)]` (part of `#[warn(unused)]`) on by default

warning: `wchar` (lib) generated 3 warnings (run `cargo fix --lib -p wchar` to apply 2 suggestions)
       Fresh wchar v0.1.0 (/tmp/cargo-mutants-src-Y5OD1s.tmp/crates/common/wchar)
warning: `wchar` (lib test) generated 3 warnings (3 duplicates)
    Finished `test` profile [unoptimized + debuginfo] target(s) in 0.70s
     Running `/tmp/cargo-mutants-src-Y5OD1s.tmp/target/debug/deps/wchar-c691244d690e1ac7`

running 0 tests

test result: ok. 0 passed; 0 failed; 0 ignored; 0 measured; 0 filtered out; finished in 0.00s

     Running `/tmp/cargo-mutants-src-Y5OD1s.tmp/target/debug/deps/c_parity-b3177abeab3580a9`

running 13 tests
test max_length_matches_c ... ok
test or_incomplete_edge_cases ... ok
test dsplen_tables_match_c ... ok
test set_invalid_matches_c ... ok
test mblen_tables_match_c ... ok
test verifystr_corpora_match_c ... FAILED
test wchar2mb_matches_c ... ok
test mb2wchar_matches_c ... ok
test verifychar_pairs_match_c ... FAILED
test utf8_codepoint_walk_matches_c ... FAILED
test verify_quads_match_c ... FAILED
test verify_triples_match_c ... FAILED
test utf8_verify_3byte_exhaustive_matches_c ... FAILED

failures:

---- verifystr_corpora_match_c stdout ----

thread 'verifystr_corpora_match_c' (52777) panicked at crates/common/wchar/tests/c_parity.rs:162:13:
assertion `left == right` failed: corpus 21 enc 6
  left: 0
 right: 5
note: run with `RUST_BACKTRACE=1` environment variable to display a backtrace

---- verifychar_pairs_match_c stdout ----

thread 'verifychar_pairs_match_c' (52776) panicked at crates/common/wchar/tests/c_parity.rs:80:9:
assertion `left == right` failed: enc 6
  left: 876162474495769381
 right: 8361214505092495653

---- utf8_codepoint_walk_matches_c stdout ----

thread 'utf8_codepoint_walk_matches_c' (52772) panicked at crates/common/wchar/tests/c_parity.rs:154:5:
assertion `left == right` failed
  left: 16862545358541249813
 right: 3252569362715540940

---- verify_quads_match_c stdout ----

thread 'verify_quads_match_c' (52774) panicked at crates/common/wchar/tests/c_parity.rs:124:9:
assertion `left == right` failed: enc 6
  left: 13398812283729224485
 right: 15767326444561765157

---- verify_triples_match_c stdout ----

thread 'verify_triples_match_c' (52775) panicked at crates/common/wchar/tests/c_parity.rs:102:9:
assertion `left == right` failed: enc 6
  left: 4283289550930800020
 right: 14634591377994729748

---- utf8_verify_3byte_exhaustive_matches_c stdout ----

thread 'utf8_verify_3byte_exhaustive_matches_c' (52773) panicked at crates/common/wchar/tests/c_parity.rs:140:5:
assertion `left == right` failed
  left: 13656329433900648340
 right: 8649043623152703380


failures:
    utf8_codepoint_walk_matches_c
    utf8_verify_3byte_exhaustive_matches_c
    verify_quads_match_c
    verify_triples_match_c
    verifychar_pairs_match_c
    verifystr_corpora_match_c

test result: FAILED. 7 passed; 6 failed; 0 ignored; 0 measured; 0 filtered out; finished in 2.27s

error: test failed, to rerun pass `-p wchar --test c_parity`

*** result: Failure(101)
