
*** crates/common/wchar/src/lib.rs:890:20: delete - in pg_euckr_verifychar

*** mutation diff:
--- crates/common/wchar/src/lib.rs
+++ delete - in pg_euckr_verifychar
@@ -882,17 +882,17 @@
 
 fn pg_euckr_verifychar(s: &[u8]) -> i32 {
     let c1 = s[0];
     if is_highbit_set(c1) {
         if s.len() < 2 {
             return -1;
         }
         if !is_euc_range_valid(c1) || !is_euc_range_valid(s[1]) {
-            return -1;
+            return  /* ~ changed by cargo-mutants ~ */1;
         }
         2
     } else {
         1
     }
 }
 
 fn pg_euckr_verifystr(s: &[u8]) -> i32 {


*** /usr/local/rustup/toolchains/1.96.0-aarch64-unknown-linux-gnu/bin/cargo test --no-run --verbose --package=wchar@0.1.0
       Dirty wchar v0.1.0 (/tmp/cargo-mutants-src-mMT9xR.tmp/crates/common/wchar): the file `crates/common/wchar/src/lib.rs` has changed (1785517500.579513023s, 4s after last build at 1785517496.729610997s)
   Compiling wchar v0.1.0 (/tmp/cargo-mutants-src-mMT9xR.tmp/crates/common/wchar)
     Running `/usr/local/rustup/toolchains/1.96.0-aarch64-unknown-linux-gnu/bin/rustc --crate-name wchar --edition=2021 crates/common/wchar/src/lib.rs --error-format=json --json=diagnostic-rendered-ansi,artifacts,future-incompat --emit=dep-info,link -C embed-bitcode=no -C debuginfo=line-tables-only -C split-debuginfo=unpacked --test --check-cfg 'cfg(docsrs,test)' --check-cfg 'cfg(feature, values())' -C metadata=5294be34661295e2 -C extra-filename=-c691244d690e1ac7 --out-dir /tmp/cargo-mutants-src-mMT9xR.tmp/target/debug/deps -L dependency=/tmp/cargo-mutants-src-mMT9xR.tmp/target/debug/deps`
     Running `/usr/local/rustup/toolchains/1.96.0-aarch64-unknown-linux-gnu/bin/rustc --crate-name wchar --edition=2021 crates/common/wchar/src/lib.rs --error-format=json --json=diagnostic-rendered-ansi,artifacts,future-incompat --crate-type lib --emit=dep-info,metadata,link -C embed-bitcode=no -C debuginfo=line-tables-only -C split-debuginfo=unpacked --check-cfg 'cfg(docsrs,test)' --check-cfg 'cfg(feature, values())' -C metadata=4141646ee6216aa6 -C extra-filename=-da99c5603b4b462e --out-dir /tmp/cargo-mutants-src-mMT9xR.tmp/target/debug/deps -L dependency=/tmp/cargo-mutants-src-mMT9xR.tmp/target/debug/deps`
     Running `/usr/local/rustup/toolchains/1.96.0-aarch64-unknown-linux-gnu/bin/rustc --crate-name c_parity --edition=2021 crates/common/wchar/tests/c_parity.rs --error-format=json --json=diagnostic-rendered-ansi,artifacts,future-incompat --emit=dep-info,link -C embed-bitcode=no -C debuginfo=line-tables-only -C split-debuginfo=unpacked --test --check-cfg 'cfg(docsrs,test)' --check-cfg 'cfg(feature, values())' -C metadata=71d3f6dfc674836d -C extra-filename=-b3177abeab3580a9 --out-dir /tmp/cargo-mutants-src-mMT9xR.tmp/target/debug/deps -L dependency=/tmp/cargo-mutants-src-mMT9xR.tmp/target/debug/deps --extern wchar=/tmp/cargo-mutants-src-mMT9xR.tmp/target/debug/deps/libwchar-da99c5603b4b462e.rlib`
    Finished `test` profile [unoptimized + debuginfo] target(s) in 1.12s
  Executable `/tmp/cargo-mutants-src-mMT9xR.tmp/target/debug/deps/wchar-c691244d690e1ac7`
  Executable `/tmp/cargo-mutants-src-mMT9xR.tmp/target/debug/deps/c_parity-b3177abeab3580a9`

*** result: Success

*** /usr/local/rustup/toolchains/1.96.0-aarch64-unknown-linux-gnu/bin/cargo test --verbose --package=wchar@0.1.0
       Fresh wchar v0.1.0 (/tmp/cargo-mutants-src-mMT9xR.tmp/crates/common/wchar)
    Finished `test` profile [unoptimized + debuginfo] target(s) in 0.70s
     Running `/tmp/cargo-mutants-src-mMT9xR.tmp/target/debug/deps/wchar-c691244d690e1ac7`

running 0 tests

test result: ok. 0 passed; 0 failed; 0 ignored; 0 measured; 0 filtered out; finished in 0.00s

     Running `/tmp/cargo-mutants-src-mMT9xR.tmp/target/debug/deps/c_parity-b3177abeab3580a9`

running 13 tests
test max_length_matches_c ... ok
test dsplen_tables_match_c ... ok
test or_incomplete_edge_cases ... ok
test set_invalid_matches_c ... ok
test mblen_tables_match_c ... ok
test verifystr_corpora_match_c ... FAILED
test wchar2mb_matches_c ... ok
test verifychar_pairs_match_c ... FAILED
test mb2wchar_matches_c ... ok
test utf8_codepoint_walk_matches_c ... ok
test verify_quads_match_c ... FAILED
test verify_triples_match_c ... FAILED
test utf8_verify_3byte_exhaustive_matches_c ... ok

failures:

---- verifystr_corpora_match_c stdout ----

thread 'verifystr_corpora_match_c' (38495) panicked at crates/common/wchar/tests/c_parity.rs:162:13:
assertion `left == right` failed: corpus 22 enc 2
  left: 15
 right: 2
note: run with `RUST_BACKTRACE=1` environment variable to display a backtrace

---- verifychar_pairs_match_c stdout ----

thread 'verifychar_pairs_match_c' (38494) panicked at crates/common/wchar/tests/c_parity.rs:80:9:
assertion `left == right` failed: enc 2
  left: 306477729775138661
 right: 2764323770761133621

---- verify_quads_match_c stdout ----

thread 'verify_quads_match_c' (38492) panicked at crates/common/wchar/tests/c_parity.rs:124:9:
assertion `left == right` failed: enc 2
  left: 13099577712406569765
 right: 13153552384047741733

---- verify_triples_match_c stdout ----

thread 'verify_triples_match_c' (38493) panicked at crates/common/wchar/tests/c_parity.rs:102:9:
assertion `left == right` failed: enc 2
  left: 11125118780101914004
 right: 7041007743533753236


failures:
    verify_quads_match_c
    verify_triples_match_c
    verifychar_pairs_match_c
    verifystr_corpora_match_c

test result: FAILED. 9 passed; 4 failed; 0 ignored; 0 measured; 0 filtered out; finished in 2.59s

error: test failed, to rerun pass `-p wchar --test c_parity`

*** result: Failure(101)
