
*** crates/common/wchar/src/lib.rs:487:24: replace == with != in pg_utf_mblen_byte

*** mutation diff:
--- crates/common/wchar/src/lib.rs
+++ replace == with != in pg_utf_mblen_byte
@@ -479,17 +479,17 @@
 }
 
 #[inline(always)]
 fn pg_utf_mblen_byte(b: u8) -> i32 {
     if b & 0x80 == 0 {
         1
     } else if b & 0xe0 == 0xc0 {
         2
-    } else if b & 0xf0 == 0xe0 {
+    } else if b & 0xf0 != /* ~ changed by cargo-mutants ~ */ 0xe0 {
         3
     } else if b & 0xf8 == 0xf0 {
         4
     } else {
         1
     }
 }
 


*** /usr/local/rustup/toolchains/1.96.0-aarch64-unknown-linux-gnu/bin/cargo test --no-run --verbose --package=wchar@0.1.0
    Blocking waiting for file lock on package cache
    Blocking waiting for file lock on package cache
    Blocking waiting for file lock on shared package cache
       Dirty wchar v0.1.0 (/tmp/cargo-mutants-src-mMT9xR.tmp/crates/common/wchar): the file `crates/common/wchar/src/lib.rs` has changed (1785516186.552833862s, 7s after last build at 1785516179.683008188s)
   Compiling wchar v0.1.0 (/tmp/cargo-mutants-src-mMT9xR.tmp/crates/common/wchar)
     Running `/usr/local/rustup/toolchains/1.96.0-aarch64-unknown-linux-gnu/bin/rustc --crate-name wchar --edition=2021 crates/common/wchar/src/lib.rs --error-format=json --json=diagnostic-rendered-ansi,artifacts,future-incompat --emit=dep-info,link -C embed-bitcode=no -C debuginfo=line-tables-only -C split-debuginfo=unpacked --test --check-cfg 'cfg(docsrs,test)' --check-cfg 'cfg(feature, values())' -C metadata=5294be34661295e2 -C extra-filename=-c691244d690e1ac7 --out-dir /tmp/cargo-mutants-src-mMT9xR.tmp/target/debug/deps -L dependency=/tmp/cargo-mutants-src-mMT9xR.tmp/target/debug/deps`
     Running `/usr/local/rustup/toolchains/1.96.0-aarch64-unknown-linux-gnu/bin/rustc --crate-name wchar --edition=2021 crates/common/wchar/src/lib.rs --error-format=json --json=diagnostic-rendered-ansi,artifacts,future-incompat --crate-type lib --emit=dep-info,metadata,link -C embed-bitcode=no -C debuginfo=line-tables-only -C split-debuginfo=unpacked --check-cfg 'cfg(docsrs,test)' --check-cfg 'cfg(feature, values())' -C metadata=4141646ee6216aa6 -C extra-filename=-da99c5603b4b462e --out-dir /tmp/cargo-mutants-src-mMT9xR.tmp/target/debug/deps -L dependency=/tmp/cargo-mutants-src-mMT9xR.tmp/target/debug/deps`
     Running `/usr/local/rustup/toolchains/1.96.0-aarch64-unknown-linux-gnu/bin/rustc --crate-name c_parity --edition=2021 crates/common/wchar/tests/c_parity.rs --error-format=json --json=diagnostic-rendered-ansi,artifacts,future-incompat --emit=dep-info,link -C embed-bitcode=no -C debuginfo=line-tables-only -C split-debuginfo=unpacked --test --check-cfg 'cfg(docsrs,test)' --check-cfg 'cfg(feature, values())' -C metadata=71d3f6dfc674836d -C extra-filename=-b3177abeab3580a9 --out-dir /tmp/cargo-mutants-src-mMT9xR.tmp/target/debug/deps -L dependency=/tmp/cargo-mutants-src-mMT9xR.tmp/target/debug/deps --extern wchar=/tmp/cargo-mutants-src-mMT9xR.tmp/target/debug/deps/libwchar-da99c5603b4b462e.rlib`
    Finished `test` profile [unoptimized + debuginfo] target(s) in 1.32s
  Executable `/tmp/cargo-mutants-src-mMT9xR.tmp/target/debug/deps/wchar-c691244d690e1ac7`
  Executable `/tmp/cargo-mutants-src-mMT9xR.tmp/target/debug/deps/c_parity-b3177abeab3580a9`

*** result: Success

*** /usr/local/rustup/toolchains/1.96.0-aarch64-unknown-linux-gnu/bin/cargo test --verbose --package=wchar@0.1.0
    Blocking waiting for file lock on package cache
    Blocking waiting for file lock on package cache
    Blocking waiting for file lock on package cache
       Fresh wchar v0.1.0 (/tmp/cargo-mutants-src-mMT9xR.tmp/crates/common/wchar)
    Finished `test` profile [unoptimized + debuginfo] target(s) in 0.87s
     Running `/tmp/cargo-mutants-src-mMT9xR.tmp/target/debug/deps/wchar-c691244d690e1ac7`

running 0 tests

test result: ok. 0 passed; 0 failed; 0 ignored; 0 measured; 0 filtered out; finished in 0.00s

     Running `/tmp/cargo-mutants-src-mMT9xR.tmp/target/debug/deps/c_parity-b3177abeab3580a9`

running 13 tests
test max_length_matches_c ... ok
test dsplen_tables_match_c ... ok
test set_invalid_matches_c ... ok
test mblen_tables_match_c ... FAILED
test or_incomplete_edge_cases ... FAILED
test wchar2mb_matches_c ... FAILED
test verifystr_corpora_match_c ... FAILED
test mb2wchar_matches_c ... ok
test verifychar_pairs_match_c ... ok
test utf8_codepoint_walk_matches_c ... FAILED
test utf8_verify_3byte_exhaustive_matches_c ... ok
test verify_quads_match_c ... ok
test verify_triples_match_c ... ok

failures:

---- mblen_tables_match_c stdout ----

thread 'mblen_tables_match_c' (22677) panicked at crates/common/wchar/tests/c_parity.rs:35:13:
assertion `left == right` failed: enc 6 b 128
  left: 3
 right: 1
note: run with `RUST_BACKTRACE=1` environment variable to display a backtrace

---- or_incomplete_edge_cases stdout ----

thread 'or_incomplete_edge_cases' (22680) panicked at crates/common/wchar/tests/c_parity.rs:242:5:
assertion `left == right` failed
  left: 3
 right: 4

---- wchar2mb_matches_c stdout ----

thread 'wchar2mb_matches_c' (22712) panicked at crates/common/wchar/tests/c_parity.rs:223:9:
assertion `left == right` failed: enc 6
  left: 14667525526007408737
 right: 1083083656248983483

---- verifystr_corpora_match_c stdout ----

thread 'verifystr_corpora_match_c' (22694) panicked at crates/common/wchar/tests/c_parity.rs:162:13:
assertion `left == right` failed: corpus 53 enc 6
  left: 31
 right: 41

---- utf8_codepoint_walk_matches_c stdout ----

thread 'utf8_codepoint_walk_matches_c' (22683) panicked at crates/common/wchar/tests/c_parity.rs:154:5:
assertion `left == right` failed
  left: 1343045576310143412
 right: 3252569362715540940


failures:
    mblen_tables_match_c
    or_incomplete_edge_cases
    utf8_codepoint_walk_matches_c
    verifystr_corpora_match_c
    wchar2mb_matches_c

test result: FAILED. 8 passed; 5 failed; 0 ignored; 0 measured; 0 filtered out; finished in 5.33s

error: test failed, to rerun pass `-p wchar --test c_parity`

*** result: Failure(101)
