Found 1244 mutants to test
ok       Unmutated baseline in 1s build + 6s test
MISSED   crates/common/wchar/src/lib.rs:55:5: replace pg_valid_encoding -> bool with true in 1s build + 6s test
MISSED   crates/common/wchar/src/lib.rs:55:19: replace && with || in pg_valid_encoding in 1s build + 6s test
MISSED   crates/common/wchar/src/lib.rs:55:31: replace < with <= in pg_valid_encoding in 1s build + 6s test
MISSED   crates/common/wchar/src/lib.rs:59:5: replace pg_valid_be_encoding -> bool with true in 1s build + 6s test
MISSED   crates/common/wchar/src/lib.rs:59:5: replace pg_valid_be_encoding -> bool with false in 1s build + 6s test
MISSED   crates/common/wchar/src/lib.rs:59:19: replace && with || in pg_valid_be_encoding in 1s build + 6s test
MISSED   crates/common/wchar/src/lib.rs:59:14: replace >= with < in pg_valid_be_encoding in 1s build + 6s test
MISSED   crates/common/wchar/src/lib.rs:59:31: replace <= with > in pg_valid_be_encoding in 1s build + 6s test
MISSED   crates/common/wchar/src/lib.rs:63:5: replace pg_valid_fe_encoding -> bool with false in 1s build + 6s test
MISSED   crates/common/wchar/src/lib.rs:63:5: replace pg_valid_fe_encoding -> bool with true in 1s build + 6s test
MISSED   crates/common/wchar/src/lib.rs:67:5: replace pg_encoding_is_client_only -> bool with true in 1s build + 6s test
MISSED   crates/common/wchar/src/lib.rs:67:5: replace pg_encoding_is_client_only -> bool with false in 1s build + 6s test
MISSED   crates/common/wchar/src/lib.rs:67:14: replace > with == in pg_encoding_is_client_only in 1s build + 6s test
MISSED   crates/common/wchar/src/lib.rs:67:36: replace && with || in pg_encoding_is_client_only in 1s build + 6s test
MISSED   crates/common/wchar/src/lib.rs:67:14: replace > with < in pg_encoding_is_client_only in 1s build + 6s test
MISSED   crates/common/wchar/src/lib.rs:67:14: replace > with >= in pg_encoding_is_client_only in 1s build + 6s test
MISSED   crates/common/wchar/src/lib.rs:67:48: replace < with == in pg_encoding_is_client_only in 1s build + 6s test
MISSED   crates/common/wchar/src/lib.rs:67:48: replace < with > in pg_encoding_is_client_only in 1s build + 6s test
MISSED   crates/common/wchar/src/lib.rs:67:48: replace < with <= in pg_encoding_is_client_only in 1s build + 6s test
MISSED   crates/common/wchar/src/lib.rs:152:20: replace < with <= in pg_euc2wchar_with_len in 1s build + 6s test
MISSED   crates/common/wchar/src/lib.rs:156:42: replace | with ^ in pg_euc2wchar_with_len in 1s build + 6s test
MISSED   crates/common/wchar/src/lib.rs:160:20: replace < with <= in pg_euc2wchar_with_len in 1s build + 6s test
MISSED   crates/common/wchar/src/lib.rs:164:43: replace | with ^ in pg_euc2wchar_with_len in 1s build + 6s test
MISSED   crates/common/wchar/src/lib.rs:204:20: replace || with && in pg_euc_dsplen in 1s build + 6s test
MISSED   crates/common/wchar/src/lib.rs:250:20: replace < with <= in pg_euccn2wchar_with_len in 1s build + 6s test
MISSED   crates/common/wchar/src/lib.rs:254:35: replace | with ^ in pg_euccn2wchar_with_len in 1s build + 6s test
MISSED   crates/common/wchar/src/lib.rs:303:20: replace < with <= in pg_euctw2wchar_with_len in 1s build + 6s test
MISSED   crates/common/wchar/src/lib.rs:307:43: replace | with ^ in pg_euctw2wchar_with_len in 1s build + 6s test
MISSED   crates/common/wchar/src/lib.rs:315:20: replace < with <= in pg_euctw2wchar_with_len in 1s build + 6s test
TIMEOUT  crates/common/wchar/src/lib.rs:191:5: replace pg_euc_mblen -> i32 with 0 in 1s build + 300s test
MISSED   crates/common/wchar/src/lib.rs:319:43: replace | with ^ in pg_euctw2wchar_with_len in 1s build + 6s test
MISSED   crates/common/wchar/src/lib.rs:419:14: replace & with | in pg_utf2wchar_with_len in 1s build + 6s test
MISSED   crates/common/wchar/src/lib.rs:419:14: replace & with ^ in pg_utf2wchar_with_len in 1s build + 6s test
MISSED   crates/common/wchar/src/lib.rs:429:32: replace | with ^ in pg_utf2wchar_with_len in 1s build + 6s test
MISSED   crates/common/wchar/src/lib.rs:439:45: replace | with ^ in pg_utf2wchar_with_len in 1s build + 6s test
MISSED   crates/common/wchar/src/lib.rs:439:33: replace | with ^ in pg_utf2wchar_with_len in 1s build + 6s test
MISSED   crates/common/wchar/src/lib.rs:450:58: replace | with ^ in pg_utf2wchar_with_len in 1s build + 6s test
MISSED   crates/common/wchar/src/lib.rs:450:46: replace | with ^ in pg_utf2wchar_with_len in 1s build + 6s test
MISSED   crates/common/wchar/src/lib.rs:450:33: replace | with ^ in pg_utf2wchar_with_len in 1s build + 6s test
TIMEOUT  crates/common/wchar/src/lib.rs:406:5: replace pg_johab_mblen -> i32 with 0 in 1s build + 300s test
MISSED   crates/common/wchar/src/lib.rs:483:10: replace & with | in pg_utf_mblen_byte in 1s build + 6s test
MISSED   crates/common/wchar/src/lib.rs:483:10: replace & with ^ in pg_utf_mblen_byte in 1s build + 6s test
MISSED   crates/common/wchar/src/lib.rs:504:29: replace || with && in mbbisearch in 1s build + 6s test
TIMEOUT  crates/common/wchar/src/lib.rs:508:31: replace / with % in mbbisearch in 1s build + 300s test
TIMEOUT  crates/common/wchar/src/lib.rs:511:23: replace + with - in mbbisearch in 1s build + 300s test
TIMEOUT  crates/common/wchar/src/lib.rs:511:23: replace + with * in mbbisearch in 1s build + 300s test
TIMEOUT  crates/common/wchar/src/lib.rs:513:23: replace - with + in mbbisearch in 1s build + 300s test
MISSED   crates/common/wchar/src/lib.rs:579:20: replace < with <= in pg_mule2wchar_with_len in 1s build + 6s test
TIMEOUT  crates/common/wchar/src/lib.rs:513:23: replace - with / in mbbisearch in 1s build + 300s test
TIMEOUT  crates/common/wchar/src/lib.rs:679:5: replace pg_mule_mblen -> i32 with 0 in 1s build + 300s test
TIMEOUT  crates/common/wchar/src/lib.rs:745:5: replace pg_sjis_mblen -> i32 with 0 in 1s build + 300s test
TIMEOUT  crates/common/wchar/src/lib.rs:765:5: replace pg_big5_mblen -> i32 with 0 in 1s build + 300s test
TIMEOUT  crates/common/wchar/src/lib.rs:781:5: replace pg_gbk_mblen -> i32 with 0 in 1s build + 300s test
TIMEOUT  crates/common/wchar/src/lib.rs:797:5: replace pg_uhc_mblen -> i32 with 0 in 1s build + 300s test
TIMEOUT  crates/common/wchar/src/lib.rs:848:5: replace pg_eucjp_verifychar -> i32 with 0 in 1s build + 300s test
TIMEOUT  crates/common/wchar/src/lib.rs:884:5: replace pg_euckr_verifychar -> i32 with 0 in 1s build + 300s test
TIMEOUT  crates/common/wchar/src/lib.rs:903:5: replace pg_euctw_verifychar -> i32 with 0 in 1s build + 300s test
TIMEOUT  crates/common/wchar/src/lib.rs:936:5: replace pg_johab_verifychar -> i32 with 0 in 1s build + 300s test
TIMEOUT  crates/common/wchar/src/lib.rs:956:5: replace pg_mule_verifychar -> i32 with 0 in 1s build + 300s test
TIMEOUT  crates/common/wchar/src/lib.rs:981:5: replace pg_sjis_verifychar -> i32 with 0 in 1s build + 300s test
TIMEOUT  crates/common/wchar/src/lib.rs:1007:5: replace pg_big5_verifychar -> i32 with 0 in 1s build + 300s test
TIMEOUT  crates/common/wchar/src/lib.rs:1027:5: replace pg_gbk_verifychar -> i32 with 0 in 1s build + 300s test
TIMEOUT  crates/common/wchar/src/lib.rs:1047:5: replace pg_uhc_verifychar -> i32 with 0 in 1s build + 300s test
MISSED   crates/common/wchar/src/lib.rs:1147:5: replace is_valid_ascii -> bool with false in 1s build + 6s test
MISSED   crates/common/wchar/src/lib.rs:1162:5: replace is_valid_ascii -> bool with true in 1s build + 6s test
MISSED   crates/common/wchar/src/lib.rs:1162:5: replace is_valid_ascii -> bool with false in 1s build + 6s test
MISSED   crates/common/wchar/src/lib.rs:1170:32: replace == with != in is_valid_ascii in 1s build + 6s test
MISSED   crates/common/wchar/src/lib.rs:1179:5: replace is_valid_ascii -> bool with true in 1s build + 6s test
MISSED   crates/common/wchar/src/lib.rs:1179:5: replace is_valid_ascii -> bool with false in 1s build + 6s test
MISSED   crates/common/wchar/src/lib.rs:1182:13: replace < with == in is_valid_ascii in 1s build + 6s test
MISSED   crates/common/wchar/src/lib.rs:1182:13: replace < with > in is_valid_ascii in 1s build + 6s test
MISSED   crates/common/wchar/src/lib.rs:1182:13: replace < with <= in is_valid_ascii in 1s build + 6s test
MISSED   crates/common/wchar/src/lib.rs:1183:47: replace + with - in is_valid_ascii in 1s build + 6s test
MISSED   crates/common/wchar/src/lib.rs:1183:47: replace + with * in is_valid_ascii in 1s build + 6s test
MISSED   crates/common/wchar/src/lib.rs:1184:18: replace &= with |= in is_valid_ascii in 1s build + 6s test
MISSED   crates/common/wchar/src/lib.rs:1185:21: replace |= with &= in is_valid_ascii in 1s build + 6s test
MISSED   crates/common/wchar/src/lib.rs:1186:11: replace += with -= in is_valid_ascii in 1s build + 6s test
TIMEOUT  crates/common/wchar/src/lib.rs:1067:5: replace pg_gb18030_verifychar -> i32 with 0 in 1s build + 300s test
MISSED   crates/common/wchar/src/lib.rs:1186:11: replace += with *= in is_valid_ascii in 1s build + 6s test
MISSED   crates/common/wchar/src/lib.rs:1188:46: replace && with || in is_valid_ascii in 1s build + 6s test
MISSED   crates/common/wchar/src/lib.rs:1188:41: replace == with != in is_valid_ascii in 1s build + 6s test
MISSED   crates/common/wchar/src/lib.rs:1188:17: replace & with | in is_valid_ascii in 1s build + 6s test
MISSED   crates/common/wchar/src/lib.rs:1188:17: replace & with ^ in is_valid_ascii in 1s build + 6s test
MISSED   crates/common/wchar/src/lib.rs:1188:58: replace == with != in is_valid_ascii in 1s build + 6s test
MISSED   crates/common/wchar/src/lib.rs:1201:22: replace << with >> in 1s build + 6s test
MISSED   crates/common/wchar/src/lib.rs:1202:22: replace << with >> in 1s build + 6s test
MISSED   crates/common/wchar/src/lib.rs:1203:22: replace << with >> in 1s build + 6s test
MISSED   crates/common/wchar/src/lib.rs:1204:22: replace << with >> in 1s build + 6s test
MISSED   crates/common/wchar/src/lib.rs:1205:22: replace << with >> in 1s build + 6s test
MISSED   crates/common/wchar/src/lib.rs:1206:22: replace << with >> in 1s build + 6s test
MISSED   crates/common/wchar/src/lib.rs:1207:22: replace << with >> in 1s build + 6s test
MISSED   crates/common/wchar/src/lib.rs:1208:22: replace << with >> in 1s build + 6s test
MISSED   crates/common/wchar/src/lib.rs:1209:76: replace | with & in 1s build + 6s test
MISSED   crates/common/wchar/src/lib.rs:1209:76: replace | with ^ in 1s build + 6s test
MISSED   crates/common/wchar/src/lib.rs:1209:61: replace | with & in 1s build + 6s test
MISSED   crates/common/wchar/src/lib.rs:1209:61: replace | with ^ in 1s build + 6s test
MISSED   crates/common/wchar/src/lib.rs:1209:46: replace | with & in 1s build + 6s test
MISSED   crates/common/wchar/src/lib.rs:1209:46: replace | with ^ in 1s build + 6s test
MISSED   crates/common/wchar/src/lib.rs:1209:31: replace | with & in 1s build + 6s test
MISSED   crates/common/wchar/src/lib.rs:1209:31: replace | with ^ in 1s build + 6s test
MISSED   crates/common/wchar/src/lib.rs:1209:23: replace << with >> in 1s build + 6s test
MISSED   crates/common/wchar/src/lib.rs:1209:53: replace << with >> in 1s build + 6s test
MISSED   crates/common/wchar/src/lib.rs:1209:68: replace << with >> in 1s build + 6s test
MISSED   crates/common/wchar/src/lib.rs:1209:83: replace << with >> in 1s build + 6s test
MISSED   crates/common/wchar/src/lib.rs:1210:76: replace | with & in 1s build + 6s test
MISSED   crates/common/wchar/src/lib.rs:1210:76: replace | with ^ in 1s build + 6s test
MISSED   crates/common/wchar/src/lib.rs:1210:61: replace | with & in 1s build + 6s test
MISSED   crates/common/wchar/src/lib.rs:1210:61: replace | with ^ in 1s build + 6s test
MISSED   crates/common/wchar/src/lib.rs:1210:46: replace | with & in 1s build + 6s test
MISSED   crates/common/wchar/src/lib.rs:1210:46: replace | with ^ in 1s build + 6s test
MISSED   crates/common/wchar/src/lib.rs:1210:31: replace | with & in 1s build + 6s test
MISSED   crates/common/wchar/src/lib.rs:1210:31: replace | with ^ in 1s build + 6s test
MISSED   crates/common/wchar/src/lib.rs:1210:23: replace << with >> in 1s build + 6s test
MISSED   crates/common/wchar/src/lib.rs:1210:53: replace << with >> in 1s build + 6s test
MISSED   crates/common/wchar/src/lib.rs:1210:68: replace << with >> in 1s build + 6s test
MISSED   crates/common/wchar/src/lib.rs:1210:83: replace << with >> in 1s build + 6s test
MISSED   crates/common/wchar/src/lib.rs:1211:76: replace | with & in 1s build + 6s test
MISSED   crates/common/wchar/src/lib.rs:1211:76: replace | with ^ in 1s build + 6s test
MISSED   crates/common/wchar/src/lib.rs:1211:61: replace | with & in 1s build + 6s test
MISSED   crates/common/wchar/src/lib.rs:1211:61: replace | with ^ in 1s build + 6s test
MISSED   crates/common/wchar/src/lib.rs:1211:46: replace | with & in 1s build + 6s test
MISSED   crates/common/wchar/src/lib.rs:1211:46: replace | with ^ in 1s build + 6s test
MISSED   crates/common/wchar/src/lib.rs:1211:31: replace | with & in 1s build + 6s test
MISSED   crates/common/wchar/src/lib.rs:1211:31: replace | with ^ in 1s build + 6s test
MISSED   crates/common/wchar/src/lib.rs:1211:23: replace << with >> in 1s build + 6s test
MISSED   crates/common/wchar/src/lib.rs:1211:53: replace << with >> in 1s build + 6s test
TIMEOUT  crates/common/wchar/src/lib.rs:1095:5: replace pg_utf8_verifychar -> i32 with 0 in 1s build + 300s test
MISSED   crates/common/wchar/src/lib.rs:1211:68: replace << with >> in 1s build + 6s test
MISSED   crates/common/wchar/src/lib.rs:1211:83: replace << with >> in 1s build + 6s test
MISSED   crates/common/wchar/src/lib.rs:1225:62: replace >> with << in utf8_advance in 1s build + 6s test
MISSED   crates/common/wchar/src/lib.rs:1225:38: replace >> with << in utf8_advance in 1s build + 6s test
MISSED   crates/common/wchar/src/lib.rs:1225:69: replace & with | in utf8_advance in 1s build + 6s test
MISSED   crates/common/wchar/src/lib.rs:1237:12: replace >= with < in pg_utf8_verifystr in 1s build + 6s test
MISSED   crates/common/wchar/src/lib.rs:1240:22: replace != with == in pg_utf8_verifystr in 1s build + 6s test
TIMEOUT  crates/common/wchar/src/lib.rs:1226:15: replace += with *= in utf8_advance in 1s build + 300s test
TIMEOUT  crates/common/wchar/src/lib.rs:1228:11: replace += with *= in utf8_advance in 1s build + 300s test
TIMEOUT  crates/common/wchar/src/lib.rs:1252:21: replace -= with /= in pg_utf8_verifystr in 1s build + 300s test
MISSED   crates/common/wchar/src/lib.rs:1389:5: replace is_valid_unicode_codepoint -> bool with true in 1s build + 6s test
MISSED   crates/common/wchar/src/lib.rs:1389:11: replace && with || in is_valid_unicode_codepoint in 1s build + 6s test
MISSED   crates/common/wchar/src/lib.rs:1389:5: replace is_valid_unicode_codepoint -> bool with false in 1s build + 6s test
MISSED   crates/common/wchar/src/lib.rs:1389:7: replace > with == in is_valid_unicode_codepoint in 1s build + 6s test
MISSED   crates/common/wchar/src/lib.rs:1389:7: replace > with < in is_valid_unicode_codepoint in 1s build + 6s test
MISSED   crates/common/wchar/src/lib.rs:1389:16: replace <= with > in is_valid_unicode_codepoint in 1s build + 6s test
MISSED   crates/common/wchar/src/lib.rs:1389:7: replace > with >= in is_valid_unicode_codepoint in 1s build + 6s test
MISSED   crates/common/wchar/src/lib.rs:1393:5: replace is_utf16_surrogate_first -> bool with true in 1s build + 6s test
MISSED   crates/common/wchar/src/lib.rs:1393:5: replace is_utf16_surrogate_first -> bool with false in 1s build + 6s test
MISSED   crates/common/wchar/src/lib.rs:1393:7: replace >= with < in is_utf16_surrogate_first in 1s build + 6s test
MISSED   crates/common/wchar/src/lib.rs:1393:17: replace && with || in is_utf16_surrogate_first in 1s build + 6s test
MISSED   crates/common/wchar/src/lib.rs:1393:22: replace <= with > in is_utf16_surrogate_first in 1s build + 6s test
MISSED   crates/common/wchar/src/lib.rs:1397:5: replace is_utf16_surrogate_second -> bool with true in 1s build + 6s test
MISSED   crates/common/wchar/src/lib.rs:1397:17: replace && with || in is_utf16_surrogate_second in 1s build + 6s test
MISSED   crates/common/wchar/src/lib.rs:1397:5: replace is_utf16_surrogate_second -> bool with false in 1s build + 6s test
MISSED   crates/common/wchar/src/lib.rs:1397:7: replace >= with < in is_utf16_surrogate_second in 1s build + 6s test
MISSED   crates/common/wchar/src/lib.rs:1397:22: replace <= with > in is_utf16_surrogate_second in 1s build + 6s test
MISSED   crates/common/wchar/src/lib.rs:1401:39: replace + with - in surrogate_pair_to_codepoint in 1s build + 6s test
MISSED   crates/common/wchar/src/lib.rs:1401:39: replace + with * in surrogate_pair_to_codepoint in 1s build + 6s test
MISSED   crates/common/wchar/src/lib.rs:1401:29: replace + with - in surrogate_pair_to_codepoint in 1s build + 6s test
MISSED   crates/common/wchar/src/lib.rs:1401:29: replace + with * in surrogate_pair_to_codepoint in 1s build + 6s test
MISSED   crates/common/wchar/src/lib.rs:1401:22: replace << with >> in surrogate_pair_to_codepoint in 1s build + 6s test
MISSED   crates/common/wchar/src/lib.rs:1401:13: replace & with | in surrogate_pair_to_codepoint in 1s build + 6s test
MISSED   crates/common/wchar/src/lib.rs:1401:13: replace & with ^ in surrogate_pair_to_codepoint in 1s build + 6s test
MISSED   crates/common/wchar/src/lib.rs:1401:49: replace & with | in surrogate_pair_to_codepoint in 1s build + 6s test
MISSED   crates/common/wchar/src/lib.rs:1401:49: replace & with ^ in surrogate_pair_to_codepoint in 1s build + 6s test
MISSED   crates/common/wchar/src/lib.rs:1411:37: replace | with ^ in utf8_to_unicode in 1s build + 6s test
MISSED   crates/common/wchar/src/lib.rs:1413:70: replace | with ^ in utf8_to_unicode in 1s build + 6s test
MISSED   crates/common/wchar/src/lib.rs:1413:38: replace | with ^ in utf8_to_unicode in 1s build + 6s test
MISSED   crates/common/wchar/src/lib.rs:1418:13: replace | with ^ in utf8_to_unicode in 1s build + 6s test
MISSED   crates/common/wchar/src/lib.rs:1417:13: replace | with ^ in utf8_to_unicode in 1s build + 6s test
MISSED   crates/common/wchar/src/lib.rs:1416:13: replace | with ^ in utf8_to_unicode in 1s build + 6s test
MISSED   crates/common/wchar/src/lib.rs:1430:30: replace | with ^ in unicode_to_utf8 in 1s build + 6s test
MISSED   crates/common/wchar/src/lib.rs:1431:30: replace | with ^ in unicode_to_utf8 in 1s build + 6s test
MISSED   crates/common/wchar/src/lib.rs:1433:30: replace | with ^ in unicode_to_utf8 in 1s build + 6s test
MISSED   crates/common/wchar/src/lib.rs:1434:30: replace | with ^ in unicode_to_utf8 in 1s build + 6s test
MISSED   crates/common/wchar/src/lib.rs:1435:30: replace | with ^ in unicode_to_utf8 in 1s build + 6s test
MISSED   crates/common/wchar/src/lib.rs:1437:30: replace | with ^ in unicode_to_utf8 in 1s build + 6s test
MISSED   crates/common/wchar/src/lib.rs:1438:30: replace | with ^ in unicode_to_utf8 in 1s build + 6s test
MISSED   crates/common/wchar/src/lib.rs:1439:30: replace | with ^ in unicode_to_utf8 in 1s build + 6s test
MISSED   crates/common/wchar/src/lib.rs:1440:30: replace | with ^ in unicode_to_utf8 in 1s build + 6s test
MISSED   crates/common/wchar/src/lib.rs:1445:5: replace unicode_utf8len -> i32 with 0 in 1s build + 6s test
MISSED   crates/common/wchar/src/lib.rs:1445:5: replace unicode_utf8len -> i32 with 1 in 1s build + 6s test
MISSED   crates/common/wchar/src/lib.rs:1445:5: replace unicode_utf8len -> i32 with -1 in 1s build + 6s test
MISSED   crates/common/wchar/src/lib.rs:1445:10: replace <= with > in unicode_utf8len in 1s build + 6s test
MISSED   crates/common/wchar/src/lib.rs:1447:17: replace <= with > in unicode_utf8len in 1s build + 6s test
MISSED   crates/common/wchar/src/lib.rs:1449:17: replace <= with > in unicode_utf8len in 1s build + 6s test
1244 mutants tested in 68m: 158 missed, 1058 caught, 2 unviable, 26 timeouts
