KILLED	0	crates/backend/utils/mb/conv/src/lib.rs:120:9: delete match arm 4 in pg_mb_radix_conv
SURVIVED	1	crates/backend/utils/mb/conv/src/lib.rs:128:17: replace || with && in pg_mb_radix_conv
KILLED	2	crates/backend/utils/mb/conv/src/lib.rs:127:17: replace || with && in pg_mb_radix_conv
KILLED	3	crates/backend/utils/mb/conv/src/lib.rs:126:17: replace || with && in pg_mb_radix_conv
SURVIVED	4	crates/backend/utils/mb/conv/src/lib.rs:125:17: replace || with && in pg_mb_radix_conv
SURVIVED	5	crates/backend/utils/mb/conv/src/lib.rs:124:17: replace || with && in pg_mb_radix_conv
KILLED	6	crates/backend/utils/mb/conv/src/lib.rs:121:19: replace < with == in pg_mb_radix_conv
KILLED	7	crates/backend/utils/mb/conv/src/lib.rs:121:19: replace < with > in pg_mb_radix_conv
KILLED	8	crates/backend/utils/mb/conv/src/lib.rs:121:19: replace < with <= in pg_mb_radix_conv
KILLED	9	crates/backend/utils/mb/conv/src/lib.rs:122:23: replace > with >= in pg_mb_radix_conv
KILLED	10	crates/backend/utils/mb/conv/src/lib.rs:123:23: replace < with == in pg_mb_radix_conv
KILLED	11	crates/backend/utils/mb/conv/src/lib.rs:123:23: replace < with > in pg_mb_radix_conv
KILLED	12	crates/backend/utils/mb/conv/src/lib.rs:123:23: replace < with <= in pg_mb_radix_conv
SURVIVED	13	crates/backend/utils/mb/conv/src/lib.rs:124:23: replace > with == in pg_mb_radix_conv
KILLED	14	crates/backend/utils/mb/conv/src/lib.rs:124:23: replace > with < in pg_mb_radix_conv
SURVIVED	15	crates/backend/utils/mb/conv/src/lib.rs:124:23: replace > with >= in pg_mb_radix_conv
KILLED	16	crates/backend/utils/mb/conv/src/lib.rs:125:23: replace < with == in pg_mb_radix_conv
KILLED	17	crates/backend/utils/mb/conv/src/lib.rs:125:23: replace < with > in pg_mb_radix_conv
KILLED	18	crates/backend/utils/mb/conv/src/lib.rs:125:23: replace < with <= in pg_mb_radix_conv
KILLED	19	crates/backend/utils/mb/conv/src/lib.rs:126:23: replace > with == in pg_mb_radix_conv
KILLED	20	crates/backend/utils/mb/conv/src/lib.rs:126:23: replace > with < in pg_mb_radix_conv
SURVIVED	21	crates/backend/utils/mb/conv/src/lib.rs:126:23: replace > with >= in pg_mb_radix_conv
KILLED	22	crates/backend/utils/mb/conv/src/lib.rs:127:23: replace < with == in pg_mb_radix_conv
KILLED	23	crates/backend/utils/mb/conv/src/lib.rs:127:23: replace < with > in pg_mb_radix_conv
KILLED	24	crates/backend/utils/mb/conv/src/lib.rs:127:23: replace < with <= in pg_mb_radix_conv
KILLED	25	crates/backend/utils/mb/conv/src/lib.rs:128:23: replace > with == in pg_mb_radix_conv
KILLED	26	crates/backend/utils/mb/conv/src/lib.rs:128:23: replace > with < in pg_mb_radix_conv
KILLED	27	crates/backend/utils/mb/conv/src/lib.rs:128:23: replace > with >= in pg_mb_radix_conv
KILLED	28	crates/backend/utils/mb/conv/src/lib.rs:135:42: replace - with + in pg_mb_radix_conv
KILLED	29	crates/backend/utils/mb/conv/src/lib.rs:136:36: replace - with + in pg_mb_radix_conv
KILLED	30	crates/backend/utils/mb/conv/src/lib.rs:136:36: replace - with / in pg_mb_radix_conv
KILLED	31	crates/backend/utils/mb/conv/src/lib.rs:136:30: replace + with - in pg_mb_radix_conv
SURVIVED	32	crates/backend/utils/mb/conv/src/lib.rs:144:17: replace || with && in pg_mb_radix_conv
SURVIVED	33	crates/backend/utils/mb/conv/src/lib.rs:143:17: replace || with && in pg_mb_radix_conv
KILLED	34	crates/backend/utils/mb/conv/src/lib.rs:142:17: replace || with && in pg_mb_radix_conv
KILLED	35	crates/backend/utils/mb/conv/src/lib.rs:141:17: replace || with && in pg_mb_radix_conv
KILLED	36	crates/backend/utils/mb/conv/src/lib.rs:140:17: replace || with && in pg_mb_radix_conv
SURVIVED	37	crates/backend/utils/mb/conv/src/lib.rs:674:35: replace | with ^ in fc_iso8859_1_to_utf8
SURVIVED	38	crates/backend/utils/mb/conv/src/lib.rs:675:37: replace | with ^ in fc_iso8859_1_to_utf8
SURVIVED	39	crates/backend/utils/mb/conv/src/lib.rs:718:47: replace | with ^ in fc_utf8_to_iso8859_1
KILLED	40	crates/backend/utils/mb/conv/src/lib.rs:1580:40: replace && with || in append_string_info_string_quoted
KILLED	41	crates/backend/utils/mb/conv/src/lib.rs:1580:35: replace >= with < in append_string_info_string_quoted
KILLED	42	crates/backend/utils/mb/conv/src/lib.rs:1580:50: replace < with == in append_string_info_string_quoted
KILLED	43	crates/backend/utils/mb/conv/src/lib.rs:1580:50: replace < with > in append_string_info_string_quoted
KILLED	44	crates/backend/utils/mb/conv/src/lib.rs:1580:50: replace < with <= in append_string_info_string_quoted
KILLED	45	crates/backend/utils/mb/conv/src/lib.rs:1588:12: delete ! in append_string_info_string_quoted
SURVIVED	46	crates/backend/utils/mb/conv/src/euc2004_sjis2004.rs:112:10: delete - in get_ten
KILLED	47	crates/backend/utils/mb/conv/src/euc_jp_and_sjis.rs:15:5: replace issjishead -> bool with true
KILLED	48	crates/backend/utils/mb/conv/src/euc_jp_and_sjis.rs:19:5: replace issjistail -> bool with true
KILLED	49	crates/backend/utils/mb/conv/src/euc_jp_and_sjis.rs:15:5: replace issjishead -> bool with false
KILLED	50	crates/backend/utils/mb/conv/src/euc_jp_and_sjis.rs:15:32: replace || with && in issjishead
KILLED	51	crates/backend/utils/mb/conv/src/euc_jp_and_sjis.rs:19:5: replace issjistail -> bool with false
KILLED	52	crates/backend/utils/mb/conv/src/euc_jp_and_sjis.rs:19:32: replace || with && in issjistail
SURVIVED	53	crates/backend/utils/mb/conv/src/utf8_procs.rs:181:41: replace | with ^ in gb_unlinear
SURVIVED	54	crates/backend/utils/mb/conv/src/utf8_procs.rs:181:29: replace | with ^ in gb_unlinear
SURVIVED	55	crates/backend/utils/mb/conv/src/utf8_procs.rs:181:16: replace | with ^ in gb_unlinear
SURVIVED	56	crates/backend/utils/mb/conv/src/utf8_procs.rs:188:43: replace | with ^ in unicode_to_utf8word
SURVIVED	57	crates/backend/utils/mb/conv/src/utf8_procs.rs:188:16: replace | with ^ in unicode_to_utf8word
SURVIVED	58	crates/backend/utils/mb/conv/src/utf8_procs.rs:188:51: replace | with ^ in unicode_to_utf8word
KILLED	59	crates/backend/utils/mb/conv/src/utf8_procs.rs:190:81: replace | with & in unicode_to_utf8word
SURVIVED	60	crates/backend/utils/mb/conv/src/utf8_procs.rs:190:81: replace | with ^ in unicode_to_utf8word
KILLED	61	crates/backend/utils/mb/conv/src/utf8_procs.rs:190:45: replace | with & in unicode_to_utf8word
SURVIVED	62	crates/backend/utils/mb/conv/src/utf8_procs.rs:190:45: replace | with ^ in unicode_to_utf8word
KILLED	63	crates/backend/utils/mb/conv/src/utf8_procs.rs:190:38: replace << with >> in unicode_to_utf8word
KILLED	64	crates/backend/utils/mb/conv/src/utf8_procs.rs:190:16: replace | with & in unicode_to_utf8word
SURVIVED	65	crates/backend/utils/mb/conv/src/utf8_procs.rs:190:16: replace | with ^ in unicode_to_utf8word
KILLED	66	crates/backend/utils/mb/conv/src/utf8_procs.rs:190:29: replace & with | in unicode_to_utf8word
KILLED	67	crates/backend/utils/mb/conv/src/utf8_procs.rs:190:29: replace & with ^ in unicode_to_utf8word
KILLED	68	crates/backend/utils/mb/conv/src/utf8_procs.rs:190:22: replace >> with << in unicode_to_utf8word
KILLED	69	crates/backend/utils/mb/conv/src/utf8_procs.rs:190:75: replace << with >> in unicode_to_utf8word
KILLED	70	crates/backend/utils/mb/conv/src/utf8_procs.rs:190:54: replace | with & in unicode_to_utf8word
SURVIVED	71	crates/backend/utils/mb/conv/src/utf8_procs.rs:190:54: replace | with ^ in unicode_to_utf8word
KILLED	72	crates/backend/utils/mb/conv/src/utf8_procs.rs:190:66: replace & with | in unicode_to_utf8word
KILLED	73	crates/backend/utils/mb/conv/src/utf8_procs.rs:190:66: replace & with ^ in unicode_to_utf8word
KILLED	74	crates/backend/utils/mb/conv/src/utf8_procs.rs:190:60: replace >> with << in unicode_to_utf8word
KILLED	75	crates/backend/utils/mb/conv/src/utf8_procs.rs:190:89: replace | with & in unicode_to_utf8word
SURVIVED	76	crates/backend/utils/mb/conv/src/utf8_procs.rs:190:89: replace | with ^ in unicode_to_utf8word
KILLED	77	crates/backend/utils/mb/conv/src/utf8_procs.rs:190:94: replace & with | in unicode_to_utf8word
KILLED	78	crates/backend/utils/mb/conv/src/utf8_procs.rs:190:94: replace & with ^ in unicode_to_utf8word
SURVIVED	79	crates/backend/utils/mb/conv/src/utf8_procs.rs:195:13: replace | with ^ in unicode_to_utf8word
SURVIVED	80	crates/backend/utils/mb/conv/src/utf8_procs.rs:194:13: replace | with ^ in unicode_to_utf8word
SURVIVED	81	crates/backend/utils/mb/conv/src/utf8_procs.rs:193:13: replace | with ^ in unicode_to_utf8word
SURVIVED	82	crates/backend/utils/mb/conv/src/utf8_procs.rs:192:16: replace | with ^ in unicode_to_utf8word
SURVIVED	83	crates/backend/utils/mb/conv/src/utf8_procs.rs:193:22: replace | with ^ in unicode_to_utf8word
SURVIVED	84	crates/backend/utils/mb/conv/src/utf8_procs.rs:194:22: replace | with ^ in unicode_to_utf8word
SURVIVED	85	crates/backend/utils/mb/conv/src/utf8_procs.rs:195:21: replace | with ^ in unicode_to_utf8word
SURVIVED	86	crates/backend/utils/mb/conv/src/utf8_procs.rs:203:34: replace | with ^ in utf8word_to_unicode
KILLED	87	crates/backend/utils/mb/conv/src/utf8_procs.rs:205:63: replace | with & in utf8word_to_unicode
SURVIVED	88	crates/backend/utils/mb/conv/src/utf8_procs.rs:205:63: replace | with ^ in utf8word_to_unicode
KILLED	89	crates/backend/utils/mb/conv/src/utf8_procs.rs:205:36: replace | with & in utf8word_to_unicode
SURVIVED	90	crates/backend/utils/mb/conv/src/utf8_procs.rs:205:36: replace | with ^ in utf8word_to_unicode
