SURVIVED	0	crates/backend/utils/mb/conv/src/lib.rs:120:9: delete match arm 4 in pg_mb_radix_conv
SURVIVED	1	crates/backend/utils/mb/conv/src/lib.rs:128:17: replace || with && in pg_mb_radix_conv
SURVIVED	2	crates/backend/utils/mb/conv/src/lib.rs:127:17: replace || with && in pg_mb_radix_conv
== round1 Fri Jul 31 09:23:45 PDT 2026 ==
SURVIVED	3	crates/backend/utils/mb/conv/src/lib.rs:126:17: replace || with && in pg_mb_radix_conv
SURVIVED	4	crates/backend/utils/mb/conv/src/lib.rs:125:17: replace || with && in pg_mb_radix_conv
SURVIVED	5	crates/backend/utils/mb/conv/src/lib.rs:124:17: replace || with && in pg_mb_radix_conv
SURVIVED	6	crates/backend/utils/mb/conv/src/lib.rs:121:19: replace < with == in pg_mb_radix_conv
SURVIVED	7	crates/backend/utils/mb/conv/src/lib.rs:121:19: replace < with > in pg_mb_radix_conv
SURVIVED	8	crates/backend/utils/mb/conv/src/lib.rs:121:19: replace < with <= in pg_mb_radix_conv
SURVIVED	9	crates/backend/utils/mb/conv/src/lib.rs:122:23: replace > with >= in pg_mb_radix_conv
SURVIVED	10	crates/backend/utils/mb/conv/src/lib.rs:123:23: replace < with == in pg_mb_radix_conv
SURVIVED	11	crates/backend/utils/mb/conv/src/lib.rs:123:23: replace < with > in pg_mb_radix_conv
SURVIVED	12	crates/backend/utils/mb/conv/src/lib.rs:123:23: replace < with <= in pg_mb_radix_conv
SURVIVED	13	crates/backend/utils/mb/conv/src/lib.rs:124:23: replace > with == in pg_mb_radix_conv
SURVIVED	14	crates/backend/utils/mb/conv/src/lib.rs:124:23: replace > with < in pg_mb_radix_conv
SURVIVED	15	crates/backend/utils/mb/conv/src/lib.rs:124:23: replace > with >= in pg_mb_radix_conv
SURVIVED	16	crates/backend/utils/mb/conv/src/lib.rs:125:23: replace < with == in pg_mb_radix_conv
SURVIVED	17	crates/backend/utils/mb/conv/src/lib.rs:125:23: replace < with > in pg_mb_radix_conv
SURVIVED	18	crates/backend/utils/mb/conv/src/lib.rs:125:23: replace < with <= in pg_mb_radix_conv
SURVIVED	19	crates/backend/utils/mb/conv/src/lib.rs:126:23: replace > with == in pg_mb_radix_conv
SURVIVED	20	crates/backend/utils/mb/conv/src/lib.rs:126:23: replace > with < in pg_mb_radix_conv
SURVIVED	21	crates/backend/utils/mb/conv/src/lib.rs:126:23: replace > with >= in pg_mb_radix_conv
SURVIVED	22	crates/backend/utils/mb/conv/src/lib.rs:127:23: replace < with == in pg_mb_radix_conv
SURVIVED	23	crates/backend/utils/mb/conv/src/lib.rs:127:23: replace < with > in pg_mb_radix_conv
SURVIVED	24	crates/backend/utils/mb/conv/src/lib.rs:127:23: replace < with <= in pg_mb_radix_conv
SURVIVED	25	crates/backend/utils/mb/conv/src/lib.rs:128:23: replace > with == in pg_mb_radix_conv
SURVIVED	26	crates/backend/utils/mb/conv/src/lib.rs:128:23: replace > with < in pg_mb_radix_conv
SURVIVED	27	crates/backend/utils/mb/conv/src/lib.rs:128:23: replace > with >= in pg_mb_radix_conv
SURVIVED	28	crates/backend/utils/mb/conv/src/lib.rs:135:42: replace - with + in pg_mb_radix_conv
SURVIVED	29	crates/backend/utils/mb/conv/src/lib.rs:136:36: replace - with + in pg_mb_radix_conv
SURVIVED	30	crates/backend/utils/mb/conv/src/lib.rs:136:36: replace - with / in pg_mb_radix_conv
SURVIVED	31	crates/backend/utils/mb/conv/src/lib.rs:136:30: replace + with - in pg_mb_radix_conv
SURVIVED	32	crates/backend/utils/mb/conv/src/lib.rs:144:17: replace || with && in pg_mb_radix_conv
SURVIVED	33	crates/backend/utils/mb/conv/src/lib.rs:143:17: replace || with && in pg_mb_radix_conv
SURVIVED	34	crates/backend/utils/mb/conv/src/lib.rs:142:17: replace || with && in pg_mb_radix_conv
SURVIVED	35	crates/backend/utils/mb/conv/src/lib.rs:141:17: replace || with && in pg_mb_radix_conv
SURVIVED	36	crates/backend/utils/mb/conv/src/lib.rs:140:17: replace || with && in pg_mb_radix_conv
SURVIVED	37	crates/backend/utils/mb/conv/src/lib.rs:674:35: replace | with ^ in fc_iso8859_1_to_utf8
SURVIVED	38	crates/backend/utils/mb/conv/src/lib.rs:675:37: replace | with ^ in fc_iso8859_1_to_utf8
SURVIVED	39	crates/backend/utils/mb/conv/src/lib.rs:718:47: replace | with ^ in fc_utf8_to_iso8859_1
KILLED	40	crates/backend/utils/mb/conv/src/lib.rs:1580:40: replace && with || in append_string_info_string_quoted
KILLED	41	crates/backend/utils/mb/conv/src/lib.rs:1580:35: replace >= with < in append_string_info_string_quoted
KILLED	42	crates/backend/utils/mb/conv/src/lib.rs:1580:50: replace < with == in append_string_info_string_quoted
KILLED	43	crates/backend/utils/mb/conv/src/lib.rs:1580:50: replace < with > in append_string_info_string_quoted
KILLED	44	crates/backend/utils/mb/conv/src/lib.rs:1580:50: replace < with <= in append_string_info_string_quoted
KILLED	45	crates/backend/utils/mb/conv/src/lib.rs:1588:12: delete ! in append_string_info_string_quoted
SURVIVED	46	crates/backend/utils/mb/conv/src/euc2004_sjis2004.rs:112:10: delete - in get_ten
KILLED	47	crates/backend/utils/mb/conv/src/euc_jp_and_sjis.rs:15:5: replace issjishead -> bool with true
KILLED	48	crates/backend/utils/mb/conv/src/euc_jp_and_sjis.rs:19:5: replace issjistail -> bool with true
KILLED	49	crates/backend/utils/mb/conv/src/euc_jp_and_sjis.rs:15:5: replace issjishead -> bool with false
KILLED	50	crates/backend/utils/mb/conv/src/euc_jp_and_sjis.rs:15:32: replace || with && in issjishead
KILLED	51	crates/backend/utils/mb/conv/src/euc_jp_and_sjis.rs:19:5: replace issjistail -> bool with false
KILLED	52	crates/backend/utils/mb/conv/src/euc_jp_and_sjis.rs:19:32: replace || with && in issjistail
SURVIVED	53	crates/backend/utils/mb/conv/src/utf8_procs.rs:181:41: replace | with ^ in gb_unlinear
SURVIVED	54	crates/backend/utils/mb/conv/src/utf8_procs.rs:181:29: replace | with ^ in gb_unlinear
SURVIVED	55	crates/backend/utils/mb/conv/src/utf8_procs.rs:181:16: replace | with ^ in gb_unlinear
SURVIVED	56	crates/backend/utils/mb/conv/src/utf8_procs.rs:188:43: replace | with ^ in unicode_to_utf8word
SURVIVED	57	crates/backend/utils/mb/conv/src/utf8_procs.rs:188:16: replace | with ^ in unicode_to_utf8word
SURVIVED	58	crates/backend/utils/mb/conv/src/utf8_procs.rs:188:51: replace | with ^ in unicode_to_utf8word
SURVIVED	59	crates/backend/utils/mb/conv/src/utf8_procs.rs:190:81: replace | with & in unicode_to_utf8word
SURVIVED	60	crates/backend/utils/mb/conv/src/utf8_procs.rs:190:81: replace | with ^ in unicode_to_utf8word
SURVIVED	61	crates/backend/utils/mb/conv/src/utf8_procs.rs:190:45: replace | with & in unicode_to_utf8word
SURVIVED	62	crates/backend/utils/mb/conv/src/utf8_procs.rs:190:45: replace | with ^ in unicode_to_utf8word
SURVIVED	63	crates/backend/utils/mb/conv/src/utf8_procs.rs:190:38: replace << with >> in unicode_to_utf8word
SURVIVED	64	crates/backend/utils/mb/conv/src/utf8_procs.rs:190:16: replace | with & in unicode_to_utf8word
SURVIVED	65	crates/backend/utils/mb/conv/src/utf8_procs.rs:190:16: replace | with ^ in unicode_to_utf8word
SURVIVED	66	crates/backend/utils/mb/conv/src/utf8_procs.rs:190:29: replace & with | in unicode_to_utf8word
SURVIVED	67	crates/backend/utils/mb/conv/src/utf8_procs.rs:190:29: replace & with ^ in unicode_to_utf8word
SURVIVED	68	crates/backend/utils/mb/conv/src/utf8_procs.rs:190:22: replace >> with << in unicode_to_utf8word
SURVIVED	69	crates/backend/utils/mb/conv/src/utf8_procs.rs:190:75: replace << with >> in unicode_to_utf8word
