Parsed test spec with 3 sessions

starting permutation: s1u1 s2tid s1c s3sel
step s1u1: UPDATE storm_tid SET b = b + 100 WHERE a = 1;
step s2tid: UPDATE storm_tid SET b = b + 1 WHERE ctid = '(0,1)' RETURNING a, b; <waiting ...>
step s1c: COMMIT;
step s2tid: <... completed>
a|b
-+-
(0 rows)

step s3sel: SELECT a, b FROM storm_tid ORDER BY a;
a|  b
-+---
1|110
(1 row)


starting permutation: s1u1 s2range s1c s3sel
step s1u1: UPDATE storm_tid SET b = b + 100 WHERE a = 1;
step s2range: UPDATE storm_tid SET b = b + 1 WHERE ctid >= '(0,1)' AND ctid <= '(0,100)' RETURNING a, b; <waiting ...>
step s1c: COMMIT;
step s2range: <... completed>
a|  b
-+---
1|111
(1 row)

step s3sel: SELECT a, b FROM storm_tid ORDER BY a;
a|  b
-+---
1|111
(1 row)

