-- bugs/batch-158-backend-tsearch: SQL-level regressions, expected captured from C 18.6.
\set VERBOSITY verbose
-- fp-tsearch-wparser#1: a lextype method returning a NULL list is an empty set (tt_process_call).
CREATE FUNCTION b158_lt(internal) RETURNS internal LANGUAGE internal AS 'pg_stat_clear_snapshot';
CREATE TEXT SEARCH PARSER b158_p (START=prsd_start, GETTOKEN=prsd_nexttoken, END=prsd_end, LEXTYPES=b158_lt);
SELECT * FROM ts_token_type('b158_p');
 tokid | alias | description 
-------+-------+-------------
(0 rows)

SELECT count(*) FROM ts_token_type('default');
 count 
-------
    23
(1 row)

-- fp-tsearch-wparser#2: ts_headline_*_byid_opt called with three arguments treats options as NULL.
CREATE FUNCTION b158_h3(oid, text, tsquery) RETURNS text LANGUAGE internal AS 'ts_headline_byid_opt';
SELECT b158_h3('english'::regconfig::oid, 'the quick brown fox', 'fox'::tsquery);
          b158_h3           
----------------------------
 the quick brown <b>fox</b>
(1 row)

CREATE FUNCTION b158_hj3(oid, jsonb, tsquery) RETURNS jsonb LANGUAGE internal AS 'ts_headline_jsonb_byid_opt';
SELECT b158_hj3('english'::regconfig::oid, '{"a":"the quick brown fox"}', 'fox'::tsquery);
              b158_hj3               
-------------------------------------
 {"a": "the quick brown <b>fox</b>"}
(1 row)

CREATE FUNCTION b158_hs3(oid, json, tsquery) RETURNS json LANGUAGE internal AS 'ts_headline_json_byid_opt';
SELECT b158_hs3('english'::regconfig::oid, '{"a":"the quick brown fox"}', 'fox'::tsquery);
              b158_hs3              
------------------------------------
 {"a":"the quick brown <b>fox</b>"}
(1 row)

-- fp-tsearch-wparser#4: SRF_FIRSTCALL_INIT runs before the parser lookup.
CREATE FUNCTION b158_tt(oid) RETURNS record LANGUAGE internal AS 'ts_token_type_byid';
SELECT b158_tt(999999);
ERROR:  0A000: set-valued function called in context that cannot accept a set
CREATE FUNCTION b158_tp(oid, text) RETURNS record LANGUAGE internal AS 'ts_parse_byid';
SELECT b158_tp(999999, 'x');
ERROR:  0A000: set-valued function called in context that cannot accept a set
CREATE FUNCTION b158_ttn(text) RETURNS record LANGUAGE internal AS 'ts_token_type_byname';
SELECT b158_ttn('nosuch');
ERROR:  0A000: set-valued function called in context that cannot accept a set
-- fp-tsearch-wparser_def#1: an overflowing headline option value overflows (22003) before its trailing non-ASCII byte is seen.
CREATE FUNCTION b158_bi(cstring) RETURNS text LANGUAGE internal AS 'byteain';
SELECT ts_headline('a b', 'a'::tsquery, 'MaxWords=99999999999' || b158_bi('\xff'));
ERROR:  22003: value "99999999999ÿ" is out of range for type integer
SELECT ts_headline('a b', 'a'::tsquery, 'MaxWords=12' || b158_bi('\xff'));
ERROR:  22P02: invalid input syntax for type integer: "12ÿ"
SELECT ts_headline('a b', 'a'::tsquery, 'MaxWords=99999999999');
ERROR:  22003: value "99999999999" is out of range for type integer
-- fp-adt-pg_locale_libc#3 / fp-contrib-ltree-ltxtquery_io#1 / fp-tsearch-b1#2 (22021 from the
-- classifiers under a non-C LC_CTYPE) are unit-tested in ts_locale: this harness pins LC_ALL=C.
