-- Two-binary differential corpus for the 2026-09-13 bug-inventory batch
-- batch-32-support-types (C 18.6 oracle vs pgrust). Each leg is one row of
-- the batch (_support/types: fmgr, stringinfo, rel).
\set VERBOSITY verbose
CREATE DATABASE b32e2e TEMPLATE template0 ENCODING 'UTF8';
\c b32e2e
\set VERBOSITY verbose
-- fp-fmgr-fmgr#1: SendFunctionCall detoasts (DatumGetByteaP) a compressed or
-- short-header bytea handed back by a SQL-language send function.
CREATE TABLE b32_big(k int, payload bytea);
INSERT INTO b32_big VALUES (1, decode(repeat('00', 200000), 'hex'));
INSERT INTO b32_big VALUES (2, '\x0102030405'::bytea);
CREATE TYPE b32_myt;
CREATE FUNCTION b32_myt_in(cstring) RETURNS b32_myt AS 'int4in' LANGUAGE internal IMMUTABLE STRICT;
NOTICE:  42809: return type b32_myt is only a shell
CREATE FUNCTION b32_myt_out(b32_myt) RETURNS cstring AS 'int4out' LANGUAGE internal IMMUTABLE STRICT;
NOTICE:  42809: argument type b32_myt is only a shell
LINE 1: CREATE FUNCTION b32_myt_out(b32_myt) RETURNS cstring AS 'int...
                                    ^
CREATE TYPE b32_myt (INPUT = b32_myt_in, OUTPUT = b32_myt_out, INTERNALLENGTH = 4, PASSEDBYVALUE);
CREATE FUNCTION b32_myt_send(b32_myt) RETURNS bytea LANGUAGE sql
  AS 'SELECT payload FROM b32_big WHERE k = $1::text::int';
ALTER TYPE b32_myt SET (SEND = b32_myt_send);
WARNING:  42P17: type send function b32_myt_send should not be volatile
SELECT length(array_send(ARRAY['1'::b32_myt])), md5(array_send(ARRAY['1'::b32_myt]));
 length |               md5                
--------+----------------------------------
 200024 | 5d1966f97b8af503de81d5f83ac42e0f
(1 row)

SELECT length(array_send(ARRAY['2'::b32_myt])), encode(array_send(ARRAY['2'::b32_myt]), 'hex');
 length |                           encode                           
--------+------------------------------------------------------------
     29 | 0000000100000000000040070000000100000001000000050102030405
(1 row)

COPY (SELECT '1'::b32_myt, '2'::b32_myt) TO '/dev/null' WITH (FORMAT binary);
DROP TYPE b32_myt CASCADE;
NOTICE:  00000: drop cascades to 3 other objects
DETAIL:  drop cascades to function b32_myt_in(cstring)
drop cascades to function b32_myt_out(b32_myt)
drop cascades to function b32_myt_send(b32_myt)
DROP TABLE b32_big;
