-- bugs/batch-31-backend-commands-tablecmds: InvokeObjectTruncateHook
-- (tablecmds.c:2422, truncate_check_rel) on explicit, inherited and CASCADE
-- targets, witnessed through the test_oat_hooks recorder. The C oracle
-- install carries no test modules, so the expected file is captured from
-- pgrust and the NOTICE shape is test_oat_hooks.c's.
LOAD 'test_oat_hooks';
CREATE TABLE b31_oat_p (a int PRIMARY KEY);
CREATE TABLE b31_oat_c () INHERITS (b31_oat_p);
CREATE TABLE b31_oat_f (a int REFERENCES b31_oat_p);
SET test_oat_hooks.audit = on;
NOTICE:  in object_access_hook_str: superuser attempting alter (subId=0x1000, set) [test_oat_hooks.audit]
NOTICE:  in object_access_hook_str: superuser finished alter (subId=0x1000, set) [test_oat_hooks.audit]
TRUNCATE b31_oat_p;
NOTICE:  in object access: superuser attempting truncate (subId=0x0) [extra info null]
NOTICE:  in object access: superuser finished truncate (subId=0x0) [extra info null]
NOTICE:  in object access: superuser attempting truncate (subId=0x0) [extra info null]
NOTICE:  in object access: superuser finished truncate (subId=0x0) [extra info null]
ERROR:  cannot truncate a table referenced in a foreign key constraint
DETAIL:  Table "b31_oat_f" references "b31_oat_p".
HINT:  Truncate table "b31_oat_f" at the same time, or use TRUNCATE ... CASCADE.
TRUNCATE b31_oat_p CASCADE;
NOTICE:  in object access: superuser attempting truncate (subId=0x0) [extra info null]
NOTICE:  in object access: superuser finished truncate (subId=0x0) [extra info null]
NOTICE:  in object access: superuser attempting truncate (subId=0x0) [extra info null]
NOTICE:  in object access: superuser finished truncate (subId=0x0) [extra info null]
NOTICE:  truncate cascades to table "b31_oat_f"
NOTICE:  in object access: superuser attempting truncate (subId=0x0) [extra info null]
NOTICE:  in object access: superuser finished truncate (subId=0x0) [extra info null]
SET test_oat_hooks.audit = off;
DROP TABLE b31_oat_f, b31_oat_c, b31_oat_p;
