Kani Rust Verifier 0.67.0 (cargo plugin)
warning: variant `Malloc` is never constructed
  --> /Users/malisper/dev/pgrust-fast/.wt-covfix/crates/_support/mcx/src/lib.rs:64:5
   |
61 | enum Backend {
   |      ------- variant in this enum
...
64 |     Malloc,
   |     ^^^^^^
   |
   = note: `#[warn(dead_code)]` (part of `#[warn(unused)]`) on by default

warning: function `chunk_size` is never used
   --> /Users/malisper/dev/pgrust-fast/.wt-covfix/crates/_support/mcx/src/aset.rs:284:4
    |
284 | fn chunk_size(idx: usize) -> usize {
    |    ^^^^^^^^^^

warning: method `mem_allocated` is never used
   --> /Users/malisper/dev/pgrust-fast/.wt-covfix/crates/_support/mcx/src/aset.rs:340:19
    |
306 | impl AllocSet {
    | ------------- method in this implementation
...
340 |     pub(crate) fn mem_allocated(&self) -> usize {
    |                   ^^^^^^^^^^^^^

warning: variant `ROW_MARK_EXCLUSIVE` should have an upper camel case name
   --> /Users/malisper/dev/pgrust-fast/.wt-covfix/crates/_support/types/nodes/src/plannodes.rs:897:5
    |
897 |     ROW_MARK_EXCLUSIVE = 0,
    |     ^^^^^^^^^^^^^^^^^^ help: convert the identifier to upper camel case: `RowMarkExclusive`
    |
    = note: `#[warn(non_camel_case_types)]` (part of `#[warn(nonstandard_style)]`) on by default

warning: variant `ROW_MARK_NOKEYEXCLUSIVE` should have an upper camel case name
   --> /Users/malisper/dev/pgrust-fast/.wt-covfix/crates/_support/types/nodes/src/plannodes.rs:898:5
    |
898 |     ROW_MARK_NOKEYEXCLUSIVE = 1,
    |     ^^^^^^^^^^^^^^^^^^^^^^^ help: convert the identifier to upper camel case: `RowMarkNokeyexclusive`

warning: variant `ROW_MARK_SHARE` should have an upper camel case name
   --> /Users/malisper/dev/pgrust-fast/.wt-covfix/crates/_support/types/nodes/src/plannodes.rs:899:5
    |
899 |     ROW_MARK_SHARE = 2,
    |     ^^^^^^^^^^^^^^ help: convert the identifier to upper camel case: `RowMarkShare`

warning: variant `ROW_MARK_KEYSHARE` should have an upper camel case name
   --> /Users/malisper/dev/pgrust-fast/.wt-covfix/crates/_support/types/nodes/src/plannodes.rs:900:5
    |
900 |     ROW_MARK_KEYSHARE = 3,
    |     ^^^^^^^^^^^^^^^^^ help: convert the identifier to upper camel case: `RowMarkKeyshare`

warning: variant `ROW_MARK_REFERENCE` should have an upper camel case name
   --> /Users/malisper/dev/pgrust-fast/.wt-covfix/crates/_support/types/nodes/src/plannodes.rs:901:5
    |
901 |     ROW_MARK_REFERENCE = 4,
    |     ^^^^^^^^^^^^^^^^^^ help: convert the identifier to upper camel case: `RowMarkReference`

warning: variant `ROW_MARK_COPY` should have an upper camel case name
   --> /Users/malisper/dev/pgrust-fast/.wt-covfix/crates/_support/types/nodes/src/plannodes.rs:902:5
    |
902 |     ROW_MARK_COPY = 5,
    |     ^^^^^^^^^^^^^ help: convert the identifier to upper camel case: `RowMarkCopy`

warning: unused imports: `LOG_DESTINATION_CSVLOG` and `LOG_DESTINATION_JSONLOG`
  --> /Users/malisper/dev/pgrust-fast/.wt-covfix/crates/backend/utils/error/elog/src/config.rs:10:61
   |
10 |     ErrorLevel, PGErrorVerbosity, PgError, PgResult, ERROR, LOG_DESTINATION_CSVLOG,
   |                                                             ^^^^^^^^^^^^^^^^^^^^^^
11 |     LOG_DESTINATION_JSONLOG, LOG_DESTINATION_STDERR, LOG_DESTINATION_SYSLOG, NOTICE, WARNING,
   |     ^^^^^^^^^^^^^^^^^^^^^^^
   |
   = note: `#[warn(unused_imports)]` (part of `#[warn(unused)]`) on by default

warning: unused import: `OptNodeList`
  --> /Users/malisper/dev/pgrust-fast/.wt-covfix/crates/backend/nodes/readfuncs/src/lib.rs:12:53
   |
12 | use types_nodes::list::{IntList, NodeList, OidList, OptNodeList};
   |                                                     ^^^^^^^^^^^
   |
   = note: `#[warn(unused_imports)]` (part of `#[warn(unused)]`) on by default

warning: unused import: `CoerceViaIO`
  --> /Users/malisper/dev/pgrust-fast/.wt-covfix/crates/backend/nodes/readfuncs/src/lib.rs:22:19
   |
22 |     CoalesceExpr, CoerceViaIO, CoercionForm, Const, FieldSelect, FieldStore, FromExpr, FuncExpr,
   |                   ^^^^^^^^^^^

warning: unreachable pattern
   --> /Users/malisper/dev/pgrust-fast/.wt-covfix/crates/backend/nodes/outfuncs/src/lib.rs:522:9
    |
124 |         NodeTag::T_CaseExpr => {
    |         ------------------- matches all the relevant values
...
522 |         NodeTag::T_CaseExpr => {
    |         ^^^^^^^^^^^^^^^^^^^ no value can reach this
    |
    = note: `#[warn(unreachable_patterns)]` (part of `#[warn(unused)]`) on by default

warning: unreachable pattern
   --> /Users/malisper/dev/pgrust-fast/.wt-covfix/crates/backend/nodes/outfuncs/src/lib.rs:532:9
    |
134 |         NodeTag::T_CaseWhen => {
    |         ------------------- matches all the relevant values
...
532 |         NodeTag::T_CaseWhen => {
    |         ^^^^^^^^^^^^^^^^^^^ no value can reach this

warning: unreachable pattern
   --> /Users/malisper/dev/pgrust-fast/.wt-covfix/crates/backend/nodes/outfuncs/src/lib.rs:587:9
    |
150 |         NodeTag::T_WindowFunc => {
    |         --------------------- matches all the relevant values
...
587 |         NodeTag::T_WindowFunc => {
    |         ^^^^^^^^^^^^^^^^^^^^^ no value can reach this

warning: unreachable pattern
   --> /Users/malisper/dev/pgrust-fast/.wt-covfix/crates/backend/nodes/outfuncs/src/lib.rs:606:9
    |
194 |         NodeTag::T_SetOperationStmt => {
    |         --------------------------- matches all the relevant values
...
606 |         NodeTag::T_SetOperationStmt => {
    |         ^^^^^^^^^^^^^^^^^^^^^^^^^^^ no value can reach this

warning: unreachable pattern
   --> /Users/malisper/dev/pgrust-fast/.wt-covfix/crates/backend/nodes/outfuncs/src/lib.rs:727:9
    |
479 |         NodeTag::T_NotifyStmt => out_notify_stmt(
    |         --------------------- matches all the relevant values
...
727 |         NodeTag::T_NotifyStmt => {
    |         ^^^^^^^^^^^^^^^^^^^^^ no value can reach this

warning: variable does not need to be mutable
   --> /Users/malisper/dev/pgrust-fast/.wt-covfix/crates/_support/types/pathnodes/src/run.rs:381:13
    |
381 |         let mut add = |outer: &mut crate::Relids<'mcx>, id: i32| {
    |             ----^^^
    |             |
    |             help: remove this `mut`
    |
    = note: `#[warn(unused_mut)]` (part of `#[warn(unused)]`) on by default

warning: variable does not need to be mutable
   --> /Users/malisper/dev/pgrust-fast/.wt-covfix/crates/_support/types/pathnodes/src/run.rs:414:17
    |
414 |             let mut add = |outer: &mut crate::Relids<'mcx>, id: i32| {
    |                 ----^^^
    |                 |
    |                 help: remove this `mut`

warning: unused import: `SetFunctionReturnMode`
 --> /Users/malisper/dev/pgrust-fast/.wt-covfix/crates/backend/utils/fmgr/funcapi_srf/src/lib.rs:4:62
  |
4 | use fmgr::{ExprDoneCond, FmgrInfo, FunctionCallInfoBaseData, SetFunctionReturnMode};
  |                                                              ^^^^^^^^^^^^^^^^^^^^^
  |
  = note: `#[warn(unused_imports)]` (part of `#[warn(unused)]`) on by default

warning: function `init_MultiFuncCall` should have a snake case name
  --> /Users/malisper/dev/pgrust-fast/.wt-covfix/crates/backend/utils/fmgr/funcapi_srf/src/lib.rs:44:8
   |
44 | pub fn init_MultiFuncCall<'a>(
   |        ^^^^^^^^^^^^^^^^^^ help: convert the identifier to snake case: `init_multi_func_call`
   |
   = note: `#[warn(non_snake_case)]` (part of `#[warn(nonstandard_style)]`) on by default

warning: function `per_MultiFuncCall` should have a snake case name
  --> /Users/malisper/dev/pgrust-fast/.wt-covfix/crates/backend/utils/fmgr/funcapi_srf/src/lib.rs:64:8
   |
64 | pub fn per_MultiFuncCall(flinfo: &mut FmgrInfo) -> &mut FuncCallContext {
   |        ^^^^^^^^^^^^^^^^^ help: convert the identifier to snake case: `per_multi_func_call`

warning: function `end_MultiFuncCall` should have a snake case name
  --> /Users/malisper/dev/pgrust-fast/.wt-covfix/crates/backend/utils/fmgr/funcapi_srf/src/lib.rs:70:8
   |
70 | pub fn end_MultiFuncCall(flinfo: &mut FmgrInfo) {
   |        ^^^^^^^^^^^^^^^^^ help: convert the identifier to snake case: `end_multi_func_call`

warning: type `spgChooseIn` should have an upper camel case name
  --> /Users/malisper/dev/pgrust-fast/.wt-covfix/crates/_support/types/types_spgist/src/state.rs:92:12
   |
92 | pub struct spgChooseIn {
   |            ^^^^^^^^^^^ help: convert the identifier to upper camel case (notice the capitalization): `SpgChooseIn`
   |
   = note: `#[warn(non_camel_case_types)]` (part of `#[warn(nonstandard_style)]`) on by default

warning: type `spgChooseOut` should have an upper camel case name
   --> /Users/malisper/dev/pgrust-fast/.wt-covfix/crates/_support/types/types_spgist/src/state.rs:104:10
    |
104 | pub enum spgChooseOut {
    |          ^^^^^^^^^^^^ help: convert the identifier to upper camel case (notice the capitalization): `SpgChooseOut`

warning: type `spgPickSplitIn` should have an upper camel case name
   --> /Users/malisper/dev/pgrust-fast/.wt-covfix/crates/_support/types/types_spgist/src/state.rs:127:12
    |
127 | pub struct spgPickSplitIn {
    |            ^^^^^^^^^^^^^^ help: convert the identifier to upper camel case (notice the capitalization): `SpgPickSplitIn`

warning: type `spgPickSplitOut` should have an upper camel case name
   --> /Users/malisper/dev/pgrust-fast/.wt-covfix/crates/_support/types/types_spgist/src/state.rs:134:12
    |
134 | pub struct spgPickSplitOut {
    |            ^^^^^^^^^^^^^^^ help: convert the identifier to upper camel case (notice the capitalization): `SpgPickSplitOut`

warning: type `spgInnerConsistentIn` should have an upper camel case name
   --> /Users/malisper/dev/pgrust-fast/.wt-covfix/crates/_support/types/types_spgist/src/state.rs:157:12
    |
157 | pub struct spgInnerConsistentIn<'a> {
    |            ^^^^^^^^^^^^^^^^^^^^ help: convert the identifier to upper camel case (notice the capitalization): `SpgInnerConsistentIn`

warning: type `spgInnerConsistentOut` should have an upper camel case name
   --> /Users/malisper/dev/pgrust-fast/.wt-covfix/crates/_support/types/types_spgist/src/state.rs:175:12
    |
175 | pub struct spgInnerConsistentOut {
    |            ^^^^^^^^^^^^^^^^^^^^^ help: convert the identifier to upper camel case (notice the capitalization): `SpgInnerConsistentOut`

warning: type `spgLeafConsistentIn` should have an upper camel case name
   --> /Users/malisper/dev/pgrust-fast/.wt-covfix/crates/_support/types/types_spgist/src/state.rs:199:12
    |
199 | pub struct spgLeafConsistentIn {
    |            ^^^^^^^^^^^^^^^^^^^ help: convert the identifier to upper camel case (notice the capitalization): `SpgLeafConsistentIn`

warning: type `spgLeafConsistentOut` should have an upper camel case name
   --> /Users/malisper/dev/pgrust-fast/.wt-covfix/crates/_support/types/types_spgist/src/state.rs:212:12
    |
212 | pub struct spgLeafConsistentOut {
    |            ^^^^^^^^^^^^^^^^^^^^ help: convert the identifier to upper camel case (notice the capitalization): `SpgLeafConsistentOut`

warning: type `spgxlogState` should have an upper camel case name
  --> /Users/malisper/dev/pgrust-fast/.wt-covfix/crates/_support/types/types_spgist/src/xlog.rs:15:12
   |
15 | pub struct spgxlogState {
   |            ^^^^^^^^^^^^ help: convert the identifier to upper camel case (notice the capitalization): `SpgxlogState`

warning: type `spgxlogAddLeaf` should have an upper camel case name
  --> /Users/malisper/dev/pgrust-fast/.wt-covfix/crates/_support/types/types_spgist/src/xlog.rs:40:12
   |
40 | pub struct spgxlogAddLeaf {
   |            ^^^^^^^^^^^^^^ help: convert the identifier to upper camel case (notice the capitalization): `SpgxlogAddLeaf`

warning: type `spgxlogMoveLeafs` should have an upper camel case name
  --> /Users/malisper/dev/pgrust-fast/.wt-covfix/crates/_support/types/types_spgist/src/xlog.rs:76:12
   |
76 | pub struct spgxlogMoveLeafs {
   |            ^^^^^^^^^^^^^^^^ help: convert the identifier to upper camel case (notice the capitalization): `SpgxlogMoveLeafs`

warning: type `spgxlogAddNode` should have an upper camel case name
   --> /Users/malisper/dev/pgrust-fast/.wt-covfix/crates/_support/types/types_spgist/src/xlog.rs:115:12
    |
115 | pub struct spgxlogAddNode {
    |            ^^^^^^^^^^^^^^ help: convert the identifier to upper camel case (notice the capitalization): `SpgxlogAddNode`

warning: type `spgxlogSplitTuple` should have an upper camel case name
   --> /Users/malisper/dev/pgrust-fast/.wt-covfix/crates/_support/types/types_spgist/src/xlog.rs:154:12
    |
154 | pub struct spgxlogSplitTuple {
    |            ^^^^^^^^^^^^^^^^^ help: convert the identifier to upper camel case (notice the capitalization): `SpgxlogSplitTuple`

warning: type `spgxlogPickSplit` should have an upper camel case name
   --> /Users/malisper/dev/pgrust-fast/.wt-covfix/crates/_support/types/types_spgist/src/xlog.rs:184:12
    |
184 | pub struct spgxlogPickSplit {
    |            ^^^^^^^^^^^^^^^^ help: convert the identifier to upper camel case (notice the capitalization): `SpgxlogPickSplit`

warning: type `spgxlogVacuumLeaf` should have an upper camel case name
   --> /Users/malisper/dev/pgrust-fast/.wt-covfix/crates/_support/types/types_spgist/src/xlog.rs:238:12
    |
238 | pub struct spgxlogVacuumLeaf {
    |            ^^^^^^^^^^^^^^^^^ help: convert the identifier to upper camel case (notice the capitalization): `SpgxlogVacuumLeaf`

warning: type `spgxlogVacuumRoot` should have an upper camel case name
   --> /Users/malisper/dev/pgrust-fast/.wt-covfix/crates/_support/types/types_spgist/src/xlog.rs:271:12
    |
271 | pub struct spgxlogVacuumRoot {
    |            ^^^^^^^^^^^^^^^^^ help: convert the identifier to upper camel case (notice the capitalization): `SpgxlogVacuumRoot`

warning: type `spgxlogVacuumRedirect` should have an upper camel case name
   --> /Users/malisper/dev/pgrust-fast/.wt-covfix/crates/_support/types/types_spgist/src/xlog.rs:295:12
    |
295 | pub struct spgxlogVacuumRedirect {
    |            ^^^^^^^^^^^^^^^^^^^^^ help: convert the identifier to upper camel case (notice the capitalization): `SpgxlogVacuumRedirect`

warning: type `spgConfigIn` should have an upper camel case name
   --> /Users/malisper/dev/pgrust-fast/.wt-covfix/crates/_support/types/types_spgist/src/lib.rs:237:12
    |
237 | pub struct spgConfigIn {
    |            ^^^^^^^^^^^ help: convert the identifier to upper camel case (notice the capitalization): `SpgConfigIn`

warning: type `spgConfigOut` should have an upper camel case name
   --> /Users/malisper/dev/pgrust-fast/.wt-covfix/crates/_support/types/types_spgist/src/lib.rs:242:12
    |
242 | pub struct spgConfigOut {
    |            ^^^^^^^^^^^^ help: convert the identifier to upper camel case (notice the capitalization): `SpgConfigOut`

warning: unreachable pattern
  --> /Users/malisper/dev/pgrust-fast/.wt-covfix/crates/backend/nodes/nodes_core/src/node_funcs.rs:47:9
   |
30 |         NodeTag::T_CollateExpr => expr_type(node.as_collate_expr().unwrap().arg),
   |         ---------------------- matches all the relevant values
...
47 |         NodeTag::T_CollateExpr => expr_type(node.as_collate_expr().unwrap().arg),
   |         ^^^^^^^^^^^^^^^^^^^^^^ no value can reach this
   |
   = note: `#[warn(unreachable_patterns)]` (part of `#[warn(unused)]`) on by default

warning: unreachable pattern
   --> /Users/malisper/dev/pgrust-fast/.wt-covfix/crates/backend/nodes/nodes_core/src/node_funcs.rs:194:9
    |
163 |         NodeTag::T_CollateExpr => expr_typmod(node.as_collate_expr().unwrap().arg),
    |         ---------------------- matches all the relevant values
...
194 |         NodeTag::T_CollateExpr => expr_typmod(node.as_collate_expr().unwrap().arg),
    |         ^^^^^^^^^^^^^^^^^^^^^^ no value can reach this

warning: unreachable pattern
   --> /Users/malisper/dev/pgrust-fast/.wt-covfix/crates/backend/nodes/nodes_core/src/node_funcs.rs:296:9
    |
279 |         NodeTag::T_CollateExpr => node.as_collate_expr().unwrap().collOid,
    |         ---------------------- matches all the relevant values
...
296 |         NodeTag::T_CollateExpr => node.as_collate_expr().unwrap().collOid,
    |         ^^^^^^^^^^^^^^^^^^^^^^ no value can reach this

warning: unreachable pattern
   --> /Users/malisper/dev/pgrust-fast/.wt-covfix/crates/backend/nodes/nodes_core/src/node_funcs.rs:476:9
    |
424 |         NodeTag::T_CollateExpr => expr_location(node.as_collate_expr().unwrap().arg),
    |         ---------------------- matches all the relevant values
...
476 |         NodeTag::T_CollateExpr => expr_location(node.as_collate_expr().unwrap().arg),
    |         ^^^^^^^^^^^^^^^^^^^^^^ no value can reach this

warning: unused import: `MemoryContext`
  --> /Users/malisper/dev/pgrust-fast/.wt-covfix/crates/backend/utils/cache/typcache/src/lib.rs:19:16
   |
19 | use mcx::{Mcx, MemoryContext, PgHashMap, PgVec};
   |                ^^^^^^^^^^^^^
   |
   = note: `#[warn(unused_imports)]` (part of `#[warn(unused)]`) on by default

warning: value assigned to `addedafter` is never read
   --> /Users/malisper/dev/pgrust-fast/.wt-covfix/crates/backend/utils/adt/arrayfuncs/src/element.rs:545:26
    |
545 |     let mut addedafter = 0i32;
    |                          ^^^^
    |
    = help: maybe it is overwritten before being read?
    = note: `#[warn(unused_assignments)]` (part of `#[warn(unused)]`) on by default

warning: unnecessary `unsafe` block
   --> /Users/malisper/dev/pgrust-fast/.wt-covfix/crates/backend/utils/adt/arrayfuncs/src/expanded.rs:144:55
    |
141 |     unsafe {
    |     ------ because it's nested under this `unsafe` block
...
144 |         parentcontext.register_reset_callback(move || unsafe { drop(Box::from_raw(p)) });
    |                                                       ^^^^^^ unnecessary `unsafe` block
    |
    = note: `#[warn(unused_unsafe)]` (part of `#[warn(unused)]`) on by default

warning: unnecessary `unsafe` block
   --> /Users/malisper/dev/pgrust-fast/.wt-covfix/crates/backend/utils/adt/arrayfuncs/src/expanded.rs:252:15
    |
252 |         cur + unsafe { varsize_any(value.as_usize() as *const u8) }
    |               ^^^^^^ unnecessary `unsafe` block

warning: unnecessary `unsafe` block
   --> /Users/malisper/dev/pgrust-fast/.wt-covfix/crates/backend/utils/adt/arrayfuncs/src/io.rs:557:15
    |
557 |         -1 => unsafe { varsize_any(p) },
    |               ^^^^^^ unnecessary `unsafe` block

warning: constant `HASH_RECORD_OID` is never used
   --> /Users/malisper/dev/pgrust-fast/.wt-covfix/crates/backend/utils/adt/arrayfuncs/src/builtins.rs:522:7
    |
522 | const HASH_RECORD_OID: Oid = 6192;
    |       ^^^^^^^^^^^^^^^
    |
    = note: `#[warn(dead_code)]` (part of `#[warn(unused)]`) on by default

warning: constant `HASH_RECORD_EXTENDED_OID` is never used
   --> /Users/malisper/dev/pgrust-fast/.wt-covfix/crates/backend/utils/adt/arrayfuncs/src/builtins.rs:523:7
    |
523 | const HASH_RECORD_EXTENDED_OID: Oid = 6193;
    |       ^^^^^^^^^^^^^^^^^^^^^^^^

warning: field `0` is never read
  --> /Users/malisper/dev/pgrust-fast/.wt-covfix/crates/backend/utils/adt/numeric/src/sortsupport.rs:21:17
   |
21 | struct AlignBuf([u8; 128]);
   |        -------- ^^^^^^^^^
   |        |
   |        field in this struct
   |
   = help: consider removing this field
   = note: `#[warn(dead_code)]` (part of `#[warn(unused)]`) on by default

warning: unused import: `core::cmp::Ordering`
  --> /Users/malisper/dev/pgrust-fast/.wt-covfix/crates/backend/utils/adt/varlena/src/lib.rs:23:5
   |
23 | use core::cmp::Ordering;
   |     ^^^^^^^^^^^^^^^^^^^
   |
   = note: `#[warn(unused_imports)]` (part of `#[warn(unused)]`) on by default

warning: unused import: `proof_support::stubs`
   --> src/lib.rs:225:9
    |
225 |     use proof_support::stubs;
    |         ^^^^^^^^^^^^^^^^^^^^
    |
    = note: `#[warn(unused_imports)]` (part of `#[warn(unused)]`) on by default

warning: Found the following unsupported constructs:
             - caller_location (1)
             - foreign function (2)
         
         Verification will fail if one or more of these constructs is reachable.
         See https://model-checking.github.io/kani/rust-feature-support.html for more details.

    Finished `dev` profile [unoptimized + debuginfo] target(s) in 0.21s
Checking harness harnesses::eq_bool_accum_inv...
CBMC 6.8.0 (cbmc-6.8.0)
CBMC version 6.8.0 (cbmc-6.8.0) 64-bit arm64 macos
Reading GOTO program from file /Users/malisper/dev/pgrust-fast/.wt-covfix/proofs/bool/target/kani/aarch64-apple-darwin/debug/deps/proof_bool-467fa4041439f4c8__RNvNtCs1xhUq6655QC_10proof_bool9harnesses17eq_bool_accum_inv.out
Generating GOTO Program
Adding CPROVER library (arm64)
Removal of function pointers and virtual functions
Generic Property Instrumentation
Running with 16 object bits, 48 offset bits (user-specified)
Starting Bounded Model Checking
aborting path on assume(false) at file /Users/malisper/dev/pgrust-fast/.wt-covfix/crates/backend/utils/adt/bool/src/lib.rs line 165 column 1 function adt_bool::bool_accum_inv thread 0
aborting path on assume(false) at file src/lib.rs line 318 column 15 function harnesses::eq_bool_accum_inv thread 0
Runtime Symex: 0.109283s
size of program expression: 3067 steps
slicing removed 1858 assignments
Generated 151 VCC(s), 64 remaining after simplification
Runtime Postprocess Equation: 0.000941791s
Passing problem to propositional reduction
converting SSA
Runtime Convert SSA: 0.0148919s
Running propositional reduction
Post-processing
Runtime Post-process: 0.012646s
Solving with External SAT solver
Writing temporary CNF
Invoking SAT solver
Solver returned code: 10
result:SATISFIABLE
Runtime Solver: 0.0647669s
Runtime decision procedure: 0.0801625s
Running propositional reduction
Solving with External SAT solver
Writing temporary CNF
Invoking SAT solver
Solver returned code: 10
result:SATISFIABLE
Runtime Solver: 0.0282751s
Runtime decision procedure: 0.0283575s
Running propositional reduction
Solving with External SAT solver
Writing temporary CNF
Invoking SAT solver
Solver returned code: 10
result:SATISFIABLE
Runtime Solver: 0.0277394s
Runtime decision procedure: 0.0278059s
Running propositional reduction
Solving with External SAT solver
Writing temporary CNF
Invoking SAT solver
Solver returned code: 10
result:SATISFIABLE
Runtime Solver: 0.0355451s
Runtime decision procedure: 0.0356095s
Running propositional reduction
Solving with External SAT solver
Writing temporary CNF
Invoking SAT solver
Solver returned code: 10
result:SATISFIABLE
Runtime Solver: 0.0299612s
Runtime decision procedure: 0.0300215s
Running propositional reduction
Solving with External SAT solver
Writing temporary CNF
Invoking SAT solver
Solver returned code: 20
result:UNSATISFIABLE
Runtime Solver: 0.125641s
Runtime decision procedure: 0.125691s

RESULTS:
Check 1: malloc.assertion.1
	 - Status: SUCCESS
	 - Description: "max allocation size exceeded"
	 - Location: <builtin-library-malloc>:31 in function malloc

Check 2: malloc.assertion.2
	 - Status: SUCCESS
	 - Description: "max allocation may fail"
	 - Location: <builtin-library-malloc>:36 in function malloc

Check 3: harnesses::eq_bool_accum_inv.unreachable.1
	 - Status: SUCCESS
	 - Description: "unreachable code"
	 - Location: src/lib.rs:318:15 in function harnesses::eq_bool_accum_inv

Check 4: harnesses::eq_bool_accum_inv.safety_check.1
	 - Status: SUCCESS
	 - Description: "misaligned pointer dereference: address must be a multiple of its type's alignment"
	 - Location: src/lib.rs:321:39 in function harnesses::eq_bool_accum_inv

Check 5: harnesses::eq_bool_accum_inv.safety_check.2
	 - Status: SUCCESS
	 - Description: "null pointer dereference occurred"
	 - Location: src/lib.rs:321:39 in function harnesses::eq_bool_accum_inv

Check 6: harnesses::eq_bool_accum_inv.safety_check.3
	 - Status: SUCCESS
	 - Description: "misaligned pointer dereference: address must be a multiple of its type's alignment"
	 - Location: src/lib.rs:321:79 in function harnesses::eq_bool_accum_inv

Check 7: harnesses::eq_bool_accum_inv.safety_check.4
	 - Status: SUCCESS
	 - Description: "null pointer dereference occurred"
	 - Location: src/lib.rs:321:79 in function harnesses::eq_bool_accum_inv

Check 8: harnesses::eq_bool_accum_inv.assertion.1
	 - Status: SUCCESS
	 - Description: "assertion failed: ok"
	 - Location: src/lib.rs:324:17 in function harnesses::eq_bool_accum_inv

Check 9: harnesses::eq_bool_accum_inv.assertion.2
	 - Status: SUCCESS
	 - Description: "assertion failed: cerr == 0 && r.aggcount == cc && r.aggtrue == ct"
	 - Location: src/lib.rs:319:22 in function harnesses::eq_bool_accum_inv

Check 10: adt_bool::bool_accum_inv.unreachable.1
	 - Status: SUCCESS
	 - Description: "unreachable code"
	 - Location: ../../crates/backend/utils/adt/bool/src/lib.rs:165:1 in function adt_bool::bool_accum_inv

Check 11: adt_bool::bool_accum_inv.assertion.1
	 - Status: SUCCESS
	 - Description: "attempt to subtract with overflow"
	 - Location: ../../crates/backend/utils/adt/bool/src/lib.rs:173:9 in function adt_bool::bool_accum_inv

Check 12: adt_bool::bool_accum_inv.assertion.2
	 - Status: SUCCESS
	 - Description: "attempt to subtract with overflow"
	 - Location: ../../crates/backend/utils/adt/bool/src/lib.rs:175:13 in function adt_bool::bool_accum_inv

Check 13: std::option::Option::<std::cmp::Ordering>::is_some_and::<fn(std::cmp::Ordering) -> bool {std::cmp::Ordering::is_ge}>.unreachable.1
	 - Status: SUCCESS
	 - Description: "unreachable code"
	 - Location: ../../../../../../runner/.rustup/toolchains/nightly-2025-11-21-aarch64-apple-darwin/lib/rustlib/src/rust/library/core/src/option.rs:662:15 in function std::option::Option::<std::cmp::Ordering>::is_some_and::<fn(std::cmp::Ordering) -> bool {std::cmp::Ordering::is_ge}>

Check 14: proof_support::stub_pg_error_new::<&str>.pointer_dereference.1
	 - Status: SUCCESS
	 - Description: "dereference failure: dead object"
	 - Location: ../support/src/lib.rs:73:26 in function proof_support::stub_pg_error_new::<&str>

Check 15: proof_support::stub_pg_error_new::<&str>.pointer_dereference.2
	 - Status: SUCCESS
	 - Description: "dereference failure: dead object"
	 - Location: ../support/src/lib.rs:74:21 in function proof_support::stub_pg_error_new::<&str>

Check 16: proof_support::stub_pg_error_new::<&str>.pointer_dereference.3
	 - Status: SUCCESS
	 - Description: "dereference failure: dead object"
	 - Location: ../support/src/lib.rs:75:25 in function proof_support::stub_pg_error_new::<&str>

Check 17: proof_support::stub_pg_error_new::<&str>.pointer_dereference.4
	 - Status: SUCCESS
	 - Description: "dereference failure: dead object"
	 - Location: ../support/src/lib.rs:76:19 in function proof_support::stub_pg_error_new::<&str>

Check 18: proof_support::stub_pg_error_new::<&str>.pointer_dereference.5
	 - Status: SUCCESS
	 - Description: "dereference failure: dead object"
	 - Location: ../support/src/lib.rs:77:22 in function proof_support::stub_pg_error_new::<&str>

Check 19: proof_support::stub_pg_error_new::<&str>.pointer_dereference.6
	 - Status: SUCCESS
	 - Description: "dereference failure: dead object"
	 - Location: ../support/src/lib.rs:78:24 in function proof_support::stub_pg_error_new::<&str>

Check 20: proof_support::stub_pg_error_new::<&str>.pointer_dereference.7
	 - Status: SUCCESS
	 - Description: "dereference failure: dead object"
	 - Location: ../support/src/lib.rs:79:25 in function proof_support::stub_pg_error_new::<&str>

Check 21: proof_support::stub_pg_error_new::<&str>.pointer_dereference.8
	 - Status: SUCCESS
	 - Description: "dereference failure: dead object"
	 - Location: ../support/src/lib.rs:80:21 in function proof_support::stub_pg_error_new::<&str>

Check 22: proof_support::stub_pg_error_new::<&str>.pointer_dereference.9
	 - Status: SUCCESS
	 - Description: "dereference failure: dead object"
	 - Location: ../support/src/lib.rs:81:29 in function proof_support::stub_pg_error_new::<&str>

Check 23: proof_support::stub_pg_error_new::<&str>.pointer_dereference.10
	 - Status: SUCCESS
	 - Description: "dereference failure: dead object"
	 - Location: ../support/src/lib.rs:84:23 in function proof_support::stub_pg_error_new::<&str>

Check 24: proof_support::stub_pg_error_new::<&str>.pointer_dereference.11
	 - Status: SUCCESS
	 - Description: "dereference failure: dead object"
	 - Location: ../support/src/lib.rs:88:29 in function proof_support::stub_pg_error_new::<&str>

Check 25: proof_support::stub_pg_error_new::<&str>.pointer_dereference.12
	 - Status: SUCCESS
	 - Description: "dereference failure: dead object"
	 - Location: ../support/src/lib.rs:89:26 in function proof_support::stub_pg_error_new::<&str>

Check 26: proof_support::stub_pg_error_new::<&str>.pointer_dereference.13
	 - Status: SUCCESS
	 - Description: "dereference failure: dead object"
	 - Location: ../support/src/lib.rs:90:25 in function proof_support::stub_pg_error_new::<&str>

Check 27: proof_support::stub_pg_error_new::<&str>.pointer_dereference.14
	 - Status: SUCCESS
	 - Description: "dereference failure: dead object"
	 - Location: ../support/src/lib.rs:91:26 in function proof_support::stub_pg_error_new::<&str>

Check 28: proof_support::stub_pg_error_new::<&str>.pointer_dereference.15
	 - Status: SUCCESS
	 - Description: "dereference failure: dead object"
	 - Location: ../support/src/lib.rs:92:28 in function proof_support::stub_pg_error_new::<&str>

Check 29: proof_support::stub_pg_error_new::<&str>.pointer_dereference.16
	 - Status: SUCCESS
	 - Description: "dereference failure: dead object"
	 - Location: ../support/src/lib.rs:93:30 in function proof_support::stub_pg_error_new::<&str>

Check 30: std::option::Option::<std::cmp::Ordering>::is_some_and::<fn(std::cmp::Ordering) -> bool {std::cmp::Ordering::is_ge}>.pointer_dereference.1
	 - Status: SUCCESS
	 - Description: "dereference failure: dead object"
	 - Location: ../../../../../../runner/.rustup/toolchains/nightly-2025-11-21-aarch64-apple-darwin/lib/rustlib/src/rust/library/core/src/option.rs:662:15 in function std::option::Option::<std::cmp::Ordering>::is_some_and::<fn(std::cmp::Ordering) -> bool {std::cmp::Ordering::is_ge}>

Check 31: pg_bool_accum_inv.pointer_dereference.1
	 - Status: SUCCESS
	 - Description: "dereference failure: pointer NULL"
	 - Location: c/pg_bool.c:303 in function pg_bool_accum_inv

Check 32: pg_bool_accum_inv.pointer_dereference.2
	 - Status: SUCCESS
	 - Description: "dereference failure: pointer invalid"
	 - Location: c/pg_bool.c:303 in function pg_bool_accum_inv

Check 33: pg_bool_accum_inv.pointer_dereference.3
	 - Status: SUCCESS
	 - Description: "dereference failure: deallocated dynamic object"
	 - Location: c/pg_bool.c:303 in function pg_bool_accum_inv

Check 34: pg_bool_accum_inv.pointer_dereference.4
	 - Status: SUCCESS
	 - Description: "dereference failure: dead object"
	 - Location: c/pg_bool.c:303 in function pg_bool_accum_inv

Check 35: pg_bool_accum_inv.pointer_dereference.5
	 - Status: SUCCESS
	 - Description: "dereference failure: pointer outside object bounds"
	 - Location: c/pg_bool.c:303 in function pg_bool_accum_inv

Check 36: pg_bool_accum_inv.pointer_dereference.6
	 - Status: SUCCESS
	 - Description: "dereference failure: invalid integer address"
	 - Location: c/pg_bool.c:303 in function pg_bool_accum_inv

Check 37: pg_bool_accum_inv.pointer_dereference.7
	 - Status: SUCCESS
	 - Description: "dereference failure: pointer NULL"
	 - Location: c/pg_bool.c:306 in function pg_bool_accum_inv

Check 38: pg_bool_accum_inv.pointer_dereference.8
	 - Status: SUCCESS
	 - Description: "dereference failure: pointer invalid"
	 - Location: c/pg_bool.c:306 in function pg_bool_accum_inv

Check 39: pg_bool_accum_inv.pointer_dereference.9
	 - Status: SUCCESS
	 - Description: "dereference failure: deallocated dynamic object"
	 - Location: c/pg_bool.c:306 in function pg_bool_accum_inv

Check 40: pg_bool_accum_inv.pointer_dereference.10
	 - Status: SUCCESS
	 - Description: "dereference failure: dead object"
	 - Location: c/pg_bool.c:306 in function pg_bool_accum_inv

Check 41: pg_bool_accum_inv.pointer_dereference.11
	 - Status: SUCCESS
	 - Description: "dereference failure: pointer outside object bounds"
	 - Location: c/pg_bool.c:306 in function pg_bool_accum_inv

Check 42: pg_bool_accum_inv.pointer_dereference.12
	 - Status: SUCCESS
	 - Description: "dereference failure: invalid integer address"
	 - Location: c/pg_bool.c:306 in function pg_bool_accum_inv

Check 43: pg_bool_accum_inv.pointer_dereference.13
	 - Status: SUCCESS
	 - Description: "dereference failure: dead object"
	 - Location: c/pg_bool.c:310 in function pg_bool_accum_inv

Check 44: pg_bool_accum_inv.pointer_dereference.14
	 - Status: SUCCESS
	 - Description: "dereference failure: pointer outside object bounds"
	 - Location: c/pg_bool.c:310 in function pg_bool_accum_inv

Check 45: pg_bool_accum_inv.pointer_dereference.15
	 - Status: SUCCESS
	 - Description: "dereference failure: dead object"
	 - Location: c/pg_bool.c:311 in function pg_bool_accum_inv

Check 46: pg_bool_accum_inv.pointer_dereference.16
	 - Status: SUCCESS
	 - Description: "dereference failure: pointer outside object bounds"
	 - Location: c/pg_bool.c:311 in function pg_bool_accum_inv

Check 47: pg_bool_accum_inv.pointer_dereference.17
	 - Status: SUCCESS
	 - Description: "dereference failure: dead object"
	 - Location: c/pg_bool.c:315 in function pg_bool_accum_inv

Check 48: pg_bool_accum_inv.pointer_dereference.18
	 - Status: SUCCESS
	 - Description: "dereference failure: pointer outside object bounds"
	 - Location: c/pg_bool.c:315 in function pg_bool_accum_inv

Check 49: pg_bool_accum_inv.pointer_dereference.19
	 - Status: SUCCESS
	 - Description: "dereference failure: dead object"
	 - Location: c/pg_bool.c:317 in function pg_bool_accum_inv

Check 50: pg_bool_accum_inv.pointer_dereference.20
	 - Status: SUCCESS
	 - Description: "dereference failure: pointer outside object bounds"
	 - Location: c/pg_bool.c:317 in function pg_bool_accum_inv

Check 51: pg_bool_accum_inv.pointer_dereference.21
	 - Status: SUCCESS
	 - Description: "dereference failure: pointer NULL"
	 - Location: c/pg_bool.c:320 in function pg_bool_accum_inv

Check 52: pg_bool_accum_inv.pointer_dereference.22
	 - Status: SUCCESS
	 - Description: "dereference failure: pointer invalid"
	 - Location: c/pg_bool.c:320 in function pg_bool_accum_inv

Check 53: pg_bool_accum_inv.pointer_dereference.23
	 - Status: SUCCESS
	 - Description: "dereference failure: deallocated dynamic object"
	 - Location: c/pg_bool.c:320 in function pg_bool_accum_inv

Check 54: pg_bool_accum_inv.pointer_dereference.24
	 - Status: SUCCESS
	 - Description: "dereference failure: dead object"
	 - Location: c/pg_bool.c:320 in function pg_bool_accum_inv

Check 55: pg_bool_accum_inv.pointer_dereference.25
	 - Status: SUCCESS
	 - Description: "dereference failure: pointer outside object bounds"
	 - Location: c/pg_bool.c:320 in function pg_bool_accum_inv

Check 56: pg_bool_accum_inv.pointer_dereference.26
	 - Status: SUCCESS
	 - Description: "dereference failure: invalid integer address"
	 - Location: c/pg_bool.c:320 in function pg_bool_accum_inv

Check 57: pg_bool_accum_inv.pointer_dereference.27
	 - Status: SUCCESS
	 - Description: "dereference failure: dead object"
	 - Location: c/pg_bool.c:320 in function pg_bool_accum_inv

Check 58: pg_bool_accum_inv.pointer_dereference.28
	 - Status: SUCCESS
	 - Description: "dereference failure: pointer outside object bounds"
	 - Location: c/pg_bool.c:320 in function pg_bool_accum_inv

Check 59: pg_bool_accum_inv.pointer_dereference.29
	 - Status: SUCCESS
	 - Description: "dereference failure: pointer NULL"
	 - Location: c/pg_bool.c:321 in function pg_bool_accum_inv

Check 60: pg_bool_accum_inv.pointer_dereference.30
	 - Status: SUCCESS
	 - Description: "dereference failure: pointer invalid"
	 - Location: c/pg_bool.c:321 in function pg_bool_accum_inv

Check 61: pg_bool_accum_inv.pointer_dereference.31
	 - Status: SUCCESS
	 - Description: "dereference failure: deallocated dynamic object"
	 - Location: c/pg_bool.c:321 in function pg_bool_accum_inv

Check 62: pg_bool_accum_inv.pointer_dereference.32
	 - Status: SUCCESS
	 - Description: "dereference failure: dead object"
	 - Location: c/pg_bool.c:321 in function pg_bool_accum_inv

Check 63: pg_bool_accum_inv.pointer_dereference.33
	 - Status: SUCCESS
	 - Description: "dereference failure: pointer outside object bounds"
	 - Location: c/pg_bool.c:321 in function pg_bool_accum_inv

Check 64: pg_bool_accum_inv.pointer_dereference.34
	 - Status: SUCCESS
	 - Description: "dereference failure: invalid integer address"
	 - Location: c/pg_bool.c:321 in function pg_bool_accum_inv

Check 65: pg_bool_accum_inv.pointer_dereference.35
	 - Status: SUCCESS
	 - Description: "dereference failure: dead object"
	 - Location: c/pg_bool.c:321 in function pg_bool_accum_inv

Check 66: pg_bool_accum_inv.pointer_dereference.36
	 - Status: SUCCESS
	 - Description: "dereference failure: pointer outside object bounds"
	 - Location: c/pg_bool.c:321 in function pg_bool_accum_inv

Check 67: harnesses::eq_bool_accum_inv.pointer_dereference.1
	 - Status: SUCCESS
	 - Description: "dereference failure: dead object"
	 - Location: src/lib.rs:302:49 in function harnesses::eq_bool_accum_inv

Check 68: <types_error::SqlState as std::cmp::PartialEq>::eq.pointer_dereference.1
	 - Status: SUCCESS
	 - Description: "dereference failure: pointer NULL"
	 - Location: ../../crates/_support/types/types_error/src/error.rs:31:21 in function <types_error::SqlState as std::cmp::PartialEq>::eq

Check 69: <types_error::SqlState as std::cmp::PartialEq>::eq.pointer_dereference.2
	 - Status: SUCCESS
	 - Description: "dereference failure: pointer invalid"
	 - Location: ../../crates/_support/types/types_error/src/error.rs:31:21 in function <types_error::SqlState as std::cmp::PartialEq>::eq

Check 70: <types_error::SqlState as std::cmp::PartialEq>::eq.pointer_dereference.3
	 - Status: SUCCESS
	 - Description: "dereference failure: deallocated dynamic object"
	 - Location: ../../crates/_support/types/types_error/src/error.rs:31:21 in function <types_error::SqlState as std::cmp::PartialEq>::eq

Check 71: <types_error::SqlState as std::cmp::PartialEq>::eq.pointer_dereference.4
	 - Status: SUCCESS
	 - Description: "dereference failure: dead object"
	 - Location: ../../crates/_support/types/types_error/src/error.rs:31:21 in function <types_error::SqlState as std::cmp::PartialEq>::eq

Check 72: <types_error::SqlState as std::cmp::PartialEq>::eq.pointer_dereference.5
	 - Status: SUCCESS
	 - Description: "dereference failure: pointer outside object bounds"
	 - Location: ../../crates/_support/types/types_error/src/error.rs:31:21 in function <types_error::SqlState as std::cmp::PartialEq>::eq

Check 73: <types_error::SqlState as std::cmp::PartialEq>::eq.pointer_dereference.6
	 - Status: SUCCESS
	 - Description: "dereference failure: invalid integer address"
	 - Location: ../../crates/_support/types/types_error/src/error.rs:31:21 in function <types_error::SqlState as std::cmp::PartialEq>::eq

Check 74: <types_error::SqlState as std::cmp::PartialEq>::eq.pointer_dereference.7
	 - Status: SUCCESS
	 - Description: "dereference failure: pointer NULL"
	 - Location: ../../crates/_support/types/types_error/src/error.rs:31:21 in function <types_error::SqlState as std::cmp::PartialEq>::eq

Check 75: <types_error::SqlState as std::cmp::PartialEq>::eq.pointer_dereference.8
	 - Status: SUCCESS
	 - Description: "dereference failure: pointer invalid"
	 - Location: ../../crates/_support/types/types_error/src/error.rs:31:21 in function <types_error::SqlState as std::cmp::PartialEq>::eq

Check 76: <types_error::SqlState as std::cmp::PartialEq>::eq.pointer_dereference.9
	 - Status: SUCCESS
	 - Description: "dereference failure: deallocated dynamic object"
	 - Location: ../../crates/_support/types/types_error/src/error.rs:31:21 in function <types_error::SqlState as std::cmp::PartialEq>::eq

Check 77: <types_error::SqlState as std::cmp::PartialEq>::eq.pointer_dereference.10
	 - Status: SUCCESS
	 - Description: "dereference failure: dead object"
	 - Location: ../../crates/_support/types/types_error/src/error.rs:31:21 in function <types_error::SqlState as std::cmp::PartialEq>::eq

Check 78: <types_error::SqlState as std::cmp::PartialEq>::eq.pointer_dereference.11
	 - Status: SUCCESS
	 - Description: "dereference failure: pointer outside object bounds"
	 - Location: ../../crates/_support/types/types_error/src/error.rs:31:21 in function <types_error::SqlState as std::cmp::PartialEq>::eq

Check 79: <types_error::SqlState as std::cmp::PartialEq>::eq.pointer_dereference.12
	 - Status: SUCCESS
	 - Description: "dereference failure: invalid integer address"
	 - Location: ../../crates/_support/types/types_error/src/error.rs:31:21 in function <types_error::SqlState as std::cmp::PartialEq>::eq

Check 80: std::cmp::impls::<impl std::cmp::PartialOrd for i32>::partial_cmp.pointer_dereference.1
	 - Status: SUCCESS
	 - Description: "dereference failure: pointer NULL"
	 - Location: ../../../../../../runner/.rustup/toolchains/nightly-2025-11-21-aarch64-apple-darwin/lib/rustlib/src/rust/library/core/src/cmp.rs:1987:63 in function std::cmp::impls::<impl std::cmp::PartialOrd for i32>::partial_cmp

Check 81: std::cmp::impls::<impl std::cmp::PartialOrd for i32>::partial_cmp.pointer_dereference.2
	 - Status: SUCCESS
	 - Description: "dereference failure: pointer invalid"
	 - Location: ../../../../../../runner/.rustup/toolchains/nightly-2025-11-21-aarch64-apple-darwin/lib/rustlib/src/rust/library/core/src/cmp.rs:1987:63 in function std::cmp::impls::<impl std::cmp::PartialOrd for i32>::partial_cmp

Check 82: std::cmp::impls::<impl std::cmp::PartialOrd for i32>::partial_cmp.pointer_dereference.3
	 - Status: SUCCESS
	 - Description: "dereference failure: deallocated dynamic object"
	 - Location: ../../../../../../runner/.rustup/toolchains/nightly-2025-11-21-aarch64-apple-darwin/lib/rustlib/src/rust/library/core/src/cmp.rs:1987:63 in function std::cmp::impls::<impl std::cmp::PartialOrd for i32>::partial_cmp

Check 83: std::cmp::impls::<impl std::cmp::PartialOrd for i32>::partial_cmp.pointer_dereference.4
	 - Status: SUCCESS
	 - Description: "dereference failure: dead object"
	 - Location: ../../../../../../runner/.rustup/toolchains/nightly-2025-11-21-aarch64-apple-darwin/lib/rustlib/src/rust/library/core/src/cmp.rs:1987:63 in function std::cmp::impls::<impl std::cmp::PartialOrd for i32>::partial_cmp

Check 84: std::cmp::impls::<impl std::cmp::PartialOrd for i32>::partial_cmp.pointer_dereference.5
	 - Status: SUCCESS
	 - Description: "dereference failure: pointer outside object bounds"
	 - Location: ../../../../../../runner/.rustup/toolchains/nightly-2025-11-21-aarch64-apple-darwin/lib/rustlib/src/rust/library/core/src/cmp.rs:1987:63 in function std::cmp::impls::<impl std::cmp::PartialOrd for i32>::partial_cmp

Check 85: std::cmp::impls::<impl std::cmp::PartialOrd for i32>::partial_cmp.pointer_dereference.6
	 - Status: SUCCESS
	 - Description: "dereference failure: invalid integer address"
	 - Location: ../../../../../../runner/.rustup/toolchains/nightly-2025-11-21-aarch64-apple-darwin/lib/rustlib/src/rust/library/core/src/cmp.rs:1987:63 in function std::cmp::impls::<impl std::cmp::PartialOrd for i32>::partial_cmp

Check 86: std::cmp::impls::<impl std::cmp::PartialOrd for i32>::partial_cmp.pointer_dereference.7
	 - Status: SUCCESS
	 - Description: "dereference failure: pointer NULL"
	 - Location: ../../../../../../runner/.rustup/toolchains/nightly-2025-11-21-aarch64-apple-darwin/lib/rustlib/src/rust/library/core/src/cmp.rs:1987:70 in function std::cmp::impls::<impl std::cmp::PartialOrd for i32>::partial_cmp

Check 87: std::cmp::impls::<impl std::cmp::PartialOrd for i32>::partial_cmp.pointer_dereference.8
	 - Status: SUCCESS
	 - Description: "dereference failure: pointer invalid"
	 - Location: ../../../../../../runner/.rustup/toolchains/nightly-2025-11-21-aarch64-apple-darwin/lib/rustlib/src/rust/library/core/src/cmp.rs:1987:70 in function std::cmp::impls::<impl std::cmp::PartialOrd for i32>::partial_cmp

Check 88: std::cmp::impls::<impl std::cmp::PartialOrd for i32>::partial_cmp.pointer_dereference.9
	 - Status: SUCCESS
	 - Description: "dereference failure: deallocated dynamic object"
	 - Location: ../../../../../../runner/.rustup/toolchains/nightly-2025-11-21-aarch64-apple-darwin/lib/rustlib/src/rust/library/core/src/cmp.rs:1987:70 in function std::cmp::impls::<impl std::cmp::PartialOrd for i32>::partial_cmp

Check 89: std::cmp::impls::<impl std::cmp::PartialOrd for i32>::partial_cmp.pointer_dereference.10
	 - Status: SUCCESS
	 - Description: "dereference failure: dead object"
	 - Location: ../../../../../../runner/.rustup/toolchains/nightly-2025-11-21-aarch64-apple-darwin/lib/rustlib/src/rust/library/core/src/cmp.rs:1987:70 in function std::cmp::impls::<impl std::cmp::PartialOrd for i32>::partial_cmp

Check 90: std::cmp::impls::<impl std::cmp::PartialOrd for i32>::partial_cmp.pointer_dereference.11
	 - Status: SUCCESS
	 - Description: "dereference failure: pointer outside object bounds"
	 - Location: ../../../../../../runner/.rustup/toolchains/nightly-2025-11-21-aarch64-apple-darwin/lib/rustlib/src/rust/library/core/src/cmp.rs:1987:70 in function std::cmp::impls::<impl std::cmp::PartialOrd for i32>::partial_cmp

Check 91: std::cmp::impls::<impl std::cmp::PartialOrd for i32>::partial_cmp.pointer_dereference.12
	 - Status: SUCCESS
	 - Description: "dereference failure: invalid integer address"
	 - Location: ../../../../../../runner/.rustup/toolchains/nightly-2025-11-21-aarch64-apple-darwin/lib/rustlib/src/rust/library/core/src/cmp.rs:1987:70 in function std::cmp::impls::<impl std::cmp::PartialOrd for i32>::partial_cmp

Check 92: std::cmp::Ordering::as_raw.pointer_dereference.1
	 - Status: SUCCESS
	 - Description: "dereference failure: dead object"
	 - Location: ../../../../../../runner/.rustup/toolchains/nightly-2025-11-21-aarch64-apple-darwin/lib/rustlib/src/rust/library/core/src/cmp.rs:408:9 in function std::cmp::Ordering::as_raw

Check 93: std::cmp::Ordering::as_raw.pointer_dereference.2
	 - Status: SUCCESS
	 - Description: "dereference failure: pointer outside object bounds"
	 - Location: ../../../../../../runner/.rustup/toolchains/nightly-2025-11-21-aarch64-apple-darwin/lib/rustlib/src/rust/library/core/src/cmp.rs:408:9 in function std::cmp::Ordering::as_raw

Check 94: <types_error::ErrorLevel as std::cmp::PartialEq>::eq.pointer_dereference.1
	 - Status: SUCCESS
	 - Description: "dereference failure: pointer NULL"
	 - Location: ../../crates/_support/types/types_error/src/error.rs:8:23 in function <types_error::ErrorLevel as std::cmp::PartialEq>::eq

Check 95: <types_error::ErrorLevel as std::cmp::PartialEq>::eq.pointer_dereference.2
	 - Status: SUCCESS
	 - Description: "dereference failure: pointer invalid"
	 - Location: ../../crates/_support/types/types_error/src/error.rs:8:23 in function <types_error::ErrorLevel as std::cmp::PartialEq>::eq

Check 96: <types_error::ErrorLevel as std::cmp::PartialEq>::eq.pointer_dereference.3
	 - Status: SUCCESS
	 - Description: "dereference failure: deallocated dynamic object"
	 - Location: ../../crates/_support/types/types_error/src/error.rs:8:23 in function <types_error::ErrorLevel as std::cmp::PartialEq>::eq

Check 97: <types_error::ErrorLevel as std::cmp::PartialEq>::eq.pointer_dereference.4
	 - Status: SUCCESS
	 - Description: "dereference failure: dead object"
	 - Location: ../../crates/_support/types/types_error/src/error.rs:8:23 in function <types_error::ErrorLevel as std::cmp::PartialEq>::eq

Check 98: <types_error::ErrorLevel as std::cmp::PartialEq>::eq.pointer_dereference.5
	 - Status: SUCCESS
	 - Description: "dereference failure: pointer outside object bounds"
	 - Location: ../../crates/_support/types/types_error/src/error.rs:8:23 in function <types_error::ErrorLevel as std::cmp::PartialEq>::eq

Check 99: <types_error::ErrorLevel as std::cmp::PartialEq>::eq.pointer_dereference.6
	 - Status: SUCCESS
	 - Description: "dereference failure: invalid integer address"
	 - Location: ../../crates/_support/types/types_error/src/error.rs:8:23 in function <types_error::ErrorLevel as std::cmp::PartialEq>::eq

Check 100: <types_error::ErrorLevel as std::cmp::PartialEq>::eq.pointer_dereference.7
	 - Status: SUCCESS
	 - Description: "dereference failure: pointer NULL"
	 - Location: ../../crates/_support/types/types_error/src/error.rs:8:23 in function <types_error::ErrorLevel as std::cmp::PartialEq>::eq

Check 101: <types_error::ErrorLevel as std::cmp::PartialEq>::eq.pointer_dereference.8
	 - Status: SUCCESS
	 - Description: "dereference failure: pointer invalid"
	 - Location: ../../crates/_support/types/types_error/src/error.rs:8:23 in function <types_error::ErrorLevel as std::cmp::PartialEq>::eq

Check 102: <types_error::ErrorLevel as std::cmp::PartialEq>::eq.pointer_dereference.9
	 - Status: SUCCESS
	 - Description: "dereference failure: deallocated dynamic object"
	 - Location: ../../crates/_support/types/types_error/src/error.rs:8:23 in function <types_error::ErrorLevel as std::cmp::PartialEq>::eq

Check 103: <types_error::ErrorLevel as std::cmp::PartialEq>::eq.pointer_dereference.10
	 - Status: SUCCESS
	 - Description: "dereference failure: dead object"
	 - Location: ../../crates/_support/types/types_error/src/error.rs:8:23 in function <types_error::ErrorLevel as std::cmp::PartialEq>::eq

Check 104: <types_error::ErrorLevel as std::cmp::PartialEq>::eq.pointer_dereference.11
	 - Status: SUCCESS
	 - Description: "dereference failure: pointer outside object bounds"
	 - Location: ../../crates/_support/types/types_error/src/error.rs:8:23 in function <types_error::ErrorLevel as std::cmp::PartialEq>::eq

Check 105: <types_error::ErrorLevel as std::cmp::PartialEq>::eq.pointer_dereference.12
	 - Status: SUCCESS
	 - Description: "dereference failure: invalid integer address"
	 - Location: ../../crates/_support/types/types_error/src/error.rs:8:23 in function <types_error::ErrorLevel as std::cmp::PartialEq>::eq

Check 106: std::boxed::Box::<types_error::PgError>::new.pointer_dereference.1
	 - Status: SUCCESS
	 - Description: "dereference failure: pointer NULL"
	 - Location: ../../../../../../runner/.rustup/toolchains/nightly-2025-11-21-aarch64-apple-darwin/lib/rustlib/src/rust/library/alloc/src/boxed.rs:266:24 in function std::boxed::Box::<types_error::PgError>::new

Check 107: std::boxed::Box::<types_error::PgError>::new.pointer_dereference.2
	 - Status: SUCCESS
	 - Description: "dereference failure: pointer invalid"
	 - Location: ../../../../../../runner/.rustup/toolchains/nightly-2025-11-21-aarch64-apple-darwin/lib/rustlib/src/rust/library/alloc/src/boxed.rs:266:24 in function std::boxed::Box::<types_error::PgError>::new

Check 108: std::boxed::Box::<types_error::PgError>::new.pointer_dereference.3
	 - Status: SUCCESS
	 - Description: "dereference failure: deallocated dynamic object"
	 - Location: ../../../../../../runner/.rustup/toolchains/nightly-2025-11-21-aarch64-apple-darwin/lib/rustlib/src/rust/library/alloc/src/boxed.rs:266:24 in function std::boxed::Box::<types_error::PgError>::new

Check 109: std::boxed::Box::<types_error::PgError>::new.pointer_dereference.4
	 - Status: SUCCESS
	 - Description: "dereference failure: dead object"
	 - Location: ../../../../../../runner/.rustup/toolchains/nightly-2025-11-21-aarch64-apple-darwin/lib/rustlib/src/rust/library/alloc/src/boxed.rs:266:24 in function std::boxed::Box::<types_error::PgError>::new

Check 110: std::boxed::Box::<types_error::PgError>::new.pointer_dereference.5
	 - Status: SUCCESS
	 - Description: "dereference failure: pointer outside object bounds"
	 - Location: ../../../../../../runner/.rustup/toolchains/nightly-2025-11-21-aarch64-apple-darwin/lib/rustlib/src/rust/library/alloc/src/boxed.rs:266:24 in function std::boxed::Box::<types_error::PgError>::new

Check 111: std::boxed::Box::<types_error::PgError>::new.pointer_dereference.6
	 - Status: SUCCESS
	 - Description: "dereference failure: invalid integer address"
	 - Location: ../../../../../../runner/.rustup/toolchains/nightly-2025-11-21-aarch64-apple-darwin/lib/rustlib/src/rust/library/alloc/src/boxed.rs:266:24 in function std::boxed::Box::<types_error::PgError>::new

Check 112: adt_bool::bool_accum_inv.pointer_dereference.1
	 - Status: SUCCESS
	 - Description: "dereference failure: dead object"
	 - Location: ../../crates/backend/utils/adt/bool/src/lib.rs:172:22 in function adt_bool::bool_accum_inv


SUMMARY:
 ** 0 of 112 failed

VERIFICATION:- SUCCESSFUL

Source-based code coverage results:

/Users/malisper/dev/pgrust-fast/.wt-covfix/crates/_support/types/types_error/src/pg_error.rs (types_error::PgError::error::<&str>)
 * 150:5 - 152:6 COVERED

/Users/malisper/dev/pgrust-fast/.wt-covfix/crates/_support/types/types_error/src/pg_error.rs (types_error::PgError::with_sqlstate)
 * 273:5 - 276:6 COVERED

/Users/malisper/dev/pgrust-fast/.wt-covfix/crates/_support/types/types_error/src/pg_error.rs (types_error::default_sqlstate_for_level)
 * 18:1 - 19:22 COVERED
 * 20:9 - 20:31 COVERED
 * 21:15 - 21:31 UNCOVERED
 * 22:9 - 22:24 UNCOVERED
 * 24:9 - 24:38 UNCOVERED
 * 26:1 - 26:2 COVERED

/Users/malisper/dev/pgrust-fast/.wt-covfix/crates/backend/utils/adt/bool/src/lib.rs (adt_bool::bool_accum_inv)
 * 165:1 - 166:32 COVERED
 * 166:14 - 172:25 COVERED
 * 167:16 - 170:11 COVERED
 * 172:17 - 174:13 COVERED
 * 174:14 - 176:10 COVERED
 * 176:9 - 176:10 COVERED
 * 177:5 - 177:6 COVERED
 * 178:5 - 178:14 COVERED
 * 179:1 - 179:2 COVERED

/Users/malisper/dev/pgrust-fast/.wt-covfix/proofs/support/src/lib.rs (proof_support::stub_pg_error_new::<&str>)
 * 68:5 - 96:6 COVERED

src/lib.rs (harnesses::any_state_args)
 * 256:5 - 260:33 COVERED
 * 260:13 - 269:6 COVERED
 * 261:13 - 264:15 COVERED
 * 266:13 - 266:17 COVERED

src/lib.rs (harnesses::eq_bool_accum_inv)
 * 297:5 - 299:38 COVERED
 * 299:9 - 302:29 COVERED
 * 299:42 - 299:56 COVERED
 * 302:13 - 318:41 COVERED
 * 302:32 - 302:39 COVERED
 * 302:49 - 302:53 COVERED
 * 319:16 - 319:39 COVERED
 * 319:22 - 319:29 COVERED
 * 319:43 - 319:59 COVERED
 * 319:63 - 319:78 COVERED
 * 320:17 - 321:35 COVERED
 * 321:21 - 324:27 COVERED
 * 321:39 - 321:75 COVERED
 * 321:79 - 321:95 COVERED
 * 327:5 - 327:6 COVERED

Verification Time: 1.357568s

[info] Coverage results saved to /Users/malisper/dev/pgrust-fast/.wt-covfix/proofs/bool/target/kani/aarch64-apple-darwin/kanicov_2026-07-30_23-29
Manual Harness Summary:
Complete - 1 successfully verified harnesses, 0 failures, 1 total.
