Kani Rust Verifier 0.67.0 (cargo plugin)
   Compiling types_error v0.0.0 (/Users/malisper/dev/pgrust-fast/.wt-w2-arrayjson/crates/_support/types/types_error)
   Compiling types_core v0.0.0 (/Users/malisper/dev/pgrust-fast/.wt-w2-arrayjson/crates/_support/types/types_core)
   Compiling seam_core v0.1.0 (/Users/malisper/dev/pgrust-fast/.wt-w2-arrayjson/crates/_support/seam_core)
   Compiling zerocopy v0.8.55
   Compiling version_check v0.9.5
   Compiling once_cell v1.21.4
   Compiling cfg-if v1.0.4
   Compiling allocator-api2 v0.2.21
   Compiling rustc-hash v2.1.3
   Compiling libc v0.2.189
   Compiling types_guc v0.0.0 (/Users/malisper/dev/pgrust-fast/.wt-w2-arrayjson/crates/_support/types/types_guc)
   Compiling rel_vocab v0.1.0 (/Users/malisper/dev/pgrust-fast/.wt-w2-arrayjson/crates/_support/types/rel_vocab)
   Compiling wchar v0.1.0 (/Users/malisper/dev/pgrust-fast/.wt-w2-arrayjson/crates/common/wchar)
   Compiling types_dest v0.0.0 (/Users/malisper/dev/pgrust-fast/.wt-w2-arrayjson/crates/_support/types/types_dest)
   Compiling keywords v0.1.0 (/Users/malisper/dev/pgrust-fast/.wt-w2-arrayjson/crates/common/keywords)
   Compiling hashfn v0.1.0 (/Users/malisper/dev/pgrust-fast/.wt-w2-arrayjson/crates/common/hashfn)
   Compiling shlex v2.0.1
   Compiling init_small_seams v0.0.0 (/Users/malisper/dev/pgrust-fast/.wt-w2-arrayjson/crates/backend/utils/init/init_small_seams)
   Compiling s_lock_seams v0.0.0 (/Users/malisper/dev/pgrust-fast/.wt-w2-arrayjson/crates/backend/storage/lmgr/s_lock_seams)
   Compiling waitevent_seams v0.0.0 (/Users/malisper/dev/pgrust-fast/.wt-w2-arrayjson/crates/backend/utils/activity/waitevent_seams)
   Compiling pmsignal_seams v0.0.0 (/Users/malisper/dev/pgrust-fast/.wt-w2-arrayjson/crates/backend/storage/ipc/pmsignal_seams)
   Compiling xlogutils_seams v0.0.0 (/Users/malisper/dev/pgrust-fast/.wt-w2-arrayjson/crates/backend/access/transam/xlogutils_seams)
   Compiling find-msvc-tools v0.1.9
   Compiling guc_seams v0.0.0 (/Users/malisper/dev/pgrust-fast/.wt-w2-arrayjson/crates/backend/utils/misc/guc_seams)
   Compiling shmem_seams v0.0.0 (/Users/malisper/dev/pgrust-fast/.wt-w2-arrayjson/crates/backend/storage/ipc/shmem_seams)
   Compiling error_small_seams v0.0.0 (/Users/malisper/dev/pgrust-fast/.wt-w2-arrayjson/crates/backend/utils/error/error_small_seams)
   Compiling elog_seams v0.0.0 (/Users/malisper/dev/pgrust-fast/.wt-w2-arrayjson/crates/backend/utils/error/elog_seams)
   Compiling file_seams v0.0.0 (/Users/malisper/dev/pgrust-fast/.wt-w2-arrayjson/crates/backend/storage/file/file_seams)
   Compiling pg_class_seams v0.0.0 (/Users/malisper/dev/pgrust-fast/.wt-w2-arrayjson/crates/backend/catalog/pg_class_seams)
   Compiling numutils v0.1.0 (/Users/malisper/dev/pgrust-fast/.wt-w2-arrayjson/crates/backend/utils/adt/numutils)
   Compiling guc_tables v0.0.0 (/Users/malisper/dev/pgrust-fast/.wt-w2-arrayjson/crates/backend/utils/misc/guc_tables)
   Compiling inval_seams v0.0.0 (/Users/malisper/dev/pgrust-fast/.wt-w2-arrayjson/crates/backend/utils/cache/inval_seams)
   Compiling cc v1.4.0
   Compiling arrayutils v0.1.0 (/Users/malisper/dev/pgrust-fast/.wt-w2-arrayjson/crates/backend/utils/adt/arrayutils)
   Compiling acl_seams v0.0.0 (/Users/malisper/dev/pgrust-fast/.wt-w2-arrayjson/crates/backend/utils/adt/acl_seams)
   Compiling xact_seams v0.0.0 (/Users/malisper/dev/pgrust-fast/.wt-w2-arrayjson/crates/backend/access/transam/xact_seams)
   Compiling pgstat_seams v0.0.0 (/Users/malisper/dev/pgrust-fast/.wt-w2-arrayjson/crates/backend/utils/activity/pgstat_seams)
   Compiling postmaster_seams v0.0.0 (/Users/malisper/dev/pgrust-fast/.wt-w2-arrayjson/crates/backend/postmaster/postmaster_seams)
   Compiling xloginsert_seams v0.0.0 (/Users/malisper/dev/pgrust-fast/.wt-w2-arrayjson/crates/backend/access/transam/xloginsert_seams)
   Compiling twophase_seams v0.0.0 (/Users/malisper/dev/pgrust-fast/.wt-w2-arrayjson/crates/backend/access/transam/twophase_seams)
   Compiling ahash v0.8.12
   Compiling types_array v0.1.0 (/Users/malisper/dev/pgrust-fast/.wt-w2-arrayjson/crates/_support/types/array)
   Compiling varsup_seams v0.0.0 (/Users/malisper/dev/pgrust-fast/.wt-w2-arrayjson/crates/backend/access/transam/varsup_seams)
   Compiling transam_seams v0.0.0 (/Users/malisper/dev/pgrust-fast/.wt-w2-arrayjson/crates/backend/access/transam/transam_seams)
   Compiling lsyscache_seams v0.1.0 (/Users/malisper/dev/pgrust-fast/.wt-w2-arrayjson/crates/backend/utils/cache/lsyscache_seams)
   Compiling relmapper_seams v0.0.0 (/Users/malisper/dev/pgrust-fast/.wt-w2-arrayjson/crates/backend/utils/cache/relmapper_seams)
   Compiling pg_clock v0.1.0 (/Users/malisper/dev/pgrust-fast/.wt-w2-arrayjson/crates/port/pg_clock)
   Compiling pg_strong_random v0.1.0 (/Users/malisper/dev/pgrust-fast/.wt-w2-arrayjson/crates/port/pg_strong_random)
   Compiling ip v0.0.0 (/Users/malisper/dev/pgrust-fast/.wt-w2-arrayjson/crates/common/ip)
   Compiling vfs v0.0.0 (/Users/malisper/dev/pgrust-fast/.wt-w2-arrayjson/crates/backend/storage/file/vfs)
   Compiling types_startup v0.0.0 (/Users/malisper/dev/pgrust-fast/.wt-w2-arrayjson/crates/_support/types/types_startup)
   Compiling pgsync v0.1.0 (/Users/malisper/dev/pgrust-fast/.wt-w2-arrayjson/crates/_support/pgsync)
   Compiling syslogger_seams v0.0.0 (/Users/malisper/dev/pgrust-fast/.wt-w2-arrayjson/crates/backend/postmaster/syslogger_seams)
   Compiling proof-arrayfuncs-hdr v0.1.0 (/Users/malisper/dev/pgrust-fast/.wt-w2-arrayjson/proofs/arrayfuncs-hdr)
   Compiling hashbrown v0.14.5
   Compiling mcx v0.0.0 (/Users/malisper/dev/pgrust-fast/.wt-w2-arrayjson/crates/_support/mcx)
warning: variant `Malloc` is never constructed
  --> /Users/malisper/dev/pgrust-fast/.wt-w2-arrayjson/crates/_support/mcx/src/lib.rs:64:5
   |
61 | enum Backend {
   |      ------- variant in this enum
...
64 |     Malloc,
   |     ^^^^^^
   |
   = note: `#[warn(dead_code)]` (part of `#[warn(unused)]`) on by default

warning: function `chunk_size` is never used
   --> /Users/malisper/dev/pgrust-fast/.wt-w2-arrayjson/crates/_support/mcx/src/aset.rs:284:4
    |
284 | fn chunk_size(idx: usize) -> usize {
    |    ^^^^^^^^^^

warning: method `mem_allocated` is never used
   --> /Users/malisper/dev/pgrust-fast/.wt-w2-arrayjson/crates/_support/mcx/src/aset.rs:340:19
    |
306 | impl AllocSet {
    | ------------- method in this implementation
...
340 |     pub(crate) fn mem_allocated(&self) -> usize {
    |                   ^^^^^^^^^^^^^

   Compiling datum v0.0.0 (/Users/malisper/dev/pgrust-fast/.wt-w2-arrayjson/crates/_support/types/datum)
   Compiling types_storage v0.1.0 (/Users/malisper/dev/pgrust-fast/.wt-w2-arrayjson/crates/_support/types/types_storage)
   Compiling stringinfo v0.1.0 (/Users/malisper/dev/pgrust-fast/.wt-w2-arrayjson/crates/_support/types/stringinfo)
   Compiling types_trigger v0.1.0 (/Users/malisper/dev/pgrust-fast/.wt-w2-arrayjson/crates/_support/types/types_trigger)
   Compiling mbutils_seams v0.1.0 (/Users/malisper/dev/pgrust-fast/.wt-w2-arrayjson/crates/backend/utils/mb/mbutils_seams)
   Compiling miscinit_seams v0.0.0 (/Users/malisper/dev/pgrust-fast/.wt-w2-arrayjson/crates/backend/utils/init/miscinit_seams)
   Compiling types_snapshot v0.1.0 (/Users/malisper/dev/pgrust-fast/.wt-w2-arrayjson/crates/_support/types/snapshot)
   Compiling aclchk_seams v0.0.0 (/Users/malisper/dev/pgrust-fast/.wt-w2-arrayjson/crates/backend/catalog/aclchk_seams)
   Compiling snapmgr_seams v0.0.0 (/Users/malisper/dev/pgrust-fast/.wt-w2-arrayjson/crates/backend/utils/time/snapmgr_seams)
   Compiling types_tuple v0.1.0 (/Users/malisper/dev/pgrust-fast/.wt-w2-arrayjson/crates/_support/types/types_tuple)
   Compiling ipc_seams v0.0.0 (/Users/malisper/dev/pgrust-fast/.wt-w2-arrayjson/crates/backend/storage/ipc/ipc_seams)
   Compiling types_resowner v0.1.0 (/Users/malisper/dev/pgrust-fast/.wt-w2-arrayjson/crates/_support/types/types_resowner)
   Compiling detoast_seams v0.1.0 (/Users/malisper/dev/pgrust-fast/.wt-w2-arrayjson/crates/backend/access/common/detoast_seams)
   Compiling types_hash v0.1.0 (/Users/malisper/dev/pgrust-fast/.wt-w2-arrayjson/crates/_support/types/hash)
   Compiling jit_deform v0.1.0 (/Users/malisper/dev/pgrust-fast/.wt-w2-arrayjson/crates/_support/jit_deform)
   Compiling typcache_seams v0.0.0 (/Users/malisper/dev/pgrust-fast/.wt-w2-arrayjson/crates/backend/utils/cache/typcache_seams)
   Compiling pg_enum_seams v0.0.0 (/Users/malisper/dev/pgrust-fast/.wt-w2-arrayjson/crates/backend/catalog/pg_enum_seams)
   Compiling types_fmgr v0.1.0 (/Users/malisper/dev/pgrust-fast/.wt-w2-arrayjson/crates/_support/types/fmgr)
   Compiling types_slot v0.1.0 (/Users/malisper/dev/pgrust-fast/.wt-w2-arrayjson/crates/_support/types/types_slot)
   Compiling types_scan v0.1.0 (/Users/malisper/dev/pgrust-fast/.wt-w2-arrayjson/crates/_support/types/types_scan)
   Compiling types_bloom v0.1.0 (/Users/malisper/dev/pgrust-fast/.wt-w2-arrayjson/crates/_support/types/types_bloom)
   Compiling fmgr_seams v0.1.0 (/Users/malisper/dev/pgrust-fast/.wt-w2-arrayjson/crates/backend/utils/fmgr/fmgr_seams)
   Compiling nbt_compare v0.1.0 (/Users/malisper/dev/pgrust-fast/.wt-w2-arrayjson/crates/backend/access/nbtree/compare)
   Compiling proof_support v0.1.0 (/Users/malisper/dev/pgrust-fast/.wt-w2-arrayjson/proofs/support)
   Compiling types_gist v0.1.0 (/Users/malisper/dev/pgrust-fast/.wt-w2-arrayjson/crates/_support/types/gist)
   Compiling types_nodes v0.1.0 (/Users/malisper/dev/pgrust-fast/.wt-w2-arrayjson/crates/_support/types/nodes)
   Compiling xlogreader_seams v0.0.0 (/Users/malisper/dev/pgrust-fast/.wt-w2-arrayjson/crates/backend/access/transam/xlogreader_seams)
   Compiling init_small v0.0.0 (/Users/malisper/dev/pgrust-fast/.wt-w2-arrayjson/crates/backend/utils/init/init_small)
   Compiling pqcomm_seams v0.0.0 (/Users/malisper/dev/pgrust-fast/.wt-w2-arrayjson/crates/backend/libpq/pqcomm_seams)
   Compiling lmgr_proc_seams v0.0.0 (/Users/malisper/dev/pgrust-fast/.wt-w2-arrayjson/crates/backend/storage/lmgr/lmgr_proc_seams)
   Compiling syscache_seams v0.0.0 (/Users/malisper/dev/pgrust-fast/.wt-w2-arrayjson/crates/backend/utils/cache/syscache_seams)
   Compiling waiteventset_seams v0.0.0 (/Users/malisper/dev/pgrust-fast/.wt-w2-arrayjson/crates/backend/storage/ipc/waiteventset_seams)
   Compiling sync_seams v0.0.0 (/Users/malisper/dev/pgrust-fast/.wt-w2-arrayjson/crates/backend/storage/sync/sync_seams)
   Compiling types_nbtree v0.1.0 (/Users/malisper/dev/pgrust-fast/.wt-w2-arrayjson/crates/_support/types/types_nbtree)
   Compiling multixact_seams v0.0.0 (/Users/malisper/dev/pgrust-fast/.wt-w2-arrayjson/crates/backend/access/transam/multixact_seams)
   Compiling sinval_seams v0.0.0 (/Users/malisper/dev/pgrust-fast/.wt-w2-arrayjson/crates/backend/storage/ipc/sinval_seams)
   Compiling relpath_seams v0.0.0 (/Users/malisper/dev/pgrust-fast/.wt-w2-arrayjson/crates/common/relpath_seams)
warning: variant `ROW_MARK_EXCLUSIVE` should have an upper camel case name
   --> /Users/malisper/dev/pgrust-fast/.wt-w2-arrayjson/crates/_support/types/nodes/src/plannodes.rs:897:5
    |
897 |     ROW_MARK_EXCLUSIVE = 0,
    |     ^^^^^^^^^^^^^^^^^^ help: convert the identifier to upper camel case: `RowMarkExclusive`
    |
    = note: `#[warn(non_camel_case_types)]` (part of `#[warn(nonstandard_style)]`) on by default

warning: variant `ROW_MARK_NOKEYEXCLUSIVE` should have an upper camel case name
   --> /Users/malisper/dev/pgrust-fast/.wt-w2-arrayjson/crates/_support/types/nodes/src/plannodes.rs:898:5
    |
898 |     ROW_MARK_NOKEYEXCLUSIVE = 1,
    |     ^^^^^^^^^^^^^^^^^^^^^^^ help: convert the identifier to upper camel case: `RowMarkNokeyexclusive`

warning: variant `ROW_MARK_SHARE` should have an upper camel case name
   --> /Users/malisper/dev/pgrust-fast/.wt-w2-arrayjson/crates/_support/types/nodes/src/plannodes.rs:899:5
    |
899 |     ROW_MARK_SHARE = 2,
    |     ^^^^^^^^^^^^^^ help: convert the identifier to upper camel case: `RowMarkShare`

warning: variant `ROW_MARK_KEYSHARE` should have an upper camel case name
   --> /Users/malisper/dev/pgrust-fast/.wt-w2-arrayjson/crates/_support/types/nodes/src/plannodes.rs:900:5
    |
900 |     ROW_MARK_KEYSHARE = 3,
    |     ^^^^^^^^^^^^^^^^^ help: convert the identifier to upper camel case: `RowMarkKeyshare`

warning: variant `ROW_MARK_REFERENCE` should have an upper camel case name
   --> /Users/malisper/dev/pgrust-fast/.wt-w2-arrayjson/crates/_support/types/nodes/src/plannodes.rs:901:5
    |
901 |     ROW_MARK_REFERENCE = 4,
    |     ^^^^^^^^^^^^^^^^^^ help: convert the identifier to upper camel case: `RowMarkReference`

warning: variant `ROW_MARK_COPY` should have an upper camel case name
   --> /Users/malisper/dev/pgrust-fast/.wt-w2-arrayjson/crates/_support/types/nodes/src/plannodes.rs:902:5
    |
902 |     ROW_MARK_COPY = 5,
    |     ^^^^^^^^^^^^^ help: convert the identifier to upper camel case: `RowMarkCopy`

   Compiling elog v0.0.0 (/Users/malisper/dev/pgrust-fast/.wt-w2-arrayjson/crates/backend/utils/error/elog)
warning: unused imports: `LOG_DESTINATION_CSVLOG` and `LOG_DESTINATION_JSONLOG`
  --> /Users/malisper/dev/pgrust-fast/.wt-w2-arrayjson/crates/backend/utils/error/elog/src/config.rs:10:61
   |
10 |     ErrorLevel, PGErrorVerbosity, PgError, PgResult, ERROR, LOG_DESTINATION_CSVLOG,
   |                                                             ^^^^^^^^^^^^^^^^^^^^^^
11 |     LOG_DESTINATION_JSONLOG, LOG_DESTINATION_STDERR, LOG_DESTINATION_SYSLOG, NOTICE, WARNING,
   |     ^^^^^^^^^^^^^^^^^^^^^^^
   |
   = note: `#[warn(unused_imports)]` (part of `#[warn(unused)]`) on by default

   Compiling transam_xlog_seams v0.0.0 (/Users/malisper/dev/pgrust-fast/.wt-w2-arrayjson/crates/backend/access/transam/transam_xlog_seams)
   Compiling dbcommands_seams v0.0.0 (/Users/malisper/dev/pgrust-fast/.wt-w2-arrayjson/crates/backend/commands/dbcommands_seams)
   Compiling types_spgist v0.1.0 (/Users/malisper/dev/pgrust-fast/.wt-w2-arrayjson/crates/_support/types/types_spgist)
warning: type `spgChooseIn` should have an upper camel case name
  --> /Users/malisper/dev/pgrust-fast/.wt-w2-arrayjson/crates/_support/types/types_spgist/src/state.rs:92:12
   |
92 | pub struct spgChooseIn {
   |            ^^^^^^^^^^^ help: convert the identifier to upper camel case (notice the capitalization): `SpgChooseIn`
   |
   = note: `#[warn(non_camel_case_types)]` (part of `#[warn(nonstandard_style)]`) on by default

warning: type `spgChooseOut` should have an upper camel case name
   --> /Users/malisper/dev/pgrust-fast/.wt-w2-arrayjson/crates/_support/types/types_spgist/src/state.rs:104:10
    |
104 | pub enum spgChooseOut {
    |          ^^^^^^^^^^^^ help: convert the identifier to upper camel case (notice the capitalization): `SpgChooseOut`

warning: type `spgPickSplitIn` should have an upper camel case name
   --> /Users/malisper/dev/pgrust-fast/.wt-w2-arrayjson/crates/_support/types/types_spgist/src/state.rs:127:12
    |
127 | pub struct spgPickSplitIn {
    |            ^^^^^^^^^^^^^^ help: convert the identifier to upper camel case (notice the capitalization): `SpgPickSplitIn`

warning: type `spgPickSplitOut` should have an upper camel case name
   --> /Users/malisper/dev/pgrust-fast/.wt-w2-arrayjson/crates/_support/types/types_spgist/src/state.rs:134:12
    |
134 | pub struct spgPickSplitOut {
    |            ^^^^^^^^^^^^^^^ help: convert the identifier to upper camel case (notice the capitalization): `SpgPickSplitOut`

warning: type `spgInnerConsistentIn` should have an upper camel case name
   --> /Users/malisper/dev/pgrust-fast/.wt-w2-arrayjson/crates/_support/types/types_spgist/src/state.rs:157:12
    |
157 | pub struct spgInnerConsistentIn<'a> {
    |            ^^^^^^^^^^^^^^^^^^^^ help: convert the identifier to upper camel case (notice the capitalization): `SpgInnerConsistentIn`

warning: type `spgInnerConsistentOut` should have an upper camel case name
   --> /Users/malisper/dev/pgrust-fast/.wt-w2-arrayjson/crates/_support/types/types_spgist/src/state.rs:175:12
    |
175 | pub struct spgInnerConsistentOut {
    |            ^^^^^^^^^^^^^^^^^^^^^ help: convert the identifier to upper camel case (notice the capitalization): `SpgInnerConsistentOut`

warning: type `spgLeafConsistentIn` should have an upper camel case name
   --> /Users/malisper/dev/pgrust-fast/.wt-w2-arrayjson/crates/_support/types/types_spgist/src/state.rs:199:12
    |
199 | pub struct spgLeafConsistentIn {
    |            ^^^^^^^^^^^^^^^^^^^ help: convert the identifier to upper camel case (notice the capitalization): `SpgLeafConsistentIn`

warning: type `spgLeafConsistentOut` should have an upper camel case name
   --> /Users/malisper/dev/pgrust-fast/.wt-w2-arrayjson/crates/_support/types/types_spgist/src/state.rs:212:12
    |
212 | pub struct spgLeafConsistentOut {
    |            ^^^^^^^^^^^^^^^^^^^^ help: convert the identifier to upper camel case (notice the capitalization): `SpgLeafConsistentOut`

warning: type `spgxlogState` should have an upper camel case name
  --> /Users/malisper/dev/pgrust-fast/.wt-w2-arrayjson/crates/_support/types/types_spgist/src/xlog.rs:15:12
   |
15 | pub struct spgxlogState {
   |            ^^^^^^^^^^^^ help: convert the identifier to upper camel case (notice the capitalization): `SpgxlogState`

warning: type `spgxlogAddLeaf` should have an upper camel case name
  --> /Users/malisper/dev/pgrust-fast/.wt-w2-arrayjson/crates/_support/types/types_spgist/src/xlog.rs:40:12
   |
40 | pub struct spgxlogAddLeaf {
   |            ^^^^^^^^^^^^^^ help: convert the identifier to upper camel case (notice the capitalization): `SpgxlogAddLeaf`

warning: type `spgxlogMoveLeafs` should have an upper camel case name
  --> /Users/malisper/dev/pgrust-fast/.wt-w2-arrayjson/crates/_support/types/types_spgist/src/xlog.rs:76:12
   |
76 | pub struct spgxlogMoveLeafs {
   |            ^^^^^^^^^^^^^^^^ help: convert the identifier to upper camel case (notice the capitalization): `SpgxlogMoveLeafs`

warning: type `spgxlogAddNode` should have an upper camel case name
   --> /Users/malisper/dev/pgrust-fast/.wt-w2-arrayjson/crates/_support/types/types_spgist/src/xlog.rs:115:12
    |
115 | pub struct spgxlogAddNode {
    |            ^^^^^^^^^^^^^^ help: convert the identifier to upper camel case (notice the capitalization): `SpgxlogAddNode`

warning: type `spgxlogSplitTuple` should have an upper camel case name
   --> /Users/malisper/dev/pgrust-fast/.wt-w2-arrayjson/crates/_support/types/types_spgist/src/xlog.rs:154:12
    |
154 | pub struct spgxlogSplitTuple {
    |            ^^^^^^^^^^^^^^^^^ help: convert the identifier to upper camel case (notice the capitalization): `SpgxlogSplitTuple`

warning: type `spgxlogPickSplit` should have an upper camel case name
   --> /Users/malisper/dev/pgrust-fast/.wt-w2-arrayjson/crates/_support/types/types_spgist/src/xlog.rs:184:12
    |
184 | pub struct spgxlogPickSplit {
    |            ^^^^^^^^^^^^^^^^ help: convert the identifier to upper camel case (notice the capitalization): `SpgxlogPickSplit`

warning: type `spgxlogVacuumLeaf` should have an upper camel case name
   --> /Users/malisper/dev/pgrust-fast/.wt-w2-arrayjson/crates/_support/types/types_spgist/src/xlog.rs:238:12
    |
238 | pub struct spgxlogVacuumLeaf {
    |            ^^^^^^^^^^^^^^^^^ help: convert the identifier to upper camel case (notice the capitalization): `SpgxlogVacuumLeaf`

warning: type `spgxlogVacuumRoot` should have an upper camel case name
   --> /Users/malisper/dev/pgrust-fast/.wt-w2-arrayjson/crates/_support/types/types_spgist/src/xlog.rs:271:12
    |
271 | pub struct spgxlogVacuumRoot {
    |            ^^^^^^^^^^^^^^^^^ help: convert the identifier to upper camel case (notice the capitalization): `SpgxlogVacuumRoot`

warning: type `spgxlogVacuumRedirect` should have an upper camel case name
   --> /Users/malisper/dev/pgrust-fast/.wt-w2-arrayjson/crates/_support/types/types_spgist/src/xlog.rs:295:12
    |
295 | pub struct spgxlogVacuumRedirect {
    |            ^^^^^^^^^^^^^^^^^^^^^ help: convert the identifier to upper camel case (notice the capitalization): `SpgxlogVacuumRedirect`

warning: type `spgConfigIn` should have an upper camel case name
   --> /Users/malisper/dev/pgrust-fast/.wt-w2-arrayjson/crates/_support/types/types_spgist/src/lib.rs:237:12
    |
237 | pub struct spgConfigIn {
    |            ^^^^^^^^^^^ help: convert the identifier to upper camel case (notice the capitalization): `SpgConfigIn`

warning: type `spgConfigOut` should have an upper camel case name
   --> /Users/malisper/dev/pgrust-fast/.wt-w2-arrayjson/crates/_support/types/types_spgist/src/lib.rs:242:12
    |
242 | pub struct spgConfigOut {
    |            ^^^^^^^^^^^^ help: convert the identifier to upper camel case (notice the capitalization): `SpgConfigOut`

   Compiling types_rel v0.1.0 (/Users/malisper/dev/pgrust-fast/.wt-w2-arrayjson/crates/_support/types/rel)
   Compiling lwlock v0.0.0 (/Users/malisper/dev/pgrust-fast/.wt-w2-arrayjson/crates/backend/storage/lmgr/lwlock)
   Compiling pmsignal v0.0.0 (/Users/malisper/dev/pgrust-fast/.wt-w2-arrayjson/crates/backend/storage/ipc/pmsignal)
   Compiling namespace_seams v0.0.0 (/Users/malisper/dev/pgrust-fast/.wt-w2-arrayjson/crates/backend/catalog/namespace_seams)
   Compiling syncscan_seams v0.0.0 (/Users/malisper/dev/pgrust-fast/.wt-w2-arrayjson/crates/backend/access/common/syncscan_seams)
   Compiling bufmgr_seams v0.0.0 (/Users/malisper/dev/pgrust-fast/.wt-w2-arrayjson/crates/backend/storage/buffer/bufmgr_seams)
   Compiling relcache_seams v0.0.0 (/Users/malisper/dev/pgrust-fast/.wt-w2-arrayjson/crates/backend/utils/cache/relcache_seams)
   Compiling relation_seams v0.0.0 (/Users/malisper/dev/pgrust-fast/.wt-w2-arrayjson/crates/backend/access/common/relation_seams)
   Compiling table_seams v0.0.0 (/Users/malisper/dev/pgrust-fast/.wt-w2-arrayjson/crates/backend/access/table/table_seams)
   Compiling procarray_seams v0.0.0 (/Users/malisper/dev/pgrust-fast/.wt-w2-arrayjson/crates/backend/storage/ipc/procarray_seams)
   Compiling catalog_seams v0.0.0 (/Users/malisper/dev/pgrust-fast/.wt-w2-arrayjson/crates/backend/catalog/catalog_seams)
   Compiling smgr_seams v0.0.0 (/Users/malisper/dev/pgrust-fast/.wt-w2-arrayjson/crates/backend/storage/smgr/smgr_seams)
   Compiling catcache_seams v0.0.0 (/Users/malisper/dev/pgrust-fast/.wt-w2-arrayjson/crates/backend/utils/cache/catcache_seams)
   Compiling table v0.1.0 (/Users/malisper/dev/pgrust-fast/.wt-w2-arrayjson/crates/backend/access/table/table)
   Compiling inval v0.1.0 (/Users/malisper/dev/pgrust-fast/.wt-w2-arrayjson/crates/backend/utils/cache/inval)
   Compiling mbutils v0.1.0 (/Users/malisper/dev/pgrust-fast/.wt-w2-arrayjson/crates/backend/utils/mb/mbutils)
   Compiling format_type v0.1.0 (/Users/malisper/dev/pgrust-fast/.wt-w2-arrayjson/crates/backend/utils/adt/format_type)
   Compiling tableam_vocab v0.1.0 (/Users/malisper/dev/pgrust-fast/.wt-w2-arrayjson/crates/backend/access/table/tableam_vocab)
   Compiling tupdesc v0.1.0 (/Users/malisper/dev/pgrust-fast/.wt-w2-arrayjson/crates/backend/access/common/tupdesc)
   Compiling slru v0.0.0 (/Users/malisper/dev/pgrust-fast/.wt-w2-arrayjson/crates/backend/access/transam/slru)
   Compiling pqformat v0.1.0 (/Users/malisper/dev/pgrust-fast/.wt-w2-arrayjson/crates/backend/libpq/pqformat)
   Compiling tableam_seams v0.0.0 (/Users/malisper/dev/pgrust-fast/.wt-w2-arrayjson/crates/backend/access/table/tableam_seams)
   Compiling multixact v0.0.0 (/Users/malisper/dev/pgrust-fast/.wt-w2-arrayjson/crates/backend/access/transam/multixact)
   Compiling types_portal v0.1.0 (/Users/malisper/dev/pgrust-fast/.wt-w2-arrayjson/crates/_support/types/portal)
   Compiling readfuncs v0.1.0 (/Users/malisper/dev/pgrust-fast/.wt-w2-arrayjson/crates/backend/nodes/readfuncs)
   Compiling outfuncs v0.1.0 (/Users/malisper/dev/pgrust-fast/.wt-w2-arrayjson/crates/backend/nodes/outfuncs)
   Compiling clauses_seams v0.1.0 (/Users/malisper/dev/pgrust-fast/.wt-w2-arrayjson/crates/backend/optimizer/util/clauses_seams)
   Compiling indexcmds_seams v0.1.0 (/Users/malisper/dev/pgrust-fast/.wt-w2-arrayjson/crates/backend/commands/indexcmds_seams)
   Compiling funcapi_srf v0.1.0 (/Users/malisper/dev/pgrust-fast/.wt-w2-arrayjson/crates/backend/utils/fmgr/funcapi_srf)
warning: unused import: `OptNodeList`
  --> /Users/malisper/dev/pgrust-fast/.wt-w2-arrayjson/crates/backend/nodes/readfuncs/src/lib.rs:12:53
   |
12 | use types_nodes::list::{IntList, NodeList, OidList, OptNodeList};
   |                                                     ^^^^^^^^^^^
   |
   = note: `#[warn(unused_imports)]` (part of `#[warn(unused)]`) on by default

warning: unused import: `CoerceViaIO`
  --> /Users/malisper/dev/pgrust-fast/.wt-w2-arrayjson/crates/backend/nodes/readfuncs/src/lib.rs:22:19
   |
22 |     CoalesceExpr, CoerceViaIO, CoercionForm, Const, FieldSelect, FieldStore, FromExpr, FuncExpr,
   |                   ^^^^^^^^^^^

warning: unused import: `SetFunctionReturnMode`
 --> /Users/malisper/dev/pgrust-fast/.wt-w2-arrayjson/crates/backend/utils/fmgr/funcapi_srf/src/lib.rs:4:62
  |
4 | use fmgr::{ExprDoneCond, FmgrInfo, FunctionCallInfoBaseData, SetFunctionReturnMode};
  |                                                              ^^^^^^^^^^^^^^^^^^^^^
  |
  = note: `#[warn(unused_imports)]` (part of `#[warn(unused)]`) on by default

warning: function `init_MultiFuncCall` should have a snake case name
  --> /Users/malisper/dev/pgrust-fast/.wt-w2-arrayjson/crates/backend/utils/fmgr/funcapi_srf/src/lib.rs:44:8
   |
44 | pub fn init_MultiFuncCall<'a>(
   |        ^^^^^^^^^^^^^^^^^^ help: convert the identifier to snake case: `init_multi_func_call`
   |
   = note: `#[warn(non_snake_case)]` (part of `#[warn(nonstandard_style)]`) on by default

warning: function `per_MultiFuncCall` should have a snake case name
  --> /Users/malisper/dev/pgrust-fast/.wt-w2-arrayjson/crates/backend/utils/fmgr/funcapi_srf/src/lib.rs:64:8
   |
64 | pub fn per_MultiFuncCall(flinfo: &mut FmgrInfo) -> &mut FuncCallContext {
   |        ^^^^^^^^^^^^^^^^^ help: convert the identifier to snake case: `per_multi_func_call`

warning: function `end_MultiFuncCall` should have a snake case name
  --> /Users/malisper/dev/pgrust-fast/.wt-w2-arrayjson/crates/backend/utils/fmgr/funcapi_srf/src/lib.rs:70:8
   |
70 | pub fn end_MultiFuncCall(flinfo: &mut FmgrInfo) {
   |        ^^^^^^^^^^^^^^^^^ help: convert the identifier to snake case: `end_multi_func_call`

warning: unreachable pattern
   --> /Users/malisper/dev/pgrust-fast/.wt-w2-arrayjson/crates/backend/nodes/outfuncs/src/lib.rs:522:9
    |
124 |         NodeTag::T_CaseExpr => {
    |         ------------------- matches all the relevant values
...
522 |         NodeTag::T_CaseExpr => {
    |         ^^^^^^^^^^^^^^^^^^^ no value can reach this
    |
    = note: `#[warn(unreachable_patterns)]` (part of `#[warn(unused)]`) on by default

warning: unreachable pattern
   --> /Users/malisper/dev/pgrust-fast/.wt-w2-arrayjson/crates/backend/nodes/outfuncs/src/lib.rs:532:9
    |
134 |         NodeTag::T_CaseWhen => {
    |         ------------------- matches all the relevant values
...
532 |         NodeTag::T_CaseWhen => {
    |         ^^^^^^^^^^^^^^^^^^^ no value can reach this

warning: unreachable pattern
   --> /Users/malisper/dev/pgrust-fast/.wt-w2-arrayjson/crates/backend/nodes/outfuncs/src/lib.rs:587:9
    |
150 |         NodeTag::T_WindowFunc => {
    |         --------------------- matches all the relevant values
...
587 |         NodeTag::T_WindowFunc => {
    |         ^^^^^^^^^^^^^^^^^^^^^ no value can reach this

warning: unreachable pattern
   --> /Users/malisper/dev/pgrust-fast/.wt-w2-arrayjson/crates/backend/nodes/outfuncs/src/lib.rs:606:9
    |
194 |         NodeTag::T_SetOperationStmt => {
    |         --------------------------- matches all the relevant values
...
606 |         NodeTag::T_SetOperationStmt => {
    |         ^^^^^^^^^^^^^^^^^^^^^^^^^^^ no value can reach this

warning: unreachable pattern
   --> /Users/malisper/dev/pgrust-fast/.wt-w2-arrayjson/crates/backend/nodes/outfuncs/src/lib.rs:727:9
    |
479 |         NodeTag::T_NotifyStmt => out_notify_stmt(
    |         --------------------- matches all the relevant values
...
727 |         NodeTag::T_NotifyStmt => {
    |         ^^^^^^^^^^^^^^^^^^^^^ no value can reach this

   Compiling types_pathnodes v0.1.0 (/Users/malisper/dev/pgrust-fast/.wt-w2-arrayjson/crates/_support/types/pathnodes)
warning: variable does not need to be mutable
   --> /Users/malisper/dev/pgrust-fast/.wt-w2-arrayjson/crates/_support/types/pathnodes/src/run.rs:381:13
    |
381 |         let mut add = |outer: &mut crate::Relids<'mcx>, id: i32| {
    |             ----^^^
    |             |
    |             help: remove this `mut`
    |
    = note: `#[warn(unused_mut)]` (part of `#[warn(unused)]`) on by default

warning: variable does not need to be mutable
   --> /Users/malisper/dev/pgrust-fast/.wt-w2-arrayjson/crates/_support/types/pathnodes/src/run.rs:414:17
    |
414 |             let mut add = |outer: &mut crate::Relids<'mcx>, id: i32| {
    |                 ----^^^
    |                 |
    |                 help: remove this `mut`

   Compiling adt_scalar v0.1.0 (/Users/malisper/dev/pgrust-fast/.wt-w2-arrayjson/crates/backend/utils/adt/scalar)
   Compiling lsyscache v0.1.0 (/Users/malisper/dev/pgrust-fast/.wt-w2-arrayjson/crates/backend/utils/cache/lsyscache)
   Compiling nodes_core v0.1.0 (/Users/malisper/dev/pgrust-fast/.wt-w2-arrayjson/crates/backend/nodes/nodes_core)
warning: unreachable pattern
  --> /Users/malisper/dev/pgrust-fast/.wt-w2-arrayjson/crates/backend/nodes/nodes_core/src/node_funcs.rs:47:9
   |
30 |         NodeTag::T_CollateExpr => expr_type(node.as_collate_expr().unwrap().arg),
   |         ---------------------- matches all the relevant values
...
47 |         NodeTag::T_CollateExpr => expr_type(node.as_collate_expr().unwrap().arg),
   |         ^^^^^^^^^^^^^^^^^^^^^^ no value can reach this
   |
   = note: `#[warn(unreachable_patterns)]` (part of `#[warn(unused)]`) on by default

warning: unreachable pattern
   --> /Users/malisper/dev/pgrust-fast/.wt-w2-arrayjson/crates/backend/nodes/nodes_core/src/node_funcs.rs:194:9
    |
163 |         NodeTag::T_CollateExpr => expr_typmod(node.as_collate_expr().unwrap().arg),
    |         ---------------------- matches all the relevant values
...
194 |         NodeTag::T_CollateExpr => expr_typmod(node.as_collate_expr().unwrap().arg),
    |         ^^^^^^^^^^^^^^^^^^^^^^ no value can reach this

warning: unreachable pattern
   --> /Users/malisper/dev/pgrust-fast/.wt-w2-arrayjson/crates/backend/nodes/nodes_core/src/node_funcs.rs:296:9
    |
279 |         NodeTag::T_CollateExpr => node.as_collate_expr().unwrap().collOid,
    |         ---------------------- matches all the relevant values
...
296 |         NodeTag::T_CollateExpr => node.as_collate_expr().unwrap().collOid,
    |         ^^^^^^^^^^^^^^^^^^^^^^ no value can reach this

warning: unreachable pattern
   --> /Users/malisper/dev/pgrust-fast/.wt-w2-arrayjson/crates/backend/nodes/nodes_core/src/node_funcs.rs:476:9
    |
424 |         NodeTag::T_CollateExpr => expr_location(node.as_collate_expr().unwrap().arg),
    |         ---------------------- matches all the relevant values
...
476 |         NodeTag::T_CollateExpr => expr_location(node.as_collate_expr().unwrap().arg),
    |         ^^^^^^^^^^^^^^^^^^^^^^ no value can reach this

   Compiling typcache v0.1.0 (/Users/malisper/dev/pgrust-fast/.wt-w2-arrayjson/crates/backend/utils/cache/typcache)
warning: unused import: `MemoryContext`
  --> /Users/malisper/dev/pgrust-fast/.wt-w2-arrayjson/crates/backend/utils/cache/typcache/src/lib.rs:19:16
   |
19 | use mcx::{Mcx, MemoryContext, PgHashMap, PgVec};
   |                ^^^^^^^^^^^^^
   |
   = note: `#[warn(unused_imports)]` (part of `#[warn(unused)]`) on by default

   Compiling arrayfuncs v0.1.0 (/Users/malisper/dev/pgrust-fast/.wt-w2-arrayjson/crates/backend/utils/adt/arrayfuncs)
warning: value assigned to `addedafter` is never read
   --> /Users/malisper/dev/pgrust-fast/.wt-w2-arrayjson/crates/backend/utils/adt/arrayfuncs/src/element.rs:545:26
    |
545 |     let mut addedafter = 0i32;
    |                          ^^^^
    |
    = help: maybe it is overwritten before being read?
    = note: `#[warn(unused_assignments)]` (part of `#[warn(unused)]`) on by default

warning: unnecessary `unsafe` block
   --> /Users/malisper/dev/pgrust-fast/.wt-w2-arrayjson/crates/backend/utils/adt/arrayfuncs/src/expanded.rs:144:55
    |
141 |     unsafe {
    |     ------ because it's nested under this `unsafe` block
...
144 |         parentcontext.register_reset_callback(move || unsafe { drop(Box::from_raw(p)) });
    |                                                       ^^^^^^ unnecessary `unsafe` block
    |
    = note: `#[warn(unused_unsafe)]` (part of `#[warn(unused)]`) on by default

warning: unnecessary `unsafe` block
   --> /Users/malisper/dev/pgrust-fast/.wt-w2-arrayjson/crates/backend/utils/adt/arrayfuncs/src/expanded.rs:252:15
    |
252 |         cur + unsafe { varsize_any(value.as_usize() as *const u8) }
    |               ^^^^^^ unnecessary `unsafe` block

warning: unnecessary `unsafe` block
   --> /Users/malisper/dev/pgrust-fast/.wt-w2-arrayjson/crates/backend/utils/adt/arrayfuncs/src/io.rs:557:15
    |
557 |         -1 => unsafe { varsize_any(p) },
    |               ^^^^^^ unnecessary `unsafe` block

warning: constant `HASH_RECORD_OID` is never used
   --> /Users/malisper/dev/pgrust-fast/.wt-w2-arrayjson/crates/backend/utils/adt/arrayfuncs/src/builtins.rs:522:7
    |
522 | const HASH_RECORD_OID: Oid = 6192;
    |       ^^^^^^^^^^^^^^^
    |
    = note: `#[warn(dead_code)]` (part of `#[warn(unused)]`) on by default

warning: constant `HASH_RECORD_EXTENDED_OID` is never used
   --> /Users/malisper/dev/pgrust-fast/.wt-w2-arrayjson/crates/backend/utils/adt/arrayfuncs/src/builtins.rs:523:7
    |
523 | const HASH_RECORD_EXTENDED_OID: Oid = 6193;
    |       ^^^^^^^^^^^^^^^^^^^^^^^^

warning: unused imports: `mcx_stubs` and `stubs`
  --> src/lib.rs:87:25
   |
87 |     use proof_support::{mcx_stubs, stubs};
   |                         ^^^^^^^^^  ^^^^^
   |
   = note: `#[warn(unused_imports)]` (part of `#[warn(unused)]`) on by default

    Finished `dev` profile [unoptimized + debuginfo] target(s) in 12.21s
error: Failed to match the following harness(es):
eq_array_ndims
Please specify the fully-qualified name of a harness.
