
*** crates/backend/utils/mb/mbutils/src/lib.rs:714:5: replace pg_encoding_wchar2mb_with_len -> PgResult<PgVec<'mcx, u8>> with PgResult::new(PgVec::from_iter([1]))

*** mutation diff:
--- crates/backend/utils/mb/mbutils/src/lib.rs
+++ replace pg_encoding_wchar2mb_with_len -> PgResult<PgVec<'mcx, u8>> with PgResult::new(PgVec::from_iter([1]))
@@ -706,25 +706,17 @@
     pg_encoding_wchar2mb_with_len(mcx, database_encoding(), from)
 }
 
 pub fn pg_encoding_wchar2mb_with_len<'mcx>(
     mcx: Mcx<'mcx>,
     encoding: pg_enc,
     from: &[pg_wchar],
 ) -> PgResult<PgVec<'mcx, u8>> {
-    let conv = pg_wchar_table[encoding as usize]
-        .wchar2mb_with_len
-        .unwrap_or_else(|| panic!("wchar2mb: client-only encoding {encoding} has no converter"));
-    let cap = from.len() * pg_wchar_table[encoding as usize].maxmblen as usize + 1;
-    let mut to: PgVec<'mcx, u8> = vec_with_capacity_in(mcx, cap)?;
-    to.resize(cap, 0);
-    let n = conv(from, &mut to);
-    to.truncate(n as usize);
-    Ok(to)
+    PgResult::new(PgVec::from_iter([1])) /* ~ changed by cargo-mutants ~ */
 }
 
 /// Byte length of the leading character, bounded by the slice end (C's
 /// `pg_mblen_range(mbstr, end)`); errors if the character overruns it.
 pub fn pg_mblen_range(mbstr: &[u8]) -> PgResult<i32> {
     debug_assert!(!mbstr.is_empty());
     let length = pg_encoding_mblen(database_encoding(), mbstr);
     if length as usize > mbstr.len() {


*** /usr/local/rustup/toolchains/1.96.0-aarch64-unknown-linux-gnu/bin/cargo test --no-run --verbose --package=mbutils@0.1.0
    Blocking waiting for file lock on package cache
    Blocking waiting for file lock on package cache
    Blocking waiting for file lock on package cache
       Fresh version_check v0.9.5
       Fresh zerocopy v0.8.53
       Fresh once_cell v1.21.4
       Fresh cfg-if v1.0.4
       Fresh ahash v0.8.12
       Fresh types_error v0.0.0 (/tmp/cargo-mutants-src-EHAgpS.tmp/crates/_support/types/types_error)
       Fresh allocator-api2 v0.2.21
       Fresh hashbrown v0.14.5
       Fresh rustc-hash v2.1.3
       Fresh mcx v0.0.0 (/tmp/cargo-mutants-src-EHAgpS.tmp/crates/_support/mcx)
warning: variant `Malloc` is never constructed
  --> crates/_support/mcx/src/lib.rs:64:5
   |
61 | enum Backend {
   |      ------- variant in this enum
...
64 |     Malloc,
   |     ^^^^^^
   |
   = note: `#[warn(dead_code)]` (part of `#[warn(unused)]`) on by default

warning: function `chunk_size` is never used
   --> crates/_support/mcx/src/aset.rs:284:4
    |
284 | fn chunk_size(idx: usize) -> usize {
    |    ^^^^^^^^^^

warning: method `mem_allocated` is never used
   --> crates/_support/mcx/src/aset.rs:340:19
    |
306 | impl AllocSet {
    | ------------- method in this implementation
...
340 |     pub(crate) fn mem_allocated(&self) -> usize {
    |                   ^^^^^^^^^^^^^

warning: `mcx` (lib) generated 3 warnings
       Fresh types_core v0.0.0 (/tmp/cargo-mutants-src-EHAgpS.tmp/crates/_support/types/types_core)
       Fresh datum v0.0.0 (/tmp/cargo-mutants-src-EHAgpS.tmp/crates/_support/types/datum)
       Fresh seam_core v0.1.0 (/tmp/cargo-mutants-src-EHAgpS.tmp/crates/_support/seam_core)
       Fresh types_tuple v0.1.0 (/tmp/cargo-mutants-src-EHAgpS.tmp/crates/_support/types/types_tuple)
       Fresh libc v0.2.186
       Fresh detoast_seams v0.1.0 (/tmp/cargo-mutants-src-EHAgpS.tmp/crates/backend/access/common/detoast_seams)
       Fresh stringinfo v0.1.0 (/tmp/cargo-mutants-src-EHAgpS.tmp/crates/_support/types/stringinfo)
       Fresh types_fmgr v0.1.0 (/tmp/cargo-mutants-src-EHAgpS.tmp/crates/_support/types/fmgr)
       Fresh pg_strong_random v0.1.0 (/tmp/cargo-mutants-src-EHAgpS.tmp/crates/port/pg_strong_random)
       Fresh pg_clock v0.1.0 (/tmp/cargo-mutants-src-EHAgpS.tmp/crates/port/pg_clock)
       Fresh pgsync v0.1.0 (/tmp/cargo-mutants-src-EHAgpS.tmp/crates/_support/pgsync)
       Fresh types_storage v0.1.0 (/tmp/cargo-mutants-src-EHAgpS.tmp/crates/_support/types/types_storage)
       Fresh types_scan v0.1.0 (/tmp/cargo-mutants-src-EHAgpS.tmp/crates/_support/types/types_scan)
       Fresh types_gist v0.1.0 (/tmp/cargo-mutants-src-EHAgpS.tmp/crates/_support/types/gist)
       Fresh types_spgist v0.1.0 (/tmp/cargo-mutants-src-EHAgpS.tmp/crates/_support/types/types_spgist)
warning: type `spgChooseIn` should have an upper camel case name
  --> crates/_support/types/types_spgist/src/state.rs:92:12
   |
92 | pub struct spgChooseIn {
   |            ^^^^^^^^^^^ help: convert the identifier to upper camel case (notice the capitalization): `SpgChooseIn`
   |
   = note: `#[warn(non_camel_case_types)]` (part of `#[warn(nonstandard_style)]`) on by default

warning: type `spgChooseOut` should have an upper camel case name
   --> crates/_support/types/types_spgist/src/state.rs:104:10
    |
104 | pub enum spgChooseOut {
    |          ^^^^^^^^^^^^ help: convert the identifier to upper camel case (notice the capitalization): `SpgChooseOut`

warning: type `spgPickSplitIn` should have an upper camel case name
   --> crates/_support/types/types_spgist/src/state.rs:127:12
    |
127 | pub struct spgPickSplitIn {
    |            ^^^^^^^^^^^^^^ help: convert the identifier to upper camel case (notice the capitalization): `SpgPickSplitIn`

warning: type `spgPickSplitOut` should have an upper camel case name
   --> crates/_support/types/types_spgist/src/state.rs:134:12
    |
134 | pub struct spgPickSplitOut {
    |            ^^^^^^^^^^^^^^^ help: convert the identifier to upper camel case (notice the capitalization): `SpgPickSplitOut`

warning: type `spgInnerConsistentIn` should have an upper camel case name
   --> crates/_support/types/types_spgist/src/state.rs:157:12
    |
157 | pub struct spgInnerConsistentIn<'a> {
    |            ^^^^^^^^^^^^^^^^^^^^ help: convert the identifier to upper camel case (notice the capitalization): `SpgInnerConsistentIn`

warning: type `spgInnerConsistentOut` should have an upper camel case name
   --> crates/_support/types/types_spgist/src/state.rs:175:12
    |
175 | pub struct spgInnerConsistentOut {
    |            ^^^^^^^^^^^^^^^^^^^^^ help: convert the identifier to upper camel case (notice the capitalization): `SpgInnerConsistentOut`

warning: type `spgLeafConsistentIn` should have an upper camel case name
   --> crates/_support/types/types_spgist/src/state.rs:199:12
    |
199 | pub struct spgLeafConsistentIn {
    |            ^^^^^^^^^^^^^^^^^^^ help: convert the identifier to upper camel case (notice the capitalization): `SpgLeafConsistentIn`

warning: type `spgLeafConsistentOut` should have an upper camel case name
   --> crates/_support/types/types_spgist/src/state.rs:212:12
    |
212 | pub struct spgLeafConsistentOut {
    |            ^^^^^^^^^^^^^^^^^^^^ help: convert the identifier to upper camel case (notice the capitalization): `SpgLeafConsistentOut`

warning: type `spgxlogState` should have an upper camel case name
  --> crates/_support/types/types_spgist/src/xlog.rs:15:12
   |
15 | pub struct spgxlogState {
   |            ^^^^^^^^^^^^ help: convert the identifier to upper camel case (notice the capitalization): `SpgxlogState`

warning: type `spgxlogAddLeaf` should have an upper camel case name
  --> crates/_support/types/types_spgist/src/xlog.rs:40:12
   |
40 | pub struct spgxlogAddLeaf {
   |            ^^^^^^^^^^^^^^ help: convert the identifier to upper camel case (notice the capitalization): `SpgxlogAddLeaf`

warning: type `spgxlogMoveLeafs` should have an upper camel case name
  --> crates/_support/types/types_spgist/src/xlog.rs:76:12
   |
76 | pub struct spgxlogMoveLeafs {
   |            ^^^^^^^^^^^^^^^^ help: convert the identifier to upper camel case (notice the capitalization): `SpgxlogMoveLeafs`

warning: type `spgxlogAddNode` should have an upper camel case name
   --> crates/_support/types/types_spgist/src/xlog.rs:115:12
    |
115 | pub struct spgxlogAddNode {
    |            ^^^^^^^^^^^^^^ help: convert the identifier to upper camel case (notice the capitalization): `SpgxlogAddNode`

warning: type `spgxlogSplitTuple` should have an upper camel case name
   --> crates/_support/types/types_spgist/src/xlog.rs:154:12
    |
154 | pub struct spgxlogSplitTuple {
    |            ^^^^^^^^^^^^^^^^^ help: convert the identifier to upper camel case (notice the capitalization): `SpgxlogSplitTuple`

warning: type `spgxlogPickSplit` should have an upper camel case name
   --> crates/_support/types/types_spgist/src/xlog.rs:184:12
    |
184 | pub struct spgxlogPickSplit {
    |            ^^^^^^^^^^^^^^^^ help: convert the identifier to upper camel case (notice the capitalization): `SpgxlogPickSplit`

warning: type `spgxlogVacuumLeaf` should have an upper camel case name
   --> crates/_support/types/types_spgist/src/xlog.rs:238:12
    |
238 | pub struct spgxlogVacuumLeaf {
    |            ^^^^^^^^^^^^^^^^^ help: convert the identifier to upper camel case (notice the capitalization): `SpgxlogVacuumLeaf`

warning: type `spgxlogVacuumRoot` should have an upper camel case name
   --> crates/_support/types/types_spgist/src/xlog.rs:271:12
    |
271 | pub struct spgxlogVacuumRoot {
    |            ^^^^^^^^^^^^^^^^^ help: convert the identifier to upper camel case (notice the capitalization): `SpgxlogVacuumRoot`

warning: type `spgxlogVacuumRedirect` should have an upper camel case name
   --> crates/_support/types/types_spgist/src/xlog.rs:295:12
    |
295 | pub struct spgxlogVacuumRedirect {
    |            ^^^^^^^^^^^^^^^^^^^^^ help: convert the identifier to upper camel case (notice the capitalization): `SpgxlogVacuumRedirect`

warning: type `spgConfigIn` should have an upper camel case name
   --> crates/_support/types/types_spgist/src/lib.rs:237:12
    |
237 | pub struct spgConfigIn {
    |            ^^^^^^^^^^^ help: convert the identifier to upper camel case (notice the capitalization): `SpgConfigIn`

warning: type `spgConfigOut` should have an upper camel case name
   --> crates/_support/types/types_spgist/src/lib.rs:242:12
    |
242 | pub struct spgConfigOut {
    |            ^^^^^^^^^^^^ help: convert the identifier to upper camel case (notice the capitalization): `SpgConfigOut`

warning: `types_spgist` (lib) generated 19 warnings
       Fresh types_nbtree v0.1.0 (/tmp/cargo-mutants-src-EHAgpS.tmp/crates/_support/types/types_nbtree)
       Fresh types_bloom v0.1.0 (/tmp/cargo-mutants-src-EHAgpS.tmp/crates/_support/types/types_bloom)
       Fresh types_hash v0.1.0 (/tmp/cargo-mutants-src-EHAgpS.tmp/crates/_support/types/hash)
       Fresh types_trigger v0.1.0 (/tmp/cargo-mutants-src-EHAgpS.tmp/crates/_support/types/types_trigger)
       Fresh types_rel v0.1.0 (/tmp/cargo-mutants-src-EHAgpS.tmp/crates/_support/types/rel)
       Fresh rel_vocab v0.1.0 (/tmp/cargo-mutants-src-EHAgpS.tmp/crates/_support/types/rel_vocab)
       Fresh namespace_seams v0.0.0 (/tmp/cargo-mutants-src-EHAgpS.tmp/crates/backend/catalog/namespace_seams)
       Fresh fmgr_seams v0.1.0 (/tmp/cargo-mutants-src-EHAgpS.tmp/crates/backend/utils/fmgr/fmgr_seams)
       Fresh xact_seams v0.0.0 (/tmp/cargo-mutants-src-EHAgpS.tmp/crates/backend/access/transam/xact_seams)
       Fresh mbutils_seams v0.1.0 (/tmp/cargo-mutants-src-EHAgpS.tmp/crates/backend/utils/mb/mbutils_seams)
       Fresh wchar v0.1.0 (/tmp/cargo-mutants-src-EHAgpS.tmp/crates/common/wchar)
       Dirty mbutils v0.1.0 (/tmp/cargo-mutants-src-EHAgpS.tmp/crates/backend/utils/mb/mbutils): couldn't read metadata for file `target/debug/deps/libmbutils-26fe966b52a9688e.rlib`
   Compiling mbutils v0.1.0 (/tmp/cargo-mutants-src-EHAgpS.tmp/crates/backend/utils/mb/mbutils)
     Running `/usr/local/rustup/toolchains/1.96.0-aarch64-unknown-linux-gnu/bin/rustc --crate-name mbutils --edition=2021 crates/backend/utils/mb/mbutils/src/lib.rs --error-format=json --json=diagnostic-rendered-ansi,artifacts,future-incompat --crate-type lib --emit=dep-info,metadata,link -C embed-bitcode=no -C debuginfo=line-tables-only -C split-debuginfo=unpacked --check-cfg 'cfg(docsrs,test)' --check-cfg 'cfg(feature, values())' -C metadata=41be7aa174e9bf93 -C extra-filename=-26fe966b52a9688e --out-dir /tmp/cargo-mutants-src-EHAgpS.tmp/target/debug/deps -L dependency=/tmp/cargo-mutants-src-EHAgpS.tmp/target/debug/deps --extern datum=/tmp/cargo-mutants-src-EHAgpS.tmp/target/debug/deps/libdatum-03e730a59f80c1e6.rmeta --extern fmgr_seams=/tmp/cargo-mutants-src-EHAgpS.tmp/target/debug/deps/libfmgr_seams-b7735fc4587ac3e2.rmeta --extern mbutils_seams=/tmp/cargo-mutants-src-EHAgpS.tmp/target/debug/deps/libmbutils_seams-4db06d91ff66387e.rmeta --extern mcx=/tmp/cargo-mutants-src-EHAgpS.tmp/target/debug/deps/libmcx-279b2aa6087b29c0.rmeta --extern namespace_seams=/tmp/cargo-mutants-src-EHAgpS.tmp/target/debug/deps/libnamespace_seams-8f25e5986ab6bec9.rmeta --extern types_core=/tmp/cargo-mutants-src-EHAgpS.tmp/target/debug/deps/libtypes_core-0d9118de0dbccbea.rmeta --extern types_error=/tmp/cargo-mutants-src-EHAgpS.tmp/target/debug/deps/libtypes_error-c16bdb10ad7f34c8.rmeta --extern types_fmgr=/tmp/cargo-mutants-src-EHAgpS.tmp/target/debug/deps/libtypes_fmgr-ff08b237599455ce.rmeta --extern wchar=/tmp/cargo-mutants-src-EHAgpS.tmp/target/debug/deps/libwchar-da99c5603b4b462e.rmeta --extern xact_seams=/tmp/cargo-mutants-src-EHAgpS.tmp/target/debug/deps/libxact_seams-061af81be05bb434.rmeta`
     Running `/usr/local/rustup/toolchains/1.96.0-aarch64-unknown-linux-gnu/bin/rustc --crate-name mbutils --edition=2021 crates/backend/utils/mb/mbutils/src/lib.rs --error-format=json --json=diagnostic-rendered-ansi,artifacts,future-incompat --emit=dep-info,link -C embed-bitcode=no -C debuginfo=line-tables-only -C split-debuginfo=unpacked --test --check-cfg 'cfg(docsrs,test)' --check-cfg 'cfg(feature, values())' -C metadata=af65520103c04c57 -C extra-filename=-b45b698b4fa5b919 --out-dir /tmp/cargo-mutants-src-EHAgpS.tmp/target/debug/deps -L dependency=/tmp/cargo-mutants-src-EHAgpS.tmp/target/debug/deps --extern datum=/tmp/cargo-mutants-src-EHAgpS.tmp/target/debug/deps/libdatum-03e730a59f80c1e6.rlib --extern fmgr_seams=/tmp/cargo-mutants-src-EHAgpS.tmp/target/debug/deps/libfmgr_seams-b7735fc4587ac3e2.rlib --extern mbutils_seams=/tmp/cargo-mutants-src-EHAgpS.tmp/target/debug/deps/libmbutils_seams-4db06d91ff66387e.rlib --extern mcx=/tmp/cargo-mutants-src-EHAgpS.tmp/target/debug/deps/libmcx-279b2aa6087b29c0.rlib --extern namespace_seams=/tmp/cargo-mutants-src-EHAgpS.tmp/target/debug/deps/libnamespace_seams-8f25e5986ab6bec9.rlib --extern types_core=/tmp/cargo-mutants-src-EHAgpS.tmp/target/debug/deps/libtypes_core-0d9118de0dbccbea.rlib --extern types_error=/tmp/cargo-mutants-src-EHAgpS.tmp/target/debug/deps/libtypes_error-c16bdb10ad7f34c8.rlib --extern types_fmgr=/tmp/cargo-mutants-src-EHAgpS.tmp/target/debug/deps/libtypes_fmgr-ff08b237599455ce.rlib --extern wchar=/tmp/cargo-mutants-src-EHAgpS.tmp/target/debug/deps/libwchar-da99c5603b4b462e.rlib --extern xact_seams=/tmp/cargo-mutants-src-EHAgpS.tmp/target/debug/deps/libxact_seams-061af81be05bb434.rlib`
error[E0599]: no variant, associated function, or constant named `new` found for enum `Result<T, E>` in the current scope
   --> crates/backend/utils/mb/mbutils/src/lib.rs:714:15
    |
714 |     PgResult::new(PgVec::from_iter([1])) /* ~ changed by cargo-mutants ~ */
    |               ^^^ variant, associated function, or constant not found in `Result<_, Box<PgError>>`
    |
help: there is a method `ne` with a similar name
    |
714 -     PgResult::new(PgVec::from_iter([1])) /* ~ changed by cargo-mutants ~ */
714 +     PgResult::ne(PgVec::from_iter([1])) /* ~ changed by cargo-mutants ~ */
    |

error[E0599]: no associated function or constant named `from_iter` found for struct `allocator_api2::stable::vec::Vec<_, Mcx<'_>>` in the current scope
   --> crates/backend/utils/mb/mbutils/src/lib.rs:714:26
    |
714 |     PgResult::new(PgVec::from_iter([1])) /* ~ changed by cargo-mutants ~ */
    |                          ^^^^^^^^^ associated function or constant not found in `allocator_api2::stable::vec::Vec<_, Mcx<'_>>`
    |
note: if you're trying to build a new `allocator_api2::stable::vec::Vec<_, Mcx<'_>>` consider using one of the following associated functions:
      allocator_api2::stable::vec::Vec::<T, A>::new_in
      allocator_api2::stable::vec::Vec::<T, A>::with_capacity_in
      allocator_api2::stable::vec::Vec::<T, A>::from_raw_parts_in
   --> /usr/local/cargo/registry/src/index.crates.io-1949cf8c6b5b557f/allocator-api2-0.2.21/src/stable/vec/mod.rs:554:5
    |
554 |     pub const fn new_in(alloc: A) -> Self {
    |     ^^^^^^^^^^^^^^^^^^^^^^^^^^^^^^^^^^^^^
...
616 |     pub fn with_capacity_in(capacity: usize, alloc: A) -> Self {
    |     ^^^^^^^^^^^^^^^^^^^^^^^^^^^^^^^^^^^^^^^^^^^^^^^^^^^^^^^^^^
...
727 |     pub unsafe fn from_raw_parts_in(ptr: *mut T, length: usize, capacity: usize, alloc: A) -> Self {
    |     ^^^^^^^^^^^^^^^^^^^^^^^^^^^^^^^^^^^^^^^^^^^^^^^^^^^^^^^^^^^^^^^^^^^^^^^^^^^^^^^^^^^^^^^^^^^^^^

For more information about this error, try `rustc --explain E0599`.
error: could not compile `mbutils` (lib) due to 2 previous errors

Caused by:
  process didn't exit successfully: `/usr/local/rustup/toolchains/1.96.0-aarch64-unknown-linux-gnu/bin/rustc --crate-name mbutils --edition=2021 crates/backend/utils/mb/mbutils/src/lib.rs --error-format=json --json=diagnostic-rendered-ansi,artifacts,future-incompat --crate-type lib --emit=dep-info,metadata,link -C embed-bitcode=no -C debuginfo=line-tables-only -C split-debuginfo=unpacked --check-cfg 'cfg(docsrs,test)' --check-cfg 'cfg(feature, values())' -C metadata=41be7aa174e9bf93 -C extra-filename=-26fe966b52a9688e --out-dir /tmp/cargo-mutants-src-EHAgpS.tmp/target/debug/deps -L dependency=/tmp/cargo-mutants-src-EHAgpS.tmp/target/debug/deps --extern datum=/tmp/cargo-mutants-src-EHAgpS.tmp/target/debug/deps/libdatum-03e730a59f80c1e6.rmeta --extern fmgr_seams=/tmp/cargo-mutants-src-EHAgpS.tmp/target/debug/deps/libfmgr_seams-b7735fc4587ac3e2.rmeta --extern mbutils_seams=/tmp/cargo-mutants-src-EHAgpS.tmp/target/debug/deps/libmbutils_seams-4db06d91ff66387e.rmeta --extern mcx=/tmp/cargo-mutants-src-EHAgpS.tmp/target/debug/deps/libmcx-279b2aa6087b29c0.rmeta --extern namespace_seams=/tmp/cargo-mutants-src-EHAgpS.tmp/target/debug/deps/libnamespace_seams-8f25e5986ab6bec9.rmeta --extern types_core=/tmp/cargo-mutants-src-EHAgpS.tmp/target/debug/deps/libtypes_core-0d9118de0dbccbea.rmeta --extern types_error=/tmp/cargo-mutants-src-EHAgpS.tmp/target/debug/deps/libtypes_error-c16bdb10ad7f34c8.rmeta --extern types_fmgr=/tmp/cargo-mutants-src-EHAgpS.tmp/target/debug/deps/libtypes_fmgr-ff08b237599455ce.rmeta --extern wchar=/tmp/cargo-mutants-src-EHAgpS.tmp/target/debug/deps/libwchar-da99c5603b4b462e.rmeta --extern xact_seams=/tmp/cargo-mutants-src-EHAgpS.tmp/target/debug/deps/libxact_seams-061af81be05bb434.rmeta` (exit status: 1)
warning: build failed, waiting for other jobs to finish...
error: could not compile `mbutils` (lib test) due to 2 previous errors

Caused by:
  process didn't exit successfully: `/usr/local/rustup/toolchains/1.96.0-aarch64-unknown-linux-gnu/bin/rustc --crate-name mbutils --edition=2021 crates/backend/utils/mb/mbutils/src/lib.rs --error-format=json --json=diagnostic-rendered-ansi,artifacts,future-incompat --emit=dep-info,link -C embed-bitcode=no -C debuginfo=line-tables-only -C split-debuginfo=unpacked --test --check-cfg 'cfg(docsrs,test)' --check-cfg 'cfg(feature, values())' -C metadata=af65520103c04c57 -C extra-filename=-b45b698b4fa5b919 --out-dir /tmp/cargo-mutants-src-EHAgpS.tmp/target/debug/deps -L dependency=/tmp/cargo-mutants-src-EHAgpS.tmp/target/debug/deps --extern datum=/tmp/cargo-mutants-src-EHAgpS.tmp/target/debug/deps/libdatum-03e730a59f80c1e6.rlib --extern fmgr_seams=/tmp/cargo-mutants-src-EHAgpS.tmp/target/debug/deps/libfmgr_seams-b7735fc4587ac3e2.rlib --extern mbutils_seams=/tmp/cargo-mutants-src-EHAgpS.tmp/target/debug/deps/libmbutils_seams-4db06d91ff66387e.rlib --extern mcx=/tmp/cargo-mutants-src-EHAgpS.tmp/target/debug/deps/libmcx-279b2aa6087b29c0.rlib --extern namespace_seams=/tmp/cargo-mutants-src-EHAgpS.tmp/target/debug/deps/libnamespace_seams-8f25e5986ab6bec9.rlib --extern types_core=/tmp/cargo-mutants-src-EHAgpS.tmp/target/debug/deps/libtypes_core-0d9118de0dbccbea.rlib --extern types_error=/tmp/cargo-mutants-src-EHAgpS.tmp/target/debug/deps/libtypes_error-c16bdb10ad7f34c8.rlib --extern types_fmgr=/tmp/cargo-mutants-src-EHAgpS.tmp/target/debug/deps/libtypes_fmgr-ff08b237599455ce.rlib --extern wchar=/tmp/cargo-mutants-src-EHAgpS.tmp/target/debug/deps/libwchar-da99c5603b4b462e.rlib --extern xact_seams=/tmp/cargo-mutants-src-EHAgpS.tmp/target/debug/deps/libxact_seams-061af81be05bb434.rlib` (exit status: 1)

*** result: Failure(101)
