
*** crates/backend/utils/mb/mbutils/src/lib.rs:441:5: replace pg_do_encoding_conversion -> PgResult<Option<PgVec<'mcx, u8>>> with PgResult::from(Some(PgVec::new(1)))

*** mutation diff:
--- crates/backend/utils/mb/mbutils/src/lib.rs
+++ replace pg_do_encoding_conversion -> PgResult<Option<PgVec<'mcx, u8>>> with PgResult::from(Some(PgVec::new(1)))
@@ -433,54 +433,17 @@
 }
 
 pub fn pg_do_encoding_conversion<'mcx>(
     mcx: Mcx<'mcx>,
     src: &[u8],
     src_encoding: pg_enc,
     dest_encoding: pg_enc,
 ) -> PgResult<Option<PgVec<'mcx, u8>>> {
-    if src.is_empty() {
-        return Ok(None);
-    }
-    if src_encoding == dest_encoding {
-        return Ok(None);
-    }
-    if dest_encoding == PG_SQL_ASCII {
-        return Ok(None);
-    }
-    if src_encoding == PG_SQL_ASCII {
-        pg_verify_mbstr(dest_encoding, src, false)?;
-        return Ok(None);
-    }
-
-    if !xact_seams::is_transaction_state::call() {
-        return Err(internal_error(
-            "cannot perform encoding conversion outside a transaction",
-        ));
-    }
-
-    let proc = namespace_seams::find_default_conversion_proc::call(src_encoding, dest_encoding)?;
-    if proc == InvalidOid {
-        return Err(no_default_conversion_error(src_encoding, dest_encoding));
-    }
-
-    if src.len() >= MAX_ALLOC_HUGE_SIZE / MAX_CONVERSION_GROWTH {
-        return Err(too_long_error(src.len()));
-    }
-
-    // General case: C's OidFunctionCall6 re-resolves per call (only the
-    // client<->server default pair is cached); mirrored here.
-    let resolved = resolve_conv_proc(proc)?;
-    let (_, result) = convert_with_proc(mcx, resolved, src_encoding, dest_encoding, src, false)?;
-
-    if src.len() > 1_000_000 && result.len() >= MAX_ALLOC_SIZE {
-        return Err(too_long_error(src.len()));
-    }
-    Ok(Some(result))
+    PgResult::from(Some(PgVec::new(1))) /* ~ changed by cargo-mutants ~ */
 }
 
 /// C `pg_do_encoding_conversion_buf`: `proc` was already looked up; the input
 /// is clipped so the worst-case output fits a `dst_capacity`-byte buffer.
 /// Returns (source bytes converted, output bytes without the trailing NUL).
 pub fn pg_do_encoding_conversion_buf<'mcx>(
     mcx: Mcx<'mcx>,
     proc: Oid,


*** /usr/local/rustup/toolchains/1.96.0-aarch64-unknown-linux-gnu/bin/cargo test --no-run --verbose --package=mbutils@0.1.0
    Blocking waiting for file lock on package cache
    Blocking waiting for file lock on package cache
    Blocking waiting for file lock on package cache
    Blocking waiting for file lock on shared package cache
       Fresh version_check v0.9.5
       Fresh cfg-if v1.0.4
       Fresh once_cell v1.21.4
       Fresh allocator-api2 v0.2.21
       Fresh types_error v0.0.0 (/tmp/cargo-mutants-src-oyscnj.tmp/crates/_support/types/types_error)
       Fresh zerocopy v0.8.53
       Fresh rustc-hash v2.1.3
       Fresh types_core v0.0.0 (/tmp/cargo-mutants-src-oyscnj.tmp/crates/_support/types/types_core)
       Fresh seam_core v0.1.0 (/tmp/cargo-mutants-src-oyscnj.tmp/crates/_support/seam_core)
       Fresh ahash v0.8.12
       Fresh rel_vocab v0.1.0 (/tmp/cargo-mutants-src-oyscnj.tmp/crates/_support/types/rel_vocab)
       Fresh xact_seams v0.0.0 (/tmp/cargo-mutants-src-oyscnj.tmp/crates/backend/access/transam/xact_seams)
       Fresh wchar v0.1.0 (/tmp/cargo-mutants-src-oyscnj.tmp/crates/common/wchar)
       Fresh hashbrown v0.14.5
       Fresh libc v0.2.186
       Fresh mcx v0.0.0 (/tmp/cargo-mutants-src-oyscnj.tmp/crates/_support/mcx)
warning: variant `Malloc` is never constructed
  --> crates/_support/mcx/src/lib.rs:64:5
   |
61 | enum Backend {
   |      ------- variant in this enum
...
64 |     Malloc,
   |     ^^^^^^
   |
   = note: `#[warn(dead_code)]` (part of `#[warn(unused)]`) on by default

warning: function `chunk_size` is never used
   --> crates/_support/mcx/src/aset.rs:284:4
    |
284 | fn chunk_size(idx: usize) -> usize {
    |    ^^^^^^^^^^

warning: method `mem_allocated` is never used
   --> crates/_support/mcx/src/aset.rs:340:19
    |
306 | impl AllocSet {
    | ------------- method in this implementation
...
340 |     pub(crate) fn mem_allocated(&self) -> usize {
    |                   ^^^^^^^^^^^^^

       Fresh pg_clock v0.1.0 (/tmp/cargo-mutants-src-oyscnj.tmp/crates/port/pg_clock)
       Fresh pg_strong_random v0.1.0 (/tmp/cargo-mutants-src-oyscnj.tmp/crates/port/pg_strong_random)
warning: `mcx` (lib) generated 3 warnings
       Fresh datum v0.0.0 (/tmp/cargo-mutants-src-oyscnj.tmp/crates/_support/types/datum)
       Fresh stringinfo v0.1.0 (/tmp/cargo-mutants-src-oyscnj.tmp/crates/_support/types/stringinfo)
       Fresh pgsync v0.1.0 (/tmp/cargo-mutants-src-oyscnj.tmp/crates/_support/pgsync)
       Fresh types_trigger v0.1.0 (/tmp/cargo-mutants-src-oyscnj.tmp/crates/_support/types/types_trigger)
       Fresh mbutils_seams v0.1.0 (/tmp/cargo-mutants-src-oyscnj.tmp/crates/backend/utils/mb/mbutils_seams)
       Fresh types_tuple v0.1.0 (/tmp/cargo-mutants-src-oyscnj.tmp/crates/_support/types/types_tuple)
       Fresh types_storage v0.1.0 (/tmp/cargo-mutants-src-oyscnj.tmp/crates/_support/types/types_storage)
       Fresh detoast_seams v0.1.0 (/tmp/cargo-mutants-src-oyscnj.tmp/crates/backend/access/common/detoast_seams)
       Fresh types_hash v0.1.0 (/tmp/cargo-mutants-src-oyscnj.tmp/crates/_support/types/hash)
       Fresh types_fmgr v0.1.0 (/tmp/cargo-mutants-src-oyscnj.tmp/crates/_support/types/fmgr)
       Fresh types_scan v0.1.0 (/tmp/cargo-mutants-src-oyscnj.tmp/crates/_support/types/types_scan)
       Fresh types_gist v0.1.0 (/tmp/cargo-mutants-src-oyscnj.tmp/crates/_support/types/gist)
       Fresh types_bloom v0.1.0 (/tmp/cargo-mutants-src-oyscnj.tmp/crates/_support/types/types_bloom)
       Fresh fmgr_seams v0.1.0 (/tmp/cargo-mutants-src-oyscnj.tmp/crates/backend/utils/fmgr/fmgr_seams)
       Fresh types_nbtree v0.1.0 (/tmp/cargo-mutants-src-oyscnj.tmp/crates/_support/types/types_nbtree)
       Fresh types_spgist v0.1.0 (/tmp/cargo-mutants-src-oyscnj.tmp/crates/_support/types/types_spgist)
warning: type `spgChooseIn` should have an upper camel case name
  --> crates/_support/types/types_spgist/src/state.rs:92:12
   |
92 | pub struct spgChooseIn {
   |            ^^^^^^^^^^^ help: convert the identifier to upper camel case (notice the capitalization): `SpgChooseIn`
   |
   = note: `#[warn(non_camel_case_types)]` (part of `#[warn(nonstandard_style)]`) on by default

warning: type `spgChooseOut` should have an upper camel case name
   --> crates/_support/types/types_spgist/src/state.rs:104:10
    |
104 | pub enum spgChooseOut {
    |          ^^^^^^^^^^^^ help: convert the identifier to upper camel case (notice the capitalization): `SpgChooseOut`

warning: type `spgPickSplitIn` should have an upper camel case name
   --> crates/_support/types/types_spgist/src/state.rs:127:12
    |
127 | pub struct spgPickSplitIn {
    |            ^^^^^^^^^^^^^^ help: convert the identifier to upper camel case (notice the capitalization): `SpgPickSplitIn`

warning: type `spgPickSplitOut` should have an upper camel case name
   --> crates/_support/types/types_spgist/src/state.rs:134:12
    |
134 | pub struct spgPickSplitOut {
    |            ^^^^^^^^^^^^^^^ help: convert the identifier to upper camel case (notice the capitalization): `SpgPickSplitOut`

warning: type `spgInnerConsistentIn` should have an upper camel case name
   --> crates/_support/types/types_spgist/src/state.rs:157:12
    |
157 | pub struct spgInnerConsistentIn<'a> {
    |            ^^^^^^^^^^^^^^^^^^^^ help: convert the identifier to upper camel case (notice the capitalization): `SpgInnerConsistentIn`

warning: type `spgInnerConsistentOut` should have an upper camel case name
   --> crates/_support/types/types_spgist/src/state.rs:175:12
    |
175 | pub struct spgInnerConsistentOut {
    |            ^^^^^^^^^^^^^^^^^^^^^ help: convert the identifier to upper camel case (notice the capitalization): `SpgInnerConsistentOut`

warning: type `spgLeafConsistentIn` should have an upper camel case name
   --> crates/_support/types/types_spgist/src/state.rs:199:12
    |
199 | pub struct spgLeafConsistentIn {
    |            ^^^^^^^^^^^^^^^^^^^ help: convert the identifier to upper camel case (notice the capitalization): `SpgLeafConsistentIn`

warning: type `spgLeafConsistentOut` should have an upper camel case name
   --> crates/_support/types/types_spgist/src/state.rs:212:12
    |
212 | pub struct spgLeafConsistentOut {
    |            ^^^^^^^^^^^^^^^^^^^^ help: convert the identifier to upper camel case (notice the capitalization): `SpgLeafConsistentOut`

warning: type `spgxlogState` should have an upper camel case name
  --> crates/_support/types/types_spgist/src/xlog.rs:15:12
   |
15 | pub struct spgxlogState {
   |            ^^^^^^^^^^^^ help: convert the identifier to upper camel case (notice the capitalization): `SpgxlogState`

warning: type `spgxlogAddLeaf` should have an upper camel case name
  --> crates/_support/types/types_spgist/src/xlog.rs:40:12
   |
40 | pub struct spgxlogAddLeaf {
   |            ^^^^^^^^^^^^^^ help: convert the identifier to upper camel case (notice the capitalization): `SpgxlogAddLeaf`

warning: type `spgxlogMoveLeafs` should have an upper camel case name
  --> crates/_support/types/types_spgist/src/xlog.rs:76:12
   |
76 | pub struct spgxlogMoveLeafs {
   |            ^^^^^^^^^^^^^^^^ help: convert the identifier to upper camel case (notice the capitalization): `SpgxlogMoveLeafs`

warning: type `spgxlogAddNode` should have an upper camel case name
   --> crates/_support/types/types_spgist/src/xlog.rs:115:12
    |
115 | pub struct spgxlogAddNode {
    |            ^^^^^^^^^^^^^^ help: convert the identifier to upper camel case (notice the capitalization): `SpgxlogAddNode`

warning: type `spgxlogSplitTuple` should have an upper camel case name
   --> crates/_support/types/types_spgist/src/xlog.rs:154:12
    |
154 | pub struct spgxlogSplitTuple {
    |            ^^^^^^^^^^^^^^^^^ help: convert the identifier to upper camel case (notice the capitalization): `SpgxlogSplitTuple`

warning: type `spgxlogPickSplit` should have an upper camel case name
   --> crates/_support/types/types_spgist/src/xlog.rs:184:12
    |
184 | pub struct spgxlogPickSplit {
    |            ^^^^^^^^^^^^^^^^ help: convert the identifier to upper camel case (notice the capitalization): `SpgxlogPickSplit`

warning: type `spgxlogVacuumLeaf` should have an upper camel case name
   --> crates/_support/types/types_spgist/src/xlog.rs:238:12
    |
238 | pub struct spgxlogVacuumLeaf {
    |            ^^^^^^^^^^^^^^^^^ help: convert the identifier to upper camel case (notice the capitalization): `SpgxlogVacuumLeaf`

warning: type `spgxlogVacuumRoot` should have an upper camel case name
   --> crates/_support/types/types_spgist/src/xlog.rs:271:12
    |
271 | pub struct spgxlogVacuumRoot {
    |            ^^^^^^^^^^^^^^^^^ help: convert the identifier to upper camel case (notice the capitalization): `SpgxlogVacuumRoot`

warning: type `spgxlogVacuumRedirect` should have an upper camel case name
   --> crates/_support/types/types_spgist/src/xlog.rs:295:12
    |
295 | pub struct spgxlogVacuumRedirect {
    |            ^^^^^^^^^^^^^^^^^^^^^ help: convert the identifier to upper camel case (notice the capitalization): `SpgxlogVacuumRedirect`

warning: type `spgConfigIn` should have an upper camel case name
   --> crates/_support/types/types_spgist/src/lib.rs:237:12
    |
237 | pub struct spgConfigIn {
    |            ^^^^^^^^^^^ help: convert the identifier to upper camel case (notice the capitalization): `SpgConfigIn`

warning: type `spgConfigOut` should have an upper camel case name
   --> crates/_support/types/types_spgist/src/lib.rs:242:12
    |
242 | pub struct spgConfigOut {
    |            ^^^^^^^^^^^^ help: convert the identifier to upper camel case (notice the capitalization): `SpgConfigOut`

warning: `types_spgist` (lib) generated 19 warnings
       Fresh types_rel v0.1.0 (/tmp/cargo-mutants-src-oyscnj.tmp/crates/_support/types/rel)
       Fresh namespace_seams v0.0.0 (/tmp/cargo-mutants-src-oyscnj.tmp/crates/backend/catalog/namespace_seams)
       Dirty mbutils v0.1.0 (/tmp/cargo-mutants-src-oyscnj.tmp/crates/backend/utils/mb/mbutils): couldn't read metadata for file `target/debug/deps/libmbutils-26fe966b52a9688e.rlib`
   Compiling mbutils v0.1.0 (/tmp/cargo-mutants-src-oyscnj.tmp/crates/backend/utils/mb/mbutils)
     Running `/usr/local/rustup/toolchains/1.96.0-aarch64-unknown-linux-gnu/bin/rustc --crate-name mbutils --edition=2021 crates/backend/utils/mb/mbutils/src/lib.rs --error-format=json --json=diagnostic-rendered-ansi,artifacts,future-incompat --crate-type lib --emit=dep-info,metadata,link -C embed-bitcode=no -C debuginfo=line-tables-only -C split-debuginfo=unpacked --check-cfg 'cfg(docsrs,test)' --check-cfg 'cfg(feature, values())' -C metadata=41be7aa174e9bf93 -C extra-filename=-26fe966b52a9688e --out-dir /tmp/cargo-mutants-src-oyscnj.tmp/target/debug/deps -L dependency=/tmp/cargo-mutants-src-oyscnj.tmp/target/debug/deps --extern datum=/tmp/cargo-mutants-src-oyscnj.tmp/target/debug/deps/libdatum-03e730a59f80c1e6.rmeta --extern fmgr_seams=/tmp/cargo-mutants-src-oyscnj.tmp/target/debug/deps/libfmgr_seams-b7735fc4587ac3e2.rmeta --extern mbutils_seams=/tmp/cargo-mutants-src-oyscnj.tmp/target/debug/deps/libmbutils_seams-4db06d91ff66387e.rmeta --extern mcx=/tmp/cargo-mutants-src-oyscnj.tmp/target/debug/deps/libmcx-279b2aa6087b29c0.rmeta --extern namespace_seams=/tmp/cargo-mutants-src-oyscnj.tmp/target/debug/deps/libnamespace_seams-8f25e5986ab6bec9.rmeta --extern types_core=/tmp/cargo-mutants-src-oyscnj.tmp/target/debug/deps/libtypes_core-0d9118de0dbccbea.rmeta --extern types_error=/tmp/cargo-mutants-src-oyscnj.tmp/target/debug/deps/libtypes_error-c16bdb10ad7f34c8.rmeta --extern types_fmgr=/tmp/cargo-mutants-src-oyscnj.tmp/target/debug/deps/libtypes_fmgr-ff08b237599455ce.rmeta --extern wchar=/tmp/cargo-mutants-src-oyscnj.tmp/target/debug/deps/libwchar-da99c5603b4b462e.rmeta --extern xact_seams=/tmp/cargo-mutants-src-oyscnj.tmp/target/debug/deps/libxact_seams-061af81be05bb434.rmeta`
     Running `/usr/local/rustup/toolchains/1.96.0-aarch64-unknown-linux-gnu/bin/rustc --crate-name mbutils --edition=2021 crates/backend/utils/mb/mbutils/src/lib.rs --error-format=json --json=diagnostic-rendered-ansi,artifacts,future-incompat --emit=dep-info,link -C embed-bitcode=no -C debuginfo=line-tables-only -C split-debuginfo=unpacked --test --check-cfg 'cfg(docsrs,test)' --check-cfg 'cfg(feature, values())' -C metadata=af65520103c04c57 -C extra-filename=-b45b698b4fa5b919 --out-dir /tmp/cargo-mutants-src-oyscnj.tmp/target/debug/deps -L dependency=/tmp/cargo-mutants-src-oyscnj.tmp/target/debug/deps --extern datum=/tmp/cargo-mutants-src-oyscnj.tmp/target/debug/deps/libdatum-03e730a59f80c1e6.rlib --extern fmgr_seams=/tmp/cargo-mutants-src-oyscnj.tmp/target/debug/deps/libfmgr_seams-b7735fc4587ac3e2.rlib --extern mbutils_seams=/tmp/cargo-mutants-src-oyscnj.tmp/target/debug/deps/libmbutils_seams-4db06d91ff66387e.rlib --extern mcx=/tmp/cargo-mutants-src-oyscnj.tmp/target/debug/deps/libmcx-279b2aa6087b29c0.rlib --extern namespace_seams=/tmp/cargo-mutants-src-oyscnj.tmp/target/debug/deps/libnamespace_seams-8f25e5986ab6bec9.rlib --extern types_core=/tmp/cargo-mutants-src-oyscnj.tmp/target/debug/deps/libtypes_core-0d9118de0dbccbea.rlib --extern types_error=/tmp/cargo-mutants-src-oyscnj.tmp/target/debug/deps/libtypes_error-c16bdb10ad7f34c8.rlib --extern types_fmgr=/tmp/cargo-mutants-src-oyscnj.tmp/target/debug/deps/libtypes_fmgr-ff08b237599455ce.rlib --extern wchar=/tmp/cargo-mutants-src-oyscnj.tmp/target/debug/deps/libwchar-da99c5603b4b462e.rlib --extern xact_seams=/tmp/cargo-mutants-src-oyscnj.tmp/target/debug/deps/libxact_seams-061af81be05bb434.rlib`
error[E0599]: no associated function or constant named `new` found for struct `allocator_api2::stable::vec::Vec<_, Mcx<'_>>` in the current scope
   --> crates/backend/utils/mb/mbutils/src/lib.rs:441:32
    |
441 |     PgResult::from(Some(PgVec::new(1))) /* ~ changed by cargo-mutants ~ */
    |                                ^^^ associated function or constant not found in `allocator_api2::stable::vec::Vec<_, Mcx<'_>>`
    |
note: if you're trying to build a new `allocator_api2::stable::vec::Vec<_, Mcx<'_>>` consider using one of the following associated functions:
      allocator_api2::stable::vec::Vec::<T, A>::new_in
      allocator_api2::stable::vec::Vec::<T, A>::with_capacity_in
      allocator_api2::stable::vec::Vec::<T, A>::from_raw_parts_in
   --> /usr/local/cargo/registry/src/index.crates.io-1949cf8c6b5b557f/allocator-api2-0.2.21/src/stable/vec/mod.rs:554:5
    |
554 |     pub const fn new_in(alloc: A) -> Self {
    |     ^^^^^^^^^^^^^^^^^^^^^^^^^^^^^^^^^^^^^
...
616 |     pub fn with_capacity_in(capacity: usize, alloc: A) -> Self {
    |     ^^^^^^^^^^^^^^^^^^^^^^^^^^^^^^^^^^^^^^^^^^^^^^^^^^^^^^^^^^
...
727 |     pub unsafe fn from_raw_parts_in(ptr: *mut T, length: usize, capacity: usize, alloc: A) -> Self {
    |     ^^^^^^^^^^^^^^^^^^^^^^^^^^^^^^^^^^^^^^^^^^^^^^^^^^^^^^^^^^^^^^^^^^^^^^^^^^^^^^^^^^^^^^^^^^^^^^
    = note: the associated function or constant was found for `allocator_api2::stable::vec::Vec<T>`
help: there is a method `ne` with a similar name
    |
441 -     PgResult::from(Some(PgVec::new(1))) /* ~ changed by cargo-mutants ~ */
441 +     PgResult::from(Some(PgVec::ne(1))) /* ~ changed by cargo-mutants ~ */
    |

For more information about this error, try `rustc --explain E0599`.
error: could not compile `mbutils` (lib) due to 1 previous error

Caused by:
  process didn't exit successfully: `/usr/local/rustup/toolchains/1.96.0-aarch64-unknown-linux-gnu/bin/rustc --crate-name mbutils --edition=2021 crates/backend/utils/mb/mbutils/src/lib.rs --error-format=json --json=diagnostic-rendered-ansi,artifacts,future-incompat --crate-type lib --emit=dep-info,metadata,link -C embed-bitcode=no -C debuginfo=line-tables-only -C split-debuginfo=unpacked --check-cfg 'cfg(docsrs,test)' --check-cfg 'cfg(feature, values())' -C metadata=41be7aa174e9bf93 -C extra-filename=-26fe966b52a9688e --out-dir /tmp/cargo-mutants-src-oyscnj.tmp/target/debug/deps -L dependency=/tmp/cargo-mutants-src-oyscnj.tmp/target/debug/deps --extern datum=/tmp/cargo-mutants-src-oyscnj.tmp/target/debug/deps/libdatum-03e730a59f80c1e6.rmeta --extern fmgr_seams=/tmp/cargo-mutants-src-oyscnj.tmp/target/debug/deps/libfmgr_seams-b7735fc4587ac3e2.rmeta --extern mbutils_seams=/tmp/cargo-mutants-src-oyscnj.tmp/target/debug/deps/libmbutils_seams-4db06d91ff66387e.rmeta --extern mcx=/tmp/cargo-mutants-src-oyscnj.tmp/target/debug/deps/libmcx-279b2aa6087b29c0.rmeta --extern namespace_seams=/tmp/cargo-mutants-src-oyscnj.tmp/target/debug/deps/libnamespace_seams-8f25e5986ab6bec9.rmeta --extern types_core=/tmp/cargo-mutants-src-oyscnj.tmp/target/debug/deps/libtypes_core-0d9118de0dbccbea.rmeta --extern types_error=/tmp/cargo-mutants-src-oyscnj.tmp/target/debug/deps/libtypes_error-c16bdb10ad7f34c8.rmeta --extern types_fmgr=/tmp/cargo-mutants-src-oyscnj.tmp/target/debug/deps/libtypes_fmgr-ff08b237599455ce.rmeta --extern wchar=/tmp/cargo-mutants-src-oyscnj.tmp/target/debug/deps/libwchar-da99c5603b4b462e.rmeta --extern xact_seams=/tmp/cargo-mutants-src-oyscnj.tmp/target/debug/deps/libxact_seams-061af81be05bb434.rmeta` (exit status: 1)
warning: build failed, waiting for other jobs to finish...
error: could not compile `mbutils` (lib test) due to 1 previous error

Caused by:
  process didn't exit successfully: `/usr/local/rustup/toolchains/1.96.0-aarch64-unknown-linux-gnu/bin/rustc --crate-name mbutils --edition=2021 crates/backend/utils/mb/mbutils/src/lib.rs --error-format=json --json=diagnostic-rendered-ansi,artifacts,future-incompat --emit=dep-info,link -C embed-bitcode=no -C debuginfo=line-tables-only -C split-debuginfo=unpacked --test --check-cfg 'cfg(docsrs,test)' --check-cfg 'cfg(feature, values())' -C metadata=af65520103c04c57 -C extra-filename=-b45b698b4fa5b919 --out-dir /tmp/cargo-mutants-src-oyscnj.tmp/target/debug/deps -L dependency=/tmp/cargo-mutants-src-oyscnj.tmp/target/debug/deps --extern datum=/tmp/cargo-mutants-src-oyscnj.tmp/target/debug/deps/libdatum-03e730a59f80c1e6.rlib --extern fmgr_seams=/tmp/cargo-mutants-src-oyscnj.tmp/target/debug/deps/libfmgr_seams-b7735fc4587ac3e2.rlib --extern mbutils_seams=/tmp/cargo-mutants-src-oyscnj.tmp/target/debug/deps/libmbutils_seams-4db06d91ff66387e.rlib --extern mcx=/tmp/cargo-mutants-src-oyscnj.tmp/target/debug/deps/libmcx-279b2aa6087b29c0.rlib --extern namespace_seams=/tmp/cargo-mutants-src-oyscnj.tmp/target/debug/deps/libnamespace_seams-8f25e5986ab6bec9.rlib --extern types_core=/tmp/cargo-mutants-src-oyscnj.tmp/target/debug/deps/libtypes_core-0d9118de0dbccbea.rlib --extern types_error=/tmp/cargo-mutants-src-oyscnj.tmp/target/debug/deps/libtypes_error-c16bdb10ad7f34c8.rlib --extern types_fmgr=/tmp/cargo-mutants-src-oyscnj.tmp/target/debug/deps/libtypes_fmgr-ff08b237599455ce.rlib --extern wchar=/tmp/cargo-mutants-src-oyscnj.tmp/target/debug/deps/libwchar-da99c5603b4b462e.rlib --extern xact_seams=/tmp/cargo-mutants-src-oyscnj.tmp/target/debug/deps/libxact_seams-061af81be05bb434.rlib` (exit status: 1)

*** result: Failure(101)
