
*** crates/backend/utils/mb/mbutils/src/lib.rs:598:5: replace perform_default_encoding_conversion -> PgResult<Option<PgVec<'mcx, u8>>> with PgResult::from(Some(PgVec::from(1)))

*** mutation diff:
--- crates/backend/utils/mb/mbutils/src/lib.rs
+++ replace perform_default_encoding_conversion -> PgResult<Option<PgVec<'mcx, u8>>> with PgResult::from(Some(PgVec::from(1)))
@@ -590,41 +590,17 @@
 
 /// Uses the SetClientEncoding-cached proc, so it is safe outside transactions;
 /// with no conversion set up it performs none.
 fn perform_default_encoding_conversion<'mcx>(
     mcx: Mcx<'mcx>,
     src: &[u8],
     is_client_to_server: bool,
 ) -> PgResult<Option<PgVec<'mcx, u8>>> {
-    let (src_encoding, dest_encoding, proc) = if is_client_to_server {
-        (
-            client_encoding(),
-            database_encoding(),
-            TO_SERVER_CONV_PROC.with(|p| p.get()),
-        )
-    } else {
-        (
-            database_encoding(),
-            client_encoding(),
-            TO_CLIENT_CONV_PROC.with(|p| p.get()),
-        )
-    };
-    let Some(proc) = proc else {
-        return Ok(None);
-    };
-
-    if src.len() >= MAX_ALLOC_HUGE_SIZE / MAX_CONVERSION_GROWTH {
-        return Err(too_long_error(src.len()));
-    }
-    let (_, result) = convert_with_proc(mcx, proc, src_encoding, dest_encoding, src, false)?;
-    if src.len() > 1_000_000 && result.len() >= MAX_ALLOC_SIZE {
-        return Err(too_long_error(src.len()));
-    }
-    Ok(Some(result))
+    PgResult::from(Some(PgVec::from(1))) /* ~ changed by cargo-mutants ~ */
 }
 
 /// Convert one Unicode code point to the server encoding (no trailing NUL).
 /// Relies on the InitializeClientEncoding-cached UTF8-to-server proc, so it is
 /// safe outside transactions (the parser calls it in aborted transactions).
 pub fn pg_unicode_to_server<'mcx>(mcx: Mcx<'mcx>, c: pg_wchar) -> PgResult<PgVec<'mcx, u8>> {
     if !is_valid_unicode_codepoint(c) {
         return Err(invalid_codepoint_error());


*** /usr/local/rustup/toolchains/1.96.0-aarch64-unknown-linux-gnu/bin/cargo test --no-run --verbose --package=mbutils@0.1.0
    Blocking waiting for file lock on package cache
    Blocking waiting for file lock on package cache
    Blocking waiting for file lock on package cache
    Blocking waiting for file lock on shared package cache
       Fresh version_check v0.9.5
       Fresh zerocopy v0.8.53
       Fresh cfg-if v1.0.4
       Fresh once_cell v1.21.4
       Fresh ahash v0.8.12
       Fresh types_error v0.0.0 (/tmp/cargo-mutants-src-oyscnj.tmp/crates/_support/types/types_error)
       Fresh allocator-api2 v0.2.21
       Fresh rustc-hash v2.1.3
       Fresh hashbrown v0.14.5
       Fresh types_core v0.0.0 (/tmp/cargo-mutants-src-oyscnj.tmp/crates/_support/types/types_core)
       Fresh mcx v0.0.0 (/tmp/cargo-mutants-src-oyscnj.tmp/crates/_support/mcx)
warning: variant `Malloc` is never constructed
  --> crates/_support/mcx/src/lib.rs:64:5
   |
61 | enum Backend {
   |      ------- variant in this enum
...
64 |     Malloc,
   |     ^^^^^^
   |
   = note: `#[warn(dead_code)]` (part of `#[warn(unused)]`) on by default

warning: function `chunk_size` is never used
   --> crates/_support/mcx/src/aset.rs:284:4
    |
284 | fn chunk_size(idx: usize) -> usize {
    |    ^^^^^^^^^^

warning: method `mem_allocated` is never used
   --> crates/_support/mcx/src/aset.rs:340:19
    |
306 | impl AllocSet {
    | ------------- method in this implementation
...
340 |     pub(crate) fn mem_allocated(&self) -> usize {
    |                   ^^^^^^^^^^^^^

       Fresh seam_core v0.1.0 (/tmp/cargo-mutants-src-oyscnj.tmp/crates/_support/seam_core)
warning: `mcx` (lib) generated 3 warnings
       Fresh datum v0.0.0 (/tmp/cargo-mutants-src-oyscnj.tmp/crates/_support/types/datum)
       Fresh types_tuple v0.1.0 (/tmp/cargo-mutants-src-oyscnj.tmp/crates/_support/types/types_tuple)
       Fresh libc v0.2.186
       Fresh detoast_seams v0.1.0 (/tmp/cargo-mutants-src-oyscnj.tmp/crates/backend/access/common/detoast_seams)
       Fresh stringinfo v0.1.0 (/tmp/cargo-mutants-src-oyscnj.tmp/crates/_support/types/stringinfo)
       Fresh pg_strong_random v0.1.0 (/tmp/cargo-mutants-src-oyscnj.tmp/crates/port/pg_strong_random)
       Fresh types_fmgr v0.1.0 (/tmp/cargo-mutants-src-oyscnj.tmp/crates/_support/types/fmgr)
       Fresh pg_clock v0.1.0 (/tmp/cargo-mutants-src-oyscnj.tmp/crates/port/pg_clock)
       Fresh pgsync v0.1.0 (/tmp/cargo-mutants-src-oyscnj.tmp/crates/_support/pgsync)
       Fresh types_scan v0.1.0 (/tmp/cargo-mutants-src-oyscnj.tmp/crates/_support/types/types_scan)
       Fresh types_storage v0.1.0 (/tmp/cargo-mutants-src-oyscnj.tmp/crates/_support/types/types_storage)
       Fresh types_bloom v0.1.0 (/tmp/cargo-mutants-src-oyscnj.tmp/crates/_support/types/types_bloom)
       Fresh types_gist v0.1.0 (/tmp/cargo-mutants-src-oyscnj.tmp/crates/_support/types/gist)
       Fresh types_nbtree v0.1.0 (/tmp/cargo-mutants-src-oyscnj.tmp/crates/_support/types/types_nbtree)
       Fresh types_spgist v0.1.0 (/tmp/cargo-mutants-src-oyscnj.tmp/crates/_support/types/types_spgist)
warning: type `spgChooseIn` should have an upper camel case name
  --> crates/_support/types/types_spgist/src/state.rs:92:12
   |
92 | pub struct spgChooseIn {
   |            ^^^^^^^^^^^ help: convert the identifier to upper camel case (notice the capitalization): `SpgChooseIn`
   |
   = note: `#[warn(non_camel_case_types)]` (part of `#[warn(nonstandard_style)]`) on by default

warning: type `spgChooseOut` should have an upper camel case name
   --> crates/_support/types/types_spgist/src/state.rs:104:10
    |
104 | pub enum spgChooseOut {
    |          ^^^^^^^^^^^^ help: convert the identifier to upper camel case (notice the capitalization): `SpgChooseOut`

warning: type `spgPickSplitIn` should have an upper camel case name
   --> crates/_support/types/types_spgist/src/state.rs:127:12
    |
127 | pub struct spgPickSplitIn {
    |            ^^^^^^^^^^^^^^ help: convert the identifier to upper camel case (notice the capitalization): `SpgPickSplitIn`

warning: type `spgPickSplitOut` should have an upper camel case name
   --> crates/_support/types/types_spgist/src/state.rs:134:12
    |
134 | pub struct spgPickSplitOut {
    |            ^^^^^^^^^^^^^^^ help: convert the identifier to upper camel case (notice the capitalization): `SpgPickSplitOut`

warning: type `spgInnerConsistentIn` should have an upper camel case name
   --> crates/_support/types/types_spgist/src/state.rs:157:12
    |
157 | pub struct spgInnerConsistentIn<'a> {
    |            ^^^^^^^^^^^^^^^^^^^^ help: convert the identifier to upper camel case (notice the capitalization): `SpgInnerConsistentIn`

warning: type `spgInnerConsistentOut` should have an upper camel case name
   --> crates/_support/types/types_spgist/src/state.rs:175:12
    |
175 | pub struct spgInnerConsistentOut {
    |            ^^^^^^^^^^^^^^^^^^^^^ help: convert the identifier to upper camel case (notice the capitalization): `SpgInnerConsistentOut`

warning: type `spgLeafConsistentIn` should have an upper camel case name
   --> crates/_support/types/types_spgist/src/state.rs:199:12
    |
199 | pub struct spgLeafConsistentIn {
    |            ^^^^^^^^^^^^^^^^^^^ help: convert the identifier to upper camel case (notice the capitalization): `SpgLeafConsistentIn`

warning: type `spgLeafConsistentOut` should have an upper camel case name
   --> crates/_support/types/types_spgist/src/state.rs:212:12
    |
212 | pub struct spgLeafConsistentOut {
    |            ^^^^^^^^^^^^^^^^^^^^ help: convert the identifier to upper camel case (notice the capitalization): `SpgLeafConsistentOut`

warning: type `spgxlogState` should have an upper camel case name
  --> crates/_support/types/types_spgist/src/xlog.rs:15:12
   |
15 | pub struct spgxlogState {
   |            ^^^^^^^^^^^^ help: convert the identifier to upper camel case (notice the capitalization): `SpgxlogState`

warning: type `spgxlogAddLeaf` should have an upper camel case name
  --> crates/_support/types/types_spgist/src/xlog.rs:40:12
   |
40 | pub struct spgxlogAddLeaf {
   |            ^^^^^^^^^^^^^^ help: convert the identifier to upper camel case (notice the capitalization): `SpgxlogAddLeaf`

warning: type `spgxlogMoveLeafs` should have an upper camel case name
  --> crates/_support/types/types_spgist/src/xlog.rs:76:12
   |
76 | pub struct spgxlogMoveLeafs {
   |            ^^^^^^^^^^^^^^^^ help: convert the identifier to upper camel case (notice the capitalization): `SpgxlogMoveLeafs`

warning: type `spgxlogAddNode` should have an upper camel case name
   --> crates/_support/types/types_spgist/src/xlog.rs:115:12
    |
115 | pub struct spgxlogAddNode {
    |            ^^^^^^^^^^^^^^ help: convert the identifier to upper camel case (notice the capitalization): `SpgxlogAddNode`

warning: type `spgxlogSplitTuple` should have an upper camel case name
   --> crates/_support/types/types_spgist/src/xlog.rs:154:12
    |
154 | pub struct spgxlogSplitTuple {
    |            ^^^^^^^^^^^^^^^^^ help: convert the identifier to upper camel case (notice the capitalization): `SpgxlogSplitTuple`

warning: type `spgxlogPickSplit` should have an upper camel case name
   --> crates/_support/types/types_spgist/src/xlog.rs:184:12
    |
184 | pub struct spgxlogPickSplit {
    |            ^^^^^^^^^^^^^^^^ help: convert the identifier to upper camel case (notice the capitalization): `SpgxlogPickSplit`

warning: type `spgxlogVacuumLeaf` should have an upper camel case name
   --> crates/_support/types/types_spgist/src/xlog.rs:238:12
    |
238 | pub struct spgxlogVacuumLeaf {
    |            ^^^^^^^^^^^^^^^^^ help: convert the identifier to upper camel case (notice the capitalization): `SpgxlogVacuumLeaf`

warning: type `spgxlogVacuumRoot` should have an upper camel case name
   --> crates/_support/types/types_spgist/src/xlog.rs:271:12
    |
271 | pub struct spgxlogVacuumRoot {
    |            ^^^^^^^^^^^^^^^^^ help: convert the identifier to upper camel case (notice the capitalization): `SpgxlogVacuumRoot`

warning: type `spgxlogVacuumRedirect` should have an upper camel case name
   --> crates/_support/types/types_spgist/src/xlog.rs:295:12
    |
295 | pub struct spgxlogVacuumRedirect {
    |            ^^^^^^^^^^^^^^^^^^^^^ help: convert the identifier to upper camel case (notice the capitalization): `SpgxlogVacuumRedirect`

warning: type `spgConfigIn` should have an upper camel case name
   --> crates/_support/types/types_spgist/src/lib.rs:237:12
    |
237 | pub struct spgConfigIn {
    |            ^^^^^^^^^^^ help: convert the identifier to upper camel case (notice the capitalization): `SpgConfigIn`

warning: type `spgConfigOut` should have an upper camel case name
   --> crates/_support/types/types_spgist/src/lib.rs:242:12
    |
242 | pub struct spgConfigOut {
    |            ^^^^^^^^^^^^ help: convert the identifier to upper camel case (notice the capitalization): `SpgConfigOut`

       Fresh types_hash v0.1.0 (/tmp/cargo-mutants-src-oyscnj.tmp/crates/_support/types/hash)
warning: `types_spgist` (lib) generated 19 warnings
       Fresh types_trigger v0.1.0 (/tmp/cargo-mutants-src-oyscnj.tmp/crates/_support/types/types_trigger)
       Fresh rel_vocab v0.1.0 (/tmp/cargo-mutants-src-oyscnj.tmp/crates/_support/types/rel_vocab)
       Fresh types_rel v0.1.0 (/tmp/cargo-mutants-src-oyscnj.tmp/crates/_support/types/rel)
       Fresh fmgr_seams v0.1.0 (/tmp/cargo-mutants-src-oyscnj.tmp/crates/backend/utils/fmgr/fmgr_seams)
       Fresh namespace_seams v0.0.0 (/tmp/cargo-mutants-src-oyscnj.tmp/crates/backend/catalog/namespace_seams)
       Fresh xact_seams v0.0.0 (/tmp/cargo-mutants-src-oyscnj.tmp/crates/backend/access/transam/xact_seams)
       Fresh mbutils_seams v0.1.0 (/tmp/cargo-mutants-src-oyscnj.tmp/crates/backend/utils/mb/mbutils_seams)
       Fresh wchar v0.1.0 (/tmp/cargo-mutants-src-oyscnj.tmp/crates/common/wchar)
       Dirty mbutils v0.1.0 (/tmp/cargo-mutants-src-oyscnj.tmp/crates/backend/utils/mb/mbutils): couldn't read metadata for file `target/debug/deps/libmbutils-26fe966b52a9688e.rlib`
   Compiling mbutils v0.1.0 (/tmp/cargo-mutants-src-oyscnj.tmp/crates/backend/utils/mb/mbutils)
     Running `/usr/local/rustup/toolchains/1.96.0-aarch64-unknown-linux-gnu/bin/rustc --crate-name mbutils --edition=2021 crates/backend/utils/mb/mbutils/src/lib.rs --error-format=json --json=diagnostic-rendered-ansi,artifacts,future-incompat --crate-type lib --emit=dep-info,metadata,link -C embed-bitcode=no -C debuginfo=line-tables-only -C split-debuginfo=unpacked --check-cfg 'cfg(docsrs,test)' --check-cfg 'cfg(feature, values())' -C metadata=41be7aa174e9bf93 -C extra-filename=-26fe966b52a9688e --out-dir /tmp/cargo-mutants-src-oyscnj.tmp/target/debug/deps -L dependency=/tmp/cargo-mutants-src-oyscnj.tmp/target/debug/deps --extern datum=/tmp/cargo-mutants-src-oyscnj.tmp/target/debug/deps/libdatum-03e730a59f80c1e6.rmeta --extern fmgr_seams=/tmp/cargo-mutants-src-oyscnj.tmp/target/debug/deps/libfmgr_seams-b7735fc4587ac3e2.rmeta --extern mbutils_seams=/tmp/cargo-mutants-src-oyscnj.tmp/target/debug/deps/libmbutils_seams-4db06d91ff66387e.rmeta --extern mcx=/tmp/cargo-mutants-src-oyscnj.tmp/target/debug/deps/libmcx-279b2aa6087b29c0.rmeta --extern namespace_seams=/tmp/cargo-mutants-src-oyscnj.tmp/target/debug/deps/libnamespace_seams-8f25e5986ab6bec9.rmeta --extern types_core=/tmp/cargo-mutants-src-oyscnj.tmp/target/debug/deps/libtypes_core-0d9118de0dbccbea.rmeta --extern types_error=/tmp/cargo-mutants-src-oyscnj.tmp/target/debug/deps/libtypes_error-c16bdb10ad7f34c8.rmeta --extern types_fmgr=/tmp/cargo-mutants-src-oyscnj.tmp/target/debug/deps/libtypes_fmgr-ff08b237599455ce.rmeta --extern wchar=/tmp/cargo-mutants-src-oyscnj.tmp/target/debug/deps/libwchar-da99c5603b4b462e.rmeta --extern xact_seams=/tmp/cargo-mutants-src-oyscnj.tmp/target/debug/deps/libxact_seams-061af81be05bb434.rmeta`
     Running `/usr/local/rustup/toolchains/1.96.0-aarch64-unknown-linux-gnu/bin/rustc --crate-name mbutils --edition=2021 crates/backend/utils/mb/mbutils/src/lib.rs --error-format=json --json=diagnostic-rendered-ansi,artifacts,future-incompat --emit=dep-info,link -C embed-bitcode=no -C debuginfo=line-tables-only -C split-debuginfo=unpacked --test --check-cfg 'cfg(docsrs,test)' --check-cfg 'cfg(feature, values())' -C metadata=af65520103c04c57 -C extra-filename=-b45b698b4fa5b919 --out-dir /tmp/cargo-mutants-src-oyscnj.tmp/target/debug/deps -L dependency=/tmp/cargo-mutants-src-oyscnj.tmp/target/debug/deps --extern datum=/tmp/cargo-mutants-src-oyscnj.tmp/target/debug/deps/libdatum-03e730a59f80c1e6.rlib --extern fmgr_seams=/tmp/cargo-mutants-src-oyscnj.tmp/target/debug/deps/libfmgr_seams-b7735fc4587ac3e2.rlib --extern mbutils_seams=/tmp/cargo-mutants-src-oyscnj.tmp/target/debug/deps/libmbutils_seams-4db06d91ff66387e.rlib --extern mcx=/tmp/cargo-mutants-src-oyscnj.tmp/target/debug/deps/libmcx-279b2aa6087b29c0.rlib --extern namespace_seams=/tmp/cargo-mutants-src-oyscnj.tmp/target/debug/deps/libnamespace_seams-8f25e5986ab6bec9.rlib --extern types_core=/tmp/cargo-mutants-src-oyscnj.tmp/target/debug/deps/libtypes_core-0d9118de0dbccbea.rlib --extern types_error=/tmp/cargo-mutants-src-oyscnj.tmp/target/debug/deps/libtypes_error-c16bdb10ad7f34c8.rlib --extern types_fmgr=/tmp/cargo-mutants-src-oyscnj.tmp/target/debug/deps/libtypes_fmgr-ff08b237599455ce.rlib --extern wchar=/tmp/cargo-mutants-src-oyscnj.tmp/target/debug/deps/libwchar-da99c5603b4b462e.rlib --extern xact_seams=/tmp/cargo-mutants-src-oyscnj.tmp/target/debug/deps/libxact_seams-061af81be05bb434.rlib`
error[E0277]: the trait bound `allocator_api2::stable::vec::Vec<_, Mcx<'_>>: From<{integer}>` is not satisfied
   --> crates/backend/utils/mb/mbutils/src/lib.rs:598:25
    |
598 |     PgResult::from(Some(PgVec::from(1))) /* ~ changed by cargo-mutants ~ */
    |                         ^^^^^ the trait `From<{integer}>` is not implemented for `allocator_api2::stable::vec::Vec<_, Mcx<'_>>`
    |
    = help: the following other types implement trait `From<T>`:
              `allocator_api2::stable::vec::Vec<T, A>` implements `From<allocator_api2::stable::boxed::Box<[T; N], A>>`
              `allocator_api2::stable::vec::Vec<T, A>` implements `From<allocator_api2::stable::boxed::Box<[T], A>>`
              `allocator_api2::stable::vec::Vec<T>` implements `From<&[T]>`
              `allocator_api2::stable::vec::Vec<T>` implements `From<&mut [T]>`
              `allocator_api2::stable::vec::Vec<T>` implements `From<[T; N]>`
              `allocator_api2::stable::vec::Vec<u8>` implements `From<&str>`

error[E0308]: mismatched types
   --> crates/backend/utils/mb/mbutils/src/lib.rs:598:20
    |
597 | ) -> PgResult<Option<PgVec<'mcx, u8>>> {
    |      --------------------------------- this return type influences the call expression's return type
598 |     PgResult::from(Some(PgVec::from(1))) /* ~ changed by cargo-mutants ~ */
    |     -------------- ^^^^^^^^^^^^^^^^^^^^ expected `Result<Option<Vec<u8, Mcx<'_>>>, ...>`, found `Option<Vec<_, Mcx<'_>>>`
    |     |
    |     arguments to this function are incorrect
    |
    = note: expected enum `Result<Option<allocator_api2::stable::vec::Vec<u8, Mcx<'_>>>, Box<PgError>>`
               found enum `Option<allocator_api2::stable::vec::Vec<_, Mcx<'_>>>`
note: associated function defined here
   --> /rustc/ac68faa20c58cbccd01ee7208bf3b6e93a7d7f96/library/core/src/convert/mod.rs:592:7
help: try wrapping the expression in `Ok`
    |
598 |     PgResult::from(Ok(Some(PgVec::from(1)))) /* ~ changed by cargo-mutants ~ */
    |                    +++                    +

Some errors have detailed explanations: E0277, E0308.
For more information about an error, try `rustc --explain E0277`.
error: could not compile `mbutils` (lib) due to 2 previous errors

Caused by:
  process didn't exit successfully: `/usr/local/rustup/toolchains/1.96.0-aarch64-unknown-linux-gnu/bin/rustc --crate-name mbutils --edition=2021 crates/backend/utils/mb/mbutils/src/lib.rs --error-format=json --json=diagnostic-rendered-ansi,artifacts,future-incompat --crate-type lib --emit=dep-info,metadata,link -C embed-bitcode=no -C debuginfo=line-tables-only -C split-debuginfo=unpacked --check-cfg 'cfg(docsrs,test)' --check-cfg 'cfg(feature, values())' -C metadata=41be7aa174e9bf93 -C extra-filename=-26fe966b52a9688e --out-dir /tmp/cargo-mutants-src-oyscnj.tmp/target/debug/deps -L dependency=/tmp/cargo-mutants-src-oyscnj.tmp/target/debug/deps --extern datum=/tmp/cargo-mutants-src-oyscnj.tmp/target/debug/deps/libdatum-03e730a59f80c1e6.rmeta --extern fmgr_seams=/tmp/cargo-mutants-src-oyscnj.tmp/target/debug/deps/libfmgr_seams-b7735fc4587ac3e2.rmeta --extern mbutils_seams=/tmp/cargo-mutants-src-oyscnj.tmp/target/debug/deps/libmbutils_seams-4db06d91ff66387e.rmeta --extern mcx=/tmp/cargo-mutants-src-oyscnj.tmp/target/debug/deps/libmcx-279b2aa6087b29c0.rmeta --extern namespace_seams=/tmp/cargo-mutants-src-oyscnj.tmp/target/debug/deps/libnamespace_seams-8f25e5986ab6bec9.rmeta --extern types_core=/tmp/cargo-mutants-src-oyscnj.tmp/target/debug/deps/libtypes_core-0d9118de0dbccbea.rmeta --extern types_error=/tmp/cargo-mutants-src-oyscnj.tmp/target/debug/deps/libtypes_error-c16bdb10ad7f34c8.rmeta --extern types_fmgr=/tmp/cargo-mutants-src-oyscnj.tmp/target/debug/deps/libtypes_fmgr-ff08b237599455ce.rmeta --extern wchar=/tmp/cargo-mutants-src-oyscnj.tmp/target/debug/deps/libwchar-da99c5603b4b462e.rmeta --extern xact_seams=/tmp/cargo-mutants-src-oyscnj.tmp/target/debug/deps/libxact_seams-061af81be05bb434.rmeta` (exit status: 1)
warning: build failed, waiting for other jobs to finish...
error: could not compile `mbutils` (lib test) due to 2 previous errors

Caused by:
  process didn't exit successfully: `/usr/local/rustup/toolchains/1.96.0-aarch64-unknown-linux-gnu/bin/rustc --crate-name mbutils --edition=2021 crates/backend/utils/mb/mbutils/src/lib.rs --error-format=json --json=diagnostic-rendered-ansi,artifacts,future-incompat --emit=dep-info,link -C embed-bitcode=no -C debuginfo=line-tables-only -C split-debuginfo=unpacked --test --check-cfg 'cfg(docsrs,test)' --check-cfg 'cfg(feature, values())' -C metadata=af65520103c04c57 -C extra-filename=-b45b698b4fa5b919 --out-dir /tmp/cargo-mutants-src-oyscnj.tmp/target/debug/deps -L dependency=/tmp/cargo-mutants-src-oyscnj.tmp/target/debug/deps --extern datum=/tmp/cargo-mutants-src-oyscnj.tmp/target/debug/deps/libdatum-03e730a59f80c1e6.rlib --extern fmgr_seams=/tmp/cargo-mutants-src-oyscnj.tmp/target/debug/deps/libfmgr_seams-b7735fc4587ac3e2.rlib --extern mbutils_seams=/tmp/cargo-mutants-src-oyscnj.tmp/target/debug/deps/libmbutils_seams-4db06d91ff66387e.rlib --extern mcx=/tmp/cargo-mutants-src-oyscnj.tmp/target/debug/deps/libmcx-279b2aa6087b29c0.rlib --extern namespace_seams=/tmp/cargo-mutants-src-oyscnj.tmp/target/debug/deps/libnamespace_seams-8f25e5986ab6bec9.rlib --extern types_core=/tmp/cargo-mutants-src-oyscnj.tmp/target/debug/deps/libtypes_core-0d9118de0dbccbea.rlib --extern types_error=/tmp/cargo-mutants-src-oyscnj.tmp/target/debug/deps/libtypes_error-c16bdb10ad7f34c8.rlib --extern types_fmgr=/tmp/cargo-mutants-src-oyscnj.tmp/target/debug/deps/libtypes_fmgr-ff08b237599455ce.rlib --extern wchar=/tmp/cargo-mutants-src-oyscnj.tmp/target/debug/deps/libwchar-da99c5603b4b462e.rlib --extern xact_seams=/tmp/cargo-mutants-src-oyscnj.tmp/target/debug/deps/libxact_seams-061af81be05bb434.rlib` (exit status: 1)

*** result: Failure(101)
