
*** crates/backend/utils/mb/mbutils/src/lib.rs:963:30: replace - with + in pg_generic_charinc

*** mutation diff:
--- crates/backend/utils/mb/mbutils/src/lib.rs
+++ replace - with + in pg_generic_charinc
@@ -955,17 +955,17 @@
         PG_EUC_JP => pg_eucjp_increment,
         _ => pg_generic_charinc,
     }
 }
 
 pub fn pg_generic_charinc(charptr: &mut [u8]) -> bool {
     let encoding = database_encoding();
     let len = charptr.len() as i32;
-    let last = charptr.len() - 1;
+    let last = charptr.len() + /* ~ changed by cargo-mutants ~ */ 1;
     while charptr[last] < 255 {
         charptr[last] += 1;
         if pg_encoding_verifymbchar(encoding, charptr) == len {
             return true;
         }
     }
     false
 }


*** /usr/local/rustup/toolchains/1.96.0-aarch64-unknown-linux-gnu/bin/cargo test --no-run --verbose --package=mbutils@0.1.0
       Fresh version_check v0.9.5
       Fresh cfg-if v1.0.4
       Fresh once_cell v1.21.4
       Fresh types_error v0.0.0 (/tmp/cargo-mutants-src-n60n21.tmp/crates/_support/types/types_error)
       Fresh allocator-api2 v0.2.21
       Fresh rustc-hash v2.1.3
       Fresh types_core v0.0.0 (/tmp/cargo-mutants-src-n60n21.tmp/crates/_support/types/types_core)
       Fresh seam_core v0.1.0 (/tmp/cargo-mutants-src-n60n21.tmp/crates/_support/seam_core)
       Fresh rel_vocab v0.1.0 (/tmp/cargo-mutants-src-n60n21.tmp/crates/_support/types/rel_vocab)
       Fresh wchar v0.1.0 (/tmp/cargo-mutants-src-n60n21.tmp/crates/common/wchar)
       Fresh zerocopy v0.8.53
       Fresh xact_seams v0.0.0 (/tmp/cargo-mutants-src-n60n21.tmp/crates/backend/access/transam/xact_seams)
       Fresh libc v0.2.186
       Fresh ahash v0.8.12
       Fresh pg_clock v0.1.0 (/tmp/cargo-mutants-src-n60n21.tmp/crates/port/pg_clock)
       Fresh pg_strong_random v0.1.0 (/tmp/cargo-mutants-src-n60n21.tmp/crates/port/pg_strong_random)
       Fresh hashbrown v0.14.5
       Fresh pgsync v0.1.0 (/tmp/cargo-mutants-src-n60n21.tmp/crates/_support/pgsync)
       Fresh mcx v0.0.0 (/tmp/cargo-mutants-src-n60n21.tmp/crates/_support/mcx)
warning: variant `Malloc` is never constructed
  --> crates/_support/mcx/src/lib.rs:64:5
   |
61 | enum Backend {
   |      ------- variant in this enum
...
64 |     Malloc,
   |     ^^^^^^
   |
   = note: `#[warn(dead_code)]` (part of `#[warn(unused)]`) on by default

warning: function `chunk_size` is never used
   --> crates/_support/mcx/src/aset.rs:284:4
    |
284 | fn chunk_size(idx: usize) -> usize {
    |    ^^^^^^^^^^

warning: method `mem_allocated` is never used
   --> crates/_support/mcx/src/aset.rs:340:19
    |
306 | impl AllocSet {
    | ------------- method in this implementation
...
340 |     pub(crate) fn mem_allocated(&self) -> usize {
    |                   ^^^^^^^^^^^^^

warning: `mcx` (lib) generated 3 warnings
       Fresh datum v0.0.0 (/tmp/cargo-mutants-src-n60n21.tmp/crates/_support/types/datum)
       Fresh stringinfo v0.1.0 (/tmp/cargo-mutants-src-n60n21.tmp/crates/_support/types/stringinfo)
       Fresh types_storage v0.1.0 (/tmp/cargo-mutants-src-n60n21.tmp/crates/_support/types/types_storage)
       Fresh types_trigger v0.1.0 (/tmp/cargo-mutants-src-n60n21.tmp/crates/_support/types/types_trigger)
       Fresh mbutils_seams v0.1.0 (/tmp/cargo-mutants-src-n60n21.tmp/crates/backend/utils/mb/mbutils_seams)
       Fresh types_tuple v0.1.0 (/tmp/cargo-mutants-src-n60n21.tmp/crates/_support/types/types_tuple)
       Fresh detoast_seams v0.1.0 (/tmp/cargo-mutants-src-n60n21.tmp/crates/backend/access/common/detoast_seams)
       Fresh types_hash v0.1.0 (/tmp/cargo-mutants-src-n60n21.tmp/crates/_support/types/hash)
       Fresh types_fmgr v0.1.0 (/tmp/cargo-mutants-src-n60n21.tmp/crates/_support/types/fmgr)
       Fresh types_scan v0.1.0 (/tmp/cargo-mutants-src-n60n21.tmp/crates/_support/types/types_scan)
       Fresh types_gist v0.1.0 (/tmp/cargo-mutants-src-n60n21.tmp/crates/_support/types/gist)
       Fresh types_bloom v0.1.0 (/tmp/cargo-mutants-src-n60n21.tmp/crates/_support/types/types_bloom)
       Fresh fmgr_seams v0.1.0 (/tmp/cargo-mutants-src-n60n21.tmp/crates/backend/utils/fmgr/fmgr_seams)
       Fresh types_spgist v0.1.0 (/tmp/cargo-mutants-src-n60n21.tmp/crates/_support/types/types_spgist)
warning: type `spgChooseIn` should have an upper camel case name
  --> crates/_support/types/types_spgist/src/state.rs:92:12
   |
92 | pub struct spgChooseIn {
   |            ^^^^^^^^^^^ help: convert the identifier to upper camel case (notice the capitalization): `SpgChooseIn`
   |
   = note: `#[warn(non_camel_case_types)]` (part of `#[warn(nonstandard_style)]`) on by default

warning: type `spgChooseOut` should have an upper camel case name
   --> crates/_support/types/types_spgist/src/state.rs:104:10
    |
104 | pub enum spgChooseOut {
    |          ^^^^^^^^^^^^ help: convert the identifier to upper camel case (notice the capitalization): `SpgChooseOut`

warning: type `spgPickSplitIn` should have an upper camel case name
   --> crates/_support/types/types_spgist/src/state.rs:127:12
    |
127 | pub struct spgPickSplitIn {
    |            ^^^^^^^^^^^^^^ help: convert the identifier to upper camel case (notice the capitalization): `SpgPickSplitIn`

warning: type `spgPickSplitOut` should have an upper camel case name
   --> crates/_support/types/types_spgist/src/state.rs:134:12
    |
134 | pub struct spgPickSplitOut {
    |            ^^^^^^^^^^^^^^^ help: convert the identifier to upper camel case (notice the capitalization): `SpgPickSplitOut`

warning: type `spgInnerConsistentIn` should have an upper camel case name
   --> crates/_support/types/types_spgist/src/state.rs:157:12
    |
157 | pub struct spgInnerConsistentIn<'a> {
    |            ^^^^^^^^^^^^^^^^^^^^ help: convert the identifier to upper camel case (notice the capitalization): `SpgInnerConsistentIn`

warning: type `spgInnerConsistentOut` should have an upper camel case name
   --> crates/_support/types/types_spgist/src/state.rs:175:12
    |
175 | pub struct spgInnerConsistentOut {
    |            ^^^^^^^^^^^^^^^^^^^^^ help: convert the identifier to upper camel case (notice the capitalization): `SpgInnerConsistentOut`

warning: type `spgLeafConsistentIn` should have an upper camel case name
   --> crates/_support/types/types_spgist/src/state.rs:199:12
    |
199 | pub struct spgLeafConsistentIn {
    |            ^^^^^^^^^^^^^^^^^^^ help: convert the identifier to upper camel case (notice the capitalization): `SpgLeafConsistentIn`

warning: type `spgLeafConsistentOut` should have an upper camel case name
   --> crates/_support/types/types_spgist/src/state.rs:212:12
    |
212 | pub struct spgLeafConsistentOut {
    |            ^^^^^^^^^^^^^^^^^^^^ help: convert the identifier to upper camel case (notice the capitalization): `SpgLeafConsistentOut`

warning: type `spgxlogState` should have an upper camel case name
  --> crates/_support/types/types_spgist/src/xlog.rs:15:12
   |
15 | pub struct spgxlogState {
   |            ^^^^^^^^^^^^ help: convert the identifier to upper camel case (notice the capitalization): `SpgxlogState`

warning: type `spgxlogAddLeaf` should have an upper camel case name
  --> crates/_support/types/types_spgist/src/xlog.rs:40:12
   |
40 | pub struct spgxlogAddLeaf {
   |            ^^^^^^^^^^^^^^ help: convert the identifier to upper camel case (notice the capitalization): `SpgxlogAddLeaf`

warning: type `spgxlogMoveLeafs` should have an upper camel case name
  --> crates/_support/types/types_spgist/src/xlog.rs:76:12
   |
76 | pub struct spgxlogMoveLeafs {
   |            ^^^^^^^^^^^^^^^^ help: convert the identifier to upper camel case (notice the capitalization): `SpgxlogMoveLeafs`

warning: type `spgxlogAddNode` should have an upper camel case name
   --> crates/_support/types/types_spgist/src/xlog.rs:115:12
    |
115 | pub struct spgxlogAddNode {
    |            ^^^^^^^^^^^^^^ help: convert the identifier to upper camel case (notice the capitalization): `SpgxlogAddNode`

warning: type `spgxlogSplitTuple` should have an upper camel case name
   --> crates/_support/types/types_spgist/src/xlog.rs:154:12
    |
154 | pub struct spgxlogSplitTuple {
    |            ^^^^^^^^^^^^^^^^^ help: convert the identifier to upper camel case (notice the capitalization): `SpgxlogSplitTuple`

warning: type `spgxlogPickSplit` should have an upper camel case name
   --> crates/_support/types/types_spgist/src/xlog.rs:184:12
    |
184 | pub struct spgxlogPickSplit {
    |            ^^^^^^^^^^^^^^^^ help: convert the identifier to upper camel case (notice the capitalization): `SpgxlogPickSplit`

warning: type `spgxlogVacuumLeaf` should have an upper camel case name
   --> crates/_support/types/types_spgist/src/xlog.rs:238:12
    |
238 | pub struct spgxlogVacuumLeaf {
    |            ^^^^^^^^^^^^^^^^^ help: convert the identifier to upper camel case (notice the capitalization): `SpgxlogVacuumLeaf`

warning: type `spgxlogVacuumRoot` should have an upper camel case name
   --> crates/_support/types/types_spgist/src/xlog.rs:271:12
    |
271 | pub struct spgxlogVacuumRoot {
    |            ^^^^^^^^^^^^^^^^^ help: convert the identifier to upper camel case (notice the capitalization): `SpgxlogVacuumRoot`

warning: type `spgxlogVacuumRedirect` should have an upper camel case name
   --> crates/_support/types/types_spgist/src/xlog.rs:295:12
    |
295 | pub struct spgxlogVacuumRedirect {
    |            ^^^^^^^^^^^^^^^^^^^^^ help: convert the identifier to upper camel case (notice the capitalization): `SpgxlogVacuumRedirect`

warning: type `spgConfigIn` should have an upper camel case name
   --> crates/_support/types/types_spgist/src/lib.rs:237:12
    |
237 | pub struct spgConfigIn {
    |            ^^^^^^^^^^^ help: convert the identifier to upper camel case (notice the capitalization): `SpgConfigIn`

warning: type `spgConfigOut` should have an upper camel case name
   --> crates/_support/types/types_spgist/src/lib.rs:242:12
    |
242 | pub struct spgConfigOut {
    |            ^^^^^^^^^^^^ help: convert the identifier to upper camel case (notice the capitalization): `SpgConfigOut`

       Fresh types_nbtree v0.1.0 (/tmp/cargo-mutants-src-n60n21.tmp/crates/_support/types/types_nbtree)
warning: `types_spgist` (lib) generated 19 warnings
       Fresh types_rel v0.1.0 (/tmp/cargo-mutants-src-n60n21.tmp/crates/_support/types/rel)
       Fresh namespace_seams v0.0.0 (/tmp/cargo-mutants-src-n60n21.tmp/crates/backend/catalog/namespace_seams)
       Dirty mbutils v0.1.0 (/tmp/cargo-mutants-src-n60n21.tmp/crates/backend/utils/mb/mbutils): the file `crates/backend/utils/mb/mbutils/src/lib.rs` has changed (1785519955.287077219s, 2s after last build at 1785519953.897112266s)
   Compiling mbutils v0.1.0 (/tmp/cargo-mutants-src-n60n21.tmp/crates/backend/utils/mb/mbutils)
     Running `/usr/local/rustup/toolchains/1.96.0-aarch64-unknown-linux-gnu/bin/rustc --crate-name mbutils --edition=2021 crates/backend/utils/mb/mbutils/src/lib.rs --error-format=json --json=diagnostic-rendered-ansi,artifacts,future-incompat --emit=dep-info,link -C embed-bitcode=no -C debuginfo=line-tables-only -C split-debuginfo=unpacked --test --check-cfg 'cfg(docsrs,test)' --check-cfg 'cfg(feature, values())' -C metadata=af65520103c04c57 -C extra-filename=-b45b698b4fa5b919 --out-dir /tmp/cargo-mutants-src-n60n21.tmp/target/debug/deps -L dependency=/tmp/cargo-mutants-src-n60n21.tmp/target/debug/deps --extern datum=/tmp/cargo-mutants-src-n60n21.tmp/target/debug/deps/libdatum-03e730a59f80c1e6.rlib --extern fmgr_seams=/tmp/cargo-mutants-src-n60n21.tmp/target/debug/deps/libfmgr_seams-b7735fc4587ac3e2.rlib --extern mbutils_seams=/tmp/cargo-mutants-src-n60n21.tmp/target/debug/deps/libmbutils_seams-4db06d91ff66387e.rlib --extern mcx=/tmp/cargo-mutants-src-n60n21.tmp/target/debug/deps/libmcx-279b2aa6087b29c0.rlib --extern namespace_seams=/tmp/cargo-mutants-src-n60n21.tmp/target/debug/deps/libnamespace_seams-8f25e5986ab6bec9.rlib --extern types_core=/tmp/cargo-mutants-src-n60n21.tmp/target/debug/deps/libtypes_core-0d9118de0dbccbea.rlib --extern types_error=/tmp/cargo-mutants-src-n60n21.tmp/target/debug/deps/libtypes_error-c16bdb10ad7f34c8.rlib --extern types_fmgr=/tmp/cargo-mutants-src-n60n21.tmp/target/debug/deps/libtypes_fmgr-ff08b237599455ce.rlib --extern wchar=/tmp/cargo-mutants-src-n60n21.tmp/target/debug/deps/libwchar-da99c5603b4b462e.rlib --extern xact_seams=/tmp/cargo-mutants-src-n60n21.tmp/target/debug/deps/libxact_seams-061af81be05bb434.rlib`
     Running `/usr/local/rustup/toolchains/1.96.0-aarch64-unknown-linux-gnu/bin/rustc --crate-name mbutils --edition=2021 crates/backend/utils/mb/mbutils/src/lib.rs --error-format=json --json=diagnostic-rendered-ansi,artifacts,future-incompat --crate-type lib --emit=dep-info,metadata,link -C embed-bitcode=no -C debuginfo=line-tables-only -C split-debuginfo=unpacked --check-cfg 'cfg(docsrs,test)' --check-cfg 'cfg(feature, values())' -C metadata=41be7aa174e9bf93 -C extra-filename=-26fe966b52a9688e --out-dir /tmp/cargo-mutants-src-n60n21.tmp/target/debug/deps -L dependency=/tmp/cargo-mutants-src-n60n21.tmp/target/debug/deps --extern datum=/tmp/cargo-mutants-src-n60n21.tmp/target/debug/deps/libdatum-03e730a59f80c1e6.rmeta --extern fmgr_seams=/tmp/cargo-mutants-src-n60n21.tmp/target/debug/deps/libfmgr_seams-b7735fc4587ac3e2.rmeta --extern mbutils_seams=/tmp/cargo-mutants-src-n60n21.tmp/target/debug/deps/libmbutils_seams-4db06d91ff66387e.rmeta --extern mcx=/tmp/cargo-mutants-src-n60n21.tmp/target/debug/deps/libmcx-279b2aa6087b29c0.rmeta --extern namespace_seams=/tmp/cargo-mutants-src-n60n21.tmp/target/debug/deps/libnamespace_seams-8f25e5986ab6bec9.rmeta --extern types_core=/tmp/cargo-mutants-src-n60n21.tmp/target/debug/deps/libtypes_core-0d9118de0dbccbea.rmeta --extern types_error=/tmp/cargo-mutants-src-n60n21.tmp/target/debug/deps/libtypes_error-c16bdb10ad7f34c8.rmeta --extern types_fmgr=/tmp/cargo-mutants-src-n60n21.tmp/target/debug/deps/libtypes_fmgr-ff08b237599455ce.rmeta --extern wchar=/tmp/cargo-mutants-src-n60n21.tmp/target/debug/deps/libwchar-da99c5603b4b462e.rmeta --extern xact_seams=/tmp/cargo-mutants-src-n60n21.tmp/target/debug/deps/libxact_seams-061af81be05bb434.rmeta`
warning: direct cast of function item into an integer
   --> crates/backend/utils/mb/mbutils/src/tests.rs:413:27
    |
413 |         pg_utf8_increment as usize
    |                           ^^^^^^^^
    |
    = note: `#[warn(function_casts_as_integer)]` on by default
help: first cast to a pointer `as *const ()`
    |
413 |         pg_utf8_increment as *const () as usize
    |                           ++++++++++++

warning: `mbutils` (lib test) generated 1 warning (run `cargo fix --lib -p mbutils --tests` to apply 1 suggestion)
    Finished `test` profile [unoptimized + debuginfo] target(s) in 1.14s
  Executable `/tmp/cargo-mutants-src-n60n21.tmp/target/debug/deps/mbutils-b45b698b4fa5b919`

*** result: Success

*** /usr/local/rustup/toolchains/1.96.0-aarch64-unknown-linux-gnu/bin/cargo test --verbose --package=mbutils@0.1.0
    Blocking waiting for file lock on package cache
    Blocking waiting for file lock on package cache
    Blocking waiting for file lock on package cache
       Fresh version_check v0.9.5
       Fresh cfg-if v1.0.4
       Fresh once_cell v1.21.4
       Fresh types_error v0.0.0 (/tmp/cargo-mutants-src-n60n21.tmp/crates/_support/types/types_error)
       Fresh allocator-api2 v0.2.21
       Fresh rustc-hash v2.1.3
       Fresh types_core v0.0.0 (/tmp/cargo-mutants-src-n60n21.tmp/crates/_support/types/types_core)
       Fresh seam_core v0.1.0 (/tmp/cargo-mutants-src-n60n21.tmp/crates/_support/seam_core)
       Fresh rel_vocab v0.1.0 (/tmp/cargo-mutants-src-n60n21.tmp/crates/_support/types/rel_vocab)
       Fresh wchar v0.1.0 (/tmp/cargo-mutants-src-n60n21.tmp/crates/common/wchar)
       Fresh zerocopy v0.8.53
       Fresh xact_seams v0.0.0 (/tmp/cargo-mutants-src-n60n21.tmp/crates/backend/access/transam/xact_seams)
       Fresh ahash v0.8.12
       Fresh libc v0.2.186
       Fresh hashbrown v0.14.5
       Fresh pg_strong_random v0.1.0 (/tmp/cargo-mutants-src-n60n21.tmp/crates/port/pg_strong_random)
       Fresh pg_clock v0.1.0 (/tmp/cargo-mutants-src-n60n21.tmp/crates/port/pg_clock)
       Fresh mcx v0.0.0 (/tmp/cargo-mutants-src-n60n21.tmp/crates/_support/mcx)
warning: variant `Malloc` is never constructed
  --> crates/_support/mcx/src/lib.rs:64:5
   |
61 | enum Backend {
   |      ------- variant in this enum
...
64 |     Malloc,
   |     ^^^^^^
   |
   = note: `#[warn(dead_code)]` (part of `#[warn(unused)]`) on by default

warning: function `chunk_size` is never used
   --> crates/_support/mcx/src/aset.rs:284:4
    |
284 | fn chunk_size(idx: usize) -> usize {
    |    ^^^^^^^^^^

warning: method `mem_allocated` is never used
   --> crates/_support/mcx/src/aset.rs:340:19
    |
306 | impl AllocSet {
    | ------------- method in this implementation
...
340 |     pub(crate) fn mem_allocated(&self) -> usize {
    |                   ^^^^^^^^^^^^^

       Fresh pgsync v0.1.0 (/tmp/cargo-mutants-src-n60n21.tmp/crates/_support/pgsync)
warning: `mcx` (lib) generated 3 warnings
       Fresh datum v0.0.0 (/tmp/cargo-mutants-src-n60n21.tmp/crates/_support/types/datum)
       Fresh stringinfo v0.1.0 (/tmp/cargo-mutants-src-n60n21.tmp/crates/_support/types/stringinfo)
       Fresh types_storage v0.1.0 (/tmp/cargo-mutants-src-n60n21.tmp/crates/_support/types/types_storage)
       Fresh types_trigger v0.1.0 (/tmp/cargo-mutants-src-n60n21.tmp/crates/_support/types/types_trigger)
       Fresh mbutils_seams v0.1.0 (/tmp/cargo-mutants-src-n60n21.tmp/crates/backend/utils/mb/mbutils_seams)
       Fresh types_tuple v0.1.0 (/tmp/cargo-mutants-src-n60n21.tmp/crates/_support/types/types_tuple)
       Fresh detoast_seams v0.1.0 (/tmp/cargo-mutants-src-n60n21.tmp/crates/backend/access/common/detoast_seams)
       Fresh types_hash v0.1.0 (/tmp/cargo-mutants-src-n60n21.tmp/crates/_support/types/hash)
       Fresh types_fmgr v0.1.0 (/tmp/cargo-mutants-src-n60n21.tmp/crates/_support/types/fmgr)
       Fresh types_scan v0.1.0 (/tmp/cargo-mutants-src-n60n21.tmp/crates/_support/types/types_scan)
       Fresh types_gist v0.1.0 (/tmp/cargo-mutants-src-n60n21.tmp/crates/_support/types/gist)
       Fresh types_bloom v0.1.0 (/tmp/cargo-mutants-src-n60n21.tmp/crates/_support/types/types_bloom)
       Fresh fmgr_seams v0.1.0 (/tmp/cargo-mutants-src-n60n21.tmp/crates/backend/utils/fmgr/fmgr_seams)
       Fresh types_spgist v0.1.0 (/tmp/cargo-mutants-src-n60n21.tmp/crates/_support/types/types_spgist)
warning: type `spgChooseIn` should have an upper camel case name
  --> crates/_support/types/types_spgist/src/state.rs:92:12
   |
92 | pub struct spgChooseIn {
   |            ^^^^^^^^^^^ help: convert the identifier to upper camel case (notice the capitalization): `SpgChooseIn`
   |
   = note: `#[warn(non_camel_case_types)]` (part of `#[warn(nonstandard_style)]`) on by default

warning: type `spgChooseOut` should have an upper camel case name
   --> crates/_support/types/types_spgist/src/state.rs:104:10
    |
104 | pub enum spgChooseOut {
    |          ^^^^^^^^^^^^ help: convert the identifier to upper camel case (notice the capitalization): `SpgChooseOut`

warning: type `spgPickSplitIn` should have an upper camel case name
   --> crates/_support/types/types_spgist/src/state.rs:127:12
    |
127 | pub struct spgPickSplitIn {
    |            ^^^^^^^^^^^^^^ help: convert the identifier to upper camel case (notice the capitalization): `SpgPickSplitIn`

warning: type `spgPickSplitOut` should have an upper camel case name
   --> crates/_support/types/types_spgist/src/state.rs:134:12
    |
134 | pub struct spgPickSplitOut {
    |            ^^^^^^^^^^^^^^^ help: convert the identifier to upper camel case (notice the capitalization): `SpgPickSplitOut`

warning: type `spgInnerConsistentIn` should have an upper camel case name
   --> crates/_support/types/types_spgist/src/state.rs:157:12
    |
157 | pub struct spgInnerConsistentIn<'a> {
    |            ^^^^^^^^^^^^^^^^^^^^ help: convert the identifier to upper camel case (notice the capitalization): `SpgInnerConsistentIn`

warning: type `spgInnerConsistentOut` should have an upper camel case name
   --> crates/_support/types/types_spgist/src/state.rs:175:12
    |
175 | pub struct spgInnerConsistentOut {
    |            ^^^^^^^^^^^^^^^^^^^^^ help: convert the identifier to upper camel case (notice the capitalization): `SpgInnerConsistentOut`

warning: type `spgLeafConsistentIn` should have an upper camel case name
   --> crates/_support/types/types_spgist/src/state.rs:199:12
    |
199 | pub struct spgLeafConsistentIn {
    |            ^^^^^^^^^^^^^^^^^^^ help: convert the identifier to upper camel case (notice the capitalization): `SpgLeafConsistentIn`

warning: type `spgLeafConsistentOut` should have an upper camel case name
   --> crates/_support/types/types_spgist/src/state.rs:212:12
    |
212 | pub struct spgLeafConsistentOut {
    |            ^^^^^^^^^^^^^^^^^^^^ help: convert the identifier to upper camel case (notice the capitalization): `SpgLeafConsistentOut`

warning: type `spgxlogState` should have an upper camel case name
  --> crates/_support/types/types_spgist/src/xlog.rs:15:12
   |
15 | pub struct spgxlogState {
   |            ^^^^^^^^^^^^ help: convert the identifier to upper camel case (notice the capitalization): `SpgxlogState`

warning: type `spgxlogAddLeaf` should have an upper camel case name
  --> crates/_support/types/types_spgist/src/xlog.rs:40:12
   |
40 | pub struct spgxlogAddLeaf {
   |            ^^^^^^^^^^^^^^ help: convert the identifier to upper camel case (notice the capitalization): `SpgxlogAddLeaf`

warning: type `spgxlogMoveLeafs` should have an upper camel case name
  --> crates/_support/types/types_spgist/src/xlog.rs:76:12
   |
76 | pub struct spgxlogMoveLeafs {
   |            ^^^^^^^^^^^^^^^^ help: convert the identifier to upper camel case (notice the capitalization): `SpgxlogMoveLeafs`

warning: type `spgxlogAddNode` should have an upper camel case name
   --> crates/_support/types/types_spgist/src/xlog.rs:115:12
    |
115 | pub struct spgxlogAddNode {
    |            ^^^^^^^^^^^^^^ help: convert the identifier to upper camel case (notice the capitalization): `SpgxlogAddNode`

warning: type `spgxlogSplitTuple` should have an upper camel case name
   --> crates/_support/types/types_spgist/src/xlog.rs:154:12
    |
154 | pub struct spgxlogSplitTuple {
    |            ^^^^^^^^^^^^^^^^^ help: convert the identifier to upper camel case (notice the capitalization): `SpgxlogSplitTuple`

warning: type `spgxlogPickSplit` should have an upper camel case name
   --> crates/_support/types/types_spgist/src/xlog.rs:184:12
    |
184 | pub struct spgxlogPickSplit {
    |            ^^^^^^^^^^^^^^^^ help: convert the identifier to upper camel case (notice the capitalization): `SpgxlogPickSplit`

warning: type `spgxlogVacuumLeaf` should have an upper camel case name
   --> crates/_support/types/types_spgist/src/xlog.rs:238:12
    |
238 | pub struct spgxlogVacuumLeaf {
    |            ^^^^^^^^^^^^^^^^^ help: convert the identifier to upper camel case (notice the capitalization): `SpgxlogVacuumLeaf`

warning: type `spgxlogVacuumRoot` should have an upper camel case name
   --> crates/_support/types/types_spgist/src/xlog.rs:271:12
    |
271 | pub struct spgxlogVacuumRoot {
    |            ^^^^^^^^^^^^^^^^^ help: convert the identifier to upper camel case (notice the capitalization): `SpgxlogVacuumRoot`

warning: type `spgxlogVacuumRedirect` should have an upper camel case name
   --> crates/_support/types/types_spgist/src/xlog.rs:295:12
    |
295 | pub struct spgxlogVacuumRedirect {
    |            ^^^^^^^^^^^^^^^^^^^^^ help: convert the identifier to upper camel case (notice the capitalization): `SpgxlogVacuumRedirect`

warning: type `spgConfigIn` should have an upper camel case name
   --> crates/_support/types/types_spgist/src/lib.rs:237:12
    |
237 | pub struct spgConfigIn {
    |            ^^^^^^^^^^^ help: convert the identifier to upper camel case (notice the capitalization): `SpgConfigIn`

warning: type `spgConfigOut` should have an upper camel case name
   --> crates/_support/types/types_spgist/src/lib.rs:242:12
    |
242 | pub struct spgConfigOut {
    |            ^^^^^^^^^^^^ help: convert the identifier to upper camel case (notice the capitalization): `SpgConfigOut`

       Fresh types_nbtree v0.1.0 (/tmp/cargo-mutants-src-n60n21.tmp/crates/_support/types/types_nbtree)
warning: `types_spgist` (lib) generated 19 warnings
       Fresh types_rel v0.1.0 (/tmp/cargo-mutants-src-n60n21.tmp/crates/_support/types/rel)
       Fresh namespace_seams v0.0.0 (/tmp/cargo-mutants-src-n60n21.tmp/crates/backend/catalog/namespace_seams)
warning: direct cast of function item into an integer
   --> crates/backend/utils/mb/mbutils/src/tests.rs:413:27
    |
413 |         pg_utf8_increment as usize
    |                           ^^^^^^^^
    |
    = note: `#[warn(function_casts_as_integer)]` on by default
help: first cast to a pointer `as *const ()`
    |
413 |         pg_utf8_increment as *const () as usize
    |                           ++++++++++++

warning: `mbutils` (lib test) generated 1 warning (run `cargo fix --lib -p mbutils --tests` to apply 1 suggestion)
       Fresh mbutils v0.1.0 (/tmp/cargo-mutants-src-n60n21.tmp/crates/backend/utils/mb/mbutils)
    Finished `test` profile [unoptimized + debuginfo] target(s) in 0.81s
     Running `/tmp/cargo-mutants-src-n60n21.tmp/target/debug/deps/mbutils-b45b698b4fa5b919`

running 34 tests
test divergence10_regression::non_utf8_name_cleans_byte_wise ... ok
test tests::ascii_server_rejects_highbit_from_client_only_encoding ... ok
test tests::any_to_server_validates_even_without_conversion ... ok
test tests::check_conversion_args ... ok
test tests::charinc_dispatch_and_generic ... FAILED
test tests::conversion_needed_truth_table ... ok
test tests::do_encoding_conversion_identity_and_validation ... ok
test tests::database_encoding_accessors ... ok
test tests::enc2name_matches_wchar_ids ... ok
test tests::encname_lookup_matches_encnames_c ... ok
test tests::eucjp_increment_cases ... ok
test tests::mb2wchar_roundtrip_utf8 ... ok
test tests::mbcharcliplen_counts_characters ... ok
test tests::mbcliplen_single_byte_stops_at_nul ... ok
test tests::mbcliplen_utf8_boundaries ... ok
test tests::mblen_family ... ok
test tests::ascii_run_boundaries ... ok
test tests::mbstrlen_variants ... ok
test tests::mbstrlen_with_len_errors_on_truncated_trailing_char ... ok
test tests::mule_internal_lc1_lc2_roundtrip ... ok
test tests::no_conversion_returns_none_without_allocating ... ok
test tests::pending_client_encoding_applied_at_startup ... ok
test tests::prepare_outside_transaction_needs_cache ... ok
test tests::seams_installed ... ok
test tests::reporters_match_c_shapes ... ok
test tests::set_client_encoding_rejects_invalid ... ok
test tests::sql_ascii_client_is_identity ... ok
test tests::server_to_any_identity_cases ... ok
test tests::unicode_to_server_utf8_paths ... ok
test tests::unicode_to_server_without_proc_fails ... ok
test tests::utf8_increment_cases ... ok
test tests::verify_mbstr_len_counts_and_rejects ... ok
test tests::verify_mbstr_reports_c_message ... ok
test tests::mbstrlen_ascii_run_differential ... ok

failures:

---- tests::charinc_dispatch_and_generic stdout ----

thread 'tests::charinc_dispatch_and_generic' (106934) panicked at crates/backend/utils/mb/mbutils/src/lib.rs:964:11:
index out of bounds: the len is 1 but the index is 2
note: run with `RUST_BACKTRACE=1` environment variable to display a backtrace


failures:
    tests::charinc_dispatch_and_generic

test result: FAILED. 33 passed; 1 failed; 0 ignored; 0 measured; 0 filtered out; finished in 0.00s

error: test failed, to rerun pass `-p mbutils --lib`

*** result: Failure(101)
