
*** crates/backend/utils/mb/mbutils/src/lib.rs:920:8: delete ! in SetDatabaseEncoding

*** mutation diff:
--- crates/backend/utils/mb/mbutils/src/lib.rs
+++ delete ! in SetDatabaseEncoding
@@ -912,17 +912,17 @@
     let mut l = 0;
     while l < len && s.get(l as usize).copied().unwrap_or(0) != 0 {
         l += 1;
     }
     l
 }
 
 pub fn SetDatabaseEncoding(encoding: pg_enc) -> PgResult<()> {
-    if !pg_valid_be_encoding(encoding) {
+    if  /* ~ changed by cargo-mutants ~ */pg_valid_be_encoding(encoding) {
         return Err(internal_error(&format!(
             "invalid database encoding: {encoding}"
         )));
     }
     DATABASE_ENCODING.with(|e| e.set(encoding));
     Ok(())
 }
 


*** /usr/local/rustup/toolchains/1.96.0-aarch64-unknown-linux-gnu/bin/cargo test --no-run --verbose --package=mbutils@0.1.0
       Fresh version_check v0.9.5
       Fresh cfg-if v1.0.4
       Fresh once_cell v1.21.4
       Fresh types_error v0.0.0 (/tmp/cargo-mutants-src-uak1bs.tmp/crates/_support/types/types_error)
       Fresh allocator-api2 v0.2.21
       Fresh rustc-hash v2.1.3
       Fresh types_core v0.0.0 (/tmp/cargo-mutants-src-uak1bs.tmp/crates/_support/types/types_core)
       Fresh seam_core v0.1.0 (/tmp/cargo-mutants-src-uak1bs.tmp/crates/_support/seam_core)
       Fresh rel_vocab v0.1.0 (/tmp/cargo-mutants-src-uak1bs.tmp/crates/_support/types/rel_vocab)
       Fresh wchar v0.1.0 (/tmp/cargo-mutants-src-uak1bs.tmp/crates/common/wchar)
       Fresh zerocopy v0.8.53
       Fresh xact_seams v0.0.0 (/tmp/cargo-mutants-src-uak1bs.tmp/crates/backend/access/transam/xact_seams)
       Fresh ahash v0.8.12
       Fresh libc v0.2.186
       Fresh hashbrown v0.14.5
       Fresh pg_clock v0.1.0 (/tmp/cargo-mutants-src-uak1bs.tmp/crates/port/pg_clock)
       Fresh pg_strong_random v0.1.0 (/tmp/cargo-mutants-src-uak1bs.tmp/crates/port/pg_strong_random)
       Fresh mcx v0.0.0 (/tmp/cargo-mutants-src-uak1bs.tmp/crates/_support/mcx)
warning: variant `Malloc` is never constructed
  --> crates/_support/mcx/src/lib.rs:64:5
   |
61 | enum Backend {
   |      ------- variant in this enum
...
64 |     Malloc,
   |     ^^^^^^
   |
   = note: `#[warn(dead_code)]` (part of `#[warn(unused)]`) on by default

warning: function `chunk_size` is never used
   --> crates/_support/mcx/src/aset.rs:284:4
    |
284 | fn chunk_size(idx: usize) -> usize {
    |    ^^^^^^^^^^

warning: method `mem_allocated` is never used
   --> crates/_support/mcx/src/aset.rs:340:19
    |
306 | impl AllocSet {
    | ------------- method in this implementation
...
340 |     pub(crate) fn mem_allocated(&self) -> usize {
    |                   ^^^^^^^^^^^^^

       Fresh pgsync v0.1.0 (/tmp/cargo-mutants-src-uak1bs.tmp/crates/_support/pgsync)
warning: `mcx` (lib) generated 3 warnings
       Fresh datum v0.0.0 (/tmp/cargo-mutants-src-uak1bs.tmp/crates/_support/types/datum)
       Fresh stringinfo v0.1.0 (/tmp/cargo-mutants-src-uak1bs.tmp/crates/_support/types/stringinfo)
       Fresh types_storage v0.1.0 (/tmp/cargo-mutants-src-uak1bs.tmp/crates/_support/types/types_storage)
       Fresh types_trigger v0.1.0 (/tmp/cargo-mutants-src-uak1bs.tmp/crates/_support/types/types_trigger)
       Fresh mbutils_seams v0.1.0 (/tmp/cargo-mutants-src-uak1bs.tmp/crates/backend/utils/mb/mbutils_seams)
       Fresh types_tuple v0.1.0 (/tmp/cargo-mutants-src-uak1bs.tmp/crates/_support/types/types_tuple)
       Fresh detoast_seams v0.1.0 (/tmp/cargo-mutants-src-uak1bs.tmp/crates/backend/access/common/detoast_seams)
       Fresh types_hash v0.1.0 (/tmp/cargo-mutants-src-uak1bs.tmp/crates/_support/types/hash)
       Fresh types_fmgr v0.1.0 (/tmp/cargo-mutants-src-uak1bs.tmp/crates/_support/types/fmgr)
       Fresh types_scan v0.1.0 (/tmp/cargo-mutants-src-uak1bs.tmp/crates/_support/types/types_scan)
       Fresh types_gist v0.1.0 (/tmp/cargo-mutants-src-uak1bs.tmp/crates/_support/types/gist)
       Fresh types_bloom v0.1.0 (/tmp/cargo-mutants-src-uak1bs.tmp/crates/_support/types/types_bloom)
       Fresh fmgr_seams v0.1.0 (/tmp/cargo-mutants-src-uak1bs.tmp/crates/backend/utils/fmgr/fmgr_seams)
       Fresh types_nbtree v0.1.0 (/tmp/cargo-mutants-src-uak1bs.tmp/crates/_support/types/types_nbtree)
       Fresh types_spgist v0.1.0 (/tmp/cargo-mutants-src-uak1bs.tmp/crates/_support/types/types_spgist)
warning: type `spgChooseIn` should have an upper camel case name
  --> crates/_support/types/types_spgist/src/state.rs:92:12
   |
92 | pub struct spgChooseIn {
   |            ^^^^^^^^^^^ help: convert the identifier to upper camel case (notice the capitalization): `SpgChooseIn`
   |
   = note: `#[warn(non_camel_case_types)]` (part of `#[warn(nonstandard_style)]`) on by default

warning: type `spgChooseOut` should have an upper camel case name
   --> crates/_support/types/types_spgist/src/state.rs:104:10
    |
104 | pub enum spgChooseOut {
    |          ^^^^^^^^^^^^ help: convert the identifier to upper camel case (notice the capitalization): `SpgChooseOut`

warning: type `spgPickSplitIn` should have an upper camel case name
   --> crates/_support/types/types_spgist/src/state.rs:127:12
    |
127 | pub struct spgPickSplitIn {
    |            ^^^^^^^^^^^^^^ help: convert the identifier to upper camel case (notice the capitalization): `SpgPickSplitIn`

warning: type `spgPickSplitOut` should have an upper camel case name
   --> crates/_support/types/types_spgist/src/state.rs:134:12
    |
134 | pub struct spgPickSplitOut {
    |            ^^^^^^^^^^^^^^^ help: convert the identifier to upper camel case (notice the capitalization): `SpgPickSplitOut`

warning: type `spgInnerConsistentIn` should have an upper camel case name
   --> crates/_support/types/types_spgist/src/state.rs:157:12
    |
157 | pub struct spgInnerConsistentIn<'a> {
    |            ^^^^^^^^^^^^^^^^^^^^ help: convert the identifier to upper camel case (notice the capitalization): `SpgInnerConsistentIn`

warning: type `spgInnerConsistentOut` should have an upper camel case name
   --> crates/_support/types/types_spgist/src/state.rs:175:12
    |
175 | pub struct spgInnerConsistentOut {
    |            ^^^^^^^^^^^^^^^^^^^^^ help: convert the identifier to upper camel case (notice the capitalization): `SpgInnerConsistentOut`

warning: type `spgLeafConsistentIn` should have an upper camel case name
   --> crates/_support/types/types_spgist/src/state.rs:199:12
    |
199 | pub struct spgLeafConsistentIn {
    |            ^^^^^^^^^^^^^^^^^^^ help: convert the identifier to upper camel case (notice the capitalization): `SpgLeafConsistentIn`

warning: type `spgLeafConsistentOut` should have an upper camel case name
   --> crates/_support/types/types_spgist/src/state.rs:212:12
    |
212 | pub struct spgLeafConsistentOut {
    |            ^^^^^^^^^^^^^^^^^^^^ help: convert the identifier to upper camel case (notice the capitalization): `SpgLeafConsistentOut`

warning: type `spgxlogState` should have an upper camel case name
  --> crates/_support/types/types_spgist/src/xlog.rs:15:12
   |
15 | pub struct spgxlogState {
   |            ^^^^^^^^^^^^ help: convert the identifier to upper camel case (notice the capitalization): `SpgxlogState`

warning: type `spgxlogAddLeaf` should have an upper camel case name
  --> crates/_support/types/types_spgist/src/xlog.rs:40:12
   |
40 | pub struct spgxlogAddLeaf {
   |            ^^^^^^^^^^^^^^ help: convert the identifier to upper camel case (notice the capitalization): `SpgxlogAddLeaf`

warning: type `spgxlogMoveLeafs` should have an upper camel case name
  --> crates/_support/types/types_spgist/src/xlog.rs:76:12
   |
76 | pub struct spgxlogMoveLeafs {
   |            ^^^^^^^^^^^^^^^^ help: convert the identifier to upper camel case (notice the capitalization): `SpgxlogMoveLeafs`

warning: type `spgxlogAddNode` should have an upper camel case name
   --> crates/_support/types/types_spgist/src/xlog.rs:115:12
    |
115 | pub struct spgxlogAddNode {
    |            ^^^^^^^^^^^^^^ help: convert the identifier to upper camel case (notice the capitalization): `SpgxlogAddNode`

warning: type `spgxlogSplitTuple` should have an upper camel case name
   --> crates/_support/types/types_spgist/src/xlog.rs:154:12
    |
154 | pub struct spgxlogSplitTuple {
    |            ^^^^^^^^^^^^^^^^^ help: convert the identifier to upper camel case (notice the capitalization): `SpgxlogSplitTuple`

warning: type `spgxlogPickSplit` should have an upper camel case name
   --> crates/_support/types/types_spgist/src/xlog.rs:184:12
    |
184 | pub struct spgxlogPickSplit {
    |            ^^^^^^^^^^^^^^^^ help: convert the identifier to upper camel case (notice the capitalization): `SpgxlogPickSplit`

warning: type `spgxlogVacuumLeaf` should have an upper camel case name
   --> crates/_support/types/types_spgist/src/xlog.rs:238:12
    |
238 | pub struct spgxlogVacuumLeaf {
    |            ^^^^^^^^^^^^^^^^^ help: convert the identifier to upper camel case (notice the capitalization): `SpgxlogVacuumLeaf`

warning: type `spgxlogVacuumRoot` should have an upper camel case name
   --> crates/_support/types/types_spgist/src/xlog.rs:271:12
    |
271 | pub struct spgxlogVacuumRoot {
    |            ^^^^^^^^^^^^^^^^^ help: convert the identifier to upper camel case (notice the capitalization): `SpgxlogVacuumRoot`

warning: type `spgxlogVacuumRedirect` should have an upper camel case name
   --> crates/_support/types/types_spgist/src/xlog.rs:295:12
    |
295 | pub struct spgxlogVacuumRedirect {
    |            ^^^^^^^^^^^^^^^^^^^^^ help: convert the identifier to upper camel case (notice the capitalization): `SpgxlogVacuumRedirect`

warning: type `spgConfigIn` should have an upper camel case name
   --> crates/_support/types/types_spgist/src/lib.rs:237:12
    |
237 | pub struct spgConfigIn {
    |            ^^^^^^^^^^^ help: convert the identifier to upper camel case (notice the capitalization): `SpgConfigIn`

warning: type `spgConfigOut` should have an upper camel case name
   --> crates/_support/types/types_spgist/src/lib.rs:242:12
    |
242 | pub struct spgConfigOut {
    |            ^^^^^^^^^^^^ help: convert the identifier to upper camel case (notice the capitalization): `SpgConfigOut`

warning: `types_spgist` (lib) generated 19 warnings
       Fresh types_rel v0.1.0 (/tmp/cargo-mutants-src-uak1bs.tmp/crates/_support/types/rel)
       Fresh namespace_seams v0.0.0 (/tmp/cargo-mutants-src-uak1bs.tmp/crates/backend/catalog/namespace_seams)
       Dirty mbutils v0.1.0 (/tmp/cargo-mutants-src-uak1bs.tmp/crates/backend/utils/mb/mbutils): couldn't read metadata for file `target/debug/deps/libmbutils-26fe966b52a9688e.rlib`
   Compiling mbutils v0.1.0 (/tmp/cargo-mutants-src-uak1bs.tmp/crates/backend/utils/mb/mbutils)
     Running `/usr/local/rustup/toolchains/1.96.0-aarch64-unknown-linux-gnu/bin/rustc --crate-name mbutils --edition=2021 crates/backend/utils/mb/mbutils/src/lib.rs --error-format=json --json=diagnostic-rendered-ansi,artifacts,future-incompat --emit=dep-info,link -C embed-bitcode=no -C debuginfo=line-tables-only -C split-debuginfo=unpacked --test --check-cfg 'cfg(docsrs,test)' --check-cfg 'cfg(feature, values())' -C metadata=af65520103c04c57 -C extra-filename=-b45b698b4fa5b919 --out-dir /tmp/cargo-mutants-src-uak1bs.tmp/target/debug/deps -L dependency=/tmp/cargo-mutants-src-uak1bs.tmp/target/debug/deps --extern datum=/tmp/cargo-mutants-src-uak1bs.tmp/target/debug/deps/libdatum-03e730a59f80c1e6.rlib --extern fmgr_seams=/tmp/cargo-mutants-src-uak1bs.tmp/target/debug/deps/libfmgr_seams-b7735fc4587ac3e2.rlib --extern mbutils_seams=/tmp/cargo-mutants-src-uak1bs.tmp/target/debug/deps/libmbutils_seams-4db06d91ff66387e.rlib --extern mcx=/tmp/cargo-mutants-src-uak1bs.tmp/target/debug/deps/libmcx-279b2aa6087b29c0.rlib --extern namespace_seams=/tmp/cargo-mutants-src-uak1bs.tmp/target/debug/deps/libnamespace_seams-8f25e5986ab6bec9.rlib --extern types_core=/tmp/cargo-mutants-src-uak1bs.tmp/target/debug/deps/libtypes_core-0d9118de0dbccbea.rlib --extern types_error=/tmp/cargo-mutants-src-uak1bs.tmp/target/debug/deps/libtypes_error-c16bdb10ad7f34c8.rlib --extern types_fmgr=/tmp/cargo-mutants-src-uak1bs.tmp/target/debug/deps/libtypes_fmgr-ff08b237599455ce.rlib --extern wchar=/tmp/cargo-mutants-src-uak1bs.tmp/target/debug/deps/libwchar-da99c5603b4b462e.rlib --extern xact_seams=/tmp/cargo-mutants-src-uak1bs.tmp/target/debug/deps/libxact_seams-061af81be05bb434.rlib`
     Running `/usr/local/rustup/toolchains/1.96.0-aarch64-unknown-linux-gnu/bin/rustc --crate-name mbutils --edition=2021 crates/backend/utils/mb/mbutils/src/lib.rs --error-format=json --json=diagnostic-rendered-ansi,artifacts,future-incompat --crate-type lib --emit=dep-info,metadata,link -C embed-bitcode=no -C debuginfo=line-tables-only -C split-debuginfo=unpacked --check-cfg 'cfg(docsrs,test)' --check-cfg 'cfg(feature, values())' -C metadata=41be7aa174e9bf93 -C extra-filename=-26fe966b52a9688e --out-dir /tmp/cargo-mutants-src-uak1bs.tmp/target/debug/deps -L dependency=/tmp/cargo-mutants-src-uak1bs.tmp/target/debug/deps --extern datum=/tmp/cargo-mutants-src-uak1bs.tmp/target/debug/deps/libdatum-03e730a59f80c1e6.rmeta --extern fmgr_seams=/tmp/cargo-mutants-src-uak1bs.tmp/target/debug/deps/libfmgr_seams-b7735fc4587ac3e2.rmeta --extern mbutils_seams=/tmp/cargo-mutants-src-uak1bs.tmp/target/debug/deps/libmbutils_seams-4db06d91ff66387e.rmeta --extern mcx=/tmp/cargo-mutants-src-uak1bs.tmp/target/debug/deps/libmcx-279b2aa6087b29c0.rmeta --extern namespace_seams=/tmp/cargo-mutants-src-uak1bs.tmp/target/debug/deps/libnamespace_seams-8f25e5986ab6bec9.rmeta --extern types_core=/tmp/cargo-mutants-src-uak1bs.tmp/target/debug/deps/libtypes_core-0d9118de0dbccbea.rmeta --extern types_error=/tmp/cargo-mutants-src-uak1bs.tmp/target/debug/deps/libtypes_error-c16bdb10ad7f34c8.rmeta --extern types_fmgr=/tmp/cargo-mutants-src-uak1bs.tmp/target/debug/deps/libtypes_fmgr-ff08b237599455ce.rmeta --extern wchar=/tmp/cargo-mutants-src-uak1bs.tmp/target/debug/deps/libwchar-da99c5603b4b462e.rmeta --extern xact_seams=/tmp/cargo-mutants-src-uak1bs.tmp/target/debug/deps/libxact_seams-061af81be05bb434.rmeta`
warning: direct cast of function item into an integer
   --> crates/backend/utils/mb/mbutils/src/tests.rs:413:27
    |
413 |         pg_utf8_increment as usize
    |                           ^^^^^^^^
    |
    = note: `#[warn(function_casts_as_integer)]` on by default
help: first cast to a pointer `as *const ()`
    |
413 |         pg_utf8_increment as *const () as usize
    |                           ++++++++++++

warning: `mbutils` (lib test) generated 1 warning (run `cargo fix --lib -p mbutils --tests` to apply 1 suggestion)
    Finished `test` profile [unoptimized + debuginfo] target(s) in 1.13s
  Executable `/tmp/cargo-mutants-src-uak1bs.tmp/target/debug/deps/mbutils-b45b698b4fa5b919`

*** result: Success

*** /usr/local/rustup/toolchains/1.96.0-aarch64-unknown-linux-gnu/bin/cargo test --verbose --package=mbutils@0.1.0
       Fresh version_check v0.9.5
       Fresh once_cell v1.21.4
       Fresh cfg-if v1.0.4
       Fresh allocator-api2 v0.2.21
       Fresh types_error v0.0.0 (/tmp/cargo-mutants-src-uak1bs.tmp/crates/_support/types/types_error)
       Fresh rustc-hash v2.1.3
       Fresh types_core v0.0.0 (/tmp/cargo-mutants-src-uak1bs.tmp/crates/_support/types/types_core)
       Fresh seam_core v0.1.0 (/tmp/cargo-mutants-src-uak1bs.tmp/crates/_support/seam_core)
       Fresh rel_vocab v0.1.0 (/tmp/cargo-mutants-src-uak1bs.tmp/crates/_support/types/rel_vocab)
       Fresh wchar v0.1.0 (/tmp/cargo-mutants-src-uak1bs.tmp/crates/common/wchar)
       Fresh zerocopy v0.8.53
       Fresh xact_seams v0.0.0 (/tmp/cargo-mutants-src-uak1bs.tmp/crates/backend/access/transam/xact_seams)
       Fresh ahash v0.8.12
       Fresh libc v0.2.186
       Fresh hashbrown v0.14.5
       Fresh pg_clock v0.1.0 (/tmp/cargo-mutants-src-uak1bs.tmp/crates/port/pg_clock)
       Fresh pg_strong_random v0.1.0 (/tmp/cargo-mutants-src-uak1bs.tmp/crates/port/pg_strong_random)
       Fresh mcx v0.0.0 (/tmp/cargo-mutants-src-uak1bs.tmp/crates/_support/mcx)
warning: variant `Malloc` is never constructed
  --> crates/_support/mcx/src/lib.rs:64:5
   |
61 | enum Backend {
   |      ------- variant in this enum
...
64 |     Malloc,
   |     ^^^^^^
   |
   = note: `#[warn(dead_code)]` (part of `#[warn(unused)]`) on by default

warning: function `chunk_size` is never used
   --> crates/_support/mcx/src/aset.rs:284:4
    |
284 | fn chunk_size(idx: usize) -> usize {
    |    ^^^^^^^^^^

warning: method `mem_allocated` is never used
   --> crates/_support/mcx/src/aset.rs:340:19
    |
306 | impl AllocSet {
    | ------------- method in this implementation
...
340 |     pub(crate) fn mem_allocated(&self) -> usize {
    |                   ^^^^^^^^^^^^^

       Fresh pgsync v0.1.0 (/tmp/cargo-mutants-src-uak1bs.tmp/crates/_support/pgsync)
warning: `mcx` (lib) generated 3 warnings
       Fresh datum v0.0.0 (/tmp/cargo-mutants-src-uak1bs.tmp/crates/_support/types/datum)
       Fresh stringinfo v0.1.0 (/tmp/cargo-mutants-src-uak1bs.tmp/crates/_support/types/stringinfo)
       Fresh types_storage v0.1.0 (/tmp/cargo-mutants-src-uak1bs.tmp/crates/_support/types/types_storage)
       Fresh types_trigger v0.1.0 (/tmp/cargo-mutants-src-uak1bs.tmp/crates/_support/types/types_trigger)
       Fresh mbutils_seams v0.1.0 (/tmp/cargo-mutants-src-uak1bs.tmp/crates/backend/utils/mb/mbutils_seams)
       Fresh types_tuple v0.1.0 (/tmp/cargo-mutants-src-uak1bs.tmp/crates/_support/types/types_tuple)
       Fresh detoast_seams v0.1.0 (/tmp/cargo-mutants-src-uak1bs.tmp/crates/backend/access/common/detoast_seams)
       Fresh types_hash v0.1.0 (/tmp/cargo-mutants-src-uak1bs.tmp/crates/_support/types/hash)
       Fresh types_fmgr v0.1.0 (/tmp/cargo-mutants-src-uak1bs.tmp/crates/_support/types/fmgr)
       Fresh types_scan v0.1.0 (/tmp/cargo-mutants-src-uak1bs.tmp/crates/_support/types/types_scan)
       Fresh types_gist v0.1.0 (/tmp/cargo-mutants-src-uak1bs.tmp/crates/_support/types/gist)
       Fresh types_bloom v0.1.0 (/tmp/cargo-mutants-src-uak1bs.tmp/crates/_support/types/types_bloom)
       Fresh fmgr_seams v0.1.0 (/tmp/cargo-mutants-src-uak1bs.tmp/crates/backend/utils/fmgr/fmgr_seams)
       Fresh types_nbtree v0.1.0 (/tmp/cargo-mutants-src-uak1bs.tmp/crates/_support/types/types_nbtree)
       Fresh types_spgist v0.1.0 (/tmp/cargo-mutants-src-uak1bs.tmp/crates/_support/types/types_spgist)
warning: type `spgChooseIn` should have an upper camel case name
  --> crates/_support/types/types_spgist/src/state.rs:92:12
   |
92 | pub struct spgChooseIn {
   |            ^^^^^^^^^^^ help: convert the identifier to upper camel case (notice the capitalization): `SpgChooseIn`
   |
   = note: `#[warn(non_camel_case_types)]` (part of `#[warn(nonstandard_style)]`) on by default

warning: type `spgChooseOut` should have an upper camel case name
   --> crates/_support/types/types_spgist/src/state.rs:104:10
    |
104 | pub enum spgChooseOut {
    |          ^^^^^^^^^^^^ help: convert the identifier to upper camel case (notice the capitalization): `SpgChooseOut`

warning: type `spgPickSplitIn` should have an upper camel case name
   --> crates/_support/types/types_spgist/src/state.rs:127:12
    |
127 | pub struct spgPickSplitIn {
    |            ^^^^^^^^^^^^^^ help: convert the identifier to upper camel case (notice the capitalization): `SpgPickSplitIn`

warning: type `spgPickSplitOut` should have an upper camel case name
   --> crates/_support/types/types_spgist/src/state.rs:134:12
    |
134 | pub struct spgPickSplitOut {
    |            ^^^^^^^^^^^^^^^ help: convert the identifier to upper camel case (notice the capitalization): `SpgPickSplitOut`

warning: type `spgInnerConsistentIn` should have an upper camel case name
   --> crates/_support/types/types_spgist/src/state.rs:157:12
    |
157 | pub struct spgInnerConsistentIn<'a> {
    |            ^^^^^^^^^^^^^^^^^^^^ help: convert the identifier to upper camel case (notice the capitalization): `SpgInnerConsistentIn`

warning: type `spgInnerConsistentOut` should have an upper camel case name
   --> crates/_support/types/types_spgist/src/state.rs:175:12
    |
175 | pub struct spgInnerConsistentOut {
    |            ^^^^^^^^^^^^^^^^^^^^^ help: convert the identifier to upper camel case (notice the capitalization): `SpgInnerConsistentOut`

warning: type `spgLeafConsistentIn` should have an upper camel case name
   --> crates/_support/types/types_spgist/src/state.rs:199:12
    |
199 | pub struct spgLeafConsistentIn {
    |            ^^^^^^^^^^^^^^^^^^^ help: convert the identifier to upper camel case (notice the capitalization): `SpgLeafConsistentIn`

warning: type `spgLeafConsistentOut` should have an upper camel case name
   --> crates/_support/types/types_spgist/src/state.rs:212:12
    |
212 | pub struct spgLeafConsistentOut {
    |            ^^^^^^^^^^^^^^^^^^^^ help: convert the identifier to upper camel case (notice the capitalization): `SpgLeafConsistentOut`

warning: type `spgxlogState` should have an upper camel case name
  --> crates/_support/types/types_spgist/src/xlog.rs:15:12
   |
15 | pub struct spgxlogState {
   |            ^^^^^^^^^^^^ help: convert the identifier to upper camel case (notice the capitalization): `SpgxlogState`

warning: type `spgxlogAddLeaf` should have an upper camel case name
  --> crates/_support/types/types_spgist/src/xlog.rs:40:12
   |
40 | pub struct spgxlogAddLeaf {
   |            ^^^^^^^^^^^^^^ help: convert the identifier to upper camel case (notice the capitalization): `SpgxlogAddLeaf`

warning: type `spgxlogMoveLeafs` should have an upper camel case name
  --> crates/_support/types/types_spgist/src/xlog.rs:76:12
   |
76 | pub struct spgxlogMoveLeafs {
   |            ^^^^^^^^^^^^^^^^ help: convert the identifier to upper camel case (notice the capitalization): `SpgxlogMoveLeafs`

warning: type `spgxlogAddNode` should have an upper camel case name
   --> crates/_support/types/types_spgist/src/xlog.rs:115:12
    |
115 | pub struct spgxlogAddNode {
    |            ^^^^^^^^^^^^^^ help: convert the identifier to upper camel case (notice the capitalization): `SpgxlogAddNode`

warning: type `spgxlogSplitTuple` should have an upper camel case name
   --> crates/_support/types/types_spgist/src/xlog.rs:154:12
    |
154 | pub struct spgxlogSplitTuple {
    |            ^^^^^^^^^^^^^^^^^ help: convert the identifier to upper camel case (notice the capitalization): `SpgxlogSplitTuple`

warning: type `spgxlogPickSplit` should have an upper camel case name
   --> crates/_support/types/types_spgist/src/xlog.rs:184:12
    |
184 | pub struct spgxlogPickSplit {
    |            ^^^^^^^^^^^^^^^^ help: convert the identifier to upper camel case (notice the capitalization): `SpgxlogPickSplit`

warning: type `spgxlogVacuumLeaf` should have an upper camel case name
   --> crates/_support/types/types_spgist/src/xlog.rs:238:12
    |
238 | pub struct spgxlogVacuumLeaf {
    |            ^^^^^^^^^^^^^^^^^ help: convert the identifier to upper camel case (notice the capitalization): `SpgxlogVacuumLeaf`

warning: type `spgxlogVacuumRoot` should have an upper camel case name
   --> crates/_support/types/types_spgist/src/xlog.rs:271:12
    |
271 | pub struct spgxlogVacuumRoot {
    |            ^^^^^^^^^^^^^^^^^ help: convert the identifier to upper camel case (notice the capitalization): `SpgxlogVacuumRoot`

warning: type `spgxlogVacuumRedirect` should have an upper camel case name
   --> crates/_support/types/types_spgist/src/xlog.rs:295:12
    |
295 | pub struct spgxlogVacuumRedirect {
    |            ^^^^^^^^^^^^^^^^^^^^^ help: convert the identifier to upper camel case (notice the capitalization): `SpgxlogVacuumRedirect`

warning: type `spgConfigIn` should have an upper camel case name
   --> crates/_support/types/types_spgist/src/lib.rs:237:12
    |
237 | pub struct spgConfigIn {
    |            ^^^^^^^^^^^ help: convert the identifier to upper camel case (notice the capitalization): `SpgConfigIn`

warning: type `spgConfigOut` should have an upper camel case name
   --> crates/_support/types/types_spgist/src/lib.rs:242:12
    |
242 | pub struct spgConfigOut {
    |            ^^^^^^^^^^^^ help: convert the identifier to upper camel case (notice the capitalization): `SpgConfigOut`

warning: `types_spgist` (lib) generated 19 warnings
       Fresh types_rel v0.1.0 (/tmp/cargo-mutants-src-uak1bs.tmp/crates/_support/types/rel)
       Fresh namespace_seams v0.0.0 (/tmp/cargo-mutants-src-uak1bs.tmp/crates/backend/catalog/namespace_seams)
warning: direct cast of function item into an integer
   --> crates/backend/utils/mb/mbutils/src/tests.rs:413:27
    |
413 |         pg_utf8_increment as usize
    |                           ^^^^^^^^
    |
    = note: `#[warn(function_casts_as_integer)]` on by default
help: first cast to a pointer `as *const ()`
    |
413 |         pg_utf8_increment as *const () as usize
    |                           ++++++++++++

warning: `mbutils` (lib test) generated 1 warning (run `cargo fix --lib -p mbutils --tests` to apply 1 suggestion)
       Fresh mbutils v0.1.0 (/tmp/cargo-mutants-src-uak1bs.tmp/crates/backend/utils/mb/mbutils)
    Finished `test` profile [unoptimized + debuginfo] target(s) in 0.71s
     Running `/tmp/cargo-mutants-src-uak1bs.tmp/target/debug/deps/mbutils-b45b698b4fa5b919`

running 34 tests
test divergence10_regression::non_utf8_name_cleans_byte_wise ... ok
test tests::any_to_server_validates_even_without_conversion ... FAILED
test tests::charinc_dispatch_and_generic ... FAILED
test tests::ascii_server_rejects_highbit_from_client_only_encoding ... ok
test tests::conversion_needed_truth_table ... FAILED
test tests::check_conversion_args ... ok
test tests::database_encoding_accessors ... FAILED
test tests::do_encoding_conversion_identity_and_validation ... ok
test tests::enc2name_matches_wchar_ids ... ok
test tests::encname_lookup_matches_encnames_c ... ok
test tests::eucjp_increment_cases ... ok
test tests::mb2wchar_roundtrip_utf8 ... FAILED
test tests::ascii_run_boundaries ... ok
test tests::mbcharcliplen_counts_characters ... FAILED
test tests::mbcliplen_single_byte_stops_at_nul ... ok
test tests::mbstrlen_ascii_run_differential ... FAILED
test tests::mbcliplen_utf8_boundaries ... FAILED
test tests::mblen_family ... FAILED
test tests::mbstrlen_variants ... FAILED
test tests::mbstrlen_with_len_errors_on_truncated_trailing_char ... FAILED
test tests::mule_internal_lc1_lc2_roundtrip ... ok
test tests::no_conversion_returns_none_without_allocating ... FAILED
test tests::pending_client_encoding_applied_at_startup ... FAILED
test tests::prepare_outside_transaction_needs_cache ... FAILED
test tests::reporters_match_c_shapes ... ok
test tests::seams_installed ... FAILED
test tests::server_to_any_identity_cases ... FAILED
test tests::set_client_encoding_rejects_invalid ... FAILED
test tests::sql_ascii_client_is_identity ... FAILED
test tests::unicode_to_server_utf8_paths ... FAILED
test tests::utf8_increment_cases ... ok
test tests::unicode_to_server_without_proc_fails ... FAILED
test tests::verify_mbstr_len_counts_and_rejects ... ok
test tests::verify_mbstr_reports_c_message ... FAILED

failures:

---- tests::any_to_server_validates_even_without_conversion stdout ----

thread 'tests::any_to_server_validates_even_without_conversion' (106053) panicked at crates/backend/utils/mb/mbutils/src/tests.rs:257:34:
called `Result::unwrap()` on an `Err` value: PgError { level: ErrorLevel(21), sqlstate: SqlState(2600), message: "invalid database encoding: 6", message_raw: None, detail: None, detail_log: None, hint: None, context: None, backtrace: None, message_id: None, domain: None, context_domain: None, hide_statement: false, hide_context: false, location: Some(ErrorLocation { filename: Some("crates/backend/utils/mb/mbutils/src/lib.rs"), lineno: 921, funcname: None }), saved_errno: None, cursor_position: None, internal_position: None, internal_query: None, schema_name: None, table_name: None, column_name: None, datatype_name: None, constraint_name: None, plpgsql_context_attached: false }
note: run with `RUST_BACKTRACE=1` environment variable to display a backtrace

---- tests::charinc_dispatch_and_generic stdout ----

thread 'tests::charinc_dispatch_and_generic' (106056) panicked at crates/backend/utils/mb/mbutils/src/tests.rs:410:34:
called `Result::unwrap()` on an `Err` value: PgError { level: ErrorLevel(21), sqlstate: SqlState(2600), message: "invalid database encoding: 6", message_raw: None, detail: None, detail_log: None, hint: None, context: None, backtrace: None, message_id: None, domain: None, context_domain: None, hide_statement: false, hide_context: false, location: Some(ErrorLocation { filename: Some("crates/backend/utils/mb/mbutils/src/lib.rs"), lineno: 921, funcname: None }), saved_errno: None, cursor_position: None, internal_position: None, internal_query: None, schema_name: None, table_name: None, column_name: None, datatype_name: None, constraint_name: None, plpgsql_context_attached: false }

---- tests::conversion_needed_truth_table stdout ----

thread 'tests::conversion_needed_truth_table' (106058) panicked at crates/backend/utils/mb/mbutils/src/tests.rs:34:34:
called `Result::unwrap()` on an `Err` value: PgError { level: ErrorLevel(21), sqlstate: SqlState(2600), message: "invalid database encoding: 6", message_raw: None, detail: None, detail_log: None, hint: None, context: None, backtrace: None, message_id: None, domain: None, context_domain: None, hide_statement: false, hide_context: false, location: Some(ErrorLocation { filename: Some("crates/backend/utils/mb/mbutils/src/lib.rs"), lineno: 921, funcname: None }), saved_errno: None, cursor_position: None, internal_position: None, internal_query: None, schema_name: None, table_name: None, column_name: None, datatype_name: None, constraint_name: None, plpgsql_context_attached: false }

---- tests::database_encoding_accessors stdout ----

thread 'tests::database_encoding_accessors' (106059) panicked at crates/backend/utils/mb/mbutils/src/tests.rs:77:34:
called `Result::unwrap()` on an `Err` value: PgError { level: ErrorLevel(21), sqlstate: SqlState(2600), message: "invalid database encoding: 6", message_raw: None, detail: None, detail_log: None, hint: None, context: None, backtrace: None, message_id: None, domain: None, context_domain: None, hide_statement: false, hide_context: false, location: Some(ErrorLocation { filename: Some("crates/backend/utils/mb/mbutils/src/lib.rs"), lineno: 921, funcname: None }), saved_errno: None, cursor_position: None, internal_position: None, internal_query: None, schema_name: None, table_name: None, column_name: None, datatype_name: None, constraint_name: None, plpgsql_context_attached: false }

---- tests::mb2wchar_roundtrip_utf8 stdout ----

thread 'tests::mb2wchar_roundtrip_utf8' (106064) panicked at crates/backend/utils/mb/mbutils/src/tests.rs:350:34:
called `Result::unwrap()` on an `Err` value: PgError { level: ErrorLevel(21), sqlstate: SqlState(2600), message: "invalid database encoding: 6", message_raw: None, detail: None, detail_log: None, hint: None, context: None, backtrace: None, message_id: None, domain: None, context_domain: None, hide_statement: false, hide_context: false, location: Some(ErrorLocation { filename: Some("crates/backend/utils/mb/mbutils/src/lib.rs"), lineno: 921, funcname: None }), saved_errno: None, cursor_position: None, internal_position: None, internal_query: None, schema_name: None, table_name: None, column_name: None, datatype_name: None, constraint_name: None, plpgsql_context_attached: false }

---- tests::mbcharcliplen_counts_characters stdout ----

thread 'tests::mbcharcliplen_counts_characters' (106065) panicked at crates/backend/utils/mb/mbutils/src/tests.rs:118:34:
called `Result::unwrap()` on an `Err` value: PgError { level: ErrorLevel(21), sqlstate: SqlState(2600), message: "invalid database encoding: 6", message_raw: None, detail: None, detail_log: None, hint: None, context: None, backtrace: None, message_id: None, domain: None, context_domain: None, hide_statement: false, hide_context: false, location: Some(ErrorLocation { filename: Some("crates/backend/utils/mb/mbutils/src/lib.rs"), lineno: 921, funcname: None }), saved_errno: None, cursor_position: None, internal_position: None, internal_query: None, schema_name: None, table_name: None, column_name: None, datatype_name: None, constraint_name: None, plpgsql_context_attached: false }

---- tests::mbstrlen_ascii_run_differential stdout ----

thread 'tests::mbstrlen_ascii_run_differential' (106069) panicked at crates/backend/utils/mb/mbutils/src/tests.rs:170:34:
called `Result::unwrap()` on an `Err` value: PgError { level: ErrorLevel(21), sqlstate: SqlState(2600), message: "invalid database encoding: 6", message_raw: None, detail: None, detail_log: None, hint: None, context: None, backtrace: None, message_id: None, domain: None, context_domain: None, hide_statement: false, hide_context: false, location: Some(ErrorLocation { filename: Some("crates/backend/utils/mb/mbutils/src/lib.rs"), lineno: 921, funcname: None }), saved_errno: None, cursor_position: None, internal_position: None, internal_query: None, schema_name: None, table_name: None, column_name: None, datatype_name: None, constraint_name: None, plpgsql_context_attached: false }

---- tests::mbcliplen_utf8_boundaries stdout ----

thread 'tests::mbcliplen_utf8_boundaries' (106067) panicked at crates/backend/utils/mb/mbutils/src/tests.rs:97:34:
called `Result::unwrap()` on an `Err` value: PgError { level: ErrorLevel(21), sqlstate: SqlState(2600), message: "invalid database encoding: 6", message_raw: None, detail: None, detail_log: None, hint: None, context: None, backtrace: None, message_id: None, domain: None, context_domain: None, hide_statement: false, hide_context: false, location: Some(ErrorLocation { filename: Some("crates/backend/utils/mb/mbutils/src/lib.rs"), lineno: 921, funcname: None }), saved_errno: None, cursor_position: None, internal_position: None, internal_query: None, schema_name: None, table_name: None, column_name: None, datatype_name: None, constraint_name: None, plpgsql_context_attached: false }

---- tests::mblen_family stdout ----

thread 'tests::mblen_family' (106068) panicked at crates/backend/utils/mb/mbutils/src/tests.rs:221:34:
called `Result::unwrap()` on an `Err` value: PgError { level: ErrorLevel(21), sqlstate: SqlState(2600), message: "invalid database encoding: 6", message_raw: None, detail: None, detail_log: None, hint: None, context: None, backtrace: None, message_id: None, domain: None, context_domain: None, hide_statement: false, hide_context: false, location: Some(ErrorLocation { filename: Some("crates/backend/utils/mb/mbutils/src/lib.rs"), lineno: 921, funcname: None }), saved_errno: None, cursor_position: None, internal_position: None, internal_query: None, schema_name: None, table_name: None, column_name: None, datatype_name: None, constraint_name: None, plpgsql_context_attached: false }

---- tests::mbstrlen_variants stdout ----

thread 'tests::mbstrlen_variants' (106070) panicked at crates/backend/utils/mb/mbutils/src/tests.rs:127:34:
called `Result::unwrap()` on an `Err` value: PgError { level: ErrorLevel(21), sqlstate: SqlState(2600), message: "invalid database encoding: 6", message_raw: None, detail: None, detail_log: None, hint: None, context: None, backtrace: None, message_id: None, domain: None, context_domain: None, hide_statement: false, hide_context: false, location: Some(ErrorLocation { filename: Some("crates/backend/utils/mb/mbutils/src/lib.rs"), lineno: 921, funcname: None }), saved_errno: None, cursor_position: None, internal_position: None, internal_query: None, schema_name: None, table_name: None, column_name: None, datatype_name: None, constraint_name: None, plpgsql_context_attached: false }

---- tests::mbstrlen_with_len_errors_on_truncated_trailing_char stdout ----

thread 'tests::mbstrlen_with_len_errors_on_truncated_trailing_char' (106071) panicked at crates/backend/utils/mb/mbutils/src/tests.rs:144:34:
called `Result::unwrap()` on an `Err` value: PgError { level: ErrorLevel(21), sqlstate: SqlState(2600), message: "invalid database encoding: 6", message_raw: None, detail: None, detail_log: None, hint: None, context: None, backtrace: None, message_id: None, domain: None, context_domain: None, hide_statement: false, hide_context: false, location: Some(ErrorLocation { filename: Some("crates/backend/utils/mb/mbutils/src/lib.rs"), lineno: 921, funcname: None }), saved_errno: None, cursor_position: None, internal_position: None, internal_query: None, schema_name: None, table_name: None, column_name: None, datatype_name: None, constraint_name: None, plpgsql_context_attached: false }

---- tests::no_conversion_returns_none_without_allocating stdout ----

thread 'tests::no_conversion_returns_none_without_allocating' (106073) panicked at crates/backend/utils/mb/mbutils/src/tests.rs:10:34:
called `Result::unwrap()` on an `Err` value: PgError { level: ErrorLevel(21), sqlstate: SqlState(2600), message: "invalid database encoding: 6", message_raw: None, detail: None, detail_log: None, hint: None, context: None, backtrace: None, message_id: None, domain: None, context_domain: None, hide_statement: false, hide_context: false, location: Some(ErrorLocation { filename: Some("crates/backend/utils/mb/mbutils/src/lib.rs"), lineno: 921, funcname: None }), saved_errno: None, cursor_position: None, internal_position: None, internal_query: None, schema_name: None, table_name: None, column_name: None, datatype_name: None, constraint_name: None, plpgsql_context_attached: false }

---- tests::pending_client_encoding_applied_at_startup stdout ----

thread 'tests::pending_client_encoding_applied_at_startup' (106074) panicked at crates/backend/utils/mb/mbutils/src/tests.rs:47:34:
called `Result::unwrap()` on an `Err` value: PgError { level: ErrorLevel(21), sqlstate: SqlState(2600), message: "invalid database encoding: 6", message_raw: None, detail: None, detail_log: None, hint: None, context: None, backtrace: None, message_id: None, domain: None, context_domain: None, hide_statement: false, hide_context: false, location: Some(ErrorLocation { filename: Some("crates/backend/utils/mb/mbutils/src/lib.rs"), lineno: 921, funcname: None }), saved_errno: None, cursor_position: None, internal_position: None, internal_query: None, schema_name: None, table_name: None, column_name: None, datatype_name: None, constraint_name: None, plpgsql_context_attached: false }

---- tests::prepare_outside_transaction_needs_cache stdout ----

thread 'tests::prepare_outside_transaction_needs_cache' (106075) panicked at crates/backend/utils/mb/mbutils/src/tests.rs:65:34:
called `Result::unwrap()` on an `Err` value: PgError { level: ErrorLevel(21), sqlstate: SqlState(2600), message: "invalid database encoding: 6", message_raw: None, detail: None, detail_log: None, hint: None, context: None, backtrace: None, message_id: None, domain: None, context_domain: None, hide_statement: false, hide_context: false, location: Some(ErrorLocation { filename: Some("crates/backend/utils/mb/mbutils/src/lib.rs"), lineno: 921, funcname: None }), saved_errno: None, cursor_position: None, internal_position: None, internal_query: None, schema_name: None, table_name: None, column_name: None, datatype_name: None, constraint_name: None, plpgsql_context_attached: false }

---- tests::seams_installed stdout ----

thread 'tests::seams_installed' (106077) panicked at crates/backend/utils/mb/mbutils/src/tests.rs:453:57:
called `Result::unwrap()` on an `Err` value: PgError { level: ErrorLevel(21), sqlstate: SqlState(2600), message: "invalid database encoding: 6", message_raw: None, detail: None, detail_log: None, hint: None, context: None, backtrace: None, message_id: None, domain: None, context_domain: None, hide_statement: false, hide_context: false, location: Some(ErrorLocation { filename: Some("crates/backend/utils/mb/mbutils/src/lib.rs"), lineno: 921, funcname: None }), saved_errno: None, cursor_position: None, internal_position: None, internal_query: None, schema_name: None, table_name: None, column_name: None, datatype_name: None, constraint_name: None, plpgsql_context_attached: false }

---- tests::server_to_any_identity_cases stdout ----

thread 'tests::server_to_any_identity_cases' (106078) panicked at crates/backend/utils/mb/mbutils/src/tests.rs:282:34:
called `Result::unwrap()` on an `Err` value: PgError { level: ErrorLevel(21), sqlstate: SqlState(2600), message: "invalid database encoding: 6", message_raw: None, detail: None, detail_log: None, hint: None, context: None, backtrace: None, message_id: None, domain: None, context_domain: None, hide_statement: false, hide_context: false, location: Some(ErrorLocation { filename: Some("crates/backend/utils/mb/mbutils/src/lib.rs"), lineno: 921, funcname: None }), saved_errno: None, cursor_position: None, internal_position: None, internal_query: None, schema_name: None, table_name: None, column_name: None, datatype_name: None, constraint_name: None, plpgsql_context_attached: false }

---- tests::set_client_encoding_rejects_invalid stdout ----

thread 'tests::set_client_encoding_rejects_invalid' (106079) panicked at crates/backend/utils/mb/mbutils/src/tests.rs:57:34:
called `Result::unwrap()` on an `Err` value: PgError { level: ErrorLevel(21), sqlstate: SqlState(2600), message: "invalid database encoding: 6", message_raw: None, detail: None, detail_log: None, hint: None, context: None, backtrace: None, message_id: None, domain: None, context_domain: None, hide_statement: false, hide_context: false, location: Some(ErrorLocation { filename: Some("crates/backend/utils/mb/mbutils/src/lib.rs"), lineno: 921, funcname: None }), saved_errno: None, cursor_position: None, internal_position: None, internal_query: None, schema_name: None, table_name: None, column_name: None, datatype_name: None, constraint_name: None, plpgsql_context_attached: false }

---- tests::sql_ascii_client_is_identity stdout ----

thread 'tests::sql_ascii_client_is_identity' (106080) panicked at crates/backend/utils/mb/mbutils/src/tests.rs:24:34:
called `Result::unwrap()` on an `Err` value: PgError { level: ErrorLevel(21), sqlstate: SqlState(2600), message: "invalid database encoding: 6", message_raw: None, detail: None, detail_log: None, hint: None, context: None, backtrace: None, message_id: None, domain: None, context_domain: None, hide_statement: false, hide_context: false, location: Some(ErrorLocation { filename: Some("crates/backend/utils/mb/mbutils/src/lib.rs"), lineno: 921, funcname: None }), saved_errno: None, cursor_position: None, internal_position: None, internal_query: None, schema_name: None, table_name: None, column_name: None, datatype_name: None, constraint_name: None, plpgsql_context_attached: false }

---- tests::unicode_to_server_utf8_paths stdout ----

thread 'tests::unicode_to_server_utf8_paths' (106081) panicked at crates/backend/utils/mb/mbutils/src/tests.rs:313:34:
called `Result::unwrap()` on an `Err` value: PgError { level: ErrorLevel(21), sqlstate: SqlState(2600), message: "invalid database encoding: 6", message_raw: None, detail: None, detail_log: None, hint: None, context: None, backtrace: None, message_id: None, domain: None, context_domain: None, hide_statement: false, hide_context: false, location: Some(ErrorLocation { filename: Some("crates/backend/utils/mb/mbutils/src/lib.rs"), lineno: 921, funcname: None }), saved_errno: None, cursor_position: None, internal_position: None, internal_query: None, schema_name: None, table_name: None, column_name: None, datatype_name: None, constraint_name: None, plpgsql_context_attached: false }

---- tests::unicode_to_server_without_proc_fails stdout ----

thread 'tests::unicode_to_server_without_proc_fails' (106082) panicked at crates/backend/utils/mb/mbutils/src/tests.rs:336:36:
called `Result::unwrap()` on an `Err` value: PgError { level: ErrorLevel(21), sqlstate: SqlState(2600), message: "invalid database encoding: 8", message_raw: None, detail: None, detail_log: None, hint: None, context: None, backtrace: None, message_id: None, domain: None, context_domain: None, hide_statement: false, hide_context: false, location: Some(ErrorLocation { filename: Some("crates/backend/utils/mb/mbutils/src/lib.rs"), lineno: 921, funcname: None }), saved_errno: None, cursor_position: None, internal_position: None, internal_query: None, schema_name: None, table_name: None, column_name: None, datatype_name: None, constraint_name: None, plpgsql_context_attached: false }

---- tests::verify_mbstr_reports_c_message stdout ----

thread 'tests::verify_mbstr_reports_c_message' (106085) panicked at crates/backend/utils/mb/mbutils/src/tests.rs:232:34:
called `Result::unwrap()` on an `Err` value: PgError { level: ErrorLevel(21), sqlstate: SqlState(2600), message: "invalid database encoding: 6", message_raw: None, detail: None, detail_log: None, hint: None, context: None, backtrace: None, message_id: None, domain: None, context_domain: None, hide_statement: false, hide_context: false, location: Some(ErrorLocation { filename: Some("crates/backend/utils/mb/mbutils/src/lib.rs"), lineno: 921, funcname: None }), saved_errno: None, cursor_position: None, internal_position: None, internal_query: None, schema_name: None, table_name: None, column_name: None, datatype_name: None, constraint_name: None, plpgsql_context_attached: false }


failures:
    tests::any_to_server_validates_even_without_conversion
    tests::charinc_dispatch_and_generic
    tests::conversion_needed_truth_table
    tests::database_encoding_accessors
    tests::mb2wchar_roundtrip_utf8
    tests::mbcharcliplen_counts_characters
    tests::mbcliplen_utf8_boundaries
    tests::mblen_family
    tests::mbstrlen_ascii_run_differential
    tests::mbstrlen_variants
    tests::mbstrlen_with_len_errors_on_truncated_trailing_char
    tests::no_conversion_returns_none_without_allocating
    tests::pending_client_encoding_applied_at_startup
    tests::prepare_outside_transaction_needs_cache
    tests::seams_installed
    tests::server_to_any_identity_cases
    tests::set_client_encoding_rejects_invalid
    tests::sql_ascii_client_is_identity
    tests::unicode_to_server_utf8_paths
    tests::unicode_to_server_without_proc_fails
    tests::verify_mbstr_reports_c_message

test result: FAILED. 13 passed; 21 failed; 0 ignored; 0 measured; 0 filtered out; finished in 0.00s

error: test failed, to rerun pass `-p mbutils --lib`

*** result: Failure(101)
