
*** crates/backend/utils/mb/mbutils/src/builtins.rs:39:5: replace convert_common -> PgResult<Datum> with PgResult::new()

*** mutation diff:
--- crates/backend/utils/mb/mbutils/src/builtins.rs
+++ replace convert_common -> PgResult<Datum> with PgResult::new()
@@ -31,29 +31,17 @@
 }
 
 fn convert_common(
     fcinfo: &mut Fcinfo,
     string_arg: usize,
     src_encoding: pg_enc,
     dest_encoding: pg_enc,
 ) -> PgResult<Datum> {
-    let string = unsafe { fcinfo.arg_varlena_packed(string_arg)? };
-    let src = string.data();
-    crate::pg_verify_mbstr(src_encoding, src, false)?;
-    let mcx = fcinfo.result_mcx();
-    match crate::pg_do_encoding_conversion(mcx, src, src_encoding, dest_encoding)? {
-        None => Ok(fcinfo.arg(string_arg)),
-        Some(out) => {
-            let mut image = ::mcx::vec_with_capacity_in(mcx, VARHDRSZ + out.len())?;
-            ::mcx::vec_append_bytes(&mut image, &[0u8; VARHDRSZ])?;
-            ::mcx::vec_append_bytes(&mut image, &out)?;
-            Ok(varlena_result(Varlena::from_image(image)))
-        }
-    }
+    PgResult::new() /* ~ changed by cargo-mutants ~ */
 }
 
 // BYTEA convert(BYTEA string, NAME src_encoding_name, NAME dest_encoding_name)
 pub fn fc_pg_convert(_flinfo: Option<&mut FmgrInfo>, fcinfo: &mut Fcinfo) -> PgResult<Datum> {
     let src_name = name_str(unsafe { fcinfo.arg_name(1) });
     let src_encoding = crate::pg_char_to_encoding(src_name);
     if src_encoding < 0 {
         return Err(invalid_encoding_name("source", src_name));


*** /usr/local/rustup/toolchains/1.96.0-aarch64-unknown-linux-gnu/bin/cargo test --no-run --verbose --package=mbutils@0.1.0
       Fresh version_check v0.9.5
       Fresh cfg-if v1.0.4
       Fresh once_cell v1.21.4
       Fresh allocator-api2 v0.2.21
       Fresh types_error v0.0.0 (/tmp/cargo-mutants-src-n60n21.tmp/crates/_support/types/types_error)
       Fresh rustc-hash v2.1.3
       Fresh types_core v0.0.0 (/tmp/cargo-mutants-src-n60n21.tmp/crates/_support/types/types_core)
       Fresh seam_core v0.1.0 (/tmp/cargo-mutants-src-n60n21.tmp/crates/_support/seam_core)
       Fresh rel_vocab v0.1.0 (/tmp/cargo-mutants-src-n60n21.tmp/crates/_support/types/rel_vocab)
       Fresh zerocopy v0.8.53
       Fresh xact_seams v0.0.0 (/tmp/cargo-mutants-src-n60n21.tmp/crates/backend/access/transam/xact_seams)
       Fresh wchar v0.1.0 (/tmp/cargo-mutants-src-n60n21.tmp/crates/common/wchar)
       Fresh libc v0.2.186
       Fresh ahash v0.8.12
       Fresh pg_clock v0.1.0 (/tmp/cargo-mutants-src-n60n21.tmp/crates/port/pg_clock)
       Fresh pg_strong_random v0.1.0 (/tmp/cargo-mutants-src-n60n21.tmp/crates/port/pg_strong_random)
       Fresh hashbrown v0.14.5
       Fresh pgsync v0.1.0 (/tmp/cargo-mutants-src-n60n21.tmp/crates/_support/pgsync)
       Fresh mcx v0.0.0 (/tmp/cargo-mutants-src-n60n21.tmp/crates/_support/mcx)
warning: variant `Malloc` is never constructed
  --> crates/_support/mcx/src/lib.rs:64:5
   |
61 | enum Backend {
   |      ------- variant in this enum
...
64 |     Malloc,
   |     ^^^^^^
   |
   = note: `#[warn(dead_code)]` (part of `#[warn(unused)]`) on by default

warning: function `chunk_size` is never used
   --> crates/_support/mcx/src/aset.rs:284:4
    |
284 | fn chunk_size(idx: usize) -> usize {
    |    ^^^^^^^^^^

warning: method `mem_allocated` is never used
   --> crates/_support/mcx/src/aset.rs:340:19
    |
306 | impl AllocSet {
    | ------------- method in this implementation
...
340 |     pub(crate) fn mem_allocated(&self) -> usize {
    |                   ^^^^^^^^^^^^^

warning: `mcx` (lib) generated 3 warnings
       Fresh datum v0.0.0 (/tmp/cargo-mutants-src-n60n21.tmp/crates/_support/types/datum)
       Fresh stringinfo v0.1.0 (/tmp/cargo-mutants-src-n60n21.tmp/crates/_support/types/stringinfo)
       Fresh types_storage v0.1.0 (/tmp/cargo-mutants-src-n60n21.tmp/crates/_support/types/types_storage)
       Fresh types_trigger v0.1.0 (/tmp/cargo-mutants-src-n60n21.tmp/crates/_support/types/types_trigger)
       Fresh mbutils_seams v0.1.0 (/tmp/cargo-mutants-src-n60n21.tmp/crates/backend/utils/mb/mbutils_seams)
       Fresh types_tuple v0.1.0 (/tmp/cargo-mutants-src-n60n21.tmp/crates/_support/types/types_tuple)
       Fresh detoast_seams v0.1.0 (/tmp/cargo-mutants-src-n60n21.tmp/crates/backend/access/common/detoast_seams)
       Fresh types_hash v0.1.0 (/tmp/cargo-mutants-src-n60n21.tmp/crates/_support/types/hash)
       Fresh types_fmgr v0.1.0 (/tmp/cargo-mutants-src-n60n21.tmp/crates/_support/types/fmgr)
       Fresh types_scan v0.1.0 (/tmp/cargo-mutants-src-n60n21.tmp/crates/_support/types/types_scan)
       Fresh types_gist v0.1.0 (/tmp/cargo-mutants-src-n60n21.tmp/crates/_support/types/gist)
       Fresh types_bloom v0.1.0 (/tmp/cargo-mutants-src-n60n21.tmp/crates/_support/types/types_bloom)
       Fresh fmgr_seams v0.1.0 (/tmp/cargo-mutants-src-n60n21.tmp/crates/backend/utils/fmgr/fmgr_seams)
       Fresh types_nbtree v0.1.0 (/tmp/cargo-mutants-src-n60n21.tmp/crates/_support/types/types_nbtree)
       Fresh types_spgist v0.1.0 (/tmp/cargo-mutants-src-n60n21.tmp/crates/_support/types/types_spgist)
warning: type `spgChooseIn` should have an upper camel case name
  --> crates/_support/types/types_spgist/src/state.rs:92:12
   |
92 | pub struct spgChooseIn {
   |            ^^^^^^^^^^^ help: convert the identifier to upper camel case (notice the capitalization): `SpgChooseIn`
   |
   = note: `#[warn(non_camel_case_types)]` (part of `#[warn(nonstandard_style)]`) on by default

warning: type `spgChooseOut` should have an upper camel case name
   --> crates/_support/types/types_spgist/src/state.rs:104:10
    |
104 | pub enum spgChooseOut {
    |          ^^^^^^^^^^^^ help: convert the identifier to upper camel case (notice the capitalization): `SpgChooseOut`

warning: type `spgPickSplitIn` should have an upper camel case name
   --> crates/_support/types/types_spgist/src/state.rs:127:12
    |
127 | pub struct spgPickSplitIn {
    |            ^^^^^^^^^^^^^^ help: convert the identifier to upper camel case (notice the capitalization): `SpgPickSplitIn`

warning: type `spgPickSplitOut` should have an upper camel case name
   --> crates/_support/types/types_spgist/src/state.rs:134:12
    |
134 | pub struct spgPickSplitOut {
    |            ^^^^^^^^^^^^^^^ help: convert the identifier to upper camel case (notice the capitalization): `SpgPickSplitOut`

warning: type `spgInnerConsistentIn` should have an upper camel case name
   --> crates/_support/types/types_spgist/src/state.rs:157:12
    |
157 | pub struct spgInnerConsistentIn<'a> {
    |            ^^^^^^^^^^^^^^^^^^^^ help: convert the identifier to upper camel case (notice the capitalization): `SpgInnerConsistentIn`

warning: type `spgInnerConsistentOut` should have an upper camel case name
   --> crates/_support/types/types_spgist/src/state.rs:175:12
    |
175 | pub struct spgInnerConsistentOut {
    |            ^^^^^^^^^^^^^^^^^^^^^ help: convert the identifier to upper camel case (notice the capitalization): `SpgInnerConsistentOut`

warning: type `spgLeafConsistentIn` should have an upper camel case name
   --> crates/_support/types/types_spgist/src/state.rs:199:12
    |
199 | pub struct spgLeafConsistentIn {
    |            ^^^^^^^^^^^^^^^^^^^ help: convert the identifier to upper camel case (notice the capitalization): `SpgLeafConsistentIn`

warning: type `spgLeafConsistentOut` should have an upper camel case name
   --> crates/_support/types/types_spgist/src/state.rs:212:12
    |
212 | pub struct spgLeafConsistentOut {
    |            ^^^^^^^^^^^^^^^^^^^^ help: convert the identifier to upper camel case (notice the capitalization): `SpgLeafConsistentOut`

warning: type `spgxlogState` should have an upper camel case name
  --> crates/_support/types/types_spgist/src/xlog.rs:15:12
   |
15 | pub struct spgxlogState {
   |            ^^^^^^^^^^^^ help: convert the identifier to upper camel case (notice the capitalization): `SpgxlogState`

warning: type `spgxlogAddLeaf` should have an upper camel case name
  --> crates/_support/types/types_spgist/src/xlog.rs:40:12
   |
40 | pub struct spgxlogAddLeaf {
   |            ^^^^^^^^^^^^^^ help: convert the identifier to upper camel case (notice the capitalization): `SpgxlogAddLeaf`

warning: type `spgxlogMoveLeafs` should have an upper camel case name
  --> crates/_support/types/types_spgist/src/xlog.rs:76:12
   |
76 | pub struct spgxlogMoveLeafs {
   |            ^^^^^^^^^^^^^^^^ help: convert the identifier to upper camel case (notice the capitalization): `SpgxlogMoveLeafs`

warning: type `spgxlogAddNode` should have an upper camel case name
   --> crates/_support/types/types_spgist/src/xlog.rs:115:12
    |
115 | pub struct spgxlogAddNode {
    |            ^^^^^^^^^^^^^^ help: convert the identifier to upper camel case (notice the capitalization): `SpgxlogAddNode`

warning: type `spgxlogSplitTuple` should have an upper camel case name
   --> crates/_support/types/types_spgist/src/xlog.rs:154:12
    |
154 | pub struct spgxlogSplitTuple {
    |            ^^^^^^^^^^^^^^^^^ help: convert the identifier to upper camel case (notice the capitalization): `SpgxlogSplitTuple`

warning: type `spgxlogPickSplit` should have an upper camel case name
   --> crates/_support/types/types_spgist/src/xlog.rs:184:12
    |
184 | pub struct spgxlogPickSplit {
    |            ^^^^^^^^^^^^^^^^ help: convert the identifier to upper camel case (notice the capitalization): `SpgxlogPickSplit`

warning: type `spgxlogVacuumLeaf` should have an upper camel case name
   --> crates/_support/types/types_spgist/src/xlog.rs:238:12
    |
238 | pub struct spgxlogVacuumLeaf {
    |            ^^^^^^^^^^^^^^^^^ help: convert the identifier to upper camel case (notice the capitalization): `SpgxlogVacuumLeaf`

warning: type `spgxlogVacuumRoot` should have an upper camel case name
   --> crates/_support/types/types_spgist/src/xlog.rs:271:12
    |
271 | pub struct spgxlogVacuumRoot {
    |            ^^^^^^^^^^^^^^^^^ help: convert the identifier to upper camel case (notice the capitalization): `SpgxlogVacuumRoot`

warning: type `spgxlogVacuumRedirect` should have an upper camel case name
   --> crates/_support/types/types_spgist/src/xlog.rs:295:12
    |
295 | pub struct spgxlogVacuumRedirect {
    |            ^^^^^^^^^^^^^^^^^^^^^ help: convert the identifier to upper camel case (notice the capitalization): `SpgxlogVacuumRedirect`

warning: type `spgConfigIn` should have an upper camel case name
   --> crates/_support/types/types_spgist/src/lib.rs:237:12
    |
237 | pub struct spgConfigIn {
    |            ^^^^^^^^^^^ help: convert the identifier to upper camel case (notice the capitalization): `SpgConfigIn`

warning: type `spgConfigOut` should have an upper camel case name
   --> crates/_support/types/types_spgist/src/lib.rs:242:12
    |
242 | pub struct spgConfigOut {
    |            ^^^^^^^^^^^^ help: convert the identifier to upper camel case (notice the capitalization): `SpgConfigOut`

warning: `types_spgist` (lib) generated 19 warnings
       Fresh types_rel v0.1.0 (/tmp/cargo-mutants-src-n60n21.tmp/crates/_support/types/rel)
       Fresh namespace_seams v0.0.0 (/tmp/cargo-mutants-src-n60n21.tmp/crates/backend/catalog/namespace_seams)
       Dirty mbutils v0.1.0 (/tmp/cargo-mutants-src-n60n21.tmp/crates/backend/utils/mb/mbutils): couldn't read metadata for file `target/debug/deps/libmbutils-26fe966b52a9688e.rlib`
   Compiling mbutils v0.1.0 (/tmp/cargo-mutants-src-n60n21.tmp/crates/backend/utils/mb/mbutils)
     Running `/usr/local/rustup/toolchains/1.96.0-aarch64-unknown-linux-gnu/bin/rustc --crate-name mbutils --edition=2021 crates/backend/utils/mb/mbutils/src/lib.rs --error-format=json --json=diagnostic-rendered-ansi,artifacts,future-incompat --emit=dep-info,link -C embed-bitcode=no -C debuginfo=line-tables-only -C split-debuginfo=unpacked --test --check-cfg 'cfg(docsrs,test)' --check-cfg 'cfg(feature, values())' -C metadata=af65520103c04c57 -C extra-filename=-b45b698b4fa5b919 --out-dir /tmp/cargo-mutants-src-n60n21.tmp/target/debug/deps -L dependency=/tmp/cargo-mutants-src-n60n21.tmp/target/debug/deps --extern datum=/tmp/cargo-mutants-src-n60n21.tmp/target/debug/deps/libdatum-03e730a59f80c1e6.rlib --extern fmgr_seams=/tmp/cargo-mutants-src-n60n21.tmp/target/debug/deps/libfmgr_seams-b7735fc4587ac3e2.rlib --extern mbutils_seams=/tmp/cargo-mutants-src-n60n21.tmp/target/debug/deps/libmbutils_seams-4db06d91ff66387e.rlib --extern mcx=/tmp/cargo-mutants-src-n60n21.tmp/target/debug/deps/libmcx-279b2aa6087b29c0.rlib --extern namespace_seams=/tmp/cargo-mutants-src-n60n21.tmp/target/debug/deps/libnamespace_seams-8f25e5986ab6bec9.rlib --extern types_core=/tmp/cargo-mutants-src-n60n21.tmp/target/debug/deps/libtypes_core-0d9118de0dbccbea.rlib --extern types_error=/tmp/cargo-mutants-src-n60n21.tmp/target/debug/deps/libtypes_error-c16bdb10ad7f34c8.rlib --extern types_fmgr=/tmp/cargo-mutants-src-n60n21.tmp/target/debug/deps/libtypes_fmgr-ff08b237599455ce.rlib --extern wchar=/tmp/cargo-mutants-src-n60n21.tmp/target/debug/deps/libwchar-da99c5603b4b462e.rlib --extern xact_seams=/tmp/cargo-mutants-src-n60n21.tmp/target/debug/deps/libxact_seams-061af81be05bb434.rlib`
     Running `/usr/local/rustup/toolchains/1.96.0-aarch64-unknown-linux-gnu/bin/rustc --crate-name mbutils --edition=2021 crates/backend/utils/mb/mbutils/src/lib.rs --error-format=json --json=diagnostic-rendered-ansi,artifacts,future-incompat --crate-type lib --emit=dep-info,metadata,link -C embed-bitcode=no -C debuginfo=line-tables-only -C split-debuginfo=unpacked --check-cfg 'cfg(docsrs,test)' --check-cfg 'cfg(feature, values())' -C metadata=41be7aa174e9bf93 -C extra-filename=-26fe966b52a9688e --out-dir /tmp/cargo-mutants-src-n60n21.tmp/target/debug/deps -L dependency=/tmp/cargo-mutants-src-n60n21.tmp/target/debug/deps --extern datum=/tmp/cargo-mutants-src-n60n21.tmp/target/debug/deps/libdatum-03e730a59f80c1e6.rmeta --extern fmgr_seams=/tmp/cargo-mutants-src-n60n21.tmp/target/debug/deps/libfmgr_seams-b7735fc4587ac3e2.rmeta --extern mbutils_seams=/tmp/cargo-mutants-src-n60n21.tmp/target/debug/deps/libmbutils_seams-4db06d91ff66387e.rmeta --extern mcx=/tmp/cargo-mutants-src-n60n21.tmp/target/debug/deps/libmcx-279b2aa6087b29c0.rmeta --extern namespace_seams=/tmp/cargo-mutants-src-n60n21.tmp/target/debug/deps/libnamespace_seams-8f25e5986ab6bec9.rmeta --extern types_core=/tmp/cargo-mutants-src-n60n21.tmp/target/debug/deps/libtypes_core-0d9118de0dbccbea.rmeta --extern types_error=/tmp/cargo-mutants-src-n60n21.tmp/target/debug/deps/libtypes_error-c16bdb10ad7f34c8.rmeta --extern types_fmgr=/tmp/cargo-mutants-src-n60n21.tmp/target/debug/deps/libtypes_fmgr-ff08b237599455ce.rmeta --extern wchar=/tmp/cargo-mutants-src-n60n21.tmp/target/debug/deps/libwchar-da99c5603b4b462e.rmeta --extern xact_seams=/tmp/cargo-mutants-src-n60n21.tmp/target/debug/deps/libxact_seams-061af81be05bb434.rmeta`
warning: unused imports: `VARHDRSZ` and `Varlena`
 --> crates/backend/utils/mb/mbutils/src/builtins.rs:1:20
  |
1 | use datum::{Datum, Varlena, VARHDRSZ};
  |                    ^^^^^^^  ^^^^^^^^
  |
  = note: `#[warn(unused_imports)]` (part of `#[warn(unused)]`) on by default

warning: unused import: `varlena_result`
 --> crates/backend/utils/mb/mbutils/src/builtins.rs:4:19
  |
4 |     byref_result, varlena_result, FmgrBuiltin, FmgrInfo, FunctionCallInfoBaseData as Fcinfo,
  |                   ^^^^^^^^^^^^^^

error[E0599]: no variant, associated function, or constant named `new` found for enum `Result<T, E>` in the current scope
  --> crates/backend/utils/mb/mbutils/src/builtins.rs:39:15
   |
39 |     PgResult::new() /* ~ changed by cargo-mutants ~ */
   |               ^^^ variant, associated function, or constant not found in `Result<_, Box<PgError>>`
   |
help: there is a method `ne` with a similar name, but with different arguments
  --> /rustc/ac68faa20c58cbccd01ee7208bf3b6e93a7d7f96/library/core/src/cmp.rs:263:4

For more information about this error, try `rustc --explain E0599`.
warning: `mbutils` (lib) generated 2 warnings
error: could not compile `mbutils` (lib) due to 1 previous error; 2 warnings emitted

Caused by:
  process didn't exit successfully: `/usr/local/rustup/toolchains/1.96.0-aarch64-unknown-linux-gnu/bin/rustc --crate-name mbutils --edition=2021 crates/backend/utils/mb/mbutils/src/lib.rs --error-format=json --json=diagnostic-rendered-ansi,artifacts,future-incompat --crate-type lib --emit=dep-info,metadata,link -C embed-bitcode=no -C debuginfo=line-tables-only -C split-debuginfo=unpacked --check-cfg 'cfg(docsrs,test)' --check-cfg 'cfg(feature, values())' -C metadata=41be7aa174e9bf93 -C extra-filename=-26fe966b52a9688e --out-dir /tmp/cargo-mutants-src-n60n21.tmp/target/debug/deps -L dependency=/tmp/cargo-mutants-src-n60n21.tmp/target/debug/deps --extern datum=/tmp/cargo-mutants-src-n60n21.tmp/target/debug/deps/libdatum-03e730a59f80c1e6.rmeta --extern fmgr_seams=/tmp/cargo-mutants-src-n60n21.tmp/target/debug/deps/libfmgr_seams-b7735fc4587ac3e2.rmeta --extern mbutils_seams=/tmp/cargo-mutants-src-n60n21.tmp/target/debug/deps/libmbutils_seams-4db06d91ff66387e.rmeta --extern mcx=/tmp/cargo-mutants-src-n60n21.tmp/target/debug/deps/libmcx-279b2aa6087b29c0.rmeta --extern namespace_seams=/tmp/cargo-mutants-src-n60n21.tmp/target/debug/deps/libnamespace_seams-8f25e5986ab6bec9.rmeta --extern types_core=/tmp/cargo-mutants-src-n60n21.tmp/target/debug/deps/libtypes_core-0d9118de0dbccbea.rmeta --extern types_error=/tmp/cargo-mutants-src-n60n21.tmp/target/debug/deps/libtypes_error-c16bdb10ad7f34c8.rmeta --extern types_fmgr=/tmp/cargo-mutants-src-n60n21.tmp/target/debug/deps/libtypes_fmgr-ff08b237599455ce.rmeta --extern wchar=/tmp/cargo-mutants-src-n60n21.tmp/target/debug/deps/libwchar-da99c5603b4b462e.rmeta --extern xact_seams=/tmp/cargo-mutants-src-n60n21.tmp/target/debug/deps/libxact_seams-061af81be05bb434.rmeta` (exit status: 1)
warning: build failed, waiting for other jobs to finish...
warning: `mbutils` (lib test) generated 2 warnings (2 duplicates)
error: could not compile `mbutils` (lib test) due to 1 previous error; 2 warnings emitted

Caused by:
  process didn't exit successfully: `/usr/local/rustup/toolchains/1.96.0-aarch64-unknown-linux-gnu/bin/rustc --crate-name mbutils --edition=2021 crates/backend/utils/mb/mbutils/src/lib.rs --error-format=json --json=diagnostic-rendered-ansi,artifacts,future-incompat --emit=dep-info,link -C embed-bitcode=no -C debuginfo=line-tables-only -C split-debuginfo=unpacked --test --check-cfg 'cfg(docsrs,test)' --check-cfg 'cfg(feature, values())' -C metadata=af65520103c04c57 -C extra-filename=-b45b698b4fa5b919 --out-dir /tmp/cargo-mutants-src-n60n21.tmp/target/debug/deps -L dependency=/tmp/cargo-mutants-src-n60n21.tmp/target/debug/deps --extern datum=/tmp/cargo-mutants-src-n60n21.tmp/target/debug/deps/libdatum-03e730a59f80c1e6.rlib --extern fmgr_seams=/tmp/cargo-mutants-src-n60n21.tmp/target/debug/deps/libfmgr_seams-b7735fc4587ac3e2.rlib --extern mbutils_seams=/tmp/cargo-mutants-src-n60n21.tmp/target/debug/deps/libmbutils_seams-4db06d91ff66387e.rlib --extern mcx=/tmp/cargo-mutants-src-n60n21.tmp/target/debug/deps/libmcx-279b2aa6087b29c0.rlib --extern namespace_seams=/tmp/cargo-mutants-src-n60n21.tmp/target/debug/deps/libnamespace_seams-8f25e5986ab6bec9.rlib --extern types_core=/tmp/cargo-mutants-src-n60n21.tmp/target/debug/deps/libtypes_core-0d9118de0dbccbea.rlib --extern types_error=/tmp/cargo-mutants-src-n60n21.tmp/target/debug/deps/libtypes_error-c16bdb10ad7f34c8.rlib --extern types_fmgr=/tmp/cargo-mutants-src-n60n21.tmp/target/debug/deps/libtypes_fmgr-ff08b237599455ce.rlib --extern wchar=/tmp/cargo-mutants-src-n60n21.tmp/target/debug/deps/libwchar-da99c5603b4b462e.rlib --extern xact_seams=/tmp/cargo-mutants-src-n60n21.tmp/target/debug/deps/libxact_seams-061af81be05bb434.rlib` (exit status: 1)

*** result: Failure(101)
