-- go-jet appbench lane (notes/appbench/jet.md, difference 2): an aggregate
-- whose arguments belong to a query two or more levels up (agglevelsup >= 2)
-- inside a FROM-subquery that pull_up_simple_subquery flattens. C's
-- IncrementVarSublevelsUp(subquery, -1, 1) adjusts Aggref.agglevelsup and
-- GroupingFunc.agglevelsup along with Var.varlevelsup; pgrust's functional
-- offset pass (offset_expr) and the deep-copy gate (query_has_uplevel_vars)
-- only knew Var / PlaceHolderVar / ReturningExpr, so the pulled-up Aggref kept
-- agglevelsup 2 and replace_outer_agg walked off the ancestor chain
-- ("agglevelsup 2 exceeds the ancestor chain"; "plan should not reference
-- subplan's variable" when wrapped in an outer FROM-subquery).
-- Minimal shape: depth 2.
SELECT (SELECT s FROM (SELECT SUM(g) AS s) r) FROM generate_series(1,3) g;
 s 
---
 6
(1 row)

-- Depth 3.
SELECT (SELECT (SELECT s2 FROM (SELECT s AS s2) r2) FROM (SELECT SUM(g) AS s) r)
FROM generate_series(1,3) g;
 s2 
----
  6
(1 row)

-- Depth-2 aggregate that stays a SubqueryScan (OFFSET 0 blocks the pull-up):
-- the ancestor-chain walk itself.
SELECT (SELECT s FROM (SELECT SUM(g) AS s OFFSET 0) r) FROM generate_series(1,3) g;
 s 
---
 6
(1 row)

-- Same with GROUP BY on the owning level.
SELECT g % 2 AS k, (SELECT s FROM (SELECT SUM(g) AS s) r)
FROM generate_series(1,7) g GROUP BY g % 2 ORDER BY 1;
 k | s  
---+----
 0 | 12
 1 | 16
(2 rows)

-- Multiple outer-level aggregates in one pulled-up subquery.
SELECT g % 3 AS k,
       (SELECT row_to_json(r) FROM (SELECT SUM(g) AS s, AVG(g) AS a, COUNT(*) AS c) r)
FROM generate_series(1,10) g GROUP BY g % 3 ORDER BY 1;
 k |              row_to_json              
---+---------------------------------------
 0 | {"s":18,"a":6.0000000000000000,"c":1}
 1 | {"s":22,"a":5.5000000000000000,"c":1}
 2 | {"s":15,"a":5.0000000000000000,"c":1}
(3 rows)

-- jet's SELECT_JSON_ARR over SELECT_JSON_OBJ(SUM(...)) shape: the failing
-- query is itself a FROM-subquery of an outer json_agg.
SELECT json_agg(x ORDER BY k) FROM (SELECT g%3 AS k,
   (SELECT row_to_json(r) FROM (SELECT SUM(g) AS s) r)
 FROM generate_series(1,10) g GROUP BY g%3) x;
             json_agg              
-----------------------------------
 [{"k":0,"row_to_json":{"s":18}}, +
  {"k":1,"row_to_json":{"s":22}}, +
  {"k":2,"row_to_json":{"s":15}}]
(1 row)

-- GroupingFunc two levels up, through the same pull-up.
SELECT k, (SELECT gr FROM (SELECT GROUPING(k) AS gr) r)
FROM (SELECT g % 2 AS k FROM generate_series(1,4) g) t GROUP BY ROLLUP (k) ORDER BY 1;
 k | gr 
---+----
 0 |  0
 1 |  0
   |  1
(3 rows)

-- Mixed: an outer-level aggregate next to a local one in the pulled-up body.
SELECT (SELECT s + c FROM (SELECT SUM(g) AS s, COUNT(*) AS c) r)
FROM generate_series(1,3) g;
 ?column? 
----------
        7
(1 row)

-- Uplevel aggregate inside a UNION ALL member (flatten_simple_union_all path).
SELECT (SELECT s FROM (SELECT SUM(g) AS s UNION ALL SELECT 0) r ORDER BY 1 DESC LIMIT 1)
FROM generate_series(1,3) g;
 s 
---
 6
(1 row)

-- In a HAVING-side sublink.
SELECT g % 2 AS k FROM generate_series(1,10) g GROUP BY g % 2
HAVING (SELECT s FROM (SELECT sum(g) AS s) r) > 25 ORDER BY 1;
 k 
---
 0
(1 row)

-- Plan shape: the Aggref becomes a SubPlan param of the owning Agg node.
EXPLAIN (VERBOSE, COSTS OFF)
SELECT (SELECT s FROM (SELECT SUM(g) AS s) r) FROM generate_series(1,3) g;
                     QUERY PLAN                      
-----------------------------------------------------
 Aggregate
   Output: (SubPlan 1)
   ->  Function Scan on pg_catalog.generate_series g
         Output: g.g
         Function Call: generate_series(1, 3)
   SubPlan 1
     ->  Result
           Output: sum(g.g)
(8 rows)

