-- go-jet appbench lane (notes/appbench/jet.md, difference 3): a SubLink as a
-- direct argument of an ordered-set aggregate. C compiles aggdirectargs with
-- ExecInitExprList(..., (PlanState *) aggstate) so SubPlans / initplan Params
-- in them resolve under the Agg node and evaluate at finalize time; pgrust's
-- port compiled them through a subplan-less entry point and evaluated them
-- through the driver-less kernel ("SubPlan step or pending-initplan
-- PARAM_EXEC fetch evaluated through a driver-less entry point").
-- Uncorrelated scalar sublink (initplan) direct argument.
SELECT percentile_disc((SELECT 0.5)) WITHIN GROUP (ORDER BY g) FROM generate_series(1,10) g;
 percentile_disc 
-----------------
               5
(1 row)

SELECT percentile_cont((SELECT 0.5)) WITHIN GROUP (ORDER BY g) FROM generate_series(1,10) g;
 percentile_cont 
-----------------
             5.5
(1 row)

-- Array form.
SELECT percentile_disc((SELECT array_agg(s) FROM generate_series(0,1,0.25) s))
  WITHIN GROUP (ORDER BY g) FROM generate_series(1,10) g;
 percentile_disc 
-----------------
 {1,3,5,8,10}
(1 row)

-- With GROUP BY (sorted and hashed strategies both land on finalize).
SELECT g % 2 AS k, percentile_disc((SELECT 0.5)) WITHIN GROUP (ORDER BY g)
FROM generate_series(1,10) g GROUP BY g % 2 ORDER BY 1;
 k | percentile_disc 
---+-----------------
 0 |               6
 1 |               5
(2 rows)

-- Grouping sets.
SELECT g % 2 AS k, percentile_cont((SELECT 0.5)) WITHIN GROUP (ORDER BY g)
FROM generate_series(1,10) g GROUP BY ROLLUP (g % 2) ORDER BY 1;
 k | percentile_cont 
---+-----------------
 0 |               6
 1 |               5
   |             5.5
(3 rows)

-- Hypothetical-set aggregate with a sublink direct argument.
SELECT rank((SELECT 5)) WITHIN GROUP (ORDER BY g) FROM generate_series(1,10) g;
 rank 
------
    5
(1 row)

SELECT dense_rank((SELECT 5)) WITHIN GROUP (ORDER BY g), mode() WITHIN GROUP (ORDER BY g % 3)
FROM generate_series(1,10) g;
 dense_rank | mode 
------------+------
          5 |    1
(1 row)

-- Expression around the sublink; two direct-argument sublinks.
SELECT percentile_disc((SELECT 1) / 4.0) WITHIN GROUP (ORDER BY g) FROM generate_series(1,10) g;
 percentile_disc 
-----------------
               3
(1 row)

SELECT percentile_disc(ARRAY[(SELECT 0.25), (SELECT 0.75)]) WITHIN GROUP (ORDER BY g)
FROM generate_series(1,10) g;
 percentile_disc 
-----------------
 {3,8}
(1 row)

-- Correlated (per-group) sublink as a direct argument.
SELECT k, percentile_disc((SELECT k / 10.0)) WITHIN GROUP (ORDER BY g)
FROM (SELECT g, g % 5 + 1 AS k FROM generate_series(1,20) g) t GROUP BY k ORDER BY 1;
 k | percentile_disc 
---+-----------------
 1 |               5
 2 |               1
 3 |               7
 4 |               8
 5 |               9
(5 rows)

-- EXISTS / IN sublinks, and a sublink inside CASE, as direct arguments.
SELECT percentile_disc(CASE WHEN EXISTS (SELECT 1) THEN 0.5 ELSE 0.1 END) WITHIN GROUP (ORDER BY g)
FROM generate_series(1,10) g;
 percentile_disc 
-----------------
               5
(1 row)

SELECT rank((SELECT 3) + 2) WITHIN GROUP (ORDER BY g) FROM generate_series(1,10) g;
 rank 
------
    5
(1 row)

-- Same class in the other per-aggregate expression lists: FILTER and plain
-- arguments carrying sublinks (transition-time evaluation).
SELECT sum(g) FILTER (WHERE g > (SELECT 2)) FROM generate_series(1,10) g;
 sum 
-----
  52
(1 row)

SELECT sum((SELECT g)) FROM generate_series(1,10) g;
 sum 
-----
  55
(1 row)

SELECT sum(g + (SELECT 1)) FROM generate_series(1,10) g;
 sum 
-----
  65
(1 row)

SELECT g % 2 AS k, sum(g) FILTER (WHERE g > (SELECT 2)), count((SELECT g))
FROM generate_series(1,10) g GROUP BY g % 2 ORDER BY 1;
 k | sum | count 
---+-----+-------
 0 |  28 |     5
 1 |  24 |     5
(2 rows)

SELECT string_agg(g::text, (SELECT ',') ORDER BY g) FROM generate_series(1,5) g;
 string_agg 
------------
 1,2,3,4,5
(1 row)

SELECT percentile_disc((SELECT 0.5)) WITHIN GROUP (ORDER BY g) FILTER (WHERE g > (SELECT 2))
FROM generate_series(1,10) g;
 percentile_disc 
-----------------
               6
(1 row)

-- Plan shape: the direct argument is an InitPlan param of the Aggregate.
EXPLAIN (VERBOSE, COSTS OFF)
SELECT percentile_disc((SELECT 0.5)) WITHIN GROUP (ORDER BY g) FROM generate_series(1,10) g;
                                          QUERY PLAN                                          
----------------------------------------------------------------------------------------------
 Aggregate
   Output: percentile_disc(((InitPlan 1).col1)::double precision) WITHIN GROUP (ORDER BY g.g)
   InitPlan 1
     ->  Result
           Output: 0.5
   ->  Function Scan on pg_catalog.generate_series g
         Output: g.g
         Function Call: generate_series(1, 10)
(8 rows)

